Archive member included to satisfy reference by file (symbol)

build/cooja/mtype69.a(simEnvChange.o)
                              build/cooja/mtype69.o (simDontFallAsleep)
build/cooja/mtype69.a(cooja_mt.o)
                              build/cooja/mtype69.o (cooja_mt_start)
build/cooja/mtype69.a(cooja_mtarch.o)
                              build/cooja/mtype69.a(cooja_mt.o) (cooja_mtarch_start)
build/cooja/mtype69.a(rtimer-arch.o)
                              build/cooja/mtype69.o (rtimer_arch_check)
build/cooja/mtype69.a(beep.o)
                              build/cooja/mtype69.o (beep_interface)
build/cooja/mtype69.a(leds-arch.o)
                              build/cooja/mtype69.o (leds_interface)
build/cooja/mtype69.a(moteid.o)
                              build/cooja/mtype69.o (moteid_interface)
build/cooja/mtype69.a(pir-sensor.o)
                              build/cooja/mtype69.o (pir_interface)
build/cooja/mtype69.a(rs232.o)
                              build/cooja/mtype69.o (rs232_interface)
build/cooja/mtype69.a(vib-sensor.o)
                              build/cooja/mtype69.o (vib_interface)
build/cooja/mtype69.a(clock.o)
                              build/cooja/mtype69.o (clock_interface)
build/cooja/mtype69.a(cooja-log.o)
                              build/cooja/mtype69.o (simlog_interface)
build/cooja/mtype69.a(cfs-cooja.o)
                              build/cooja/mtype69.o (cfs_interface)
build/cooja/mtype69.a(cooja-radio.o)
                              build/cooja/mtype69.o (radio_interface)
build/cooja/mtype69.a(eeprom.o)
                              build/cooja/mtype69.o (eeprom_interface)
build/cooja/mtype69.a(random.o)
                              build/cooja/mtype69.a(moteid.o) (random_init)
build/cooja/mtype69.a(sensors.o)
                              build/cooja/mtype69.a(pir-sensor.o) (sensors_changed)
build/cooja/mtype69.a(leds.o)
                              hydromassage_server.o (leds_off)
build/cooja/mtype69.a(gpio-hal-arch.o)
                              build/cooja/mtype69.a(leds-arch.o) (gpio_hal_arch_register_pin_callback)
build/cooja/mtype69.a(buttons.o)
                              build/cooja/mtype69.o (button_interface)
build/cooja/mtype69.a(hydromassage_ac)
                              hydromassage_server.o (hydromassage_actuator)
build/cooja/mtype69.a(coap-blocking-a)
                              hydromassage_server.o (coap_blocking_request)
build/cooja/mtype69.a(coap-engine.o)
                              hydromassage_server.o (coap_activate_resource)
build/cooja/mtype69.a(coap-res-well-k)
                              build/cooja/mtype69.a(coap-engine.o) (res_well_known_core)
build/cooja/mtype69.a(coap-observe.o)
                              build/cooja/mtype69.a(coap-engine.o) (coap_remove_observer_by_mid)
build/cooja/mtype69.a(coap-uip.o)
                              build/cooja/mtype69.a(coap-observe.o) (coap_endpoint_copy)
build/cooja/mtype69.a(coap-timer.o)
                              build/cooja/mtype69.a(coap-engine.o) (coap_timer_set)
build/cooja/mtype69.a(coap-transactio)
                              build/cooja/mtype69.a(coap-blocking-a) (coap_send_transaction)
build/cooja/mtype69.a(coap.o)
                              build/cooja/mtype69.a(coap-engine.o) (coap_status_code)
build/cooja/mtype69.a(contiki-main.o)
                              build/cooja/mtype69.o (main)
build/cooja/mtype69.a(autostart.o)
                              build/cooja/mtype69.a(contiki-main.o) (autostart_start)
build/cooja/mtype69.a(ctimer.o)
                              build/cooja/mtype69.a(contiki-main.o) (ctimer_init)
build/cooja/mtype69.a(log.o)  build/cooja/mtype69.a(contiki-main.o) (curr_log_level_main)
build/cooja/mtype69.a(energest.o)
                              build/cooja/mtype69.a(contiki-main.o) (energest_init)
build/cooja/mtype69.a(etimer.o)
                              build/cooja/mtype69.a(contiki-main.o) (etimer_process)
build/cooja/mtype69.a(node-id.o)
                              build/cooja/mtype69.a(contiki-main.o) (node_id)
build/cooja/mtype69.a(rtimer.o)
                              build/cooja/mtype69.a(contiki-main.o) (rtimer_init)
build/cooja/mtype69.a(process.o)
                              hydromassage_server.o (process_current)
build/cooja/mtype69.a(timer.o)
                              build/cooja/mtype69.a(etimer.o) (timer_set)
build/cooja/mtype69.a(list.o)
                              build/cooja/mtype69.a(coap-engine.o) (list_init)
build/cooja/mtype69.a(memb.o)
                              build/cooja/mtype69.a(coap-observe.o) (memb_alloc)
build/cooja/mtype69.a(button-hal.o)
                              build/cooja/mtype69.o (button_hal_init)
build/cooja/mtype69.a(serial-line.o)
                              build/cooja/mtype69.a(rs232.o) (serial_line_input_byte)
build/cooja/mtype69.a(gpio-hal.o)
                              build/cooja/mtype69.a(button-hal.o) (gpio_hal_register_handler)
[...]
Memory Configuration

Name             Origin             Length             Attributes
*default*        0x0000000000000000 0xffffffffffffffff

Linker script and memory map

LOAD /usr/lib/gcc/i686-linux-gnu/5/../../../i386-linux-gnu/crti.o
LOAD /usr/lib/gcc/i686-linux-gnu/5/crtbeginS.o
LOAD hydromassage_server.o
LOAD build/cooja/mtype69.o
LOAD build/cooja/mtype69.a
LOAD /usr/lib/gcc/i686-linux-gnu/5/libgcc.a
LOAD /usr/lib/gcc/i686-linux-gnu/5/libgcc_s.so
LOAD /usr/lib/gcc/i686-linux-gnu/5/../../../i386-linux-gnu/libc.so
START GROUP
LOAD /lib/i386-linux-gnu/libc.so.6
LOAD /usr/lib/i386-linux-gnu/libc_nonshared.a
LOAD /lib/i386-linux-gnu/ld-linux.so.2
END GROUP
LOAD /usr/lib/gcc/i686-linux-gnu/5/libgcc.a
LOAD /usr/lib/gcc/i686-linux-gnu/5/libgcc_s.so
LOAD /usr/lib/gcc/i686-linux-gnu/5/crtendS.o
LOAD /usr/lib/gcc/i686-linux-gnu/5/../../../i386-linux-gnu/crtn.o
                0x0000000000000114                . = (0x0 + SIZEOF_HEADERS)

.note.gnu.build-id
                0x0000000000000114       0x24
 *(.note.gnu.build-id)
 .note.gnu.build-id
                0x0000000000000114       0x24 /usr/lib/gcc/i686-linux-gnu/5/../../../i386-linux-gnu/crti.o

.hash
 *(.hash)

.gnu.hash       0x0000000000000138     0x1590
 *(.gnu.hash)
 .gnu.hash      0x0000000000000138     0x1590 /usr/lib/gcc/i686-linux-gnu/5/../../../i386-linux-gnu/crti.o

.dynsym         0x00000000000016c8     0x2ec0
 *(.dynsym)
 .dynsym        0x00000000000016c8     0x2ec0 /usr/lib/gcc/i686-linux-gnu/5/../../../i386-linux-gnu/crti.o

.dynstr         0x0000000000004588     0x369c
 *(.dynstr)
 .dynstr        0x0000000000004588     0x369c /usr/lib/gcc/i686-linux-gnu/5/../../../i386-linux-gnu/crti.o

.gnu.version    0x0000000000007c24      0x5d8
 *(.gnu.version)
 .gnu.version   0x0000000000007c24      0x5d8 /usr/lib/gcc/i686-linux-gnu/5/../../../i386-linux-gnu/crti.o

.gnu.version_d  0x00000000000081fc        0x0
 *(.gnu.version_d)
 .gnu.version_d
                0x00000000000081fc        0x0 /usr/lib/gcc/i686-linux-gnu/5/../../../i386-linux-gnu/crti.o

.gnu.version_r  0x00000000000081fc       0x40
 *(.gnu.version_r)
 .gnu.version_r
                0x00000000000081fc       0x40 /usr/lib/gcc/i686-linux-gnu/5/../../../i386-linux-gnu/crti.o

.rel.dyn        0x000000000000823c     0x9060
 *(.rel.init)
 .rel.init      0x000000000000823c        0x0 /usr/lib/gcc/i686-linux-gnu/5/../../../i386-linux-gnu/crti.o
 *(.rel.text .rel.text.* .rel.gnu.linkonce.t.*)
 .rel.text      0x000000000000823c     0x86b0 /usr/lib/gcc/i686-linux-gnu/5/../../../i386-linux-gnu/crti.o
 *(.rel.fini)
 .rel.fini      0x00000000000108ec        0x0 /usr/lib/gcc/i686-linux-gnu/5/../../../i386-linux-gnu/crti.o
 *(.rel.rodata .rel.rodata.* .rel.gnu.linkonce.r.*)
 .rel.rodata    0x00000000000108ec      0x588 /usr/lib/gcc/i686-linux-gnu/5/../../../i386-linux-gnu/crti.o
 *(.rel.data.rel.ro .rel.data.rel.ro.* .rel.gnu.linkonce.d.rel.ro.*)
 *(.rel.data .rel.data.* .rel.gnu.linkonce.d.*)
 .rel.data.rel.local
                0x0000000000010e74        0x8 /usr/lib/gcc/i686-linux-gnu/5/../../../i386-linux-gnu/crti.o
 .rel.data      0x0000000000010e7c      0x3e8 /usr/lib/gcc/i686-linux-gnu/5/../../../i386-linux-gnu/crti.o
 *(.rel.tdata .rel.tdata.* .rel.gnu.linkonce.td.*)
 *(.rel.tbss .rel.tbss.* .rel.gnu.linkonce.tb.*)
 *(.rel.ctors)
 *(.rel.dtors)
 *(.rel.got)
 .rel.got       0x0000000000011264       0x28 /usr/lib/gcc/i686-linux-gnu/5/../../../i386-linux-gnu/crti.o
 *(.rel.bss .rel.bss.* .rel.gnu.linkonce.b.*)
 *(.rel.ifunc)
 .rel.ifunc     0x000000000001128c        0x0 /usr/lib/gcc/i686-linux-gnu/5/../../../i386-linux-gnu/crti.o
 .rel.fini_array
                0x000000000001128c        0x8 /usr/lib/gcc/i686-linux-gnu/5/../../../i386-linux-gnu/crti.o
 .rel.init_array
                0x0000000000011294        0x8 /usr/lib/gcc/i686-linux-gnu/5/../../../i386-linux-gnu/crti.o

.rel.plt        0x000000000001129c        0x0
 *(.rel.plt)
 .rel.plt       0x000000000001129c        0x0 /usr/lib/gcc/i686-linux-gnu/5/../../../i386-linux-gnu/crti.o
 *(.rel.iplt)

.init           0x000000000001129c       0x23
 *(SORT(.init))
 .init          0x000000000001129c       0x1e /usr/lib/gcc/i686-linux-gnu/5/../../../i386-linux-gnu/crti.o
                0x000000000001129c                _init
 .init          0x00000000000112ba        0x5 /usr/lib/gcc/i686-linux-gnu/5/../../../i386-linux-gnu/crtn.o

.plt            0x00000000000112c0       0x10
 *(.plt)
 .plt           0x00000000000112c0       0x10 /usr/lib/gcc/i686-linux-gnu/5/../../../i386-linux-gnu/crti.o
 *(.iplt)

.plt.got        0x00000000000112d0       0x10
 *(.plt.got)
 .plt.got       0x00000000000112d0       0x10 /usr/lib/gcc/i686-linux-gnu/5/../../../i386-linux-gnu/crti.o

.text           0x00000000000112e0    0x185b2
 *(.text.unlikely .text.*_unlikely .text.unlikely.*)
 .text.unlikely
                0x00000000000112e0        0x0 /usr/lib/gcc/i686-linux-gnu/5/crtbeginS.o
 .text.unlikely
                0x00000000000112e0        0x0 /usr/lib/gcc/i686-linux-gnu/5/libgcc.a(_udivdi3.o)
 *(.text.exit .text.exit.*)
 *(.text.startup .text.startup.*)
 *(.text.hot .text.hot.*)
 *(.text .stub .text.* .gnu.linkonce.t.*)
 .text          0x00000000000112e0        0x0 /usr/lib/gcc/i686-linux-gnu/5/../../../i386-linux-gnu/crti.o
 .gnu.linkonce.t.__x86.get_pc_thunk.bx
                0x00000000000112e0        0x4 /usr/lib/gcc/i686-linux-gnu/5/../../../i386-linux-gnu/crti.o
                0x00000000000112e0                __x86.get_pc_thunk.bx
 *fill*         0x00000000000112e4        0xc 
 .text          0x00000000000112f0      0x11c /usr/lib/gcc/i686-linux-gnu/5/crtbeginS.o
 .text.__x86.get_pc_thunk.dx
                0x000000000001140c        0x4 /usr/lib/gcc/i686-linux-gnu/5/crtbeginS.o
                0x000000000001140c                __x86.get_pc_thunk.dx
 .text          0x0000000000011410      0x394 hydromassage_server.o
                0x0000000000011427                client_chunk_handler
 .text          0x00000000000117a4      0x283 build/cooja/mtype69.o
                0x0000000000011836                platform_init_stage_one
                0x0000000000011849                platform_init_stage_two
                0x000000000001185c                platform_init_stage_three
                0x000000000001186f                platform_main_loop
                0x00000000000118e2                Java_org_contikios_cooja_corecomm_Lib27_init
                0x0000000000011919                Java_org_contikios_cooja_corecomm_Lib27_getMemory
                0x000000000001194c                Java_org_contikios_cooja_corecomm_Lib27_setMemory
                0x00000000000119ac                Java_org_contikios_cooja_corecomm_Lib27_tick
                0x0000000000011a14                Java_org_contikios_cooja_corecomm_Lib27_setReferenceAddress
 .text          0x0000000000011a27       0x65 build/cooja/mtype69.a(simEnvChange.o)
                0x0000000000011a27                doActionsBeforeTick
                0x0000000000011a59                doActionsAfterTick
 .text          0x0000000000011a8c       0x83 build/cooja/mtype69.a(cooja_mt.o)
                0x0000000000011a8c                cooja_mt_start
                0x0000000000011ab6                cooja_mt_exec
                0x0000000000011aec                cooja_mt_yield
 .text          0x0000000000011b0f       0xbe build/cooja/mtype69.a(cooja_mtarch.o)
                0x0000000000011b0f                cooja_mtarch_start
                0x0000000000011b82                cooja_sw
                0x0000000000011ba5                cooja_mtarch_exec
                0x0000000000011bc2                cooja_mtarch_yield
 .text          0x0000000000011bcd       0xc5 build/cooja/mtype69.a(rtimer-arch.o)
                0x0000000000011bcd                rtimer_arch_init
                0x0000000000011bf1                rtimer_arch_schedule
                0x0000000000011c21                rtimer_arch_next
                0x0000000000011c31                rtimer_arch_pending
                0x0000000000011c3b                rtimer_arch_check
                0x0000000000011c82                rtimer_arch_now
 .text          0x0000000000011c92       0x81 build/cooja/mtype69.a(beep.o)
                0x0000000000011c92                beep_alarm
                0x0000000000011c9f                beep_beep
                0x0000000000011cac                beep
                0x0000000000011cb9                beep_down
                0x0000000000011cc6                beep_on
                0x0000000000011cd3                beep_off
                0x0000000000011ce0                beep_spinup
                0x0000000000011ced                beep_quick
                0x0000000000011cfa                beep_long
 .text          0x0000000000011d13       0x65 build/cooja/mtype69.a(leds-arch.o)
                0x0000000000011d26                leds_arch_init
 .text          0x0000000000011d78       0x35 build/cooja/mtype69.a(moteid.o)
 .text          0x0000000000011dad       0xb7 build/cooja/mtype69.a(pir-sensor.o)
 .text          0x0000000000011e64      0x148 build/cooja/mtype69.a(rs232.o)
                0x0000000000011e64                rs232_init
                0x0000000000011e6a                rs232_set_speed
                0x0000000000011e79                rs232_set_input
                0x0000000000011e87                rs232_send
                0x0000000000011eab                rs232_print
                0x0000000000011ec7                slip_arch_writeb
 .text          0x0000000000011fac       0xb7 build/cooja/mtype69.a(vib-sensor.o)
 .text          0x0000000000012063       0x38 build/cooja/mtype69.a(clock.o)
                0x0000000000012063                clock_init
                0x0000000000012069                clock_time
                0x0000000000012073                clock_seconds
                0x0000000000012089                clock_delay
 .text          0x000000000001209b      0x219 build/cooja/mtype69.a(cooja-log.o)
                0x000000000001209b                simlog_char
                0x00000000000120de                simlog
                0x0000000000012154                log_message
                0x0000000000012185                log_set_putchar_with_slip
                0x0000000000012193                log_putchar
                0x000000000001220e                log_puts
                0x0000000000012236                log_printf
 .text          0x00000000000122b4      0x2b9 build/cooja/mtype69.a(cfs-cooja.o)
                0x00000000000122b4                cfs_open
                0x000000000001231d                cfs_close
                0x000000000001232a                cfs_read
                0x00000000000123bf                cfs_write
                0x000000000001249b                cfs_seek
                0x0000000000012523                cfs_remove
                0x0000000000012547                cfs_opendir
                0x0000000000012551                cfs_readdir
                0x000000000001255b                cfs_closedir
 .text          0x000000000001256d      0x620 build/cooja/mtype69.a(cooja-radio.o)
                0x00000000000125af                radio_set_channel
                0x00000000000125bd                radio_set_txpower
                0x00000000000125d5                radio_signal_strength_last
                0x00000000000125df                radio_signal_strength_current
                0x00000000000125e9                radio_LQI
 .text          0x0000000000012b8d       0xee build/cooja/mtype69.a(eeprom.o)
                0x0000000000012b8d                eeprom_init
                0x0000000000012b93                eeprom_read
                0x0000000000012c01                eeprom_write
 .text          0x0000000000012c7b       0x2d build/cooja/mtype69.a(random.o)
                0x0000000000012c7b                random_init
                0x0000000000012c9b                random_rand
 .text          0x0000000000012ca8      0x29c build/cooja/mtype69.a(sensors.o)
                0x0000000000012ce3                sensors_first
                0x0000000000012ced                sensors_next
                0x0000000000012d07                sensors_changed
                0x0000000000012d3b                sensors_find
 .text          0x0000000000012f44      0x349 build/cooja/mtype69.a(leds.o)
                0x0000000000012f44                leds_init
                0x0000000000012f8b                leds_single_on
                0x0000000000012fea                leds_single_off
                0x0000000000013049                leds_single_toggle
                0x000000000001307b                leds_on
                0x00000000000130fd                leds_off
                0x000000000001317f                leds_toggle
                0x00000000000131d4                leds_set
                0x0000000000013200                leds_get
 .text          0x000000000001328d      0x343 build/cooja/mtype69.a(gpio-hal-arch.o)
                0x000000000001328d                gpio_hal_arch_register_pin_callback
                0x00000000000132f9                gpio_hal_arch_init
                0x000000000001333e                gpio_hal_arch_no_port_interrupt_enable
                0x000000000001336e                gpio_hal_arch_no_port_interrupt_disable
                0x000000000001339e                gpio_hal_arch_no_port_pin_cfg_set
                0x00000000000133c3                gpio_hal_arch_no_port_pin_cfg_get
                0x00000000000133e9                gpio_hal_arch_no_port_pin_set_input
                0x00000000000133fb                gpio_hal_arch_no_port_pin_set_output
                0x000000000001340d                gpio_hal_arch_no_port_set_pin
                0x000000000001342e                gpio_hal_arch_no_port_clear_pin
                0x000000000001344f                gpio_hal_arch_no_port_read_pin
                0x0000000000013475                gpio_hal_arch_no_port_write_pin
                0x000000000001349f                gpio_hal_arch_no_port_set_pins
                0x00000000000134e6                gpio_hal_arch_no_port_clear_pins
                0x000000000001352d                gpio_hal_arch_no_port_read_pins
                0x0000000000013570                gpio_hal_arch_no_port_write_pins
 .text          0x00000000000135d0       0x89 build/cooja/mtype69.a(buttons.o)
 .text          0x0000000000013659      0x162 build/cooja/mtype69.a(hydromassage_ac)
 .text          0x00000000000137bb      0x27b build/cooja/mtype69.a(coap-blocking-a)
                0x00000000000137bb                coap_blocking_request_callback
                0x00000000000137e5                coap_blocking_request
 .text          0x0000000000013a36      0xbea build/cooja/mtype69.a(coap-engine.o)
                0x0000000000013acb                coap_add_handler
                0x0000000000013ae8                coap_remove_handler
                0x0000000000013b05                coap_call_handlers
                0x0000000000013c0d                coap_receive
                0x0000000000014208                coap_engine_init
                0x0000000000014266                coap_activate_resource
                0x0000000000014311                coap_get_first_resource
                0x000000000001432a                coap_get_next_resource
 .text          0x0000000000014620      0x2d9 build/cooja/mtype69.a(coap-res-well-k)
 .text          0x00000000000148f9      0x96a build/cooja/mtype69.a(coap-observe.o)
                0x0000000000014a0e                coap_remove_observer
                0x0000000000014a3e                coap_remove_observer_by_client
                0x0000000000014aa6                coap_remove_observer_by_token
                0x0000000000014b39                coap_remove_observer_by_uri
                0x0000000000014be0                coap_remove_observer_by_mid
                0x0000000000014c5c                coap_notify_observers
                0x0000000000014c75                coap_notify_observers_sub
                0x00000000000150df                coap_observe_handler
                0x00000000000151fa                coap_has_observers
 .text          0x0000000000015263      0x733 build/cooja/mtype69.a(coap-uip.o)
                0x0000000000015263                coap_endpoint_log
                0x00000000000152e9                coap_endpoint_print
                0x000000000001536f                coap_endpoint_snprint
                0x00000000000154a2                coap_endpoint_copy
                0x00000000000154df                coap_endpoint_cmp
                0x00000000000155ed                coap_endpoint_parse
                0x00000000000157d8                coap_endpoint_is_secure
                0x00000000000157e7                coap_endpoint_is_connected
                0x000000000001581b                coap_endpoint_connect
                0x0000000000015837                coap_endpoint_disconnect
                0x000000000001583d                coap_databuf
                0x0000000000015847                coap_transport_init
                0x0000000000015897                coap_sendto
 .text          0x0000000000015996      0x324 build/cooja/mtype69.a(coap-timer.o)
                0x0000000000015a93                coap_timer_stop
                0x0000000000015abe                coap_timer_set
                0x0000000000015b01                coap_timer_reset
                0x0000000000015b44                coap_timer_time_to_next_expiration
                0x0000000000015bb0                coap_timer_run
                0x0000000000015c7c                coap_timer_init
 .text          0x0000000000015cba      0x2c6 build/cooja/mtype69.a(coap-transactio)
                0x0000000000015d20                coap_new_transaction
                0x0000000000015d86                coap_send_transaction
                0x0000000000015ee7                coap_clear_transaction
                0x0000000000015f2f                coap_get_transaction_by_mid
 .text          0x0000000000015f80     0x1c53 build/cooja/mtype69.a(coap.o)
                0x00000000000164ed                coap_init_connection
                0x0000000000016501                coap_get_mid
                0x000000000001651d                coap_init_message
                0x0000000000016566                coap_serialize_message
                0x0000000000016be8                coap_parse_message
                0x000000000001724f                coap_get_query_variable
                0x0000000000017291                coap_get_post_variable
                0x00000000000172d5                coap_set_status_code
                0x00000000000172fa                coap_set_token
                0x0000000000017341                coap_get_header_content_format
                0x0000000000017372                coap_set_header_content_format
                0x0000000000017395                coap_get_header_accept
                0x00000000000173c6                coap_set_header_accept
                0x00000000000173e9                coap_get_header_max_age
                0x000000000001741a                coap_set_header_max_age
                0x000000000001743a                coap_get_header_etag
                0x000000000001746c                coap_set_header_etag
                0x00000000000174c3                coap_get_header_if_match
                0x00000000000174f5                coap_set_header_if_match
                0x000000000001754c                coap_get_header_if_none_match
                0x0000000000017566                coap_set_header_if_none_match
                0x000000000001757d                coap_get_header_proxy_uri
                0x00000000000175ab                coap_set_header_proxy_uri
                0x00000000000175e8                coap_get_header_uri_host
                0x0000000000017616                coap_set_header_uri_host
                0x0000000000017653                coap_get_header_uri_path
                0x0000000000017681                coap_set_header_uri_path
                0x00000000000176ce                coap_get_header_uri_query
                0x0000000000017702                coap_set_header_uri_query
                0x0000000000017758                coap_get_header_location_path
                0x0000000000017786                coap_set_header_location_path
                0x000000000001781f                coap_get_header_location_query
                0x000000000001784d                coap_set_header_location_query
                0x000000000001789a                coap_get_header_observe
                0x00000000000178c9                coap_set_header_observe
                0x00000000000178e9                coap_get_header_block2
                0x0000000000017955                coap_set_header_block2
                0x00000000000179cc                coap_get_header_block1
                0x0000000000017a41                coap_set_header_block1
                0x0000000000017abc                coap_get_header_size2
                0x0000000000017aec                coap_set_header_size2
                0x0000000000017b0f                coap_get_header_size1
                0x0000000000017b3f                coap_set_header_size1
                0x0000000000017b62                coap_get_payload
                0x0000000000017b9c                coap_set_payload
 .text          0x0000000000017bd3      0x332 build/cooja/mtype69.a(contiki-main.o)
                0x0000000000017bd3                main
 .text          0x0000000000017f05       0x92 build/cooja/mtype69.a(autostart.o)
                0x0000000000017f05                autostart_start
                0x0000000000017f4f                autostart_exit
 .text          0x0000000000017f97      0x355 build/cooja/mtype69.a(ctimer.o)
                0x00000000000180bf                ctimer_init
                0x00000000000180f2                ctimer_set
                0x0000000000018118                ctimer_set_with_process
                0x0000000000018195                ctimer_reset
                0x00000000000181e9                ctimer_restart
                0x000000000001823d                ctimer_stop
                0x000000000001828d                ctimer_expired
 .text          0x00000000000182ec      0x394 build/cooja/mtype69.a(log.o)
                0x00000000000182ec                log_6addr
                0x000000000001833f                log_6addr_compact_snprint
                0x00000000000183dd                log_6addr_compact
                0x0000000000018430                log_lladdr
                0x00000000000184a2                log_lladdr_compact
                0x000000000001850a                log_set_level
                0x00000000000185c5                log_get_level
                0x000000000001863e                log_level_to_str
 .text          0x0000000000018680       0x1b build/cooja/mtype69.a(energest.o)
                0x0000000000018680                energest_init
                0x0000000000018686                energest_flush
                0x000000000001868c                energest_get_total_time
 .text          0x000000000001869b      0x43f build/cooja/mtype69.a(etimer.o)
                0x00000000000188bf                etimer_request_poll
                0x0000000000018948                etimer_set
                0x0000000000018971                etimer_reset_with_new_interval
                0x00000000000189a0                etimer_reset
                0x00000000000189c6                etimer_restart
                0x00000000000189ec                etimer_adjust
                0x0000000000018a09                etimer_expired
                0x0000000000018a1c                etimer_expiration_time
                0x0000000000018a2e                etimer_start_time
                0x0000000000018a38                etimer_pending
                0x0000000000018a4a                etimer_next_expiration_time
                0x0000000000018a64                etimer_stop
 .text          0x0000000000018ada       0x25 build/cooja/mtype69.a(node-id.o)
                0x0000000000018ada                node_id_init
 .text          0x0000000000018aff       0xeb build/cooja/mtype69.a(rtimer.o)
                0x0000000000018aff                rtimer_init
                0x0000000000018b0d                rtimer_set
                0x0000000000018b88                rtimer_run_next
 .text          0x0000000000018bea      0x4fb build/cooja/mtype69.a(process.o)
                0x0000000000018bea                process_alloc_event
                0x0000000000018bff                process_start
                0x0000000000018dd9                process_exit
                0x0000000000018df6                process_init
                0x0000000000018f8b                process_run
                0x0000000000018fbe                process_nevents
                0x0000000000018fd9                process_post
                0x000000000001906c                process_post_synch
                0x00000000000190a1                process_poll
                0x00000000000190d1                process_is_running
 .text          0x00000000000190e5       0xb1 build/cooja/mtype69.a(timer.o)
                0x00000000000190e5                timer_set
                0x0000000000019103                timer_reset
                0x0000000000019130                timer_restart
                0x0000000000019145                timer_expired
                0x0000000000019172                timer_remaining
 .text          0x0000000000019196      0x28f build/cooja/mtype69.a(list.o)
                0x0000000000019196                list_init
                0x00000000000191a5                list_head
                0x00000000000191af                list_copy
                0x00000000000191bf                list_tail
                0x00000000000191f5                list_add
                0x0000000000019241                list_push
                0x000000000001926d                list_chop
                0x00000000000192d7                list_pop
                0x00000000000192ff                list_remove
                0x0000000000019367                list_length
                0x0000000000019395                list_insert
                0x00000000000193da                list_item_next
                0x00000000000193f1                list_contains
 .text          0x0000000000019425      0x1b5 build/cooja/mtype69.a(memb.o)
                0x0000000000019425                memb_init
                0x000000000001947a                memb_alloc
                0x00000000000194dd                memb_free
                0x0000000000019554                memb_inmemb
                0x0000000000019593                memb_numfree
 .text          0x00000000000195da      0x41c build/cooja/mtype69.a(button-hal.o)
                0x0000000000019753                button_hal_get_by_id
                0x0000000000019791                button_hal_get_by_index
                0x00000000000197bd                button_hal_get_state
                0x000000000001980f                button_hal_init
 .text          0x00000000000199f6      0x1f3 build/cooja/mtype69.a(serial-line.o)
                0x00000000000199f6                serial_line_input_byte
                0x0000000000019bb4                serial_line_init
 .text          0x0000000000019be9      0x168 build/cooja/mtype69.a(gpio-hal.o)
                0x0000000000019be9                gpio_hal_register_handler
                0x0000000000019c06                gpio_hal_event_handler
                0x0000000000019c62                gpio_hal_init
                0x0000000000019c81                gpio_hal_arch_port_toggle_pin
                0x0000000000019cbd                gpio_hal_arch_port_toggle_pins
                0x0000000000019ceb                gpio_hal_arch_no_port_toggle_pin
                0x0000000000019d29                gpio_hal_arch_no_port_toggle_pins
 .text          0x0000000000019d51      0x2e7 build/cooja/mtype69.a(queuebuf.o)
                0x0000000000019d5b                queuebuf_init
                0x0000000000019d84                queuebuf_numfree
                0x0000000000019d9c                queuebuf_new_from_packetbuf
                0x0000000000019e3b                queuebuf_update_attr_from_packetbuf
                0x0000000000019e70                queuebuf_update_from_packetbuf
                0x0000000000019ec0                queuebuf_free
                0x0000000000019f09                queuebuf_to_packetbuf
                0x0000000000019f75                queuebuf_dataptr
                0x0000000000019faf                queuebuf_datalen
                0x0000000000019fd2                queuebuf_addr
                0x000000000001a007                queuebuf_attr
                0x000000000001a032                queuebuf_debug_print
 .text          0x000000000001a038      0x407 build/cooja/mtype69.a(packetbuf.o)
                0x000000000001a038                packetbuf_clear
                0x000000000001a063                packetbuf_copyfrom
                0x000000000001a0b2                packetbuf_copyto
                0x000000000001a145                packetbuf_hdralloc
                0x000000000001a1c1                packetbuf_hdrreduce
                0x000000000001a207                packetbuf_set_datalen
                0x000000000001a221                packetbuf_dataptr
                0x000000000001a23e                packetbuf_hdrptr
                0x000000000001a248                packetbuf_datalen
                0x000000000001a254                packetbuf_hdrlen
                0x000000000001a26b                packetbuf_totlen
                0x000000000001a281                packetbuf_remaininglen
                0x000000000001a294                packetbuf_attr_clear
                0x000000000001a2e0                packetbuf_attr_copyto
                0x000000000001a338                packetbuf_attr_copyfrom
                0x000000000001a390                packetbuf_set_attr
                0x000000000001a3ba                packetbuf_attr
                0x000000000001a3d4                packetbuf_set_addr
                0x000000000001a405                packetbuf_addr
                0x000000000001a422                packetbuf_holds_broadcast
 .text          0x000000000001a43f       0xef build/cooja/mtype69.a(netstack.o)
                0x000000000001a43f                netstack_process_ip_callback
                0x000000000001a4d0                netstack_ip_packet_processor_add
                0x000000000001a4f3                uip_ds6_ip_packet_processor_rm
                0x000000000001a510                netstack_init
 .text          0x000000000001a52e       0x4f build/cooja/mtype69.a(linkaddr.o)
                0x000000000001a52e                linkaddr_copy
                0x000000000001a544                linkaddr_cmp
                0x000000000001a567                linkaddr_set_node_addr
 .text          0x000000000001a57d      0x1f6 build/cooja/mtype69.a(csma.o)
 .text          0x000000000001a773      0x95d build/cooja/mtype69.a(csma-output.o)
                0x000000000001ae0a                csma_output_packet
                0x000000000001b097                csma_output_init
 .text          0x000000000001b0d0      0xc11 build/cooja/mtype69.a(uip-ds6.o)
                0x000000000001b0d0                uip_ds6_default_prefix
                0x000000000001b0da                uip_ds6_set_default_prefix
                0x000000000001b105                uip_ds6_init
                0x000000000001b367                uip_ds6_periodic
                0x000000000001b3ee                uip_ds6_list_loop
                0x000000000001b4ae                uip_ds6_prefix_add
                0x000000000001b55a                uip_ds6_prefix_rm
                0x000000000001b56d                uip_ds6_prefix_lookup
                0x000000000001b5ac                uip_ds6_is_addr_onlink
                0x000000000001b61f                uip_ds6_addr_add
                0x000000000001b73f                uip_ds6_addr_rm
                0x000000000001b7e8                uip_ds6_addr_lookup
                0x000000000001b821                uip_ds6_get_link_local
                0x000000000001b8a2                uip_ds6_get_global
                0x000000000001b923                uip_ds6_maddr_add
                0x000000000001b983                uip_ds6_maddr_rm
                0x000000000001b996                uip_ds6_maddr_lookup
                0x000000000001b9cf                uip_ds6_aaddr_add
                0x000000000001ba2f                uip_ds6_aaddr_rm
                0x000000000001ba42                uip_ds6_aaddr_lookup
                0x000000000001ba7b                uip_ds6_select_src
                0x000000000001bbc4                uip_ds6_set_addr_iid
                0x000000000001bbef                uip_ds6_set_lladdr_from_iid
                0x000000000001bc18                get_match_length
                0x000000000001bca9                uip_ds6_compute_reachable_time
 .text          0x000000000001bce1      0x128 build/cooja/mtype69.a(uip-udp-packet.)
                0x000000000001bce1                uip_udp_packet_send
                0x000000000001bd3c                uip_udp_packet_sendto
 .text          0x000000000001be09      0x35b build/cooja/mtype69.a(uip-ds6-route.o)
                0x000000000001be5a                uip_ds6_route_init
                0x000000000001be84                uip_ds6_route_nexthop
                0x000000000001be8e                uip_ds6_route_head
                0x000000000001be98                uip_ds6_route_next
                0x000000000001bea2                uip_ds6_route_is_nexthop
                0x000000000001beac                uip_ds6_route_num_routes
                0x000000000001beb6                uip_ds6_route_lookup
                0x000000000001bec0                uip_ds6_route_add
                0x000000000001bed3                uip_ds6_route_rm
                0x000000000001bed9                uip_ds6_route_rm_by_nexthop
                0x000000000001bedf                uip_ds6_defrt_head
                0x000000000001bef8                uip_ds6_defrt_add
                0x000000000001bfa6                uip_ds6_defrt_rm
                0x000000000001c00c                uip_ds6_defrt_lookup
                0x000000000001c073                uip_ds6_defrt_choose
                0x000000000001c0e9                uip_ds6_defrt_periodic
 .text          0x000000000001c164      0x6f7 build/cooja/mtype69.a(tcpip.o)
                0x000000000001c17e                tcpip_output
                0x000000000001c1fd                udp_attach
                0x000000000001c215                udp_new
                0x000000000001c25f                udp_broadcast_new
                0x000000000001c3d1                tcpip_input
                0x000000000001c561                tcpip_ipv6_output
                0x000000000001c755                tcpip_poll_udp
                0x000000000001c773                tcpip_uipcall
 .text          0x000000000001c85b     0x1205 build/cooja/mtype69.a(uip6.o)
                0x000000000001c90a                uip_chksum
                0x000000000001c9e1                uip_icmp6chksum
                0x000000000001c9f6                uip_udpchksum
                0x000000000001ca0b                uip_init
                0x000000000001ca54                uip_remove_ext_hdr
                0x000000000001cb2e                uip_udp_new
                0x000000000001ce42                uip_process
                0x000000000001d93a                uip_htons
                0x000000000001d95c                uip_htonl
                0x000000000001d99a                uip_send
 .text          0x000000000001da60      0x369 build/cooja/mtype69.a(uip-ds6-nbr.o)
                0x000000000001da60                uip_ds6_neighbors_init
                0x000000000001da84                uip_ds6_nbr_add
                0x000000000001db0a                uip_ds6_nbr_rm
                0x000000000001db55                uip_ds6_nbr_update_ll
                0x000000000001dc43                uip_ds6_nbr_get_ipaddr
                0x000000000001dc58                uip_ds6_nbr_get_ll
                0x000000000001dc74                uip_ds6_nbr_num
                0x000000000001dcbd                uip_ds6_nbr_head
                0x000000000001dcd6                uip_ds6_nbr_next
                0x000000000001dcf2                uip_ds6_nbr_lookup
                0x000000000001dd4a                uip_ds6_nbr_ll_lookup
                0x000000000001dd66                uip_ds6_nbr_ipaddr_from_lladdr
                0x000000000001dd8f                uip_ds6_nbr_lladdr_from_ipaddr
                0x000000000001ddc3                uip_ds6_link_callback
 .text          0x000000000001ddc9      0x6a7 build/cooja/mtype69.a(uip-nd6.o)
                0x000000000001e457                uip_nd6_init
 .text          0x000000000001e470     0x2c17 build/cooja/mtype69.a(sicslowpan.o)
                0x000000000001ea77                netstack_sniffer_add
                0x000000000001ea85                netstack_sniffer_remove
                0x000000000002105b                sicslowpan_init
                0x000000000002107d                sicslowpan_get_last_rssi
 .text          0x0000000000021087      0x4d1 build/cooja/mtype69.a(uiplib.o)
                0x0000000000021087                uiplib_ip6addrconv
                0x000000000002123f                uiplib_ip4addrconv
                0x0000000000021302                uiplib_ipaddr_print
                0x0000000000021355                uiplib_ipaddr_snprint
 .text          0x0000000000021558      0x4c9 build/cooja/mtype69.a(rpl.o)
                0x0000000000021558                rpl_lollipop_greater_than
                0x00000000000215b2                rpl_get_global_address
                0x00000000000216aa                rpl_link_callback
                0x00000000000216ee                rpl_has_joined
                0x0000000000021713                rpl_is_reachable
                0x0000000000021794                rpl_reset_prefix
                0x00000000000217fe                rpl_set_prefix_from_addr
                0x00000000000218e3                rpl_set_prefix
                0x00000000000219fd                rpl_set_leaf_only
                0x0000000000021a15                rpl_get_leaf_only
 .text          0x0000000000021a21     0x138c build/cooja/mtype69.a(rpl-icmp6.o)
                0x0000000000021b46                rpl_icmp6_update_nbr_table
                0x0000000000021bcf                rpl_icmp6_dis_output
                0x0000000000022215                rpl_icmp6_dio_output
                0x0000000000022a13                rpl_icmp6_dao_output
                0x0000000000022cf4                rpl_icmp6_dao_ack_output
                0x0000000000022d64                rpl_icmp6_init
 .text          0x0000000000022dad      0x264 build/cooja/mtype69.a(rpl-dag-root.o)
                0x0000000000022dad                rpl_dag_root_print_links
                0x0000000000022ed9                rpl_dag_root_set_prefix
                0x0000000000022f05                rpl_dag_root_start
                0x0000000000022fe2                rpl_dag_root_is_root
 .text          0x0000000000023011       0x30 build/cooja/mtype69.a(watchdog.o)
                0x0000000000023011                watchdog_init
                0x0000000000023017                watchdog_start
                0x000000000002301d                watchdog_periodic
                0x0000000000023035                watchdog_stop
                0x000000000002303b                watchdog_reboot
 .text          0x0000000000023041       0x4a build/cooja/mtype69.a(int-master.o)
                0x0000000000023041                int_master_enable
                0x0000000000023051                int_master_read_and_disable
                0x000000000002306e                int_master_status_set
                0x000000000002307c                int_master_is_enabled
 .text          0x000000000002308b      0x226 build/cooja/mtype69.a(coap-timer-defa)
 .text          0x00000000000232b1       0xc7 build/cooja/mtype69.a(stimer.o)
                0x00000000000232b1                stimer_set
                0x00000000000232cf                stimer_reset
                0x00000000000232fc                stimer_restart
                0x0000000000023311                stimer_expired
                0x000000000002333c                stimer_remaining
                0x0000000000023360                stimer_elapsed
 .text          0x0000000000023378      0x156 build/cooja/mtype69.a(ringbuf.o)
                0x0000000000023378                ringbuf_init
                0x00000000000233aa                ringbuf_put
                0x0000000000023428                ringbuf_get
                0x0000000000023495                ringbuf_size
                0x00000000000234a7                ringbuf_elements
 .text          0x00000000000234ce       0x1f build/cooja/mtype69.a(assert.o)
                0x00000000000234ce                _xassert
 .text          0x00000000000234ed      0x79b build/cooja/mtype69.a(nbr-table.o)
                0x0000000000023966                nbr_table_register
                0x00000000000239d3                nbr_table_is_registered
                0x0000000000023a0e                nbr_table_head
                0x0000000000023a69                nbr_table_next
                0x0000000000023aca                nbr_table_add_lladdr
                0x0000000000023ba4                nbr_table_get_from_lladdr
                0x0000000000023bf0                nbr_table_remove
                0x0000000000023c28                nbr_table_lock
                0x0000000000023c42                nbr_table_unlock
                0x0000000000023c5c                nbr_table_get_lladdr
 .text          0x0000000000023c88      0x3a5 build/cooja/mtype69.a(link-stats.o)
                0x0000000000023c88                link_stats_from_lladdr
                0x0000000000023ca4                link_stats_get_lladdr
                0x0000000000023cc0                link_stats_is_fresh
                0x0000000000023cfc                guess_etx_from_rssi
                0x0000000000023d78                link_stats_packet_sent
                0x0000000000023e98                link_stats_input_callback
                0x0000000000023fa8                link_stats_reset
                0x0000000000023ff8                link_stats_init
 .text          0x000000000002402d      0x187 build/cooja/mtype69.a(mac-sequence.o)
                0x000000000002402d                mac_sequence_is_duplicate
                0x00000000000240cd                mac_sequence_register_seqno
 .text          0x00000000000241b4       0x23 build/cooja/mtype69.a(mac.o)
                0x00000000000241b4                mac_call_sent_callback
 .text          0x00000000000241d7      0x432 build/cooja/mtype69.a(framer-802154.o)
                0x0000000000024366                framer_802154_setup_params
 .text          0x0000000000024609      0xb6f build/cooja/mtype69.a(frame802154.o)
                0x000000000002463a                frame802154_get_pan_id
                0x0000000000024646                frame802154_set_pan_id
                0x0000000000024660                frame802154_has_panid
                0x000000000002480f                frame802154_check_dest_panid
                0x0000000000024897                frame802154_is_broadcast_addr
                0x00000000000248e4                frame802154_extract_linkaddr
                0x0000000000024b49                frame802154_hdrlen
                0x0000000000024bbc                frame802154_create_fcf
                0x0000000000024c74                frame802154_create
                0x0000000000024de9                frame802154_parse_fcf
                0x0000000000024ecb                frame802154_parse
 .text          0x0000000000025178       0x2d build/cooja/mtype69.a(csma-security.o)
                0x0000000000025178                csma_security_create_frame
                0x0000000000025196                csma_security_parse_frame
 .text          0x00000000000251a5      0x4e4 build/cooja/mtype69.a(uipbuf.o)
                0x00000000000251a5                uipbuf_clear
                0x00000000000251cc                uipbuf_add_ext_hdr
                0x000000000002524c                uipbuf_set_len
                0x0000000000025279                uipbuf_set_len_field
                0x00000000000252a5                uipbuf_get_len_field
                0x00000000000252c5                uipbuf_get_next_header
                0x00000000000253f7                uipbuf_get_last_header
                0x0000000000025470                uipbuf_search_header
                0x0000000000025526                uipbuf_get_attr
                0x000000000002554d                uipbuf_set_attr
                0x0000000000025584                uipbuf_set_default_attr
                0x00000000000255bb                uipbuf_clear_attr
                0x00000000000255df                uipbuf_set_attr_flag
                0x0000000000025600                uipbuf_clr_attr_flag
                0x0000000000025627                uipbuf_is_attr_flag
                0x000000000002564b                uipbuf_init
 .text          0x0000000000025689      0x73f build/cooja/mtype69.a(uip-icmp6.o)
                0x00000000000256fe                uip_icmp6_input
                0x0000000000025755                uip_icmp6_register_input_handler
                0x00000000000258a8                uip_icmp6_error_output
                0x0000000000025b59                uip_icmp6_send
                0x0000000000025d50                uip_icmp6_echo_reply_callback_add
                0x0000000000025d82                uip_icmp6_echo_reply_callback_rm
                0x0000000000025d9f                uip_icmp6_init
 .text          0x0000000000025dc8      0x69b build/cooja/mtype69.a(uip-sr.o)
                0x0000000000025dc8                uip_sr_num_nodes
                0x0000000000025e56                uip_sr_get_node
                0x0000000000025ead                uip_sr_is_addr_reachable
                0x0000000000025f5b                uip_sr_expire_parent
                0x0000000000025fa4                uip_sr_update_node
                0x00000000000260d4                uip_sr_init
                0x0000000000026108                uip_sr_node_head
                0x0000000000026121                uip_sr_node_next
                0x0000000000026137                uip_sr_periodic
                0x000000000002623d                uip_sr_free_all
                0x00000000000262ad                uip_sr_link_snprint
 .text          0x0000000000026463      0x146 build/cooja/mtype69.a(uip-packetqueue)
                0x0000000000026491                uip_packetqueue_new
                0x00000000000264a0                uip_packetqueue_alloc
                0x00000000000264fb                uip_packetqueue_free
                0x0000000000026542                uip_packetqueue_buf
                0x000000000002655f                uip_packetqueue_buflen
                0x0000000000026580                uip_packetqueue_set_buflen
 .text          0x00000000000265a9      0x1b0 build/cooja/mtype69.a(rpl-nbr-policy.)
                0x0000000000026716                rpl_nbr_policy_find_removable
 .text          0x0000000000026759      0x915 build/cooja/mtype69.a(rpl-neighbor.o)
                0x00000000000267d5                rpl_neighbor_snprint
                0x0000000000026a88                rpl_neighbor_print_list
                0x0000000000026b3d                rpl_neighbor_count
                0x0000000000026be4                rpl_neighbor_get_from_lladdr
                0x0000000000026c00                rpl_neighbor_is_acceptable_parent
                0x0000000000026c34                rpl_neighbor_get_link_metric
                0x0000000000026c68                rpl_neighbor_rank_via_nbr
                0x0000000000026c9c                rpl_neighbor_get_lladdr
                0x0000000000026cb8                rpl_neighbor_get_ipaddr
                0x0000000000026cdf                rpl_neighbor_get_link_stats
                0x0000000000026d06                rpl_neighbor_is_fresh
                0x0000000000026d2d                rpl_neighbor_is_reachable
                0x0000000000026d78                rpl_neighbor_is_parent
                0x0000000000026da2                rpl_neighbor_set_preferred_parent
                0x0000000000026e39                rpl_neighbor_remove_all
                0x0000000000026e95                rpl_neighbor_get_from_ipaddr
                0x0000000000026fa3                rpl_neighbor_select_best
                0x000000000002704f                rpl_neighbor_init
 .text          0x000000000002706e      0xe69 build/cooja/mtype69.a(rpl-dag.o)
                0x000000000002706e                rpl_dag_state_to_str
                0x00000000000270ad                rpl_dag_get_root_ipaddr
                0x00000000000270f5                rpl_dag_leave
                0x000000000002717e                rpl_dag_poison_and_leave
                0x0000000000027196                rpl_dag_periodic
                0x000000000002721e                rpl_is_addr_in_our_dag
                0x0000000000027262                rpl_get_default_instance
                0x000000000002727e                rpl_get_any_dag
                0x00000000000272d7                rpl_refresh_routes
                0x0000000000027317                rpl_global_repair
                0x00000000000273b0                rpl_local_repair
                0x00000000000273fa                rpl_dag_ready_to_advertise
                0x000000000002743d                rpl_dag_update_state
                0x0000000000027b6a                rpl_process_dio
                0x0000000000027be8                rpl_process_dis
                0x0000000000027c2d                rpl_process_dao
                0x0000000000027cbc                rpl_process_dao_ack
                0x0000000000027d53                rpl_process_hbh
                0x0000000000027da3                rpl_dag_init_root
                0x0000000000027eb7                rpl_dag_init
 .text          0x0000000000027ed7      0x9e7 build/cooja/mtype69.a(rpl-timers.o)
                0x0000000000027ed7                rpl_timers_schedule_periodic_dis
                0x0000000000028025                rpl_timers_dio_reset
                0x0000000000028133                rpl_timers_schedule_unicast_dio
                0x0000000000028287                rpl_timers_schedule_dao
                0x0000000000028346                rpl_timers_schedule_dao_ack
                0x00000000000283cc                rpl_timers_notify_dao_ack
                0x000000000002842a                get_probing_delay
                0x000000000002845e                get_probing_target
                0x0000000000028648                rpl_schedule_probing
                0x0000000000028676                rpl_schedule_probing_now
                0x00000000000286e0                rpl_timers_unschedule_leaving
                0x0000000000028718                rpl_timers_schedule_leaving
                0x0000000000028759                rpl_timers_init
                0x00000000000287e9                rpl_timers_stop_dag_timers
                0x0000000000028862                rpl_timers_unschedule_state_update
                0x0000000000028886                rpl_timers_schedule_state_update
 .text          0x00000000000288be      0xb8e build/cooja/mtype69.a(rpl-ext-header.)
                0x00000000000288be                rpl_ext_header_srh_get_next_hop
                0x00000000000289a5                rpl_ext_header_srh_update
                0x0000000000028f11                rpl_ext_header_hbh_update
                0x0000000000029211                rpl_ext_header_update
                0x000000000002929a                rpl_ext_header_remove
 .text          0x000000000002944c      0x31b build/cooja/mtype69.a(rpl-mrhof.o)
 *fill*         0x0000000000029767        0x9 
 .text          0x0000000000029770      0x122 /usr/lib/gcc/i686-linux-gnu/5/libgcc.a(_udivdi3.o)
                0x0000000000029770                __udivdi3
 .text          0x0000000000029892        0x0 /usr/lib/gcc/i686-linux-gnu/5/crtendS.o
 .text          0x0000000000029892        0x0 /usr/lib/gcc/i686-linux-gnu/5/../../../i386-linux-gnu/crtn.o
 *(.gnu.warning)

.fini           0x0000000000029894       0x14
 *(SORT(.fini))
 .fini          0x0000000000029894        0xf /usr/lib/gcc/i686-linux-gnu/5/../../../i386-linux-gnu/crti.o
                0x0000000000029894                _fini
 .fini          0x00000000000298a3        0x5 /usr/lib/gcc/i686-linux-gnu/5/../../../i386-linux-gnu/crtn.o
                [!provide]                        PROVIDE (__etext, .)
                [!provide]                        PROVIDE (_etext, .)
                [!provide]                        PROVIDE (etext, .)

.rodata         0x00000000000298c0      0xb0b
 *(.rodata .rodata.* .gnu.linkonce.r.*)
 .rodata        0x00000000000298c0      0x117 hydromassage_server.o
                0x0000000000029924                autostart_processes
 *fill*         0x00000000000299d7        0x1 
 .rodata        0x00000000000299d8        0x8 build/cooja/mtype69.a(beep.o)
                0x00000000000299d8                beep_interface
 .rodata        0x00000000000299e0        0xe build/cooja/mtype69.a(leds-arch.o)
                0x00000000000299e0                leds_interface
                0x00000000000299e8                leds_arch_leds
 *fill*         0x00000000000299ee        0x2 
 .rodata        0x00000000000299f0        0x8 build/cooja/mtype69.a(moteid.o)
                0x00000000000299f0                moteid_interface
 .rodata        0x00000000000299f8       0x1c build/cooja/mtype69.a(pir-sensor.o)
                0x00000000000299f8                pir_interface
                0x0000000000029a04                pir_sensor
 .rodata        0x0000000000029a14        0xe build/cooja/mtype69.a(rs232.o)
                0x0000000000029a14                rs232_interface
 *fill*         0x0000000000029a22        0x2 
 .rodata        0x0000000000029a24       0x24 build/cooja/mtype69.a(vib-sensor.o)
                0x0000000000029a24                vib_interface
                0x0000000000029a38                vib_sensor
 .rodata        0x0000000000029a48        0x8 build/cooja/mtype69.a(clock.o)
                0x0000000000029a48                clock_interface
 .rodata        0x0000000000029a50        0x8 build/cooja/mtype69.a(cooja-log.o)
                0x0000000000029a50                simlog_interface
 .rodata        0x0000000000029a58       0x2f build/cooja/mtype69.a(cfs-cooja.o)
                0x0000000000029a58                cfs_interface
 *fill*         0x0000000000029a87       0x19 
 .rodata        0x0000000000029aa0       0xb8 build/cooja/mtype69.a(cooja-radio.o)
                0x0000000000029aa0                radio_interface
                0x0000000000029b20                cooja_radio_driver
 .rodata        0x0000000000029b58        0x8 build/cooja/mtype69.a(eeprom.o)
                0x0000000000029b58                eeprom_interface
 .rodata        0x0000000000029b60        0x8 build/cooja/mtype69.a(sensors.o)
 .rodata        0x0000000000029b68       0x2c build/cooja/mtype69.a(buttons.o)
                0x0000000000029b68                button_interface
                0x0000000000029b7c                button_hal_button_count
                0x0000000000029b84                button_sensor
 .rodata        0x0000000000029b94       0x7b build/cooja/mtype69.a(hydromassage_ac)
 .rodata        0x0000000000029c0f       0x41 build/cooja/mtype69.a(coap-engine.o)
 .rodata        0x0000000000029c50       0x19 build/cooja/mtype69.a(coap-res-well-k)
 .rodata        0x0000000000029c69       0x11 build/cooja/mtype69.a(coap-observe.o)
 .rodata        0x0000000000029c7a       0x35 build/cooja/mtype69.a(coap-uip.o)
 *fill*         0x0000000000029caf        0x1 
 .rodata        0x0000000000029cb0      0x1ac build/cooja/mtype69.a(coap.o)
 .rodata        0x0000000000029e5c       0xf8 build/cooja/mtype69.a(contiki-main.o)
 .rodata        0x0000000000029f54        0xf build/cooja/mtype69.a(ctimer.o)
 *fill*         0x0000000000029f63        0x1 
 .rodata        0x0000000000029f64       0xc4 build/cooja/mtype69.a(log.o)
 .rodata        0x000000000002a028        0xc build/cooja/mtype69.a(etimer.o)
 .rodata        0x000000000002a034       0x13 build/cooja/mtype69.a(button-hal.o)
 .rodata        0x000000000002a047        0xe build/cooja/mtype69.a(serial-line.o)
 *fill*         0x000000000002a055        0x3 
 .rodata        0x000000000002a058        0x8 build/cooja/mtype69.a(linkaddr.o)
                0x000000000002a058                linkaddr_null
 .rodata        0x000000000002a060       0x24 build/cooja/mtype69.a(csma.o)
                0x000000000002a068                csma_driver
 .rodata        0x000000000002a084       0x27 build/cooja/mtype69.a(csma-output.o)
 *fill*         0x000000000002a0ab        0x1 
 .rodata        0x000000000002a0ac       0x4d build/cooja/mtype69.a(uip-ds6-route.o)
 .rodata        0x000000000002a0f9        0xd build/cooja/mtype69.a(tcpip.o)
 *fill*         0x000000000002a106        0x2 
 .rodata        0x000000000002a108       0x30 build/cooja/mtype69.a(sicslowpan.o)
                0x000000000002a108                unc_llconf
                0x000000000002a10c                unc_ctxconf
                0x000000000002a110                unc_mxconf
                0x000000000002a114                llprefix
                0x000000000002a128                sicslowpan_driver
 .rodata        0x000000000002a138       0x2d build/cooja/mtype69.a(uiplib.o)
 *fill*         0x000000000002a165       0x1b 
 .rodata        0x000000000002a180       0x74 build/cooja/mtype69.a(rpl.o)
                0x000000000002a1a0                rpl_lite_driver
 .rodata        0x000000000002a1f4       0x20 build/cooja/mtype69.a(coap-timer-defa)
                0x000000000002a208                coap_timer_default_driver
 .rodata        0x000000000002a214       0x25 build/cooja/mtype69.a(assert.o)
 *fill*         0x000000000002a239        0x3 
 .rodata        0x000000000002a23c        0xc build/cooja/mtype69.a(framer-802154.o)
                0x000000000002a23c                framer_802154
 .rodata        0x000000000002a248       0x44 build/cooja/mtype69.a(uip-sr.o)
 .rodata        0x000000000002a28c       0x58 build/cooja/mtype69.a(rpl-neighbor.o)
 .rodata        0x000000000002a2e4       0xdb build/cooja/mtype69.a(rpl-dag.o)
 .rodata        0x000000000002a3bf        0xc build/cooja/mtype69.a(rpl-timers.o)

.rodata1
 *(.rodata1)

.eh_frame_hdr   0x000000000002a3cc     0x19d4
 *(.eh_frame_hdr)
 .eh_frame_hdr  0x000000000002a3cc     0x19d4 hydromassage_server.o
                0x000000000002a3cc                __GNU_EH_FRAME_HDR
 *(.eh_frame_entry .eh_frame_entry.*)

.eh_frame       0x000000000002bda0     0x68c8
 *(.eh_frame)
 .eh_frame      0x000000000002bda0       0x3c /usr/lib/gcc/i686-linux-gnu/5/../../../i386-linux-gnu/crti.o
                                         0x40 (size before relaxing)
 .eh_frame      0x000000000002bddc       0x60 hydromassage_server.o
                                         0x78 (size before relaxing)
 .eh_frame      0x000000000002be3c      0x178 build/cooja/mtype69.o
                                        0x190 (size before relaxing)
 .eh_frame      0x000000000002bfb4       0x40 build/cooja/mtype69.a(simEnvChange.o)
                                         0x58 (size before relaxing)
 .eh_frame      0x000000000002bff4       0x60 build/cooja/mtype69.a(cooja_mt.o)
                                         0x78 (size before relaxing)
 .eh_frame      0x000000000002c054       0x80 build/cooja/mtype69.a(cooja_mtarch.o)
                                         0x98 (size before relaxing)
 .eh_frame      0x000000000002c0d4       0xc8 build/cooja/mtype69.a(rtimer-arch.o)
                                         0xe0 (size before relaxing)
 .eh_frame      0x000000000002c19c      0x160 build/cooja/mtype69.a(beep.o)
                                        0x178 (size before relaxing)
 .eh_frame      0x000000000002c2fc       0x80 build/cooja/mtype69.a(leds-arch.o)
                                         0x98 (size before relaxing)
 .eh_frame      0x000000000002c37c       0x40 build/cooja/mtype69.a(moteid.o)
                                         0x58 (size before relaxing)
 .eh_frame      0x000000000002c3bc       0xa0 build/cooja/mtype69.a(pir-sensor.o)
                                         0xb8 (size before relaxing)
 .eh_frame      0x000000000002c45c      0x100 build/cooja/mtype69.a(rs232.o)
                                        0x118 (size before relaxing)
 .eh_frame      0x000000000002c55c       0xa0 build/cooja/mtype69.a(vib-sensor.o)
                                         0xb8 (size before relaxing)
 .eh_frame      0x000000000002c5fc       0xc0 build/cooja/mtype69.a(clock.o)
                                         0xd8 (size before relaxing)
 .eh_frame      0x000000000002c6bc      0x120 build/cooja/mtype69.a(cooja-log.o)
                                        0x138 (size before relaxing)
 .eh_frame      0x000000000002c7dc      0x160 build/cooja/mtype69.a(cfs-cooja.o)
                                        0x178 (size before relaxing)
 .eh_frame      0x000000000002c93c      0x340 build/cooja/mtype69.a(cooja-radio.o)
                                        0x358 (size before relaxing)
 .eh_frame      0x000000000002cc7c       0xa0 build/cooja/mtype69.a(eeprom.o)
                                         0xb8 (size before relaxing)
 .eh_frame      0x000000000002cd1c       0x40 build/cooja/mtype69.a(random.o)
                                         0x58 (size before relaxing)
 .eh_frame      0x000000000002cd5c       0xc0 build/cooja/mtype69.a(sensors.o)
                                         0xd8 (size before relaxing)
 .eh_frame      0x000000000002ce1c      0x120 build/cooja/mtype69.a(leds.o)
                                        0x138 (size before relaxing)
 .eh_frame      0x000000000002cf3c      0x220 build/cooja/mtype69.a(gpio-hal-arch.o)
                                        0x238 (size before relaxing)
 .eh_frame      0x000000000002d15c       0xa0 build/cooja/mtype69.a(buttons.o)
                                         0xb8 (size before relaxing)
 .eh_frame      0x000000000002d1fc       0x20 build/cooja/mtype69.a(hydromassage_ac)
                                         0x38 (size before relaxing)
 .eh_frame      0x000000000002d21c       0x44 build/cooja/mtype69.a(coap-blocking-a)
                                         0x5c (size before relaxing)
 .eh_frame      0x000000000002d260      0x220 build/cooja/mtype69.a(coap-engine.o)
                                        0x238 (size before relaxing)
 .eh_frame      0x000000000002d480       0x24 build/cooja/mtype69.a(coap-res-well-k)
                                         0x3c (size before relaxing)
 .eh_frame      0x000000000002d4a4      0x188 build/cooja/mtype69.a(coap-observe.o)
                                        0x1a0 (size before relaxing)
 .eh_frame      0x000000000002d62c      0x250 build/cooja/mtype69.a(coap-uip.o)
                                        0x268 (size before relaxing)
 .eh_frame      0x000000000002d87c      0x114 build/cooja/mtype69.a(coap-timer.o)
                                        0x12c (size before relaxing)
 .eh_frame      0x000000000002d990      0x100 build/cooja/mtype69.a(coap-transactio)
                                        0x118 (size before relaxing)
 .eh_frame      0x000000000002da90      0x6ec build/cooja/mtype69.a(coap.o)
                                        0x704 (size before relaxing)
 .eh_frame      0x000000000002e17c       0x30 build/cooja/mtype69.a(contiki-main.o)
                                         0x48 (size before relaxing)
 .eh_frame      0x000000000002e1ac       0x40 build/cooja/mtype69.a(autostart.o)
                                         0x58 (size before relaxing)
 .eh_frame      0x000000000002e1ec      0x100 build/cooja/mtype69.a(ctimer.o)
                                        0x118 (size before relaxing)
 .eh_frame      0x000000000002e2ec      0x100 build/cooja/mtype69.a(log.o)
                                        0x118 (size before relaxing)
 .eh_frame      0x000000000002e3ec       0x60 build/cooja/mtype69.a(energest.o)
                                         0x78 (size before relaxing)
 .eh_frame      0x000000000002e44c      0x1e0 build/cooja/mtype69.a(etimer.o)
                                        0x1f8 (size before relaxing)
 .eh_frame      0x000000000002e62c       0x20 build/cooja/mtype69.a(node-id.o)
                                         0x38 (size before relaxing)
 .eh_frame      0x000000000002e64c       0x60 build/cooja/mtype69.a(rtimer.o)
                                         0x78 (size before relaxing)
 .eh_frame      0x000000000002e6ac      0x1c4 build/cooja/mtype69.a(process.o)
                                        0x1dc (size before relaxing)
 .eh_frame      0x000000000002e870       0xa4 build/cooja/mtype69.a(timer.o)
                                         0xbc (size before relaxing)
 .eh_frame      0x000000000002e914      0x1a0 build/cooja/mtype69.a(list.o)
                                        0x1b8 (size before relaxing)
 .eh_frame      0x000000000002eab4       0xa0 build/cooja/mtype69.a(memb.o)
                                         0xb8 (size before relaxing)
 .eh_frame      0x000000000002eb54      0x144 build/cooja/mtype69.a(button-hal.o)
                                        0x15c (size before relaxing)
 .eh_frame      0x000000000002ec98       0x60 build/cooja/mtype69.a(serial-line.o)
                                         0x78 (size before relaxing)
 .eh_frame      0x000000000002ecf8       0xe0 build/cooja/mtype69.a(gpio-hal.o)
                                         0xf8 (size before relaxing)
 .eh_frame      0x000000000002edd8      0x1a0 build/cooja/mtype69.a(queuebuf.o)
                                        0x1b8 (size before relaxing)
 .eh_frame      0x000000000002ef78      0x28c build/cooja/mtype69.a(packetbuf.o)
                                        0x2a4 (size before relaxing)
 .eh_frame      0x000000000002f204       0x80 build/cooja/mtype69.a(netstack.o)
                                         0x98 (size before relaxing)
 .eh_frame      0x000000000002f284       0x60 build/cooja/mtype69.a(linkaddr.o)
                                         0x78 (size before relaxing)
 .eh_frame      0x000000000002f2e4       0xe0 build/cooja/mtype69.a(csma.o)
                                         0xf8 (size before relaxing)
 .eh_frame      0x000000000002f3c4      0x1d0 build/cooja/mtype69.a(csma-output.o)
                                        0x1e8 (size before relaxing)
 .eh_frame      0x000000000002f594      0x328 build/cooja/mtype69.a(uip-ds6.o)
                                        0x340 (size before relaxing)
 .eh_frame      0x000000000002f8bc       0x40 build/cooja/mtype69.a(uip-udp-packet.)
                                         0x58 (size before relaxing)
 .eh_frame      0x000000000002f8fc      0x220 build/cooja/mtype69.a(uip-ds6-route.o)
                                        0x238 (size before relaxing)
 .eh_frame      0x000000000002fb1c      0x244 build/cooja/mtype69.a(tcpip.o)
                                        0x25c (size before relaxing)
 .eh_frame      0x000000000002fd60      0x1e8 build/cooja/mtype69.a(uip6.o)
                                        0x200 (size before relaxing)
 .eh_frame      0x000000000002ff48      0x1c0 build/cooja/mtype69.a(uip-ds6-nbr.o)
                                        0x1d8 (size before relaxing)
 .eh_frame      0x0000000000030108       0x84 build/cooja/mtype69.a(uip-nd6.o)
                                         0x9c (size before relaxing)
 .eh_frame      0x000000000003018c      0x2f8 build/cooja/mtype69.a(sicslowpan.o)
                                        0x310 (size before relaxing)
 .eh_frame      0x0000000000030484       0x88 build/cooja/mtype69.a(uiplib.o)
                                         0xa0 (size before relaxing)
 .eh_frame      0x000000000003050c      0x1e0 build/cooja/mtype69.a(rpl.o)
                                        0x1f8 (size before relaxing)
 .eh_frame      0x00000000000306ec      0x1c4 build/cooja/mtype69.a(rpl-icmp6.o)
                                        0x1dc (size before relaxing)
 .eh_frame      0x00000000000308b0       0xa0 build/cooja/mtype69.a(rpl-dag-root.o)
                                         0xb8 (size before relaxing)
 .eh_frame      0x0000000000030950       0xa0 build/cooja/mtype69.a(watchdog.o)
                                         0xb8 (size before relaxing)
 .eh_frame      0x00000000000309f0       0x80 build/cooja/mtype69.a(int-master.o)
                                         0x98 (size before relaxing)
 .eh_frame      0x0000000000030a70       0xa4 build/cooja/mtype69.a(coap-timer-defa)
                                         0xbc (size before relaxing)
 .eh_frame      0x0000000000030b14       0xc4 build/cooja/mtype69.a(stimer.o)
                                         0xdc (size before relaxing)
 .eh_frame      0x0000000000030bd8       0xa0 build/cooja/mtype69.a(ringbuf.o)
                                         0xb8 (size before relaxing)
 .eh_frame      0x0000000000030c78       0x20 build/cooja/mtype69.a(assert.o)
                                         0x38 (size before relaxing)
 .eh_frame      0x0000000000030c98      0x2ac build/cooja/mtype69.a(nbr-table.o)
                                        0x2c4 (size before relaxing)
 .eh_frame      0x0000000000030f44      0x120 build/cooja/mtype69.a(link-stats.o)
                                        0x138 (size before relaxing)
 .eh_frame      0x0000000000031064       0x48 build/cooja/mtype69.a(mac-sequence.o)
                                         0x60 (size before relaxing)
 .eh_frame      0x00000000000310ac       0x20 build/cooja/mtype69.a(mac.o)
                                         0x38 (size before relaxing)
 .eh_frame      0x00000000000310cc       0xa4 build/cooja/mtype69.a(framer-802154.o)
                                         0xbc (size before relaxing)
 .eh_frame      0x0000000000031170      0x1a4 build/cooja/mtype69.a(frame802154.o)
                                        0x1bc (size before relaxing)
 .eh_frame      0x0000000000031314       0x40 build/cooja/mtype69.a(csma-security.o)
                                         0x58 (size before relaxing)
 .eh_frame      0x0000000000031354      0x200 build/cooja/mtype69.a(uipbuf.o)
                                        0x218 (size before relaxing)
 .eh_frame      0x0000000000031554      0x150 build/cooja/mtype69.a(uip-icmp6.o)
                                        0x168 (size before relaxing)
 .eh_frame      0x00000000000316a4      0x184 build/cooja/mtype69.a(uip-sr.o)
                                        0x19c (size before relaxing)
 .eh_frame      0x0000000000031828       0xe0 build/cooja/mtype69.a(uip-packetqueue)
                                         0xf8 (size before relaxing)
 .eh_frame      0x0000000000031908       0x80 build/cooja/mtype69.a(rpl-nbr-policy.)
                                         0x98 (size before relaxing)
 .eh_frame      0x0000000000031988      0x2d4 build/cooja/mtype69.a(rpl-neighbor.o)
                                        0x2ec (size before relaxing)
 .eh_frame      0x0000000000031c5c      0x370 build/cooja/mtype69.a(rpl-dag.o)
                                        0x388 (size before relaxing)
 .eh_frame      0x0000000000031fcc      0x3a8 build/cooja/mtype69.a(rpl-timers.o)
                                        0x3c0 (size before relaxing)
 .eh_frame      0x0000000000032374      0x124 build/cooja/mtype69.a(rpl-ext-header.)
                                        0x13c (size before relaxing)
 .eh_frame      0x0000000000032498      0x148 build/cooja/mtype69.a(rpl-mrhof.o)
                                        0x160 (size before relaxing)
 .eh_frame      0x00000000000325e0       0x84 /usr/lib/gcc/i686-linux-gnu/5/libgcc.a(_udivdi3.o)
                                         0x9c (size before relaxing)
 .eh_frame      0x0000000000032664        0x4 /usr/lib/gcc/i686-linux-gnu/5/crtendS.o
 *(.eh_frame.*)

.gcc_except_table
 *(.gcc_except_table .gcc_except_table.*)

.gnu_extab
 *(.gnu_extab*)

.exception_ranges
 *(.exception_ranges .exception_ranges*)
                0x0000000000033f10                . = DATA_SEGMENT_ALIGN (0x1000, 0x1000)

.eh_frame
 *(.eh_frame)
 *(.eh_frame.*)

.gnu_extab
 *(.gnu_extab)

.gcc_except_table
 *(.gcc_except_table .gcc_except_table.*)

.exception_ranges
 *(.exception_ranges .exception_ranges*)

.tdata
 *(.tdata .tdata.* .gnu.linkonce.td.*)

.tbss
 *(.tbss .tbss.* .gnu.linkonce.tb.*)
 *(.tcommon)

.preinit_array
 *(.preinit_array)

.init_array     0x0000000000033f10        0x4
 *(SORT(.init_array.*) SORT(.ctors.*))
 *(.init_array EXCLUDE_FILE(*crtend?.o *crtend.o *crtbegin?.o *crtbegin.o) .ctors)
 .init_array    0x0000000000033f10        0x4 /usr/lib/gcc/i686-linux-gnu/5/crtbeginS.o

.fini_array     0x0000000000033f14        0x4
 *(SORT(.fini_array.*) SORT(.dtors.*))
 *(.fini_array EXCLUDE_FILE(*crtend?.o *crtend.o *crtbegin?.o *crtbegin.o) .dtors)
 .fini_array    0x0000000000033f14        0x4 /usr/lib/gcc/i686-linux-gnu/5/crtbeginS.o

.ctors
 *crtbegin.o(.ctors)
 *crtbegin?.o(.ctors)
 *(EXCLUDE_FILE(*crtend?.o *crtend.o) .ctors)
 *(SORT(.ctors.*))
 *(.ctors)

.dtors
 *crtbegin.o(.dtors)
 *crtbegin?.o(.dtors)
 *(EXCLUDE_FILE(*crtend?.o *crtend.o) .dtors)
 *(SORT(.dtors.*))
 *(.dtors)

.jcr            0x0000000000033f18        0x4
 *(.jcr)
 .jcr           0x0000000000033f18        0x0 /usr/lib/gcc/i686-linux-gnu/5/crtbeginS.o
 .jcr           0x0000000000033f18        0x4 /usr/lib/gcc/i686-linux-gnu/5/crtendS.o

.data.rel.ro
 *(.data.rel.ro.local* .gnu.linkonce.d.rel.ro.local.*)
 *(.data.rel.ro .data.rel.ro.* .gnu.linkonce.d.rel.ro.*)

.dynamic        0x0000000000033f1c       0xd0
 *(.dynamic)
 .dynamic       0x0000000000033f1c       0xd0 /usr/lib/gcc/i686-linux-gnu/5/../../../i386-linux-gnu/crti.o
                0x0000000000033f1c                _DYNAMIC

.got            0x0000000000033fec       0x14
 *(.got)
 .got           0x0000000000033fec       0x14 /usr/lib/gcc/i686-linux-gnu/5/../../../i386-linux-gnu/crti.o
 *(.igot)
                0x0000000000034ff4                . = DATA_SEGMENT_RELRO_END (., (SIZEOF (.got.plt) >= 0xc)?0xc:0x0)

.got.plt        0x0000000000034000        0xc
 *(.got.plt)
 .got.plt       0x0000000000034000        0xc /usr/lib/gcc/i686-linux-gnu/5/../../../i386-linux-gnu/crti.o
                0x0000000000034000                _GLOBAL_OFFSET_TABLE_
 *(.igot.plt)

.data           0x0000000000034020      0x444
 *(.data .data.* .gnu.linkonce.d.*)
 .data          0x0000000000034020        0x0 /usr/lib/gcc/i686-linux-gnu/5/../../../i386-linux-gnu/crti.o
 .data          0x0000000000034020        0x0 /usr/lib/gcc/i686-linux-gnu/5/crtbeginS.o
 .data.rel.local
                0x0000000000034020        0x4 /usr/lib/gcc/i686-linux-gnu/5/crtbeginS.o
                0x0000000000034020                __dso_handle
 .data          0x0000000000034024       0x14 hydromassage_server.o
                0x0000000000034024                service_url
                0x0000000000034028                hydromassage_server
 *fill*         0x0000000000034038        0x8 
 .data          0x0000000000034040       0x44 build/cooja/mtype69.o
                0x0000000000034040                simInterfaces
                0x0000000000034074                sensors
 .data          0x0000000000034084        0x0 build/cooja/mtype69.a(simEnvChange.o)
 .data          0x0000000000034084        0x0 build/cooja/mtype69.a(cooja_mt.o)
 .data          0x0000000000034084        0x0 build/cooja/mtype69.a(cooja_mtarch.o)
 .data          0x0000000000034084        0x0 build/cooja/mtype69.a(rtimer-arch.o)
 .data          0x0000000000034084        0x0 build/cooja/mtype69.a(beep.o)
 .data          0x0000000000034084        0x0 build/cooja/mtype69.a(leds-arch.o)
 .data          0x0000000000034084        0x0 build/cooja/mtype69.a(moteid.o)
 .data          0x0000000000034084        0x0 build/cooja/mtype69.a(pir-sensor.o)
 .data          0x0000000000034084        0x0 build/cooja/mtype69.a(rs232.o)
 .data          0x0000000000034084        0x0 build/cooja/mtype69.a(vib-sensor.o)
 .data          0x0000000000034084        0x0 build/cooja/mtype69.a(clock.o)
 .data          0x0000000000034084        0x0 build/cooja/mtype69.a(cooja-log.o)
 .data          0x0000000000034084        0x0 build/cooja/mtype69.a(cfs-cooja.o)
 .data          0x0000000000034084       0x2c build/cooja/mtype69.a(cooja-radio.o)
                0x0000000000034084                simRadioHWOn
                0x0000000000034088                simSignalStrength
                0x000000000003408c                simLastSignalStrength
                0x0000000000034090                simPower
                0x0000000000034094                simRadioChannel
                0x0000000000034098                simLQI
                0x00000000000340a0                cooja_radio_process
 .data          0x00000000000340b0        0x0 build/cooja/mtype69.a(eeprom.o)
 .data          0x00000000000340b0        0x0 build/cooja/mtype69.a(random.o)
 .data          0x00000000000340b0       0x10 build/cooja/mtype69.a(sensors.o)
                0x00000000000340b0                sensors_process
 .data          0x00000000000340c0        0x0 build/cooja/mtype69.a(leds.o)
 .data          0x00000000000340c0        0x0 build/cooja/mtype69.a(gpio-hal-arch.o)
 .data          0x00000000000340c0       0x78 build/cooja/mtype69.a(buttons.o)
                0x00000000000340c0                simButtonIsActive
                0x0000000000034130                button_hal_buttons
 *fill*         0x0000000000034138        0x8 
 .data          0x0000000000034140       0x24 build/cooja/mtype69.a(hydromassage_ac)
                0x0000000000034140                hydromassage_actuator
 .data          0x0000000000034164        0x0 build/cooja/mtype69.a(coap-blocking-a)
 .data          0x0000000000034164        0x8 build/cooja/mtype69.a(coap-engine.o)
 *fill*         0x000000000003416c       0x14 
 .data          0x0000000000034180       0x24 build/cooja/mtype69.a(coap-res-well-k)
                0x0000000000034180                res_well_known_core
 .data          0x00000000000341a4       0x10 build/cooja/mtype69.a(coap-observe.o)
 .data          0x00000000000341b4       0x10 build/cooja/mtype69.a(coap-uip.o)
                0x00000000000341b4                coap_engine
 .data          0x00000000000341c4        0x4 build/cooja/mtype69.a(coap-timer.o)
 .data          0x00000000000341c8       0x10 build/cooja/mtype69.a(coap-transactio)
 .data          0x00000000000341d8        0x4 build/cooja/mtype69.a(coap.o)
                0x00000000000341d8                coap_error_message
 .data          0x00000000000341dc        0x0 build/cooja/mtype69.a(contiki-main.o)
 .data          0x00000000000341dc        0x0 build/cooja/mtype69.a(autostart.o)
 .data          0x00000000000341dc       0x14 build/cooja/mtype69.a(ctimer.o)
                0x00000000000341e0                ctimer_process
 *fill*         0x00000000000341f0       0x10 
 .data          0x0000000000034200       0xbc build/cooja/mtype69.a(log.o)
                0x0000000000034200                curr_log_level_main
                0x0000000000034220                all_modules
 .data          0x00000000000342bc        0x0 build/cooja/mtype69.a(energest.o)
 .data          0x00000000000342bc       0x10 build/cooja/mtype69.a(etimer.o)
                0x00000000000342bc                etimer_process
 .data          0x00000000000342cc        0x0 build/cooja/mtype69.a(node-id.o)
 .data          0x00000000000342cc        0x0 build/cooja/mtype69.a(rtimer.o)
 .data          0x00000000000342cc        0x0 build/cooja/mtype69.a(process.o)
 .data          0x00000000000342cc        0x0 build/cooja/mtype69.a(timer.o)
 .data          0x00000000000342cc        0x0 build/cooja/mtype69.a(list.o)
 .data          0x00000000000342cc        0x0 build/cooja/mtype69.a(memb.o)
 .data          0x00000000000342cc       0x10 build/cooja/mtype69.a(button-hal.o)
                0x00000000000342cc                button_hal_process
 .data          0x00000000000342dc       0x10 build/cooja/mtype69.a(serial-line.o)
                0x00000000000342dc                serial_line_process
 .data          0x00000000000342ec        0x4 build/cooja/mtype69.a(gpio-hal.o)
 .data          0x00000000000342f0       0x18 build/cooja/mtype69.a(queuebuf.o)
 .data          0x0000000000034308        0x4 build/cooja/mtype69.a(packetbuf.o)
 .data          0x000000000003430c        0x4 build/cooja/mtype69.a(netstack.o)
 .data          0x0000000000034310        0x0 build/cooja/mtype69.a(linkaddr.o)
 .data          0x0000000000034310        0x0 build/cooja/mtype69.a(csma.o)
 .data          0x0000000000034310       0x28 build/cooja/mtype69.a(csma-output.o)
 .data          0x0000000000034338        0x0 build/cooja/mtype69.a(uip-ds6.o)
 .data          0x0000000000034338        0x0 build/cooja/mtype69.a(uip-udp-packet.)
 .data          0x0000000000034338       0x10 build/cooja/mtype69.a(uip-ds6-route.o)
 .data          0x0000000000034348       0x10 build/cooja/mtype69.a(tcpip.o)
                0x0000000000034348                tcpip_process
 .data          0x0000000000034358        0x0 build/cooja/mtype69.a(uip6.o)
 .data          0x0000000000034358       0x14 build/cooja/mtype69.a(uip-ds6-nbr.o)
 .data          0x000000000003436c        0xc build/cooja/mtype69.a(uip-nd6.o)
 .data          0x0000000000034378        0x0 build/cooja/mtype69.a(sicslowpan.o)
 .data          0x0000000000034378        0x0 build/cooja/mtype69.a(uiplib.o)
 .data          0x0000000000034378        0x0 build/cooja/mtype69.a(rpl.o)
 .data          0x0000000000034378       0x30 build/cooja/mtype69.a(rpl-icmp6.o)
 .data          0x00000000000343a8        0x0 build/cooja/mtype69.a(rpl-dag-root.o)
 .data          0x00000000000343a8        0x0 build/cooja/mtype69.a(watchdog.o)
 .data          0x00000000000343a8        0x0 build/cooja/mtype69.a(int-master.o)
 .data          0x00000000000343a8       0x10 build/cooja/mtype69.a(coap-timer-defa)
                0x00000000000343a8                coap_timer_process
 .data          0x00000000000343b8        0x0 build/cooja/mtype69.a(stimer.o)
 .data          0x00000000000343b8        0x0 build/cooja/mtype69.a(ringbuf.o)
 .data          0x00000000000343b8        0x0 build/cooja/mtype69.a(assert.o)
 .data          0x00000000000343b8       0x10 build/cooja/mtype69.a(nbr-table.o)
 .data          0x00000000000343c8       0x14 build/cooja/mtype69.a(link-stats.o)
 .data          0x00000000000343dc        0x0 build/cooja/mtype69.a(mac-sequence.o)
 .data          0x00000000000343dc        0x0 build/cooja/mtype69.a(mac.o)
 .data          0x00000000000343dc        0x0 build/cooja/mtype69.a(framer-802154.o)
 .data          0x00000000000343dc        0x2 build/cooja/mtype69.a(frame802154.o)
 .data          0x00000000000343de        0x0 build/cooja/mtype69.a(csma-security.o)
 .data          0x00000000000343de        0x0 build/cooja/mtype69.a(uipbuf.o)
 *fill*         0x00000000000343de        0x2 
 .data          0x00000000000343e0       0x20 build/cooja/mtype69.a(uip-icmp6.o)
 .data          0x0000000000034400       0x10 build/cooja/mtype69.a(uip-sr.o)
 .data          0x0000000000034410        0xc build/cooja/mtype69.a(uip-packetqueue)
 .data          0x000000000003441c        0x0 build/cooja/mtype69.a(rpl-nbr-policy.)
 .data          0x000000000003441c       0x14 build/cooja/mtype69.a(rpl-neighbor.o)
                0x000000000003442c                rpl_neighbors
 .data          0x0000000000034430        0x0 build/cooja/mtype69.a(rpl-dag.o)
 .data          0x0000000000034430        0x0 build/cooja/mtype69.a(rpl-timers.o)
 .data          0x0000000000034430        0x0 build/cooja/mtype69.a(rpl-ext-header.)
 *fill*         0x0000000000034430       0x10 
 .data          0x0000000000034440       0x24 build/cooja/mtype69.a(rpl-mrhof.o)
                0x0000000000034440                rpl_mrhof
 .data          0x0000000000034464        0x0 /usr/lib/gcc/i686-linux-gnu/5/libgcc.a(_udivdi3.o)
 .data          0x0000000000034464        0x0 /usr/lib/gcc/i686-linux-gnu/5/crtendS.o
 .data          0x0000000000034464        0x0 /usr/lib/gcc/i686-linux-gnu/5/../../../i386-linux-gnu/crtn.o

.tm_clone_table
                0x0000000000034464        0x0
 .tm_clone_table
                0x0000000000034464        0x0 /usr/lib/gcc/i686-linux-gnu/5/crtbeginS.o
 .tm_clone_table
                0x0000000000034464        0x0 /usr/lib/gcc/i686-linux-gnu/5/crtendS.o

.data1
 *(.data1)
                0x0000000000034464                _edata = .
                [!provide]                        PROVIDE (edata, .)
                0x0000000000034464                . = .
                0x0000000000034464                __bss_start = .

.bss            0x0000000000034480    0x13f84
 *(.dynbss)
 .dynbss        0x0000000000034480        0x0 /usr/lib/gcc/i686-linux-gnu/5/../../../i386-linux-gnu/crti.o
 *(.bss .bss.* .gnu.linkonce.b.*)
 .bss           0x0000000000034480        0x0 /usr/lib/gcc/i686-linux-gnu/5/../../../i386-linux-gnu/crti.o
 .bss           0x0000000000034480        0x1 /usr/lib/gcc/i686-linux-gnu/5/crtbeginS.o
 *fill*         0x0000000000034481       0x1f 
 .bss           0x00000000000344a0      0x12c hydromassage_server.o
 *fill*         0x00000000000345cc       0x14 
 .bss           0x00000000000345e0     0x2030 build/cooja/mtype69.o
 .bss           0x0000000000036610        0x1 build/cooja/mtype69.a(simEnvChange.o)
                0x0000000000036610                simDontFallAsleep
 *fill*         0x0000000000036611        0x3 
 .bss           0x0000000000036614        0x4 build/cooja/mtype69.a(cooja_mt.o)
 .bss           0x0000000000036618        0x4 build/cooja/mtype69.a(cooja_mtarch.o)
 .bss           0x000000000003661c        0x0 build/cooja/mtype69.a(rtimer-arch.o)
 .bss           0x000000000003661c        0x0 build/cooja/mtype69.a(beep.o)
 .bss           0x000000000003661c        0x1 build/cooja/mtype69.a(leds-arch.o)
                0x000000000003661c                simLedsValue
 .bss           0x000000000003661d        0x0 build/cooja/mtype69.a(moteid.o)
 .bss           0x000000000003661d        0x1 build/cooja/mtype69.a(pir-sensor.o)
                0x000000000003661d                simPirValue
 *fill*         0x000000000003661e        0x2 
 .bss           0x0000000000036620        0x4 build/cooja/mtype69.a(rs232.o)
 .bss           0x0000000000036624        0x1 build/cooja/mtype69.a(vib-sensor.o)
                0x0000000000036624                simVibValue
 .bss           0x0000000000036625        0x0 build/cooja/mtype69.a(clock.o)
 *fill*         0x0000000000036625       0x1b 
 .bss           0x0000000000036640     0x2020 build/cooja/mtype69.a(cooja-log.o)
 .bss           0x0000000000038660      0xfc0 build/cooja/mtype69.a(cfs-cooja.o)
                0x0000000000038660                simCFSData
                0x0000000000039600                simCFSSize
                0x0000000000039604                simCFSChanged
                0x0000000000039608                simCFSRead
                0x000000000003960c                simCFSWritten
 .bss           0x0000000000039620       0x24 build/cooja/mtype69.a(cooja-radio.o)
                0x0000000000039620                simReceiving
                0x0000000000039624                simInSize
                0x0000000000039628                simLastPacketTimestamp
                0x0000000000039630                simOutSize
 .bss           0x0000000000039644        0xc build/cooja/mtype69.a(eeprom.o)
                0x0000000000039644                simEEPROMChanged
                0x0000000000039648                simEEPROMRead
                0x000000000003964c                simEEPROMWritten
 .bss           0x0000000000039650        0x0 build/cooja/mtype69.a(random.o)
 .bss           0x0000000000039650        0xc build/cooja/mtype69.a(sensors.o)
 .bss           0x000000000003965c        0x0 build/cooja/mtype69.a(leds.o)
 .bss           0x000000000003965c       0x24 build/cooja/mtype69.a(gpio-hal-arch.o)
 .bss           0x0000000000039680        0x0 build/cooja/mtype69.a(buttons.o)
 .bss           0x0000000000039680        0x4 build/cooja/mtype69.a(hydromassage_ac)
 .bss           0x0000000000039684        0x0 build/cooja/mtype69.a(coap-blocking-a)
 *fill*         0x0000000000039684       0x1c 
 .bss           0x00000000000396a0      0x190 build/cooja/mtype69.a(coap-engine.o)
 .bss           0x0000000000039830        0x0 build/cooja/mtype69.a(coap-res-well-k)
 *fill*         0x0000000000039830       0x10 
 .bss           0x0000000000039840      0x120 build/cooja/mtype69.a(coap-observe.o)
 .bss           0x0000000000039960       0x18 build/cooja/mtype69.a(coap-uip.o)
 .bss           0x0000000000039978        0x5 build/cooja/mtype69.a(coap-timer.o)
 *fill*         0x000000000003997d        0x3 
 .bss           0x0000000000039980      0x334 build/cooja/mtype69.a(coap-transactio)
 .bss           0x0000000000039cb4        0x6 build/cooja/mtype69.a(coap.o)
                0x0000000000039cb4                coap_status_code
 .bss           0x0000000000039cba        0x0 build/cooja/mtype69.a(contiki-main.o)
 .bss           0x0000000000039cba        0x0 build/cooja/mtype69.a(autostart.o)
 *fill*         0x0000000000039cba        0x2 
 .bss           0x0000000000039cbc        0x5 build/cooja/mtype69.a(ctimer.o)
 *fill*         0x0000000000039cc1        0x3 
 .bss           0x0000000000039cc4       0x2c build/cooja/mtype69.a(log.o)
                0x0000000000039cc4                curr_log_level_rpl
                0x0000000000039cc8                curr_log_level_tcpip
                0x0000000000039ccc                curr_log_level_ipv6
                0x0000000000039cd0                curr_log_level_6lowpan
                0x0000000000039cd4                curr_log_level_nullnet
                0x0000000000039cd8                curr_log_level_mac
                0x0000000000039cdc                curr_log_level_framer
                0x0000000000039ce0                curr_log_level_6top
                0x0000000000039ce4                curr_log_level_coap
                0x0000000000039ce8                curr_log_level_snmp
                0x0000000000039cec                curr_log_level_lwm2m
 .bss           0x0000000000039cf0        0x0 build/cooja/mtype69.a(energest.o)
 .bss           0x0000000000039cf0        0x8 build/cooja/mtype69.a(etimer.o)
 .bss           0x0000000000039cf8        0x2 build/cooja/mtype69.a(node-id.o)
                0x0000000000039cf8                node_id
 *fill*         0x0000000000039cfa        0x2 
 .bss           0x0000000000039cfc        0x4 build/cooja/mtype69.a(rtimer.o)
 .bss           0x0000000000039d00      0x1a1 build/cooja/mtype69.a(process.o)
                0x0000000000039d00                process_list
                0x0000000000039d04                process_current
 .bss           0x0000000000039ea1        0x0 build/cooja/mtype69.a(timer.o)
 .bss           0x0000000000039ea1        0x0 build/cooja/mtype69.a(list.o)
 .bss           0x0000000000039ea1        0x0 build/cooja/mtype69.a(memb.o)
 *fill*         0x0000000000039ea1        0x3 
 .bss           0x0000000000039ea4       0x10 build/cooja/mtype69.a(button-hal.o)
 *fill*         0x0000000000039eb4        0xc 
 .bss           0x0000000000039ec0      0x140 build/cooja/mtype69.a(serial-line.o)
 .bss           0x000000000003a000        0x4 build/cooja/mtype69.a(gpio-hal.o)
 *fill*         0x000000000003a004       0x1c 
 .bss           0x000000000003a020     0x2c80 build/cooja/mtype69.a(queuebuf.o)
 .bss           0x000000000003cca0       0xa0 build/cooja/mtype69.a(packetbuf.o)
 .bss           0x000000000003cd40        0x4 build/cooja/mtype69.a(netstack.o)
 .bss           0x000000000003cd44        0x0 build/cooja/mtype69.a(linkaddr.o)
 .bss           0x000000000003cd44        0x0 build/cooja/mtype69.a(csma.o)
 *fill*         0x000000000003cd44       0x1c 
 .bss           0x000000000003cd60      0x726 build/cooja/mtype69.a(csma-output.o)
 *fill*         0x000000000003d486        0x2 
 .bss           0x000000000003d488       0x30 build/cooja/mtype69.a(uip-ds6.o)
 .bss           0x000000000003d4b8        0x0 build/cooja/mtype69.a(uip-udp-packet.)
 *fill*         0x000000000003d4b8        0x8 
 .bss           0x000000000003d4c0       0x60 build/cooja/mtype69.a(uip-ds6-route.o)
 .bss           0x000000000003d520       0x10 build/cooja/mtype69.a(tcpip.o)
 .bss           0x000000000003d530        0x8 build/cooja/mtype69.a(uip6.o)
                0x000000000003d530                uip_ext_bitmap
                0x000000000003d532                uip_ext_len
                0x000000000003d534                uip_last_proto
 *fill*         0x000000000003d538        0x8 
 .bss           0x000000000003d540     0x1c20 build/cooja/mtype69.a(uip-ds6-nbr.o)
 .bss           0x000000000003f160       0x10 build/cooja/mtype69.a(uip-nd6.o)
 *fill*         0x000000000003f170       0x10 
 .bss           0x000000000003f180      0x724 build/cooja/mtype69.a(sicslowpan.o)
 .bss           0x000000000003f8a4        0x0 build/cooja/mtype69.a(uiplib.o)
 .bss           0x000000000003f8a4        0x1 build/cooja/mtype69.a(rpl.o)
 .bss           0x000000000003f8a5        0x0 build/cooja/mtype69.a(rpl-icmp6.o)
 *fill*         0x000000000003f8a5        0x3 
 .bss           0x000000000003f8a8       0x11 build/cooja/mtype69.a(rpl-dag-root.o)
 .bss           0x000000000003f8b9        0x0 build/cooja/mtype69.a(watchdog.o)
 *fill*         0x000000000003f8b9        0x3 
 .bss           0x000000000003f8bc        0x4 build/cooja/mtype69.a(int-master.o)
 .bss           0x000000000003f8c0       0x1c build/cooja/mtype69.a(coap-timer-defa)