Archive member included to satisfy reference by file (symbol)

build/cooja/mtype430.a(simEnvChange.o)
                              build/cooja/mtype430.o (simDontFallAsleep)
build/cooja/mtype430.a(cooja_mt.o)
                              build/cooja/mtype430.o (cooja_mt_start)
build/cooja/mtype430.a(cooja_mtarch.o)
                              build/cooja/mtype430.a(cooja_mt.o) (cooja_mtarch_start)
build/cooja/mtype430.a(rtimer-arch.o)
                              build/cooja/mtype430.o (rtimer_arch_check)
build/cooja/mtype430.a(beep.o)
                              build/cooja/mtype430.o (beep_interface)
build/cooja/mtype430.a(leds-arch.o)
                              build/cooja/mtype430.o (leds_interface)
build/cooja/mtype430.a(moteid.o)
                              build/cooja/mtype430.o (moteid_interface)
build/cooja/mtype430.a(pir-sensor.o)
                              build/cooja/mtype430.o (pir_interface)
build/cooja/mtype430.a(rs232.o)
                              build/cooja/mtype430.o (rs232_interface)
build/cooja/mtype430.a(vib-sensor.o)
                              build/cooja/mtype430.o (vib_interface)
build/cooja/mtype430.a(clock.o)
                              build/cooja/mtype430.o (clock_interface)
build/cooja/mtype430.a(cooja-log.o)
                              build/cooja/mtype430.o (simlog_interface)
build/cooja/mtype430.a(cfs-cooja.o)
                              build/cooja/mtype430.o (cfs_interface)
build/cooja/mtype430.a(cooja-radio.o)
                              build/cooja/mtype430.o (radio_interface)
build/cooja/mtype430.a(eeprom.o)
                              build/cooja/mtype430.o (eeprom_interface)
build/cooja/mtype430.a(random.o)
                              build/cooja/mtype430.a(moteid.o) (random_init)
build/cooja/mtype430.a(sensors.o)
                              build/cooja/mtype430.a(pir-sensor.o) (sensors_changed)
build/cooja/mtype430.a(leds.o)
                              hydromassage_server.o (leds_on)
build/cooja/mtype430.a(gpio-hal-arch.o)
                              build/cooja/mtype430.a(leds-arch.o) (gpio_hal_arch_register_pin_callback)
build/cooja/mtype430.a(buttons.o)
                              build/cooja/mtype430.o (button_interface)
build/cooja/mtype430.a(hydromassage_ac)
                              hydromassage_server.o (hydromassage_actuator)
build/cooja/mtype430.a(coap-blocking-a)
                              hydromassage_server.o (coap_blocking_request)
build/cooja/mtype430.a(coap-engine.o)
                              hydromassage_server.o (coap_activate_resource)
build/cooja/mtype430.a(coap-res-well-k)
                              build/cooja/mtype430.a(coap-engine.o) (res_well_known_core)
build/cooja/mtype430.a(coap-observe.o)
                              build/cooja/mtype430.a(coap-engine.o) (coap_remove_observer_by_mid)
build/cooja/mtype430.a(coap-uip.o)
                              build/cooja/mtype430.a(coap-observe.o) (coap_endpoint_copy)
build/cooja/mtype430.a(coap-timer.o)
                              build/cooja/mtype430.a(coap-engine.o) (coap_timer_set)
build/cooja/mtype430.a(coap-transactio)
                              build/cooja/mtype430.a(coap-blocking-a) (coap_send_transaction)
build/cooja/mtype430.a(coap.o)
                              build/cooja/mtype430.a(coap-engine.o) (coap_status_code)
build/cooja/mtype430.a(contiki-main.o)
                              build/cooja/mtype430.o (main)
build/cooja/mtype430.a(autostart.o)
                              build/cooja/mtype430.a(contiki-main.o) (autostart_start)
build/cooja/mtype430.a(ctimer.o)
                              build/cooja/mtype430.a(contiki-main.o) (ctimer_init)
build/cooja/mtype430.a(log.o)
                              build/cooja/mtype430.a(contiki-main.o) (curr_log_level_main)
build/cooja/mtype430.a(energest.o)
                              build/cooja/mtype430.a(contiki-main.o) (energest_init)
build/cooja/mtype430.a(etimer.o)
                              build/cooja/mtype430.a(contiki-main.o) (etimer_process)
build/cooja/mtype430.a(node-id.o)
                              build/cooja/mtype430.a(contiki-main.o) (node_id)
build/cooja/mtype430.a(rtimer.o)
                              build/cooja/mtype430.a(contiki-main.o) (rtimer_init)
build/cooja/mtype430.a(process.o)
                              build/cooja/mtype430.a(coap-blocking-a) (process_current)
build/cooja/mtype430.a(timer.o)
                              build/cooja/mtype430.a(etimer.o) (timer_set)
build/cooja/mtype430.a(list.o)
                              build/cooja/mtype430.a(coap-engine.o) (list_init)
build/cooja/mtype430.a(memb.o)
                              build/cooja/mtype430.a(coap-observe.o) (memb_alloc)
build/cooja/mtype430.a(button-hal.o)
                              build/cooja/mtype430.o (button_hal_init)
build/cooja/mtype430.a(serial-line.o)
                              build/cooja/mtype430.a(rs232.o) (serial_line_input_byte)
[...]
Memory Configuration

Name             Origin             Length             Attributes
*default*        0x0000000000000000 0xffffffffffffffff

Linker script and memory map

LOAD /usr/lib/gcc/i686-linux-gnu/5/../../../i386-linux-gnu/crti.o
LOAD /usr/lib/gcc/i686-linux-gnu/5/crtbeginS.o
LOAD hydromassage_server.o
LOAD build/cooja/mtype430.o
LOAD build/cooja/mtype430.a
LOAD /usr/lib/gcc/i686-linux-gnu/5/libgcc.a
LOAD /usr/lib/gcc/i686-linux-gnu/5/libgcc_s.so
LOAD /usr/lib/gcc/i686-linux-gnu/5/../../../i386-linux-gnu/libc.so
START GROUP
LOAD /lib/i386-linux-gnu/libc.so.6
LOAD /usr/lib/i386-linux-gnu/libc_nonshared.a
LOAD /lib/i386-linux-gnu/ld-linux.so.2
END GROUP
LOAD /usr/lib/gcc/i686-linux-gnu/5/libgcc.a
LOAD /usr/lib/gcc/i686-linux-gnu/5/libgcc_s.so
LOAD /usr/lib/gcc/i686-linux-gnu/5/crtendS.o
LOAD /usr/lib/gcc/i686-linux-gnu/5/../../../i386-linux-gnu/crtn.o
                0x0000000000000114                . = (0x0 + SIZEOF_HEADERS)

.note.gnu.build-id
                0x0000000000000114       0x24
 *(.note.gnu.build-id)
 .note.gnu.build-id
                0x0000000000000114       0x24 /usr/lib/gcc/i686-linux-gnu/5/../../../i386-linux-gnu/crti.o

.hash
 *(.hash)

.gnu.hash       0x0000000000000138     0x1590
 *(.gnu.hash)
 .gnu.hash      0x0000000000000138     0x1590 /usr/lib/gcc/i686-linux-gnu/5/../../../i386-linux-gnu/crti.o

.dynsym         0x00000000000016c8     0x2ec0
 *(.dynsym)
 .dynsym        0x00000000000016c8     0x2ec0 /usr/lib/gcc/i686-linux-gnu/5/../../../i386-linux-gnu/crti.o

.dynstr         0x0000000000004588     0x369c
 *(.dynstr)
 .dynstr        0x0000000000004588     0x369c /usr/lib/gcc/i686-linux-gnu/5/../../../i386-linux-gnu/crti.o

.gnu.version    0x0000000000007c24      0x5d8
 *(.gnu.version)
 .gnu.version   0x0000000000007c24      0x5d8 /usr/lib/gcc/i686-linux-gnu/5/../../../i386-linux-gnu/crti.o

.gnu.version_d  0x00000000000081fc        0x0
 *(.gnu.version_d)
 .gnu.version_d
                0x00000000000081fc        0x0 /usr/lib/gcc/i686-linux-gnu/5/../../../i386-linux-gnu/crti.o

.gnu.version_r  0x00000000000081fc       0x40
 *(.gnu.version_r)
 .gnu.version_r
                0x00000000000081fc       0x40 /usr/lib/gcc/i686-linux-gnu/5/../../../i386-linux-gnu/crti.o

.rel.dyn        0x000000000000823c     0x9198
 *(.rel.init)
 .rel.init      0x000000000000823c        0x0 /usr/lib/gcc/i686-linux-gnu/5/../../../i386-linux-gnu/crti.o
 *(.rel.text .rel.text.* .rel.gnu.linkonce.t.*)
 .rel.text      0x000000000000823c     0x87e8 /usr/lib/gcc/i686-linux-gnu/5/../../../i386-linux-gnu/crti.o
 *(.rel.fini)
 .rel.fini      0x0000000000010a24        0x0 /usr/lib/gcc/i686-linux-gnu/5/../../../i386-linux-gnu/crti.o
 *(.rel.rodata .rel.rodata.* .rel.gnu.linkonce.r.*)
 .rel.rodata    0x0000000000010a24      0x588 /usr/lib/gcc/i686-linux-gnu/5/../../../i386-linux-gnu/crti.o
 *(.rel.data.rel.ro .rel.data.rel.ro.* .rel.gnu.linkonce.d.rel.ro.*)
 *(.rel.data .rel.data.* .rel.gnu.linkonce.d.*)
 .rel.data.rel.local
                0x0000000000010fac        0x8 /usr/lib/gcc/i686-linux-gnu/5/../../../i386-linux-gnu/crti.o
 .rel.data      0x0000000000010fb4      0x3e8 /usr/lib/gcc/i686-linux-gnu/5/../../../i386-linux-gnu/crti.o
 *(.rel.tdata .rel.tdata.* .rel.gnu.linkonce.td.*)
 *(.rel.tbss .rel.tbss.* .rel.gnu.linkonce.tb.*)
 *(.rel.ctors)
 *(.rel.dtors)
 *(.rel.got)
 .rel.got       0x000000000001139c       0x28 /usr/lib/gcc/i686-linux-gnu/5/../../../i386-linux-gnu/crti.o
 *(.rel.bss .rel.bss.* .rel.gnu.linkonce.b.*)
 *(.rel.ifunc)
 .rel.ifunc     0x00000000000113c4        0x0 /usr/lib/gcc/i686-linux-gnu/5/../../../i386-linux-gnu/crti.o
 .rel.fini_array
                0x00000000000113c4        0x8 /usr/lib/gcc/i686-linux-gnu/5/../../../i386-linux-gnu/crti.o
 .rel.init_array
                0x00000000000113cc        0x8 /usr/lib/gcc/i686-linux-gnu/5/../../../i386-linux-gnu/crti.o

.rel.plt        0x00000000000113d4        0x0
 *(.rel.plt)
 .rel.plt       0x00000000000113d4        0x0 /usr/lib/gcc/i686-linux-gnu/5/../../../i386-linux-gnu/crti.o
 *(.rel.iplt)

.init           0x00000000000113d4       0x23
 *(SORT(.init))
 .init          0x00000000000113d4       0x1e /usr/lib/gcc/i686-linux-gnu/5/../../../i386-linux-gnu/crti.o
                0x00000000000113d4                _init
 .init          0x00000000000113f2        0x5 /usr/lib/gcc/i686-linux-gnu/5/../../../i386-linux-gnu/crtn.o

.plt            0x0000000000011400       0x10
 *(.plt)
 .plt           0x0000000000011400       0x10 /usr/lib/gcc/i686-linux-gnu/5/../../../i386-linux-gnu/crti.o
 *(.iplt)

.plt.got        0x0000000000011410       0x10
 *(.plt.got)
 .plt.got       0x0000000000011410       0x10 /usr/lib/gcc/i686-linux-gnu/5/../../../i386-linux-gnu/crti.o

.text           0x0000000000011420    0x18622
 *(.text.unlikely .text.*_unlikely .text.unlikely.*)
 .text.unlikely
                0x0000000000011420        0x0 /usr/lib/gcc/i686-linux-gnu/5/crtbeginS.o
 .text.unlikely
                0x0000000000011420        0x0 /usr/lib/gcc/i686-linux-gnu/5/libgcc.a(_udivdi3.o)
 *(.text.exit .text.exit.*)
 *(.text.startup .text.startup.*)
 *(.text.hot .text.hot.*)
 *(.text .stub .text.* .gnu.linkonce.t.*)
 .text          0x0000000000011420        0x0 /usr/lib/gcc/i686-linux-gnu/5/../../../i386-linux-gnu/crti.o
 .gnu.linkonce.t.__x86.get_pc_thunk.bx
                0x0000000000011420        0x4 /usr/lib/gcc/i686-linux-gnu/5/../../../i386-linux-gnu/crti.o
                0x0000000000011420                __x86.get_pc_thunk.bx
 *fill*         0x0000000000011424        0xc 
 .text          0x0000000000011430      0x11c /usr/lib/gcc/i686-linux-gnu/5/crtbeginS.o
 .text.__x86.get_pc_thunk.dx
                0x000000000001154c        0x4 /usr/lib/gcc/i686-linux-gnu/5/crtbeginS.o
                0x000000000001154c                __x86.get_pc_thunk.dx
 .text          0x0000000000011550      0x40d hydromassage_server.o
                0x00000000000115de                client_chunk_handler
 .text          0x000000000001195d      0x283 build/cooja/mtype430.o
                0x00000000000119ef                platform_init_stage_one
                0x0000000000011a02                platform_init_stage_two
                0x0000000000011a15                platform_init_stage_three
                0x0000000000011a28                platform_main_loop
                0x0000000000011a9b                Java_org_contikios_cooja_corecomm_Lib38_init
                0x0000000000011ad2                Java_org_contikios_cooja_corecomm_Lib38_getMemory
                0x0000000000011b05                Java_org_contikios_cooja_corecomm_Lib38_setMemory
                0x0000000000011b65                Java_org_contikios_cooja_corecomm_Lib38_tick
                0x0000000000011bcd                Java_org_contikios_cooja_corecomm_Lib38_setReferenceAddress
 .text          0x0000000000011be0       0x65 build/cooja/mtype430.a(simEnvChange.o)
                0x0000000000011be0                doActionsBeforeTick
                0x0000000000011c12                doActionsAfterTick
 .text          0x0000000000011c45       0x83 build/cooja/mtype430.a(cooja_mt.o)
                0x0000000000011c45                cooja_mt_start
                0x0000000000011c6f                cooja_mt_exec
                0x0000000000011ca5                cooja_mt_yield
 .text          0x0000000000011cc8       0xbe build/cooja/mtype430.a(cooja_mtarch.o)
                0x0000000000011cc8                cooja_mtarch_start
                0x0000000000011d3b                cooja_sw
                0x0000000000011d5e                cooja_mtarch_exec
                0x0000000000011d7b                cooja_mtarch_yield
 .text          0x0000000000011d86       0xc5 build/cooja/mtype430.a(rtimer-arch.o)
                0x0000000000011d86                rtimer_arch_init
                0x0000000000011daa                rtimer_arch_schedule
                0x0000000000011dda                rtimer_arch_next
                0x0000000000011dea                rtimer_arch_pending
                0x0000000000011df4                rtimer_arch_check
                0x0000000000011e3b                rtimer_arch_now
 .text          0x0000000000011e4b       0x81 build/cooja/mtype430.a(beep.o)
                0x0000000000011e4b                beep_alarm
                0x0000000000011e58                beep_beep
                0x0000000000011e65                beep
                0x0000000000011e72                beep_down
                0x0000000000011e7f                beep_on
                0x0000000000011e8c                beep_off
                0x0000000000011e99                beep_spinup
                0x0000000000011ea6                beep_quick
                0x0000000000011eb3                beep_long
 .text          0x0000000000011ecc       0x65 build/cooja/mtype430.a(leds-arch.o)
                0x0000000000011edf                leds_arch_init
 .text          0x0000000000011f31       0x35 build/cooja/mtype430.a(moteid.o)
 .text          0x0000000000011f66       0xb7 build/cooja/mtype430.a(pir-sensor.o)
 .text          0x000000000001201d      0x148 build/cooja/mtype430.a(rs232.o)
                0x000000000001201d                rs232_init
                0x0000000000012023                rs232_set_speed
                0x0000000000012032                rs232_set_input
                0x0000000000012040                rs232_send
                0x0000000000012064                rs232_print
                0x0000000000012080                slip_arch_writeb
 .text          0x0000000000012165       0xb7 build/cooja/mtype430.a(vib-sensor.o)
 .text          0x000000000001221c       0x38 build/cooja/mtype430.a(clock.o)
                0x000000000001221c                clock_init
                0x0000000000012222                clock_time
                0x000000000001222c                clock_seconds
                0x0000000000012242                clock_delay
 .text          0x0000000000012254      0x219 build/cooja/mtype430.a(cooja-log.o)
                0x0000000000012254                simlog_char
                0x0000000000012297                simlog
                0x000000000001230d                log_message
                0x000000000001233e                log_set_putchar_with_slip
                0x000000000001234c                log_putchar
                0x00000000000123c7                log_puts
                0x00000000000123ef                log_printf
 .text          0x000000000001246d      0x2b9 build/cooja/mtype430.a(cfs-cooja.o)
                0x000000000001246d                cfs_open
                0x00000000000124d6                cfs_close
                0x00000000000124e3                cfs_read
                0x0000000000012578                cfs_write
                0x0000000000012654                cfs_seek
                0x00000000000126dc                cfs_remove
                0x0000000000012700                cfs_opendir
                0x000000000001270a                cfs_readdir
                0x0000000000012714                cfs_closedir
 .text          0x0000000000012726      0x620 build/cooja/mtype430.a(cooja-radio.o)
                0x0000000000012768                radio_set_channel
                0x0000000000012776                radio_set_txpower
                0x000000000001278e                radio_signal_strength_last
                0x0000000000012798                radio_signal_strength_current
                0x00000000000127a2                radio_LQI
 .text          0x0000000000012d46       0xee build/cooja/mtype430.a(eeprom.o)
                0x0000000000012d46                eeprom_init
                0x0000000000012d4c                eeprom_read
                0x0000000000012dba                eeprom_write
 .text          0x0000000000012e34       0x2d build/cooja/mtype430.a(random.o)
                0x0000000000012e34                random_init
                0x0000000000012e54                random_rand
 .text          0x0000000000012e61      0x29c build/cooja/mtype430.a(sensors.o)
                0x0000000000012e9c                sensors_first
                0x0000000000012ea6                sensors_next
                0x0000000000012ec0                sensors_changed
                0x0000000000012ef4                sensors_find
 .text          0x00000000000130fd      0x349 build/cooja/mtype430.a(leds.o)
                0x00000000000130fd                leds_init
                0x0000000000013144                leds_single_on
                0x00000000000131a3                leds_single_off
                0x0000000000013202                leds_single_toggle
                0x0000000000013234                leds_on
                0x00000000000132b6                leds_off
                0x0000000000013338                leds_toggle
                0x000000000001338d                leds_set
                0x00000000000133b9                leds_get
 .text          0x0000000000013446      0x343 build/cooja/mtype430.a(gpio-hal-arch.o)
                0x0000000000013446                gpio_hal_arch_register_pin_callback
                0x00000000000134b2                gpio_hal_arch_init
                0x00000000000134f7                gpio_hal_arch_no_port_interrupt_enable
                0x0000000000013527                gpio_hal_arch_no_port_interrupt_disable
                0x0000000000013557                gpio_hal_arch_no_port_pin_cfg_set
                0x000000000001357c                gpio_hal_arch_no_port_pin_cfg_get
                0x00000000000135a2                gpio_hal_arch_no_port_pin_set_input
                0x00000000000135b4                gpio_hal_arch_no_port_pin_set_output
                0x00000000000135c6                gpio_hal_arch_no_port_set_pin
                0x00000000000135e7                gpio_hal_arch_no_port_clear_pin
                0x0000000000013608                gpio_hal_arch_no_port_read_pin
                0x000000000001362e                gpio_hal_arch_no_port_write_pin
                0x0000000000013658                gpio_hal_arch_no_port_set_pins
                0x000000000001369f                gpio_hal_arch_no_port_clear_pins
                0x00000000000136e6                gpio_hal_arch_no_port_read_pins
                0x0000000000013729                gpio_hal_arch_no_port_write_pins
 .text          0x0000000000013789       0x89 build/cooja/mtype430.a(buttons.o)
 .text          0x0000000000013812      0x162 build/cooja/mtype430.a(hydromassage_ac)
 .text          0x0000000000013974      0x27b build/cooja/mtype430.a(coap-blocking-a)
                0x0000000000013974                coap_blocking_request_callback
                0x000000000001399e                coap_blocking_request
 .text          0x0000000000013bef      0xbea build/cooja/mtype430.a(coap-engine.o)
                0x0000000000013c84                coap_add_handler
                0x0000000000013ca1                coap_remove_handler
                0x0000000000013cbe                coap_call_handlers
                0x0000000000013dc6                coap_receive
                0x00000000000143c1                coap_engine_init
                0x000000000001441f                coap_activate_resource
                0x00000000000144ca                coap_get_first_resource
                0x00000000000144e3                coap_get_next_resource
 .text          0x00000000000147d9      0x2d9 build/cooja/mtype430.a(coap-res-well-k)
 .text          0x0000000000014ab2      0x96a build/cooja/mtype430.a(coap-observe.o)
                0x0000000000014bc7                coap_remove_observer
                0x0000000000014bf7                coap_remove_observer_by_client
                0x0000000000014c5f                coap_remove_observer_by_token
                0x0000000000014cf2                coap_remove_observer_by_uri
                0x0000000000014d99                coap_remove_observer_by_mid
                0x0000000000014e15                coap_notify_observers
                0x0000000000014e2e                coap_notify_observers_sub
                0x0000000000015298                coap_observe_handler
                0x00000000000153b3                coap_has_observers
 .text          0x000000000001541c      0x733 build/cooja/mtype430.a(coap-uip.o)
                0x000000000001541c                coap_endpoint_log
                0x00000000000154a2                coap_endpoint_print
                0x0000000000015528                coap_endpoint_snprint
                0x000000000001565b                coap_endpoint_copy
                0x0000000000015698                coap_endpoint_cmp
                0x00000000000157a6                coap_endpoint_parse
                0x0000000000015991                coap_endpoint_is_secure
                0x00000000000159a0                coap_endpoint_is_connected
                0x00000000000159d4                coap_endpoint_connect
                0x00000000000159f0                coap_endpoint_disconnect
                0x00000000000159f6                coap_databuf
                0x0000000000015a00                coap_transport_init
                0x0000000000015a50                coap_sendto
 .text          0x0000000000015b4f      0x324 build/cooja/mtype430.a(coap-timer.o)
                0x0000000000015c4c                coap_timer_stop
                0x0000000000015c77                coap_timer_set
                0x0000000000015cba                coap_timer_reset
                0x0000000000015cfd                coap_timer_time_to_next_expiration
                0x0000000000015d69                coap_timer_run
                0x0000000000015e35                coap_timer_init
 .text          0x0000000000015e73      0x2c6 build/cooja/mtype430.a(coap-transactio)
                0x0000000000015ed9                coap_new_transaction
                0x0000000000015f3f                coap_send_transaction
                0x00000000000160a0                coap_clear_transaction
                0x00000000000160e8                coap_get_transaction_by_mid
 .text          0x0000000000016139     0x1c53 build/cooja/mtype430.a(coap.o)
                0x00000000000166a6                coap_init_connection
                0x00000000000166ba                coap_get_mid
                0x00000000000166d6                coap_init_message
                0x000000000001671f                coap_serialize_message
                0x0000000000016da1                coap_parse_message
                0x0000000000017408                coap_get_query_variable
                0x000000000001744a                coap_get_post_variable
                0x000000000001748e                coap_set_status_code
                0x00000000000174b3                coap_set_token
                0x00000000000174fa                coap_get_header_content_format
                0x000000000001752b                coap_set_header_content_format
                0x000000000001754e                coap_get_header_accept
                0x000000000001757f                coap_set_header_accept
                0x00000000000175a2                coap_get_header_max_age
                0x00000000000175d3                coap_set_header_max_age
                0x00000000000175f3                coap_get_header_etag
                0x0000000000017625                coap_set_header_etag
                0x000000000001767c                coap_get_header_if_match
                0x00000000000176ae                coap_set_header_if_match
                0x0000000000017705                coap_get_header_if_none_match
                0x000000000001771f                coap_set_header_if_none_match
                0x0000000000017736                coap_get_header_proxy_uri
                0x0000000000017764                coap_set_header_proxy_uri
                0x00000000000177a1                coap_get_header_uri_host
                0x00000000000177cf                coap_set_header_uri_host
                0x000000000001780c                coap_get_header_uri_path
                0x000000000001783a                coap_set_header_uri_path
                0x0000000000017887                coap_get_header_uri_query
                0x00000000000178bb                coap_set_header_uri_query
                0x0000000000017911                coap_get_header_location_path
                0x000000000001793f                coap_set_header_location_path
                0x00000000000179d8                coap_get_header_location_query
                0x0000000000017a06                coap_set_header_location_query
                0x0000000000017a53                coap_get_header_observe
                0x0000000000017a82                coap_set_header_observe
                0x0000000000017aa2                coap_get_header_block2
                0x0000000000017b0e                coap_set_header_block2
                0x0000000000017b85                coap_get_header_block1
                0x0000000000017bfa                coap_set_header_block1
                0x0000000000017c75                coap_get_header_size2
                0x0000000000017ca5                coap_set_header_size2
                0x0000000000017cc8                coap_get_header_size1
                0x0000000000017cf8                coap_set_header_size1
                0x0000000000017d1b                coap_get_payload
                0x0000000000017d55                coap_set_payload
 .text          0x0000000000017d8c      0x332 build/cooja/mtype430.a(contiki-main.o)
                0x0000000000017d8c                main
 .text          0x00000000000180be       0x92 build/cooja/mtype430.a(autostart.o)
                0x00000000000180be                autostart_start
                0x0000000000018108                autostart_exit
 .text          0x0000000000018150      0x355 build/cooja/mtype430.a(ctimer.o)
                0x0000000000018278                ctimer_init
                0x00000000000182ab                ctimer_set
                0x00000000000182d1                ctimer_set_with_process
                0x000000000001834e                ctimer_reset
                0x00000000000183a2                ctimer_restart
                0x00000000000183f6                ctimer_stop
                0x0000000000018446                ctimer_expired
 .text          0x00000000000184a5      0x394 build/cooja/mtype430.a(log.o)
                0x00000000000184a5                log_6addr
                0x00000000000184f8                log_6addr_compact_snprint
                0x0000000000018596                log_6addr_compact
                0x00000000000185e9                log_lladdr
                0x000000000001865b                log_lladdr_compact
                0x00000000000186c3                log_set_level
                0x000000000001877e                log_get_level
                0x00000000000187f7                log_level_to_str
 .text          0x0000000000018839       0x1b build/cooja/mtype430.a(energest.o)
                0x0000000000018839                energest_init
                0x000000000001883f                energest_flush
                0x0000000000018845                energest_get_total_time
 .text          0x0000000000018854      0x43f build/cooja/mtype430.a(etimer.o)
                0x0000000000018a78                etimer_request_poll
                0x0000000000018b01                etimer_set
                0x0000000000018b2a                etimer_reset_with_new_interval
                0x0000000000018b59                etimer_reset
                0x0000000000018b7f                etimer_restart
                0x0000000000018ba5                etimer_adjust
                0x0000000000018bc2                etimer_expired
                0x0000000000018bd5                etimer_expiration_time
                0x0000000000018be7                etimer_start_time
                0x0000000000018bf1                etimer_pending
                0x0000000000018c03                etimer_next_expiration_time
                0x0000000000018c1d                etimer_stop
 .text          0x0000000000018c93       0x25 build/cooja/mtype430.a(node-id.o)
                0x0000000000018c93                node_id_init
 .text          0x0000000000018cb8       0xeb build/cooja/mtype430.a(rtimer.o)
                0x0000000000018cb8                rtimer_init
                0x0000000000018cc6                rtimer_set
                0x0000000000018d41                rtimer_run_next
 .text          0x0000000000018da3      0x4fb build/cooja/mtype430.a(process.o)
                0x0000000000018da3                process_alloc_event
                0x0000000000018db8                process_start
                0x0000000000018f92                process_exit
                0x0000000000018faf                process_init
                0x0000000000019144                process_run
                0x0000000000019177                process_nevents
                0x0000000000019192                process_post
                0x0000000000019225                process_post_synch
                0x000000000001925a                process_poll
                0x000000000001928a                process_is_running
 .text          0x000000000001929e       0xb1 build/cooja/mtype430.a(timer.o)
                0x000000000001929e                timer_set
                0x00000000000192bc                timer_reset
                0x00000000000192e9                timer_restart
                0x00000000000192fe                timer_expired
                0x000000000001932b                timer_remaining
 .text          0x000000000001934f      0x28f build/cooja/mtype430.a(list.o)
                0x000000000001934f                list_init
                0x000000000001935e                list_head
                0x0000000000019368                list_copy
                0x0000000000019378                list_tail
                0x00000000000193ae                list_add
                0x00000000000193fa                list_push
                0x0000000000019426                list_chop
                0x0000000000019490                list_pop
                0x00000000000194b8                list_remove
                0x0000000000019520                list_length
                0x000000000001954e                list_insert
                0x0000000000019593                list_item_next
                0x00000000000195aa                list_contains
 .text          0x00000000000195de      0x1b5 build/cooja/mtype430.a(memb.o)
                0x00000000000195de                memb_init
                0x0000000000019633                memb_alloc
                0x0000000000019696                memb_free
                0x000000000001970d                memb_inmemb
                0x000000000001974c                memb_numfree
 .text          0x0000000000019793      0x41c build/cooja/mtype430.a(button-hal.o)
                0x000000000001990c                button_hal_get_by_id
                0x000000000001994a                button_hal_get_by_index
                0x0000000000019976                button_hal_get_state
                0x00000000000199c8                button_hal_init
 .text          0x0000000000019baf      0x1f3 build/cooja/mtype430.a(serial-line.o)
                0x0000000000019baf                serial_line_input_byte
                0x0000000000019d6d                serial_line_init
 .text          0x0000000000019da2      0x168 build/cooja/mtype430.a(gpio-hal.o)
                0x0000000000019da2                gpio_hal_register_handler
                0x0000000000019dbf                gpio_hal_event_handler
                0x0000000000019e1b                gpio_hal_init
                0x0000000000019e3a                gpio_hal_arch_port_toggle_pin
                0x0000000000019e76                gpio_hal_arch_port_toggle_pins
                0x0000000000019ea4                gpio_hal_arch_no_port_toggle_pin
                0x0000000000019ee2                gpio_hal_arch_no_port_toggle_pins
 .text          0x0000000000019f0a      0x2e7 build/cooja/mtype430.a(queuebuf.o)
                0x0000000000019f14                queuebuf_init
                0x0000000000019f3d                queuebuf_numfree
                0x0000000000019f55                queuebuf_new_from_packetbuf
                0x0000000000019ff4                queuebuf_update_attr_from_packetbuf
                0x000000000001a029                queuebuf_update_from_packetbuf
                0x000000000001a079                queuebuf_free
                0x000000000001a0c2                queuebuf_to_packetbuf
                0x000000000001a12e                queuebuf_dataptr
                0x000000000001a168                queuebuf_datalen
                0x000000000001a18b                queuebuf_addr
                0x000000000001a1c0                queuebuf_attr
                0x000000000001a1eb                queuebuf_debug_print
 .text          0x000000000001a1f1      0x407 build/cooja/mtype430.a(packetbuf.o)
                0x000000000001a1f1                packetbuf_clear
                0x000000000001a21c                packetbuf_copyfrom
                0x000000000001a26b                packetbuf_copyto
                0x000000000001a2fe                packetbuf_hdralloc
                0x000000000001a37a                packetbuf_hdrreduce
                0x000000000001a3c0                packetbuf_set_datalen
                0x000000000001a3da                packetbuf_dataptr
                0x000000000001a3f7                packetbuf_hdrptr
                0x000000000001a401                packetbuf_datalen
                0x000000000001a40d                packetbuf_hdrlen
                0x000000000001a424                packetbuf_totlen
                0x000000000001a43a                packetbuf_remaininglen
                0x000000000001a44d                packetbuf_attr_clear
                0x000000000001a499                packetbuf_attr_copyto
                0x000000000001a4f1                packetbuf_attr_copyfrom
                0x000000000001a549                packetbuf_set_attr
                0x000000000001a573                packetbuf_attr
                0x000000000001a58d                packetbuf_set_addr
                0x000000000001a5be                packetbuf_addr
                0x000000000001a5db                packetbuf_holds_broadcast
 .text          0x000000000001a5f8       0xef build/cooja/mtype430.a(netstack.o)
                0x000000000001a5f8                netstack_process_ip_callback
                0x000000000001a689                netstack_ip_packet_processor_add
                0x000000000001a6ac                uip_ds6_ip_packet_processor_rm
                0x000000000001a6c9                netstack_init
 .text          0x000000000001a6e7       0x4f build/cooja/mtype430.a(linkaddr.o)
                0x000000000001a6e7                linkaddr_copy
                0x000000000001a6fd                linkaddr_cmp
                0x000000000001a720                linkaddr_set_node_addr
 .text          0x000000000001a736      0x1f6 build/cooja/mtype430.a(csma.o)
 .text          0x000000000001a92c      0x95d build/cooja/mtype430.a(csma-output.o)
                0x000000000001afc3                csma_output_packet
                0x000000000001b250                csma_output_init
 .text          0x000000000001b289      0xc11 build/cooja/mtype430.a(uip-ds6.o)
                0x000000000001b289                uip_ds6_default_prefix
                0x000000000001b293                uip_ds6_set_default_prefix
                0x000000000001b2be                uip_ds6_init
                0x000000000001b520                uip_ds6_periodic
                0x000000000001b5a7                uip_ds6_list_loop
                0x000000000001b667                uip_ds6_prefix_add
                0x000000000001b713                uip_ds6_prefix_rm
                0x000000000001b726                uip_ds6_prefix_lookup
                0x000000000001b765                uip_ds6_is_addr_onlink
                0x000000000001b7d8                uip_ds6_addr_add
                0x000000000001b8f8                uip_ds6_addr_rm
                0x000000000001b9a1                uip_ds6_addr_lookup
                0x000000000001b9da                uip_ds6_get_link_local
                0x000000000001ba5b                uip_ds6_get_global
                0x000000000001badc                uip_ds6_maddr_add
                0x000000000001bb3c                uip_ds6_maddr_rm
                0x000000000001bb4f                uip_ds6_maddr_lookup
                0x000000000001bb88                uip_ds6_aaddr_add
                0x000000000001bbe8                uip_ds6_aaddr_rm
                0x000000000001bbfb                uip_ds6_aaddr_lookup
                0x000000000001bc34                uip_ds6_select_src
                0x000000000001bd7d                uip_ds6_set_addr_iid
                0x000000000001bda8                uip_ds6_set_lladdr_from_iid
                0x000000000001bdd1                get_match_length
                0x000000000001be62                uip_ds6_compute_reachable_time
 .text          0x000000000001be9a      0x128 build/cooja/mtype430.a(uip-udp-packet.)
                0x000000000001be9a                uip_udp_packet_send
                0x000000000001bef5                uip_udp_packet_sendto
 .text          0x000000000001bfc2      0x35b build/cooja/mtype430.a(uip-ds6-route.o)
                0x000000000001c013                uip_ds6_route_init
                0x000000000001c03d                uip_ds6_route_nexthop
                0x000000000001c047                uip_ds6_route_head
                0x000000000001c051                uip_ds6_route_next
                0x000000000001c05b                uip_ds6_route_is_nexthop
                0x000000000001c065                uip_ds6_route_num_routes
                0x000000000001c06f                uip_ds6_route_lookup
                0x000000000001c079                uip_ds6_route_add
                0x000000000001c08c                uip_ds6_route_rm
                0x000000000001c092                uip_ds6_route_rm_by_nexthop
                0x000000000001c098                uip_ds6_defrt_head
                0x000000000001c0b1                uip_ds6_defrt_add
                0x000000000001c15f                uip_ds6_defrt_rm
                0x000000000001c1c5                uip_ds6_defrt_lookup
                0x000000000001c22c                uip_ds6_defrt_choose
                0x000000000001c2a2                uip_ds6_defrt_periodic
 .text          0x000000000001c31d      0x6f7 build/cooja/mtype430.a(tcpip.o)
                0x000000000001c337                tcpip_output
                0x000000000001c3b6                udp_attach
                0x000000000001c3ce                udp_new
                0x000000000001c418                udp_broadcast_new
                0x000000000001c58a                tcpip_input
                0x000000000001c71a                tcpip_ipv6_output
                0x000000000001c90e                tcpip_poll_udp
                0x000000000001c92c                tcpip_uipcall
 .text          0x000000000001ca14     0x1205 build/cooja/mtype430.a(uip6.o)
                0x000000000001cac3                uip_chksum
                0x000000000001cb9a                uip_icmp6chksum
                0x000000000001cbaf                uip_udpchksum
                0x000000000001cbc4                uip_init
                0x000000000001cc0d                uip_remove_ext_hdr
                0x000000000001cce7                uip_udp_new
                0x000000000001cffb                uip_process
                0x000000000001daf3                uip_htons
                0x000000000001db15                uip_htonl
                0x000000000001db53                uip_send
 .text          0x000000000001dc19      0x369 build/cooja/mtype430.a(uip-ds6-nbr.o)
                0x000000000001dc19                uip_ds6_neighbors_init
                0x000000000001dc3d                uip_ds6_nbr_add
                0x000000000001dcc3                uip_ds6_nbr_rm
                0x000000000001dd0e                uip_ds6_nbr_update_ll
                0x000000000001ddfc                uip_ds6_nbr_get_ipaddr
                0x000000000001de11                uip_ds6_nbr_get_ll
                0x000000000001de2d                uip_ds6_nbr_num
                0x000000000001de76                uip_ds6_nbr_head
                0x000000000001de8f                uip_ds6_nbr_next
                0x000000000001deab                uip_ds6_nbr_lookup
                0x000000000001df03                uip_ds6_nbr_ll_lookup
                0x000000000001df1f                uip_ds6_nbr_ipaddr_from_lladdr
                0x000000000001df48                uip_ds6_nbr_lladdr_from_ipaddr
                0x000000000001df7c                uip_ds6_link_callback
 .text          0x000000000001df82      0x6a7 build/cooja/mtype430.a(uip-nd6.o)
                0x000000000001e610                uip_nd6_init
 .text          0x000000000001e629     0x2c17 build/cooja/mtype430.a(sicslowpan.o)
                0x000000000001ec30                netstack_sniffer_add
                0x000000000001ec3e                netstack_sniffer_remove
                0x0000000000021214                sicslowpan_init
                0x0000000000021236                sicslowpan_get_last_rssi
 .text          0x0000000000021240      0x4d1 build/cooja/mtype430.a(uiplib.o)
                0x0000000000021240                uiplib_ip6addrconv
                0x00000000000213f8                uiplib_ip4addrconv
                0x00000000000214bb                uiplib_ipaddr_print
                0x000000000002150e                uiplib_ipaddr_snprint
 .text          0x0000000000021711      0x4c9 build/cooja/mtype430.a(rpl.o)
                0x0000000000021711                rpl_lollipop_greater_than
                0x000000000002176b                rpl_get_global_address
                0x0000000000021863                rpl_link_callback
                0x00000000000218a7                rpl_has_joined
                0x00000000000218cc                rpl_is_reachable
                0x000000000002194d                rpl_reset_prefix
                0x00000000000219b7                rpl_set_prefix_from_addr
                0x0000000000021a9c                rpl_set_prefix
                0x0000000000021bb6                rpl_set_leaf_only
                0x0000000000021bce                rpl_get_leaf_only
 .text          0x0000000000021bda     0x138c build/cooja/mtype430.a(rpl-icmp6.o)
                0x0000000000021cff                rpl_icmp6_update_nbr_table
                0x0000000000021d88                rpl_icmp6_dis_output
                0x00000000000223ce                rpl_icmp6_dio_output
                0x0000000000022bcc                rpl_icmp6_dao_output
                0x0000000000022ead                rpl_icmp6_dao_ack_output
                0x0000000000022f1d                rpl_icmp6_init
 .text          0x0000000000022f66      0x264 build/cooja/mtype430.a(rpl-dag-root.o)
                0x0000000000022f66                rpl_dag_root_print_links
                0x0000000000023092                rpl_dag_root_set_prefix
                0x00000000000230be                rpl_dag_root_start
                0x000000000002319b                rpl_dag_root_is_root
 .text          0x00000000000231ca       0x30 build/cooja/mtype430.a(watchdog.o)
                0x00000000000231ca                watchdog_init
                0x00000000000231d0                watchdog_start
                0x00000000000231d6                watchdog_periodic
                0x00000000000231ee                watchdog_stop
                0x00000000000231f4                watchdog_reboot
 .text          0x00000000000231fa       0x4a build/cooja/mtype430.a(int-master.o)
                0x00000000000231fa                int_master_enable
                0x000000000002320a                int_master_read_and_disable
                0x0000000000023227                int_master_status_set
                0x0000000000023235                int_master_is_enabled
 .text          0x0000000000023244      0x226 build/cooja/mtype430.a(coap-timer-defa)
 .text          0x000000000002346a       0xc7 build/cooja/mtype430.a(stimer.o)
                0x000000000002346a                stimer_set
                0x0000000000023488                stimer_reset
                0x00000000000234b5                stimer_restart
                0x00000000000234ca                stimer_expired
                0x00000000000234f5                stimer_remaining
                0x0000000000023519                stimer_elapsed
 .text          0x0000000000023531      0x156 build/cooja/mtype430.a(ringbuf.o)
                0x0000000000023531                ringbuf_init
                0x0000000000023563                ringbuf_put
                0x00000000000235e1                ringbuf_get
                0x000000000002364e                ringbuf_size
                0x0000000000023660                ringbuf_elements
 .text          0x0000000000023687       0x1f build/cooja/mtype430.a(assert.o)
                0x0000000000023687                _xassert
 .text          0x00000000000236a6      0x79b build/cooja/mtype430.a(nbr-table.o)
                0x0000000000023b1f                nbr_table_register
                0x0000000000023b8c                nbr_table_is_registered
                0x0000000000023bc7                nbr_table_head
                0x0000000000023c22                nbr_table_next
                0x0000000000023c83                nbr_table_add_lladdr
                0x0000000000023d5d                nbr_table_get_from_lladdr
                0x0000000000023da9                nbr_table_remove
                0x0000000000023de1                nbr_table_lock
                0x0000000000023dfb                nbr_table_unlock
                0x0000000000023e15                nbr_table_get_lladdr
 .text          0x0000000000023e41      0x3a5 build/cooja/mtype430.a(link-stats.o)
                0x0000000000023e41                link_stats_from_lladdr
                0x0000000000023e5d                link_stats_get_lladdr
                0x0000000000023e79                link_stats_is_fresh
                0x0000000000023eb5                guess_etx_from_rssi
                0x0000000000023f31                link_stats_packet_sent
                0x0000000000024051                link_stats_input_callback
                0x0000000000024161                link_stats_reset
                0x00000000000241b1                link_stats_init
 .text          0x00000000000241e6      0x187 build/cooja/mtype430.a(mac-sequence.o)
                0x00000000000241e6                mac_sequence_is_duplicate
                0x0000000000024286                mac_sequence_register_seqno
 .text          0x000000000002436d       0x23 build/cooja/mtype430.a(mac.o)
                0x000000000002436d                mac_call_sent_callback
 .text          0x0000000000024390      0x432 build/cooja/mtype430.a(framer-802154.o)
                0x000000000002451f                framer_802154_setup_params
 .text          0x00000000000247c2      0xb6f build/cooja/mtype430.a(frame802154.o)
                0x00000000000247f3                frame802154_get_pan_id
                0x00000000000247ff                frame802154_set_pan_id
                0x0000000000024819                frame802154_has_panid
                0x00000000000249c8                frame802154_check_dest_panid
                0x0000000000024a50                frame802154_is_broadcast_addr
                0x0000000000024a9d                frame802154_extract_linkaddr
                0x0000000000024d02                frame802154_hdrlen
                0x0000000000024d75                frame802154_create_fcf
                0x0000000000024e2d                frame802154_create
                0x0000000000024fa2                frame802154_parse_fcf
                0x0000000000025084                frame802154_parse
 .text          0x0000000000025331       0x2d build/cooja/mtype430.a(csma-security.o)
                0x0000000000025331                csma_security_create_frame
                0x000000000002534f                csma_security_parse_frame
 .text          0x000000000002535e      0x4e4 build/cooja/mtype430.a(uipbuf.o)
                0x000000000002535e                uipbuf_clear
                0x0000000000025385                uipbuf_add_ext_hdr
                0x0000000000025405                uipbuf_set_len
                0x0000000000025432                uipbuf_set_len_field
                0x000000000002545e                uipbuf_get_len_field
                0x000000000002547e                uipbuf_get_next_header
                0x00000000000255b0                uipbuf_get_last_header
                0x0000000000025629                uipbuf_search_header
                0x00000000000256df                uipbuf_get_attr
                0x0000000000025706                uipbuf_set_attr
                0x000000000002573d                uipbuf_set_default_attr
                0x0000000000025774                uipbuf_clear_attr
                0x0000000000025798                uipbuf_set_attr_flag
                0x00000000000257b9                uipbuf_clr_attr_flag
                0x00000000000257e0                uipbuf_is_attr_flag
                0x0000000000025804                uipbuf_init
 .text          0x0000000000025842      0x73f build/cooja/mtype430.a(uip-icmp6.o)
                0x00000000000258b7                uip_icmp6_input
                0x000000000002590e                uip_icmp6_register_input_handler
                0x0000000000025a61                uip_icmp6_error_output
                0x0000000000025d12                uip_icmp6_send
                0x0000000000025f09                uip_icmp6_echo_reply_callback_add
                0x0000000000025f3b                uip_icmp6_echo_reply_callback_rm
                0x0000000000025f58                uip_icmp6_init
 .text          0x0000000000025f81      0x69b build/cooja/mtype430.a(uip-sr.o)
                0x0000000000025f81                uip_sr_num_nodes
                0x000000000002600f                uip_sr_get_node
                0x0000000000026066                uip_sr_is_addr_reachable
                0x0000000000026114                uip_sr_expire_parent
                0x000000000002615d                uip_sr_update_node
                0x000000000002628d                uip_sr_init
                0x00000000000262c1                uip_sr_node_head
                0x00000000000262da                uip_sr_node_next
                0x00000000000262f0                uip_sr_periodic
                0x00000000000263f6                uip_sr_free_all
                0x0000000000026466                uip_sr_link_snprint
 .text          0x000000000002661c      0x146 build/cooja/mtype430.a(uip-packetqueue)
                0x000000000002664a                uip_packetqueue_new
                0x0000000000026659                uip_packetqueue_alloc
                0x00000000000266b4                uip_packetqueue_free
                0x00000000000266fb                uip_packetqueue_buf
                0x0000000000026718                uip_packetqueue_buflen
                0x0000000000026739                uip_packetqueue_set_buflen
 .text          0x0000000000026762      0x1b0 build/cooja/mtype430.a(rpl-nbr-policy.)
                0x00000000000268cf                rpl_nbr_policy_find_removable
 .text          0x0000000000026912      0x915 build/cooja/mtype430.a(rpl-neighbor.o)
                0x000000000002698e                rpl_neighbor_snprint
                0x0000000000026c41                rpl_neighbor_print_list
                0x0000000000026cf6                rpl_neighbor_count
                0x0000000000026d9d                rpl_neighbor_get_from_lladdr
                0x0000000000026db9                rpl_neighbor_is_acceptable_parent
                0x0000000000026ded                rpl_neighbor_get_link_metric
                0x0000000000026e21                rpl_neighbor_rank_via_nbr
                0x0000000000026e55                rpl_neighbor_get_lladdr
                0x0000000000026e71                rpl_neighbor_get_ipaddr
                0x0000000000026e98                rpl_neighbor_get_link_stats
                0x0000000000026ebf                rpl_neighbor_is_fresh
                0x0000000000026ee6                rpl_neighbor_is_reachable
                0x0000000000026f31                rpl_neighbor_is_parent
                0x0000000000026f5b                rpl_neighbor_set_preferred_parent
                0x0000000000026ff2                rpl_neighbor_remove_all
                0x000000000002704e                rpl_neighbor_get_from_ipaddr
                0x000000000002715c                rpl_neighbor_select_best
                0x0000000000027208                rpl_neighbor_init
 .text          0x0000000000027227      0xe69 build/cooja/mtype430.a(rpl-dag.o)
                0x0000000000027227                rpl_dag_state_to_str
                0x0000000000027266                rpl_dag_get_root_ipaddr
                0x00000000000272ae                rpl_dag_leave
                0x0000000000027337                rpl_dag_poison_and_leave
                0x000000000002734f                rpl_dag_periodic
                0x00000000000273d7                rpl_is_addr_in_our_dag
                0x000000000002741b                rpl_get_default_instance
                0x0000000000027437                rpl_get_any_dag
                0x0000000000027490                rpl_refresh_routes
                0x00000000000274d0                rpl_global_repair
                0x0000000000027569                rpl_local_repair
                0x00000000000275b3                rpl_dag_ready_to_advertise
                0x00000000000275f6                rpl_dag_update_state
                0x0000000000027d23                rpl_process_dio
                0x0000000000027da1                rpl_process_dis
                0x0000000000027de6                rpl_process_dao
                0x0000000000027e75                rpl_process_dao_ack
                0x0000000000027f0c                rpl_process_hbh
                0x0000000000027f5c                rpl_dag_init_root
                0x0000000000028070                rpl_dag_init
 .text          0x0000000000028090      0x9e7 build/cooja/mtype430.a(rpl-timers.o)
                0x0000000000028090                rpl_timers_schedule_periodic_dis
                0x00000000000281de                rpl_timers_dio_reset
                0x00000000000282ec                rpl_timers_schedule_unicast_dio
                0x0000000000028440                rpl_timers_schedule_dao
                0x00000000000284ff                rpl_timers_schedule_dao_ack
                0x0000000000028585                rpl_timers_notify_dao_ack
                0x00000000000285e3                get_probing_delay
                0x0000000000028617                get_probing_target
                0x0000000000028801                rpl_schedule_probing
                0x000000000002882f                rpl_schedule_probing_now
                0x0000000000028899                rpl_timers_unschedule_leaving
                0x00000000000288d1                rpl_timers_schedule_leaving
                0x0000000000028912                rpl_timers_init
                0x00000000000289a2                rpl_timers_stop_dag_timers
                0x0000000000028a1b                rpl_timers_unschedule_state_update
                0x0000000000028a3f                rpl_timers_schedule_state_update
 .text          0x0000000000028a77      0xb8e build/cooja/mtype430.a(rpl-ext-header.)
                0x0000000000028a77                rpl_ext_header_srh_get_next_hop
                0x0000000000028b5e                rpl_ext_header_srh_update
                0x00000000000290ca                rpl_ext_header_hbh_update
                0x00000000000293ca                rpl_ext_header_update
                0x0000000000029453                rpl_ext_header_remove
 .text          0x0000000000029605      0x31b build/cooja/mtype430.a(rpl-mrhof.o)
 .text          0x0000000000029920      0x122 /usr/lib/gcc/i686-linux-gnu/5/libgcc.a(_udivdi3.o)
                0x0000000000029920                __udivdi3
 .text          0x0000000000029a42        0x0 /usr/lib/gcc/i686-linux-gnu/5/crtendS.o
 .text          0x0000000000029a42        0x0 /usr/lib/gcc/i686-linux-gnu/5/../../../i386-linux-gnu/crtn.o
 *(.gnu.warning)

.fini           0x0000000000029a44       0x14
 *(SORT(.fini))
 .fini          0x0000000000029a44        0xf /usr/lib/gcc/i686-linux-gnu/5/../../../i386-linux-gnu/crti.o
                0x0000000000029a44                _fini
 .fini          0x0000000000029a53        0x5 /usr/lib/gcc/i686-linux-gnu/5/../../../i386-linux-gnu/crtn.o
                [!provide]                        PROVIDE (__etext, .)
                [!provide]                        PROVIDE (_etext, .)
                [!provide]                        PROVIDE (etext, .)

.rodata         0x0000000000029a60      0xb6b
 *(.rodata .rodata.* .gnu.linkonce.r.*)
 .rodata        0x0000000000029a60      0x178 hydromassage_server.o
                0x0000000000029a84                autostart_processes
 .rodata        0x0000000000029bd8        0x8 build/cooja/mtype430.a(beep.o)
                0x0000000000029bd8                beep_interface
 .rodata        0x0000000000029be0        0xe build/cooja/mtype430.a(leds-arch.o)
                0x0000000000029be0                leds_interface
                0x0000000000029be8                leds_arch_leds
 *fill*         0x0000000000029bee        0x2 
 .rodata        0x0000000000029bf0        0x8 build/cooja/mtype430.a(moteid.o)
                0x0000000000029bf0                moteid_interface
 .rodata        0x0000000000029bf8       0x1c build/cooja/mtype430.a(pir-sensor.o)
                0x0000000000029bf8                pir_interface
                0x0000000000029c04                pir_sensor
 .rodata        0x0000000000029c14        0xe build/cooja/mtype430.a(rs232.o)
                0x0000000000029c14                rs232_interface
 *fill*         0x0000000000029c22        0x2 
 .rodata        0x0000000000029c24       0x24 build/cooja/mtype430.a(vib-sensor.o)
                0x0000000000029c24                vib_interface
                0x0000000000029c38                vib_sensor
 .rodata        0x0000000000029c48        0x8 build/cooja/mtype430.a(clock.o)
                0x0000000000029c48                clock_interface
 .rodata        0x0000000000029c50        0x8 build/cooja/mtype430.a(cooja-log.o)
                0x0000000000029c50                simlog_interface
 .rodata        0x0000000000029c58       0x2f build/cooja/mtype430.a(cfs-cooja.o)
                0x0000000000029c58                cfs_interface
 *fill*         0x0000000000029c87       0x19 
 .rodata        0x0000000000029ca0       0xb8 build/cooja/mtype430.a(cooja-radio.o)
                0x0000000000029ca0                radio_interface
                0x0000000000029d20                cooja_radio_driver
 .rodata        0x0000000000029d58        0x8 build/cooja/mtype430.a(eeprom.o)
                0x0000000000029d58                eeprom_interface
 .rodata        0x0000000000029d60        0x8 build/cooja/mtype430.a(sensors.o)
 .rodata        0x0000000000029d68       0x2c build/cooja/mtype430.a(buttons.o)
                0x0000000000029d68                button_interface
                0x0000000000029d7c                button_hal_button_count
                0x0000000000029d84                button_sensor
 .rodata        0x0000000000029d94       0x7b build/cooja/mtype430.a(hydromassage_ac)
 .rodata        0x0000000000029e0f       0x41 build/cooja/mtype430.a(coap-engine.o)
 .rodata        0x0000000000029e50       0x19 build/cooja/mtype430.a(coap-res-well-k)
 .rodata        0x0000000000029e69       0x11 build/cooja/mtype430.a(coap-observe.o)
 .rodata        0x0000000000029e7a       0x35 build/cooja/mtype430.a(coap-uip.o)
 *fill*         0x0000000000029eaf        0x1 
 .rodata        0x0000000000029eb0      0x1ac build/cooja/mtype430.a(coap.o)
 .rodata        0x000000000002a05c       0xf8 build/cooja/mtype430.a(contiki-main.o)
 .rodata        0x000000000002a154        0xf build/cooja/mtype430.a(ctimer.o)
 *fill*         0x000000000002a163        0x1 
 .rodata        0x000000000002a164       0xc4 build/cooja/mtype430.a(log.o)
 .rodata        0x000000000002a228        0xc build/cooja/mtype430.a(etimer.o)
 .rodata        0x000000000002a234       0x13 build/cooja/mtype430.a(button-hal.o)
 .rodata        0x000000000002a247        0xe build/cooja/mtype430.a(serial-line.o)
 *fill*         0x000000000002a255        0x3 
 .rodata        0x000000000002a258        0x8 build/cooja/mtype430.a(linkaddr.o)
                0x000000000002a258                linkaddr_null
 .rodata        0x000000000002a260       0x24 build/cooja/mtype430.a(csma.o)
                0x000000000002a268                csma_driver
 .rodata        0x000000000002a284       0x27 build/cooja/mtype430.a(csma-output.o)
 *fill*         0x000000000002a2ab        0x1 
 .rodata        0x000000000002a2ac       0x4d build/cooja/mtype430.a(uip-ds6-route.o)
 .rodata        0x000000000002a2f9        0xd build/cooja/mtype430.a(tcpip.o)
 *fill*         0x000000000002a306        0x2 
 .rodata        0x000000000002a308       0x30 build/cooja/mtype430.a(sicslowpan.o)
                0x000000000002a308                unc_llconf
                0x000000000002a30c                unc_ctxconf
                0x000000000002a310                unc_mxconf
                0x000000000002a314                llprefix
                0x000000000002a328                sicslowpan_driver
 .rodata        0x000000000002a338       0x2d build/cooja/mtype430.a(uiplib.o)
 *fill*         0x000000000002a365       0x1b 
 .rodata        0x000000000002a380       0x74 build/cooja/mtype430.a(rpl.o)
                0x000000000002a3a0                rpl_lite_driver
 .rodata        0x000000000002a3f4       0x20 build/cooja/mtype430.a(coap-timer-defa)
                0x000000000002a408                coap_timer_default_driver
 .rodata        0x000000000002a414       0x25 build/cooja/mtype430.a(assert.o)
 *fill*         0x000000000002a439        0x3 
 .rodata        0x000000000002a43c        0xc build/cooja/mtype430.a(framer-802154.o)
                0x000000000002a43c                framer_802154
 .rodata        0x000000000002a448       0x44 build/cooja/mtype430.a(uip-sr.o)
 .rodata        0x000000000002a48c       0x58 build/cooja/mtype430.a(rpl-neighbor.o)
 .rodata        0x000000000002a4e4       0xdb build/cooja/mtype430.a(rpl-dag.o)
 .rodata        0x000000000002a5bf        0xc build/cooja/mtype430.a(rpl-timers.o)

.rodata1
 *(.rodata1)

.eh_frame_hdr   0x000000000002a5cc     0x19d4
 *(.eh_frame_hdr)
 .eh_frame_hdr  0x000000000002a5cc     0x19d4 hydromassage_server.o
                0x000000000002a5cc                __GNU_EH_FRAME_HDR
 *(.eh_frame_entry .eh_frame_entry.*)

.eh_frame       0x000000000002bfa0     0x68c8
 *(.eh_frame)
 .eh_frame      0x000000000002bfa0       0x3c /usr/lib/gcc/i686-linux-gnu/5/../../../i386-linux-gnu/crti.o
                                         0x40 (size before relaxing)
 .eh_frame      0x000000000002bfdc       0x60 hydromassage_server.o
                                         0x78 (size before relaxing)
 .eh_frame      0x000000000002c03c      0x178 build/cooja/mtype430.o
                                        0x190 (size before relaxing)
 .eh_frame      0x000000000002c1b4       0x40 build/cooja/mtype430.a(simEnvChange.o)
                                         0x58 (size before relaxing)
 .eh_frame      0x000000000002c1f4       0x60 build/cooja/mtype430.a(cooja_mt.o)
                                         0x78 (size before relaxing)
 .eh_frame      0x000000000002c254       0x80 build/cooja/mtype430.a(cooja_mtarch.o)
                                         0x98 (size before relaxing)
 .eh_frame      0x000000000002c2d4       0xc8 build/cooja/mtype430.a(rtimer-arch.o)
                                         0xe0 (size before relaxing)
 .eh_frame      0x000000000002c39c      0x160 build/cooja/mtype430.a(beep.o)
                                        0x178 (size before relaxing)
 .eh_frame      0x000000000002c4fc       0x80 build/cooja/mtype430.a(leds-arch.o)
                                         0x98 (size before relaxing)
 .eh_frame      0x000000000002c57c       0x40 build/cooja/mtype430.a(moteid.o)
                                         0x58 (size before relaxing)
 .eh_frame      0x000000000002c5bc       0xa0 build/cooja/mtype430.a(pir-sensor.o)
                                         0xb8 (size before relaxing)
 .eh_frame      0x000000000002c65c      0x100 build/cooja/mtype430.a(rs232.o)
                                        0x118 (size before relaxing)
 .eh_frame      0x000000000002c75c       0xa0 build/cooja/mtype430.a(vib-sensor.o)
                                         0xb8 (size before relaxing)
 .eh_frame      0x000000000002c7fc       0xc0 build/cooja/mtype430.a(clock.o)
                                         0xd8 (size before relaxing)
 .eh_frame      0x000000000002c8bc      0x120 build/cooja/mtype430.a(cooja-log.o)
                                        0x138 (size before relaxing)
 .eh_frame      0x000000000002c9dc      0x160 build/cooja/mtype430.a(cfs-cooja.o)
                                        0x178 (size before relaxing)
 .eh_frame      0x000000000002cb3c      0x340 build/cooja/mtype430.a(cooja-radio.o)
                                        0x358 (size before relaxing)
 .eh_frame      0x000000000002ce7c       0xa0 build/cooja/mtype430.a(eeprom.o)
                                         0xb8 (size before relaxing)
 .eh_frame      0x000000000002cf1c       0x40 build/cooja/mtype430.a(random.o)
                                         0x58 (size before relaxing)
 .eh_frame      0x000000000002cf5c       0xc0 build/cooja/mtype430.a(sensors.o)
                                         0xd8 (size before relaxing)
 .eh_frame      0x000000000002d01c      0x120 build/cooja/mtype430.a(leds.o)
                                        0x138 (size before relaxing)
 .eh_frame      0x000000000002d13c      0x220 build/cooja/mtype430.a(gpio-hal-arch.o)
                                        0x238 (size before relaxing)
 .eh_frame      0x000000000002d35c       0xa0 build/cooja/mtype430.a(buttons.o)
                                         0xb8 (size before relaxing)
 .eh_frame      0x000000000002d3fc       0x20 build/cooja/mtype430.a(hydromassage_ac)
                                         0x38 (size before relaxing)
 .eh_frame      0x000000000002d41c       0x44 build/cooja/mtype430.a(coap-blocking-a)
                                         0x5c (size before relaxing)
 .eh_frame      0x000000000002d460      0x220 build/cooja/mtype430.a(coap-engine.o)
                                        0x238 (size before relaxing)
 .eh_frame      0x000000000002d680       0x24 build/cooja/mtype430.a(coap-res-well-k)
                                         0x3c (size before relaxing)
 .eh_frame      0x000000000002d6a4      0x188 build/cooja/mtype430.a(coap-observe.o)
                                        0x1a0 (size before relaxing)
 .eh_frame      0x000000000002d82c      0x250 build/cooja/mtype430.a(coap-uip.o)
                                        0x268 (size before relaxing)
 .eh_frame      0x000000000002da7c      0x114 build/cooja/mtype430.a(coap-timer.o)
                                        0x12c (size before relaxing)
 .eh_frame      0x000000000002db90      0x100 build/cooja/mtype430.a(coap-transactio)
                                        0x118 (size before relaxing)
 .eh_frame      0x000000000002dc90      0x6ec build/cooja/mtype430.a(coap.o)
                                        0x704 (size before relaxing)
 .eh_frame      0x000000000002e37c       0x30 build/cooja/mtype430.a(contiki-main.o)
                                         0x48 (size before relaxing)
 .eh_frame      0x000000000002e3ac       0x40 build/cooja/mtype430.a(autostart.o)
                                         0x58 (size before relaxing)
 .eh_frame      0x000000000002e3ec      0x100 build/cooja/mtype430.a(ctimer.o)
                                        0x118 (size before relaxing)
 .eh_frame      0x000000000002e4ec      0x100 build/cooja/mtype430.a(log.o)
                                        0x118 (size before relaxing)
 .eh_frame      0x000000000002e5ec       0x60 build/cooja/mtype430.a(energest.o)
                                         0x78 (size before relaxing)
 .eh_frame      0x000000000002e64c      0x1e0 build/cooja/mtype430.a(etimer.o)
                                        0x1f8 (size before relaxing)
 .eh_frame      0x000000000002e82c       0x20 build/cooja/mtype430.a(node-id.o)
                                         0x38 (size before relaxing)
 .eh_frame      0x000000000002e84c       0x60 build/cooja/mtype430.a(rtimer.o)
                                         0x78 (size before relaxing)
 .eh_frame      0x000000000002e8ac      0x1c4 build/cooja/mtype430.a(process.o)
                                        0x1dc (size before relaxing)
 .eh_frame      0x000000000002ea70       0xa4 build/cooja/mtype430.a(timer.o)
                                         0xbc (size before relaxing)
 .eh_frame      0x000000000002eb14      0x1a0 build/cooja/mtype430.a(list.o)
                                        0x1b8 (size before relaxing)
 .eh_frame      0x000000000002ecb4       0xa0 build/cooja/mtype430.a(memb.o)
                                         0xb8 (size before relaxing)
 .eh_frame      0x000000000002ed54      0x144 build/cooja/mtype430.a(button-hal.o)
                                        0x15c (size before relaxing)
 .eh_frame      0x000000000002ee98       0x60 build/cooja/mtype430.a(serial-line.o)
                                         0x78 (size before relaxing)
 .eh_frame      0x000000000002eef8       0xe0 build/cooja/mtype430.a(gpio-hal.o)
                                         0xf8 (size before relaxing)
 .eh_frame      0x000000000002efd8      0x1a0 build/cooja/mtype430.a(queuebuf.o)
                                        0x1b8 (size before relaxing)
 .eh_frame      0x000000000002f178      0x28c build/cooja/mtype430.a(packetbuf.o)
                                        0x2a4 (size before relaxing)
 .eh_frame      0x000000000002f404       0x80 build/cooja/mtype430.a(netstack.o)
                                         0x98 (size before relaxing)
 .eh_frame      0x000000000002f484       0x60 build/cooja/mtype430.a(linkaddr.o)
                                         0x78 (size before relaxing)
 .eh_frame      0x000000000002f4e4       0xe0 build/cooja/mtype430.a(csma.o)
                                         0xf8 (size before relaxing)
 .eh_frame      0x000000000002f5c4      0x1d0 build/cooja/mtype430.a(csma-output.o)
                                        0x1e8 (size before relaxing)
 .eh_frame      0x000000000002f794      0x328 build/cooja/mtype430.a(uip-ds6.o)
                                        0x340 (size before relaxing)
 .eh_frame      0x000000000002fabc       0x40 build/cooja/mtype430.a(uip-udp-packet.)
                                         0x58 (size before relaxing)
 .eh_frame      0x000000000002fafc      0x220 build/cooja/mtype430.a(uip-ds6-route.o)
                                        0x238 (size before relaxing)
 .eh_frame      0x000000000002fd1c      0x244 build/cooja/mtype430.a(tcpip.o)
                                        0x25c (size before relaxing)
 .eh_frame      0x000000000002ff60      0x1e8 build/cooja/mtype430.a(uip6.o)
                                        0x200 (size before relaxing)
 .eh_frame      0x0000000000030148      0x1c0 build/cooja/mtype430.a(uip-ds6-nbr.o)
                                        0x1d8 (size before relaxing)
 .eh_frame      0x0000000000030308       0x84 build/cooja/mtype430.a(uip-nd6.o)
                                         0x9c (size before relaxing)
 .eh_frame      0x000000000003038c      0x2f8 build/cooja/mtype430.a(sicslowpan.o)
                                        0x310 (size before relaxing)
 .eh_frame      0x0000000000030684       0x88 build/cooja/mtype430.a(uiplib.o)
                                         0xa0 (size before relaxing)
 .eh_frame      0x000000000003070c      0x1e0 build/cooja/mtype430.a(rpl.o)
                                        0x1f8 (size before relaxing)
 .eh_frame      0x00000000000308ec      0x1c4 build/cooja/mtype430.a(rpl-icmp6.o)
                                        0x1dc (size before relaxing)
 .eh_frame      0x0000000000030ab0       0xa0 build/cooja/mtype430.a(rpl-dag-root.o)
                                         0xb8 (size before relaxing)
 .eh_frame      0x0000000000030b50       0xa0 build/cooja/mtype430.a(watchdog.o)
                                         0xb8 (size before relaxing)
 .eh_frame      0x0000000000030bf0       0x80 build/cooja/mtype430.a(int-master.o)
                                         0x98 (size before relaxing)
 .eh_frame      0x0000000000030c70       0xa4 build/cooja/mtype430.a(coap-timer-defa)
                                         0xbc (size before relaxing)
 .eh_frame      0x0000000000030d14       0xc4 build/cooja/mtype430.a(stimer.o)
                                         0xdc (size before relaxing)
 .eh_frame      0x0000000000030dd8       0xa0 build/cooja/mtype430.a(ringbuf.o)
                                         0xb8 (size before relaxing)
 .eh_frame      0x0000000000030e78       0x20 build/cooja/mtype430.a(assert.o)
                                         0x38 (size before relaxing)
 .eh_frame      0x0000000000030e98      0x2ac build/cooja/mtype430.a(nbr-table.o)
                                        0x2c4 (size before relaxing)
 .eh_frame      0x0000000000031144      0x120 build/cooja/mtype430.a(link-stats.o)
                                        0x138 (size before relaxing)
 .eh_frame      0x0000000000031264       0x48 build/cooja/mtype430.a(mac-sequence.o)
                                         0x60 (size before relaxing)
 .eh_frame      0x00000000000312ac       0x20 build/cooja/mtype430.a(mac.o)
                                         0x38 (size before relaxing)
 .eh_frame      0x00000000000312cc       0xa4 build/cooja/mtype430.a(framer-802154.o)
                                         0xbc (size before relaxing)
 .eh_frame      0x0000000000031370      0x1a4 build/cooja/mtype430.a(frame802154.o)
                                        0x1bc (size before relaxing)
 .eh_frame      0x0000000000031514       0x40 build/cooja/mtype430.a(csma-security.o)
                                         0x58 (size before relaxing)
 .eh_frame      0x0000000000031554      0x200 build/cooja/mtype430.a(uipbuf.o)
                                        0x218 (size before relaxing)
 .eh_frame      0x0000000000031754      0x150 build/cooja/mtype430.a(uip-icmp6.o)
                                        0x168 (size before relaxing)
 .eh_frame      0x00000000000318a4      0x184 build/cooja/mtype430.a(uip-sr.o)
                                        0x19c (size before relaxing)
 .eh_frame      0x0000000000031a28       0xe0 build/cooja/mtype430.a(uip-packetqueue)
                                         0xf8 (size before relaxing)
 .eh_frame      0x0000000000031b08       0x80 build/cooja/mtype430.a(rpl-nbr-policy.)
                                         0x98 (size before relaxing)
 .eh_frame      0x0000000000031b88      0x2d4 build/cooja/mtype430.a(rpl-neighbor.o)
                                        0x2ec (size before relaxing)
 .eh_frame      0x0000000000031e5c      0x370 build/cooja/mtype430.a(rpl-dag.o)
                                        0x388 (size before relaxing)
 .eh_frame      0x00000000000321cc      0x3a8 build/cooja/mtype430.a(rpl-timers.o)
                                        0x3c0 (size before relaxing)
 .eh_frame      0x0000000000032574      0x124 build/cooja/mtype430.a(rpl-ext-header.)
                                        0x13c (size before relaxing)
 .eh_frame      0x0000000000032698      0x148 build/cooja/mtype430.a(rpl-mrhof.o)
                                        0x160 (size before relaxing)
 .eh_frame      0x00000000000327e0       0x84 /usr/lib/gcc/i686-linux-gnu/5/libgcc.a(_udivdi3.o)
                                         0x9c (size before relaxing)
 .eh_frame      0x0000000000032864        0x4 /usr/lib/gcc/i686-linux-gnu/5/crtendS.o
 *(.eh_frame.*)

.gcc_except_table
 *(.gcc_except_table .gcc_except_table.*)

.gnu_extab
 *(.gnu_extab*)

.exception_ranges
 *(.exception_ranges .exception_ranges*)
                0x0000000000033f10                . = DATA_SEGMENT_ALIGN (0x1000, 0x1000)

.eh_frame
 *(.eh_frame)
 *(.eh_frame.*)

.gnu_extab
 *(.gnu_extab)

.gcc_except_table
 *(.gcc_except_table .gcc_except_table.*)

.exception_ranges
 *(.exception_ranges .exception_ranges*)

.tdata
 *(.tdata .tdata.* .gnu.linkonce.td.*)

.tbss
 *(.tbss .tbss.* .gnu.linkonce.tb.*)
 *(.tcommon)

.preinit_array
 *(.preinit_array)

.init_array     0x0000000000033f10        0x4
 *(SORT(.init_array.*) SORT(.ctors.*))
 *(.init_array EXCLUDE_FILE(*crtend?.o *crtend.o *crtbegin?.o *crtbegin.o) .ctors)
 .init_array    0x0000000000033f10        0x4 /usr/lib/gcc/i686-linux-gnu/5/crtbeginS.o

.fini_array     0x0000000000033f14        0x4
 *(SORT(.fini_array.*) SORT(.dtors.*))
 *(.fini_array EXCLUDE_FILE(*crtend?.o *crtend.o *crtbegin?.o *crtbegin.o) .dtors)
 .fini_array    0x0000000000033f14        0x4 /usr/lib/gcc/i686-linux-gnu/5/crtbeginS.o

.ctors
 *crtbegin.o(.ctors)
 *crtbegin?.o(.ctors)
 *(EXCLUDE_FILE(*crtend?.o *crtend.o) .ctors)
 *(SORT(.ctors.*))
 *(.ctors)

.dtors
 *crtbegin.o(.dtors)
 *crtbegin?.o(.dtors)
 *(EXCLUDE_FILE(*crtend?.o *crtend.o) .dtors)
 *(SORT(.dtors.*))
 *(.dtors)

.jcr            0x0000000000033f18        0x4
 *(.jcr)
 .jcr           0x0000000000033f18        0x0 /usr/lib/gcc/i686-linux-gnu/5/crtbeginS.o
 .jcr           0x0000000000033f18        0x4 /usr/lib/gcc/i686-linux-gnu/5/crtendS.o

.data.rel.ro
 *(.data.rel.ro.local* .gnu.linkonce.d.rel.ro.local.*)
 *(.data.rel.ro .data.rel.ro.* .gnu.linkonce.d.rel.ro.*)

.dynamic        0x0000000000033f1c       0xd0
 *(.dynamic)
 .dynamic       0x0000000000033f1c       0xd0 /usr/lib/gcc/i686-linux-gnu/5/../../../i386-linux-gnu/crti.o
                0x0000000000033f1c                _DYNAMIC

.got            0x0000000000033fec       0x14
 *(.got)
 .got           0x0000000000033fec       0x14 /usr/lib/gcc/i686-linux-gnu/5/../../../i386-linux-gnu/crti.o
 *(.igot)
                0x0000000000034ff4                . = DATA_SEGMENT_RELRO_END (., (SIZEOF (.got.plt) >= 0xc)?0xc:0x0)

.got.plt        0x0000000000034000        0xc
 *(.got.plt)
 .got.plt       0x0000000000034000        0xc /usr/lib/gcc/i686-linux-gnu/5/../../../i386-linux-gnu/crti.o
                0x0000000000034000                _GLOBAL_OFFSET_TABLE_
 *(.igot.plt)

.data           0x0000000000034020      0x444
 *(.data .data.* .gnu.linkonce.d.*)
 .data          0x0000000000034020        0x0 /usr/lib/gcc/i686-linux-gnu/5/../../../i386-linux-gnu/crti.o
 .data          0x0000000000034020        0x0 /usr/lib/gcc/i686-linux-gnu/5/crtbeginS.o
 .data.rel.local
                0x0000000000034020        0x4 /usr/lib/gcc/i686-linux-gnu/5/crtbeginS.o
                0x0000000000034020                __dso_handle
 .data          0x0000000000034024       0x14 hydromassage_server.o
                0x0000000000034024                hydromassage_server
                0x0000000000034034                service_url
 *fill*         0x0000000000034038        0x8 
 .data          0x0000000000034040       0x44 build/cooja/mtype430.o
                0x0000000000034040                simInterfaces
                0x0000000000034074                sensors
 .data          0x0000000000034084        0x0 build/cooja/mtype430.a(simEnvChange.o)
 .data          0x0000000000034084        0x0 build/cooja/mtype430.a(cooja_mt.o)
 .data          0x0000000000034084        0x0 build/cooja/mtype430.a(cooja_mtarch.o)
 .data          0x0000000000034084        0x0 build/cooja/mtype430.a(rtimer-arch.o)
 .data          0x0000000000034084        0x0 build/cooja/mtype430.a(beep.o)
 .data          0x0000000000034084        0x0 build/cooja/mtype430.a(leds-arch.o)
 .data          0x0000000000034084        0x0 build/cooja/mtype430.a(moteid.o)
 .data          0x0000000000034084        0x0 build/cooja/mtype430.a(pir-sensor.o)
 .data          0x0000000000034084        0x0 build/cooja/mtype430.a(rs232.o)
 .data          0x0000000000034084        0x0 build/cooja/mtype430.a(vib-sensor.o)
 .data          0x0000000000034084        0x0 build/cooja/mtype430.a(clock.o)
 .data          0x0000000000034084        0x0 build/cooja/mtype430.a(cooja-log.o)
 .data          0x0000000000034084        0x0 build/cooja/mtype430.a(cfs-cooja.o)
 .data          0x0000000000034084       0x2c build/cooja/mtype430.a(cooja-radio.o)
                0x0000000000034084                simRadioHWOn
                0x0000000000034088                simSignalStrength
                0x000000000003408c                simLastSignalStrength
                0x0000000000034090                simPower
                0x0000000000034094                simRadioChannel
                0x0000000000034098                simLQI
                0x00000000000340a0                cooja_radio_process
 .data          0x00000000000340b0        0x0 build/cooja/mtype430.a(eeprom.o)
 .data          0x00000000000340b0        0x0 build/cooja/mtype430.a(random.o)
 .data          0x00000000000340b0       0x10 build/cooja/mtype430.a(sensors.o)
                0x00000000000340b0                sensors_process
 .data          0x00000000000340c0        0x0 build/cooja/mtype430.a(leds.o)
 .data          0x00000000000340c0        0x0 build/cooja/mtype430.a(gpio-hal-arch.o)
 .data          0x00000000000340c0       0x78 build/cooja/mtype430.a(buttons.o)
                0x00000000000340c0                simButtonIsActive
                0x0000000000034130                button_hal_buttons
 *fill*         0x0000000000034138        0x8 
 .data          0x0000000000034140       0x24 build/cooja/mtype430.a(hydromassage_ac)
                0x0000000000034140                hydromassage_actuator
 .data          0x0000000000034164        0x0 build/cooja/mtype430.a(coap-blocking-a)
 .data          0x0000000000034164        0x8 build/cooja/mtype430.a(coap-engine.o)
 *fill*         0x000000000003416c       0x14 
 .data          0x0000000000034180       0x24 build/cooja/mtype430.a(coap-res-well-k)
                0x0000000000034180                res_well_known_core
 .data          0x00000000000341a4       0x10 build/cooja/mtype430.a(coap-observe.o)
 .data          0x00000000000341b4       0x10 build/cooja/mtype430.a(coap-uip.o)
                0x00000000000341b4                coap_engine
 .data          0x00000000000341c4        0x4 build/cooja/mtype430.a(coap-timer.o)
 .data          0x00000000000341c8       0x10 build/cooja/mtype430.a(coap-transactio)
 .data          0x00000000000341d8        0x4 build/cooja/mtype430.a(coap.o)
                0x00000000000341d8                coap_error_message
 .data          0x00000000000341dc        0x0 build/cooja/mtype430.a(contiki-main.o)
 .data          0x00000000000341dc        0x0 build/cooja/mtype430.a(autostart.o)
 .data          0x00000000000341dc       0x14 build/cooja/mtype430.a(ctimer.o)
                0x00000000000341e0                ctimer_process
 *fill*         0x00000000000341f0       0x10 
 .data          0x0000000000034200       0xbc build/cooja/mtype430.a(log.o)
                0x0000000000034200                curr_log_level_main
                0x0000000000034220                all_modules
 .data          0x00000000000342bc        0x0 build/cooja/mtype430.a(energest.o)
 .data          0x00000000000342bc       0x10 build/cooja/mtype430.a(etimer.o)
                0x00000000000342bc                etimer_process
 .data          0x00000000000342cc        0x0 build/cooja/mtype430.a(node-id.o)
 .data          0x00000000000342cc        0x0 build/cooja/mtype430.a(rtimer.o)
 .data          0x00000000000342cc        0x0 build/cooja/mtype430.a(process.o)
 .data          0x00000000000342cc        0x0 build/cooja/mtype430.a(timer.o)
 .data          0x00000000000342cc        0x0 build/cooja/mtype430.a(list.o)
 .data          0x00000000000342cc        0x0 build/cooja/mtype430.a(memb.o)
 .data          0x00000000000342cc       0x10 build/cooja/mtype430.a(button-hal.o)
                0x00000000000342cc                button_hal_process
 .data          0x00000000000342dc       0x10 build/cooja/mtype430.a(serial-line.o)
                0x00000000000342dc                serial_line_process
 .data          0x00000000000342ec        0x4 build/cooja/mtype430.a(gpio-hal.o)
 .data          0x00000000000342f0       0x18 build/cooja/mtype430.a(queuebuf.o)
 .data          0x0000000000034308        0x4 build/cooja/mtype430.a(packetbuf.o)
 .data          0x000000000003430c        0x4 build/cooja/mtype430.a(netstack.o)
 .data          0x0000000000034310        0x0 build/cooja/mtype430.a(linkaddr.o)
 .data          0x0000000000034310        0x0 build/cooja/mtype430.a(csma.o)
 .data          0x0000000000034310       0x28 build/cooja/mtype430.a(csma-output.o)
 .data          0x0000000000034338        0x0 build/cooja/mtype430.a(uip-ds6.o)
 .data          0x0000000000034338        0x0 build/cooja/mtype430.a(uip-udp-packet.)
 .data          0x0000000000034338       0x10 build/cooja/mtype430.a(uip-ds6-route.o)
 .data          0x0000000000034348       0x10 build/cooja/mtype430.a(tcpip.o)
                0x0000000000034348                tcpip_process
 .data          0x0000000000034358        0x0 build/cooja/mtype430.a(uip6.o)
 .data          0x0000000000034358       0x14 build/cooja/mtype430.a(uip-ds6-nbr.o)
 .data          0x000000000003436c        0xc build/cooja/mtype430.a(uip-nd6.o)
 .data          0x0000000000034378        0x0 build/cooja/mtype430.a(sicslowpan.o)
 .data          0x0000000000034378        0x0 build/cooja/mtype430.a(uiplib.o)
 .data          0x0000000000034378        0x0 build/cooja/mtype430.a(rpl.o)
 .data          0x0000000000034378       0x30 build/cooja/mtype430.a(rpl-icmp6.o)
 .data          0x00000000000343a8        0x0 build/cooja/mtype430.a(rpl-dag-root.o)
 .data          0x00000000000343a8        0x0 build/cooja/mtype430.a(watchdog.o)
 .data          0x00000000000343a8        0x0 build/cooja/mtype430.a(int-master.o)
 .data          0x00000000000343a8       0x10 build/cooja/mtype430.a(coap-timer-defa)
                0x00000000000343a8                coap_timer_process
 .data          0x00000000000343b8        0x0 build/cooja/mtype430.a(stimer.o)
 .data          0x00000000000343b8        0x0 build/cooja/mtype430.a(ringbuf.o)
 .data          0x00000000000343b8        0x0 build/cooja/mtype430.a(assert.o)
 .data          0x00000000000343b8       0x10 build/cooja/mtype430.a(nbr-table.o)
 .data          0x00000000000343c8       0x14 build/cooja/mtype430.a(link-stats.o)
 .data          0x00000000000343dc        0x0 build/cooja/mtype430.a(mac-sequence.o)
 .data          0x00000000000343dc        0x0 build/cooja/mtype430.a(mac.o)
 .data          0x00000000000343dc        0x0 build/cooja/mtype430.a(framer-802154.o)
 .data          0x00000000000343dc        0x2 build/cooja/mtype430.a(frame802154.o)
 .data          0x00000000000343de        0x0 build/cooja/mtype430.a(csma-security.o)
 .data          0x00000000000343de        0x0 build/cooja/mtype430.a(uipbuf.o)
 *fill*         0x00000000000343de        0x2 
 .data          0x00000000000343e0       0x20 build/cooja/mtype430.a(uip-icmp6.o)
 .data          0x0000000000034400       0x10 build/cooja/mtype430.a(uip-sr.o)
 .data          0x0000000000034410        0xc build/cooja/mtype430.a(uip-packetqueue)
 .data          0x000000000003441c        0x0 build/cooja/mtype430.a(rpl-nbr-policy.)
 .data          0x000000000003441c       0x14 build/cooja/mtype430.a(rpl-neighbor.o)
                0x000000000003442c                rpl_neighbors
 .data          0x0000000000034430        0x0 build/cooja/mtype430.a(rpl-dag.o)
 .data          0x0000000000034430        0x0 build/cooja/mtype430.a(rpl-timers.o)
 .data          0x0000000000034430        0x0 build/cooja/mtype430.a(rpl-ext-header.)
 *fill*         0x0000000000034430       0x10 
 .data          0x0000000000034440       0x24 build/cooja/mtype430.a(rpl-mrhof.o)
                0x0000000000034440                rpl_mrhof
 .data          0x0000000000034464        0x0 /usr/lib/gcc/i686-linux-gnu/5/libgcc.a(_udivdi3.o)
 .data          0x0000000000034464        0x0 /usr/lib/gcc/i686-linux-gnu/5/crtendS.o
 .data          0x0000000000034464        0x0 /usr/lib/gcc/i686-linux-gnu/5/../../../i386-linux-gnu/crtn.o

.tm_clone_table
                0x0000000000034464        0x0
 .tm_clone_table
                0x0000000000034464        0x0 /usr/lib/gcc/i686-linux-gnu/5/crtbeginS.o
 .tm_clone_table
                0x0000000000034464        0x0 /usr/lib/gcc/i686-linux-gnu/5/crtendS.o

.data1
 *(.data1)
                0x0000000000034464                _edata = .
                [!provide]                        PROVIDE (edata, .)
                0x0000000000034464                . = .
                0x0000000000034464                __bss_start = .

.bss            0x0000000000034480    0x13f84
 *(.dynbss)
 .dynbss        0x0000000000034480        0x0 /usr/lib/gcc/i686-linux-gnu/5/../../../i386-linux-gnu/crti.o
 *(.bss .bss.* .gnu.linkonce.b.*)
 .bss           0x0000000000034480        0x0 /usr/lib/gcc/i686-linux-gnu/5/../../../i386-linux-gnu/crti.o
 .bss           0x0000000000034480        0x1 /usr/lib/gcc/i686-linux-gnu/5/crtbeginS.o
 *fill*         0x0000000000034481       0x1f 
 .bss           0x00000000000344a0      0x12c hydromassage_server.o
 *fill*         0x00000000000345cc       0x14 
 .bss           0x00000000000345e0     0x2030 build/cooja/mtype430.o
 .bss           0x0000000000036610        0x1 build/cooja/mtype430.a(simEnvChange.o)
                0x0000000000036610                simDontFallAsleep
 *fill*         0x0000000000036611        0x3 
 .bss           0x0000000000036614        0x4 build/cooja/mtype430.a(cooja_mt.o)
 .bss           0x0000000000036618        0x4 build/cooja/mtype430.a(cooja_mtarch.o)
 .bss           0x000000000003661c        0x0 build/cooja/mtype430.a(rtimer-arch.o)
 .bss           0x000000000003661c        0x0 build/cooja/mtype430.a(beep.o)
 .bss           0x000000000003661c        0x1 build/cooja/mtype430.a(leds-arch.o)
                0x000000000003661c                simLedsValue
 .bss           0x000000000003661d        0x0 build/cooja/mtype430.a(moteid.o)
 .bss           0x000000000003661d        0x1 build/cooja/mtype430.a(pir-sensor.o)
                0x000000000003661d                simPirValue
 *fill*         0x000000000003661e        0x2 
 .bss           0x0000000000036620        0x4 build/cooja/mtype430.a(rs232.o)
 .bss           0x0000000000036624        0x1 build/cooja/mtype430.a(vib-sensor.o)
                0x0000000000036624                simVibValue
 .bss           0x0000000000036625        0x0 build/cooja/mtype430.a(clock.o)
 *fill*         0x0000000000036625       0x1b 
 .bss           0x0000000000036640     0x2020 build/cooja/mtype430.a(cooja-log.o)
 .bss           0x0000000000038660      0xfc0 build/cooja/mtype430.a(cfs-cooja.o)
                0x0000000000038660                simCFSData
                0x0000000000039600                simCFSSize
                0x0000000000039604                simCFSChanged
                0x0000000000039608                simCFSRead
                0x000000000003960c                simCFSWritten
 .bss           0x0000000000039620       0x24 build/cooja/mtype430.a(cooja-radio.o)
                0x0000000000039620                simReceiving
                0x0000000000039624                simInSize
                0x0000000000039628                simLastPacketTimestamp
                0x0000000000039630                simOutSize
 .bss           0x0000000000039644        0xc build/cooja/mtype430.a(eeprom.o)
                0x0000000000039644                simEEPROMChanged
                0x0000000000039648                simEEPROMRead
                0x000000000003964c                simEEPROMWritten
 .bss           0x0000000000039650        0x0 build/cooja/mtype430.a(random.o)
 .bss           0x0000000000039650        0xc build/cooja/mtype430.a(sensors.o)
 .bss           0x000000000003965c        0x0 build/cooja/mtype430.a(leds.o)
 .bss           0x000000000003965c       0x24 build/cooja/mtype430.a(gpio-hal-arch.o)
 .bss           0x0000000000039680        0x0 build/cooja/mtype430.a(buttons.o)
 .bss           0x0000000000039680        0x4 build/cooja/mtype430.a(hydromassage_ac)
 .bss           0x0000000000039684        0x0 build/cooja/mtype430.a(coap-blocking-a)
 *fill*         0x0000000000039684       0x1c 
 .bss           0x00000000000396a0      0x190 build/cooja/mtype430.a(coap-engine.o)
 .bss           0x0000000000039830        0x0 build/cooja/mtype430.a(coap-res-well-k)
 *fill*         0x0000000000039830       0x10 
 .bss           0x0000000000039840      0x120 build/cooja/mtype430.a(coap-observe.o)
 .bss           0x0000000000039960       0x18 build/cooja/mtype430.a(coap-uip.o)
 .bss           0x0000000000039978        0x5 build/cooja/mtype430.a(coap-timer.o)
 *fill*         0x000000000003997d        0x3 
 .bss           0x0000000000039980      0x334 build/cooja/mtype430.a(coap-transactio)
 .bss           0x0000000000039cb4        0x6 build/cooja/mtype430.a(coap.o)
                0x0000000000039cb4                coap_status_code
 .bss           0x0000000000039cba        0x0 build/cooja/mtype430.a(contiki-main.o)
 .bss           0x0000000000039cba        0x0 build/cooja/mtype430.a(autostart.o)
 *fill*         0x0000000000039cba        0x2 
 .bss           0x0000000000039cbc        0x5 build/cooja/mtype430.a(ctimer.o)
 *fill*         0x0000000000039cc1        0x3 
 .bss           0x0000000000039cc4       0x2c build/cooja/mtype430.a(log.o)
                0x0000000000039cc4                curr_log_level_rpl
                0x0000000000039cc8                curr_log_level_tcpip
                0x0000000000039ccc                curr_log_level_ipv6
                0x0000000000039cd0                curr_log_level_6lowpan
                0x0000000000039cd4                curr_log_level_nullnet
                0x0000000000039cd8                curr_log_level_mac
                0x0000000000039cdc                curr_log_level_framer
                0x0000000000039ce0                curr_log_level_6top
                0x0000000000039ce4                curr_log_level_coap
                0x0000000000039ce8                curr_log_level_snmp
                0x0000000000039cec                curr_log_level_lwm2m
 .bss           0x0000000000039cf0        0x0 build/cooja/mtype430.a(energest.o)
 .bss           0x0000000000039cf0        0x8 build/cooja/mtype430.a(etimer.o)
 .bss           0x0000000000039cf8        0x2 build/cooja/mtype430.a(node-id.o)
                0x0000000000039cf8                node_id
 *fill*         0x0000000000039cfa        0x2 
 .bss           0x0000000000039cfc        0x4 build/cooja/mtype430.a(rtimer.o)
 .bss           0x0000000000039d00      0x1a1 build/cooja/mtype430.a(process.o)
                0x0000000000039d00                process_list
                0x0000000000039d04                process_current
 .bss           0x0000000000039ea1        0x0 build/cooja/mtype430.a(timer.o)
 .bss           0x0000000000039ea1        0x0 build/cooja/mtype430.a(list.o)
 .bss           0x0000000000039ea1        0x0 build/cooja/mtype430.a(memb.o)
 *fill*         0x0000000000039ea1        0x3 
 .bss           0x0000000000039ea4       0x10 build/cooja/mtype430.a(button-hal.o)
 *fill*         0x0000000000039eb4        0xc 
 .bss           0x0000000000039ec0      0x140 build/cooja/mtype430.a(serial-line.o)
 .bss           0x000000000003a000        0x4 build/cooja/mtype430.a(gpio-hal.o)
 *fill*         0x000000000003a004       0x1c 
 .bss           0x000000000003a020     0x2c80 build/cooja/mtype430.a(queuebuf.o)
 .bss           0x000000000003cca0       0xa0 build/cooja/mtype430.a(packetbuf.o)
 .bss           0x000000000003cd40        0x4 build/cooja/mtype430.a(netstack.o)
 .bss           0x000000000003cd44        0x0 build/cooja/mtype430.a(linkaddr.o)
 .bss           0x000000000003cd44        0x0 build/cooja/mtype430.a(csma.o)
 *fill*         0x000000000003cd44       0x1c 
 .bss           0x000000000003cd60      0x726 build/cooja/mtype430.a(csma-output.o)
 *fill*         0x000000000003d486        0x2 
 .bss           0x000000000003d488       0x30 build/cooja/mtype430.a(uip-ds6.o)
 .bss           0x000000000003d4b8        0x0 build/cooja/mtype430.a(uip-udp-packet.)
 *fill*         0x000000000003d4b8        0x8 
 .bss           0x000000000003d4c0       0x60 build/cooja/mtype430.a(uip-ds6-route.o)
 .bss           0x000000000003d520       0x10 build/cooja/mtype430.a(tcpip.o)
 .bss           0x000000000003d530        0x8 build/cooja/mtype430.a(uip6.o)
                0x000000000003d530                uip_ext_bitmap
                0x000000000003d532                uip_ext_len
                0x000000000003d534                uip_last_proto
 *fill*         0x000000000003d538        0x8 
 .bss           0x000000000003d540     0x1c20 build/cooja/mtype430.a(uip-ds6-nbr.o)
 .bss           0x000000000003f160       0x10 build/cooja/mtype430.a(uip-nd6.o)
 *fill*         0x000000000003f170       0x10 
 .bss           0x000000000003f180      0x724 build/cooja/mtype430.a(sicslowpan.o)
 .bss           0x000000000003f8a4        0x0 build/cooja/mtype430.a(uiplib.o)
 .bss           0x000000000003f8a4        0x1 build/cooja/mtype430.a(rpl.o)
 .bss           0x000000000003f8a5        0x0 build/cooja/mtype430.a(rpl-icmp6.o)
 *fill*         0x000000000003f8a5        0x3 
 .bss           0x000000000003f8a8       0x11 build/cooja/mtype430.a(rpl-dag-root.o)