Archive member included to satisfy reference by file (symbol)

build/cooja/mtype709.a(simEnvChange.o)
                              build/cooja/mtype709.o (simDontFallAsleep)
build/cooja/mtype709.a(cooja_mt.o)
                              build/cooja/mtype709.o (cooja_mt_start)
build/cooja/mtype709.a(cooja_mtarch.o)
                              build/cooja/mtype709.a(cooja_mt.o) (cooja_mtarch_start)
build/cooja/mtype709.a(rtimer-arch.o)
                              build/cooja/mtype709.o (rtimer_arch_check)
build/cooja/mtype709.a(beep.o)
                              build/cooja/mtype709.o (beep_interface)
build/cooja/mtype709.a(leds-arch.o)
                              build/cooja/mtype709.o (leds_interface)
build/cooja/mtype709.a(moteid.o)
                              build/cooja/mtype709.o (moteid_interface)
build/cooja/mtype709.a(pir-sensor.o)
                              build/cooja/mtype709.o (pir_interface)
build/cooja/mtype709.a(rs232.o)
                              build/cooja/mtype709.o (rs232_interface)
build/cooja/mtype709.a(vib-sensor.o)
                              build/cooja/mtype709.o (vib_interface)
build/cooja/mtype709.a(clock.o)
                              build/cooja/mtype709.o (clock_interface)
build/cooja/mtype709.a(cooja-log.o)
                              build/cooja/mtype709.o (simlog_interface)
build/cooja/mtype709.a(cfs-cooja.o)
                              build/cooja/mtype709.o (cfs_interface)
build/cooja/mtype709.a(cooja-radio.o)
                              build/cooja/mtype709.o (radio_interface)
build/cooja/mtype709.a(eeprom.o)
                              build/cooja/mtype709.o (eeprom_interface)
build/cooja/mtype709.a(random.o)
                              build/cooja/mtype709.a(moteid.o) (random_init)
build/cooja/mtype709.a(sensors.o)
                              build/cooja/mtype709.a(pir-sensor.o) (sensors_changed)
build/cooja/mtype709.a(leds.o)
                              build/cooja/mtype709.a(leds-arch.o) (leds_get)
build/cooja/mtype709.a(gpio-hal-arch.o)
                              build/cooja/mtype709.a(leds-arch.o) (gpio_hal_arch_register_pin_callback)
build/cooja/mtype709.a(buttons.o)
                              build/cooja/mtype709.o (button_interface)
build/cooja/mtype709.a(hydromassage_ac)
                              hydromassage_server.o (hydromassage_actuator)
build/cooja/mtype709.a(coap-engine.o)
                              hydromassage_server.o (coap_activate_resource)
build/cooja/mtype709.a(coap-res-well-k)
                              build/cooja/mtype709.a(coap-engine.o) (res_well_known_core)
build/cooja/mtype709.a(coap-observe.o)
                              build/cooja/mtype709.a(coap-engine.o) (coap_remove_observer_by_mid)
build/cooja/mtype709.a(coap-uip.o)
                              build/cooja/mtype709.a(coap-observe.o) (coap_endpoint_copy)
build/cooja/mtype709.a(coap-timer.o)
                              build/cooja/mtype709.a(coap-engine.o) (coap_timer_set)
build/cooja/mtype709.a(coap-transactio)
                              build/cooja/mtype709.a(coap-engine.o) (coap_send_transaction)
build/cooja/mtype709.a(coap.o)
                              build/cooja/mtype709.a(coap-engine.o) (coap_status_code)
build/cooja/mtype709.a(contiki-main.o)
                              build/cooja/mtype709.o (main)
build/cooja/mtype709.a(autostart.o)
                              build/cooja/mtype709.a(contiki-main.o) (autostart_start)
build/cooja/mtype709.a(ctimer.o)
                              build/cooja/mtype709.a(contiki-main.o) (ctimer_init)
build/cooja/mtype709.a(log.o)
                              build/cooja/mtype709.a(contiki-main.o) (curr_log_level_main)
build/cooja/mtype709.a(energest.o)
                              build/cooja/mtype709.a(contiki-main.o) (energest_init)
build/cooja/mtype709.a(etimer.o)
                              build/cooja/mtype709.a(contiki-main.o) (etimer_process)
build/cooja/mtype709.a(node-id.o)
                              build/cooja/mtype709.a(contiki-main.o) (node_id)
build/cooja/mtype709.a(rtimer.o)
                              build/cooja/mtype709.a(contiki-main.o) (rtimer_init)
build/cooja/mtype709.a(process.o)
                              hydromassage_server.o (process_current)
build/cooja/mtype709.a(timer.o)
                              build/cooja/mtype709.a(etimer.o) (timer_set)
build/cooja/mtype709.a(list.o)
                              build/cooja/mtype709.a(coap-engine.o) (list_init)
build/cooja/mtype709.a(memb.o)
                              build/cooja/mtype709.a(coap-observe.o) (memb_alloc)
build/cooja/mtype709.a(button-hal.o)
                              build/cooja/mtype709.o (button_hal_init)
build/cooja/mtype709.a(serial-line.o)
                              build/cooja/mtype709.a(rs232.o) (serial_line_input_byte)
build/cooja/mtype709.a(gpio-hal.o)
                              build/cooja/mtype709.a(button-hal.o) (gpio_hal_register_handler)
[...]
Memory Configuration

Name             Origin             Length             Attributes
*default*        0x0000000000000000 0xffffffffffffffff

Linker script and memory map

LOAD /usr/lib/gcc/i686-linux-gnu/5/../../../i386-linux-gnu/crti.o
LOAD /usr/lib/gcc/i686-linux-gnu/5/crtbeginS.o
LOAD hydromassage_server.o
LOAD build/cooja/mtype709.o
LOAD build/cooja/mtype709.a
LOAD /usr/lib/gcc/i686-linux-gnu/5/libgcc.a
LOAD /usr/lib/gcc/i686-linux-gnu/5/libgcc_s.so
LOAD /usr/lib/gcc/i686-linux-gnu/5/../../../i386-linux-gnu/libc.so
START GROUP
LOAD /lib/i386-linux-gnu/libc.so.6
LOAD /usr/lib/i386-linux-gnu/libc_nonshared.a
LOAD /lib/i386-linux-gnu/ld-linux.so.2
END GROUP
LOAD /usr/lib/gcc/i686-linux-gnu/5/libgcc.a
LOAD /usr/lib/gcc/i686-linux-gnu/5/libgcc_s.so
LOAD /usr/lib/gcc/i686-linux-gnu/5/crtendS.o
LOAD /usr/lib/gcc/i686-linux-gnu/5/../../../i386-linux-gnu/crtn.o
                0x0000000000000114                . = (0x0 + SIZEOF_HEADERS)

.note.gnu.build-id
                0x0000000000000114       0x24
 *(.note.gnu.build-id)
 .note.gnu.build-id
                0x0000000000000114       0x24 /usr/lib/gcc/i686-linux-gnu/5/../../../i386-linux-gnu/crti.o

.hash
 *(.hash)

.gnu.hash       0x0000000000000138     0x1580
 *(.gnu.hash)
 .gnu.hash      0x0000000000000138     0x1580 /usr/lib/gcc/i686-linux-gnu/5/../../../i386-linux-gnu/crti.o

.dynsym         0x00000000000016b8     0x2e80
 *(.dynsym)
 .dynsym        0x00000000000016b8     0x2e80 /usr/lib/gcc/i686-linux-gnu/5/../../../i386-linux-gnu/crti.o

.dynstr         0x0000000000004538     0x3641
 *(.dynstr)
 .dynstr        0x0000000000004538     0x3641 /usr/lib/gcc/i686-linux-gnu/5/../../../i386-linux-gnu/crti.o

.gnu.version    0x0000000000007b7a      0x5d0
 *(.gnu.version)
 .gnu.version   0x0000000000007b7a      0x5d0 /usr/lib/gcc/i686-linux-gnu/5/../../../i386-linux-gnu/crti.o

.gnu.version_d  0x000000000000814c        0x0
 *(.gnu.version_d)
 .gnu.version_d
                0x000000000000814c        0x0 /usr/lib/gcc/i686-linux-gnu/5/../../../i386-linux-gnu/crti.o

.gnu.version_r  0x000000000000814c       0x40
 *(.gnu.version_r)
 .gnu.version_r
                0x000000000000814c       0x40 /usr/lib/gcc/i686-linux-gnu/5/../../../i386-linux-gnu/crti.o

.rel.dyn        0x000000000000818c     0x8e58
 *(.rel.init)
 .rel.init      0x000000000000818c        0x0 /usr/lib/gcc/i686-linux-gnu/5/../../../i386-linux-gnu/crti.o
 *(.rel.text .rel.text.* .rel.gnu.linkonce.t.*)
 .rel.text      0x000000000000818c     0x84b0 /usr/lib/gcc/i686-linux-gnu/5/../../../i386-linux-gnu/crti.o
 *(.rel.fini)
 .rel.fini      0x000000000001063c        0x0 /usr/lib/gcc/i686-linux-gnu/5/../../../i386-linux-gnu/crti.o
 *(.rel.rodata .rel.rodata.* .rel.gnu.linkonce.r.*)
 .rel.rodata    0x000000000001063c      0x588 /usr/lib/gcc/i686-linux-gnu/5/../../../i386-linux-gnu/crti.o
 *(.rel.data.rel.ro .rel.data.rel.ro.* .rel.gnu.linkonce.d.rel.ro.*)
 *(.rel.data .rel.data.* .rel.gnu.linkonce.d.*)
 .rel.data.rel.local
                0x0000000000010bc4        0x8 /usr/lib/gcc/i686-linux-gnu/5/../../../i386-linux-gnu/crti.o
 .rel.data      0x0000000000010bcc      0x3e0 /usr/lib/gcc/i686-linux-gnu/5/../../../i386-linux-gnu/crti.o
 *(.rel.tdata .rel.tdata.* .rel.gnu.linkonce.td.*)
 *(.rel.tbss .rel.tbss.* .rel.gnu.linkonce.tb.*)
 *(.rel.ctors)
 *(.rel.dtors)
 *(.rel.got)
 .rel.got       0x0000000000010fac       0x28 /usr/lib/gcc/i686-linux-gnu/5/../../../i386-linux-gnu/crti.o
 *(.rel.bss .rel.bss.* .rel.gnu.linkonce.b.*)
 *(.rel.ifunc)
 .rel.ifunc     0x0000000000010fd4        0x0 /usr/lib/gcc/i686-linux-gnu/5/../../../i386-linux-gnu/crti.o
 .rel.fini_array
                0x0000000000010fd4        0x8 /usr/lib/gcc/i686-linux-gnu/5/../../../i386-linux-gnu/crti.o
 .rel.init_array
                0x0000000000010fdc        0x8 /usr/lib/gcc/i686-linux-gnu/5/../../../i386-linux-gnu/crti.o

.rel.plt        0x0000000000010fe4        0x0
 *(.rel.plt)
 .rel.plt       0x0000000000010fe4        0x0 /usr/lib/gcc/i686-linux-gnu/5/../../../i386-linux-gnu/crti.o
 *(.rel.iplt)

.init           0x0000000000010fe4       0x23
 *(SORT(.init))
 .init          0x0000000000010fe4       0x1e /usr/lib/gcc/i686-linux-gnu/5/../../../i386-linux-gnu/crti.o
                0x0000000000010fe4                _init
 .init          0x0000000000011002        0x5 /usr/lib/gcc/i686-linux-gnu/5/../../../i386-linux-gnu/crtn.o

.plt            0x0000000000011010       0x10
 *(.plt)
 .plt           0x0000000000011010       0x10 /usr/lib/gcc/i686-linux-gnu/5/../../../i386-linux-gnu/crti.o
 *(.iplt)

.plt.got        0x0000000000011020       0x10
 *(.plt.got)
 .plt.got       0x0000000000011020       0x10 /usr/lib/gcc/i686-linux-gnu/5/../../../i386-linux-gnu/crti.o

.text           0x0000000000011030    0x18022
 *(.text.unlikely .text.*_unlikely .text.unlikely.*)
 .text.unlikely
                0x0000000000011030        0x0 /usr/lib/gcc/i686-linux-gnu/5/crtbeginS.o
 .text.unlikely
                0x0000000000011030        0x0 /usr/lib/gcc/i686-linux-gnu/5/libgcc.a(_udivdi3.o)
 *(.text.exit .text.exit.*)
 *(.text.startup .text.startup.*)
 *(.text.hot .text.hot.*)
 *(.text .stub .text.* .gnu.linkonce.t.*)
 .text          0x0000000000011030        0x0 /usr/lib/gcc/i686-linux-gnu/5/../../../i386-linux-gnu/crti.o
 .gnu.linkonce.t.__x86.get_pc_thunk.bx
                0x0000000000011030        0x4 /usr/lib/gcc/i686-linux-gnu/5/../../../i386-linux-gnu/crti.o
                0x0000000000011030                __x86.get_pc_thunk.bx
 *fill*         0x0000000000011034        0xc 
 .text          0x0000000000011040      0x11c /usr/lib/gcc/i686-linux-gnu/5/crtbeginS.o
 .text.__x86.get_pc_thunk.dx
                0x000000000001115c        0x4 /usr/lib/gcc/i686-linux-gnu/5/crtbeginS.o
                0x000000000001115c                __x86.get_pc_thunk.dx
 .text          0x0000000000011160       0xad hydromassage_server.o
 .text          0x000000000001120d      0x283 build/cooja/mtype709.o
                0x000000000001129f                platform_init_stage_one
                0x00000000000112b2                platform_init_stage_two
                0x00000000000112c5                platform_init_stage_three
                0x00000000000112d8                platform_main_loop
                0x000000000001134b                Java_org_contikios_cooja_corecomm_Lib3_init
                0x0000000000011382                Java_org_contikios_cooja_corecomm_Lib3_getMemory
                0x00000000000113b5                Java_org_contikios_cooja_corecomm_Lib3_setMemory
                0x0000000000011415                Java_org_contikios_cooja_corecomm_Lib3_tick
                0x000000000001147d                Java_org_contikios_cooja_corecomm_Lib3_setReferenceAddress
 .text          0x0000000000011490       0x65 build/cooja/mtype709.a(simEnvChange.o)
                0x0000000000011490                doActionsBeforeTick
                0x00000000000114c2                doActionsAfterTick
 .text          0x00000000000114f5       0x83 build/cooja/mtype709.a(cooja_mt.o)
                0x00000000000114f5                cooja_mt_start
                0x000000000001151f                cooja_mt_exec
                0x0000000000011555                cooja_mt_yield
 .text          0x0000000000011578       0xbe build/cooja/mtype709.a(cooja_mtarch.o)
                0x0000000000011578                cooja_mtarch_start
                0x00000000000115eb                cooja_sw
                0x000000000001160e                cooja_mtarch_exec
                0x000000000001162b                cooja_mtarch_yield
 .text          0x0000000000011636       0xc5 build/cooja/mtype709.a(rtimer-arch.o)
                0x0000000000011636                rtimer_arch_init
                0x000000000001165a                rtimer_arch_schedule
                0x000000000001168a                rtimer_arch_next
                0x000000000001169a                rtimer_arch_pending
                0x00000000000116a4                rtimer_arch_check
                0x00000000000116eb                rtimer_arch_now
 .text          0x00000000000116fb       0x81 build/cooja/mtype709.a(beep.o)
                0x00000000000116fb                beep_alarm
                0x0000000000011708                beep_beep
                0x0000000000011715                beep
                0x0000000000011722                beep_down
                0x000000000001172f                beep_on
                0x000000000001173c                beep_off
                0x0000000000011749                beep_spinup
                0x0000000000011756                beep_quick
                0x0000000000011763                beep_long
 .text          0x000000000001177c       0x65 build/cooja/mtype709.a(leds-arch.o)
                0x000000000001178f                leds_arch_init
 .text          0x00000000000117e1       0x35 build/cooja/mtype709.a(moteid.o)
 .text          0x0000000000011816       0xb7 build/cooja/mtype709.a(pir-sensor.o)
 .text          0x00000000000118cd      0x148 build/cooja/mtype709.a(rs232.o)
                0x00000000000118cd                rs232_init
                0x00000000000118d3                rs232_set_speed
                0x00000000000118e2                rs232_set_input
                0x00000000000118f0                rs232_send
                0x0000000000011914                rs232_print
                0x0000000000011930                slip_arch_writeb
 .text          0x0000000000011a15       0xb7 build/cooja/mtype709.a(vib-sensor.o)
 .text          0x0000000000011acc       0x38 build/cooja/mtype709.a(clock.o)
                0x0000000000011acc                clock_init
                0x0000000000011ad2                clock_time
                0x0000000000011adc                clock_seconds
                0x0000000000011af2                clock_delay
 .text          0x0000000000011b04      0x219 build/cooja/mtype709.a(cooja-log.o)
                0x0000000000011b04                simlog_char
                0x0000000000011b47                simlog
                0x0000000000011bbd                log_message
                0x0000000000011bee                log_set_putchar_with_slip
                0x0000000000011bfc                log_putchar
                0x0000000000011c77                log_puts
                0x0000000000011c9f                log_printf
 .text          0x0000000000011d1d      0x2b9 build/cooja/mtype709.a(cfs-cooja.o)
                0x0000000000011d1d                cfs_open
                0x0000000000011d86                cfs_close
                0x0000000000011d93                cfs_read
                0x0000000000011e28                cfs_write
                0x0000000000011f04                cfs_seek
                0x0000000000011f8c                cfs_remove
                0x0000000000011fb0                cfs_opendir
                0x0000000000011fba                cfs_readdir
                0x0000000000011fc4                cfs_closedir
 .text          0x0000000000011fd6      0x620 build/cooja/mtype709.a(cooja-radio.o)
                0x0000000000012018                radio_set_channel
                0x0000000000012026                radio_set_txpower
                0x000000000001203e                radio_signal_strength_last
                0x0000000000012048                radio_signal_strength_current
                0x0000000000012052                radio_LQI
 .text          0x00000000000125f6       0xee build/cooja/mtype709.a(eeprom.o)
                0x00000000000125f6                eeprom_init
                0x00000000000125fc                eeprom_read
                0x000000000001266a                eeprom_write
 .text          0x00000000000126e4       0x2d build/cooja/mtype709.a(random.o)
                0x00000000000126e4                random_init
                0x0000000000012704                random_rand
 .text          0x0000000000012711      0x29c build/cooja/mtype709.a(sensors.o)
                0x000000000001274c                sensors_first
                0x0000000000012756                sensors_next
                0x0000000000012770                sensors_changed
                0x00000000000127a4                sensors_find
 .text          0x00000000000129ad      0x349 build/cooja/mtype709.a(leds.o)
                0x00000000000129ad                leds_init
                0x00000000000129f4                leds_single_on
                0x0000000000012a53                leds_single_off
                0x0000000000012ab2                leds_single_toggle
                0x0000000000012ae4                leds_on
                0x0000000000012b66                leds_off
                0x0000000000012be8                leds_toggle
                0x0000000000012c3d                leds_set
                0x0000000000012c69                leds_get
 .text          0x0000000000012cf6      0x343 build/cooja/mtype709.a(gpio-hal-arch.o)
                0x0000000000012cf6                gpio_hal_arch_register_pin_callback
                0x0000000000012d62                gpio_hal_arch_init
                0x0000000000012da7                gpio_hal_arch_no_port_interrupt_enable
                0x0000000000012dd7                gpio_hal_arch_no_port_interrupt_disable
                0x0000000000012e07                gpio_hal_arch_no_port_pin_cfg_set
                0x0000000000012e2c                gpio_hal_arch_no_port_pin_cfg_get
                0x0000000000012e52                gpio_hal_arch_no_port_pin_set_input
                0x0000000000012e64                gpio_hal_arch_no_port_pin_set_output
                0x0000000000012e76                gpio_hal_arch_no_port_set_pin
                0x0000000000012e97                gpio_hal_arch_no_port_clear_pin
                0x0000000000012eb8                gpio_hal_arch_no_port_read_pin
                0x0000000000012ede                gpio_hal_arch_no_port_write_pin
                0x0000000000012f08                gpio_hal_arch_no_port_set_pins
                0x0000000000012f4f                gpio_hal_arch_no_port_clear_pins
                0x0000000000012f96                gpio_hal_arch_no_port_read_pins
                0x0000000000012fd9                gpio_hal_arch_no_port_write_pins
 .text          0x0000000000013039       0x89 build/cooja/mtype709.a(buttons.o)
 .text          0x00000000000130c2      0x137 build/cooja/mtype709.a(hydromassage_ac)
 .text          0x00000000000131f9      0xbea build/cooja/mtype709.a(coap-engine.o)
                0x000000000001328e                coap_add_handler
                0x00000000000132ab                coap_remove_handler
                0x00000000000132c8                coap_call_handlers
                0x00000000000133d0                coap_receive
                0x00000000000139cb                coap_engine_init
                0x0000000000013a29                coap_activate_resource
                0x0000000000013ad4                coap_get_first_resource
                0x0000000000013aed                coap_get_next_resource
 .text          0x0000000000013de3      0x2d9 build/cooja/mtype709.a(coap-res-well-k)
 .text          0x00000000000140bc      0x96a build/cooja/mtype709.a(coap-observe.o)
                0x00000000000141d1                coap_remove_observer
                0x0000000000014201                coap_remove_observer_by_client
                0x0000000000014269                coap_remove_observer_by_token
                0x00000000000142fc                coap_remove_observer_by_uri
                0x00000000000143a3                coap_remove_observer_by_mid
                0x000000000001441f                coap_notify_observers
                0x0000000000014438                coap_notify_observers_sub
                0x00000000000148a2                coap_observe_handler
                0x00000000000149bd                coap_has_observers
 .text          0x0000000000014a26      0x733 build/cooja/mtype709.a(coap-uip.o)
                0x0000000000014a26                coap_endpoint_log
                0x0000000000014aac                coap_endpoint_print
                0x0000000000014b32                coap_endpoint_snprint
                0x0000000000014c65                coap_endpoint_copy
                0x0000000000014ca2                coap_endpoint_cmp
                0x0000000000014db0                coap_endpoint_parse
                0x0000000000014f9b                coap_endpoint_is_secure
                0x0000000000014faa                coap_endpoint_is_connected
                0x0000000000014fde                coap_endpoint_connect
                0x0000000000014ffa                coap_endpoint_disconnect
                0x0000000000015000                coap_databuf
                0x000000000001500a                coap_transport_init
                0x000000000001505a                coap_sendto
 .text          0x0000000000015159      0x324 build/cooja/mtype709.a(coap-timer.o)
                0x0000000000015256                coap_timer_stop
                0x0000000000015281                coap_timer_set
                0x00000000000152c4                coap_timer_reset
                0x0000000000015307                coap_timer_time_to_next_expiration
                0x0000000000015373                coap_timer_run
                0x000000000001543f                coap_timer_init
 .text          0x000000000001547d      0x2c6 build/cooja/mtype709.a(coap-transactio)
                0x00000000000154e3                coap_new_transaction
                0x0000000000015549                coap_send_transaction
                0x00000000000156aa                coap_clear_transaction
                0x00000000000156f2                coap_get_transaction_by_mid
 .text          0x0000000000015743     0x1c53 build/cooja/mtype709.a(coap.o)
                0x0000000000015cb0                coap_init_connection
                0x0000000000015cc4                coap_get_mid
                0x0000000000015ce0                coap_init_message
                0x0000000000015d29                coap_serialize_message
                0x00000000000163ab                coap_parse_message
                0x0000000000016a12                coap_get_query_variable
                0x0000000000016a54                coap_get_post_variable
                0x0000000000016a98                coap_set_status_code
                0x0000000000016abd                coap_set_token
                0x0000000000016b04                coap_get_header_content_format
                0x0000000000016b35                coap_set_header_content_format
                0x0000000000016b58                coap_get_header_accept
                0x0000000000016b89                coap_set_header_accept
                0x0000000000016bac                coap_get_header_max_age
                0x0000000000016bdd                coap_set_header_max_age
                0x0000000000016bfd                coap_get_header_etag
                0x0000000000016c2f                coap_set_header_etag
                0x0000000000016c86                coap_get_header_if_match
                0x0000000000016cb8                coap_set_header_if_match
                0x0000000000016d0f                coap_get_header_if_none_match
                0x0000000000016d29                coap_set_header_if_none_match
                0x0000000000016d40                coap_get_header_proxy_uri
                0x0000000000016d6e                coap_set_header_proxy_uri
                0x0000000000016dab                coap_get_header_uri_host
                0x0000000000016dd9                coap_set_header_uri_host
                0x0000000000016e16                coap_get_header_uri_path
                0x0000000000016e44                coap_set_header_uri_path
                0x0000000000016e91                coap_get_header_uri_query
                0x0000000000016ec5                coap_set_header_uri_query
                0x0000000000016f1b                coap_get_header_location_path
                0x0000000000016f49                coap_set_header_location_path
                0x0000000000016fe2                coap_get_header_location_query
                0x0000000000017010                coap_set_header_location_query
                0x000000000001705d                coap_get_header_observe
                0x000000000001708c                coap_set_header_observe
                0x00000000000170ac                coap_get_header_block2
                0x0000000000017118                coap_set_header_block2
                0x000000000001718f                coap_get_header_block1
                0x0000000000017204                coap_set_header_block1
                0x000000000001727f                coap_get_header_size2
                0x00000000000172af                coap_set_header_size2
                0x00000000000172d2                coap_get_header_size1
                0x0000000000017302                coap_set_header_size1
                0x0000000000017325                coap_get_payload
                0x000000000001735f                coap_set_payload
 .text          0x0000000000017396      0x332 build/cooja/mtype709.a(contiki-main.o)
                0x0000000000017396                main
 .text          0x00000000000176c8       0x92 build/cooja/mtype709.a(autostart.o)
                0x00000000000176c8                autostart_start
                0x0000000000017712                autostart_exit
 .text          0x000000000001775a      0x355 build/cooja/mtype709.a(ctimer.o)
                0x0000000000017882                ctimer_init
                0x00000000000178b5                ctimer_set
                0x00000000000178db                ctimer_set_with_process
                0x0000000000017958                ctimer_reset
                0x00000000000179ac                ctimer_restart
                0x0000000000017a00                ctimer_stop
                0x0000000000017a50                ctimer_expired
 .text          0x0000000000017aaf      0x394 build/cooja/mtype709.a(log.o)
                0x0000000000017aaf                log_6addr
                0x0000000000017b02                log_6addr_compact_snprint
                0x0000000000017ba0                log_6addr_compact
                0x0000000000017bf3                log_lladdr
                0x0000000000017c65                log_lladdr_compact
                0x0000000000017ccd                log_set_level
                0x0000000000017d88                log_get_level
                0x0000000000017e01                log_level_to_str
 .text          0x0000000000017e43       0x1b build/cooja/mtype709.a(energest.o)
                0x0000000000017e43                energest_init
                0x0000000000017e49                energest_flush
                0x0000000000017e4f                energest_get_total_time
 .text          0x0000000000017e5e      0x43f build/cooja/mtype709.a(etimer.o)
                0x0000000000018082                etimer_request_poll
                0x000000000001810b                etimer_set
                0x0000000000018134                etimer_reset_with_new_interval
                0x0000000000018163                etimer_reset
                0x0000000000018189                etimer_restart
                0x00000000000181af                etimer_adjust
                0x00000000000181cc                etimer_expired
                0x00000000000181df                etimer_expiration_time
                0x00000000000181f1                etimer_start_time
                0x00000000000181fb                etimer_pending
                0x000000000001820d                etimer_next_expiration_time
                0x0000000000018227                etimer_stop
 .text          0x000000000001829d       0x25 build/cooja/mtype709.a(node-id.o)
                0x000000000001829d                node_id_init
 .text          0x00000000000182c2       0xeb build/cooja/mtype709.a(rtimer.o)
                0x00000000000182c2                rtimer_init
                0x00000000000182d0                rtimer_set
                0x000000000001834b                rtimer_run_next
 .text          0x00000000000183ad      0x4fb build/cooja/mtype709.a(process.o)
                0x00000000000183ad                process_alloc_event
                0x00000000000183c2                process_start
                0x000000000001859c                process_exit
                0x00000000000185b9                process_init
                0x000000000001874e                process_run
                0x0000000000018781                process_nevents
                0x000000000001879c                process_post
                0x000000000001882f                process_post_synch
                0x0000000000018864                process_poll
                0x0000000000018894                process_is_running
 .text          0x00000000000188a8       0xb1 build/cooja/mtype709.a(timer.o)
                0x00000000000188a8                timer_set
                0x00000000000188c6                timer_reset
                0x00000000000188f3                timer_restart
                0x0000000000018908                timer_expired
                0x0000000000018935                timer_remaining
 .text          0x0000000000018959      0x28f build/cooja/mtype709.a(list.o)
                0x0000000000018959                list_init
                0x0000000000018968                list_head
                0x0000000000018972                list_copy
                0x0000000000018982                list_tail
                0x00000000000189b8                list_add
                0x0000000000018a04                list_push
                0x0000000000018a30                list_chop
                0x0000000000018a9a                list_pop
                0x0000000000018ac2                list_remove
                0x0000000000018b2a                list_length
                0x0000000000018b58                list_insert
                0x0000000000018b9d                list_item_next
                0x0000000000018bb4                list_contains
 .text          0x0000000000018be8      0x1b5 build/cooja/mtype709.a(memb.o)
                0x0000000000018be8                memb_init
                0x0000000000018c3d                memb_alloc
                0x0000000000018ca0                memb_free
                0x0000000000018d17                memb_inmemb
                0x0000000000018d56                memb_numfree
 .text          0x0000000000018d9d      0x41c build/cooja/mtype709.a(button-hal.o)
                0x0000000000018f16                button_hal_get_by_id
                0x0000000000018f54                button_hal_get_by_index
                0x0000000000018f80                button_hal_get_state
                0x0000000000018fd2                button_hal_init
 .text          0x00000000000191b9      0x1f3 build/cooja/mtype709.a(serial-line.o)
                0x00000000000191b9                serial_line_input_byte
                0x0000000000019377                serial_line_init
 .text          0x00000000000193ac      0x168 build/cooja/mtype709.a(gpio-hal.o)
                0x00000000000193ac                gpio_hal_register_handler
                0x00000000000193c9                gpio_hal_event_handler
                0x0000000000019425                gpio_hal_init
                0x0000000000019444                gpio_hal_arch_port_toggle_pin
                0x0000000000019480                gpio_hal_arch_port_toggle_pins
                0x00000000000194ae                gpio_hal_arch_no_port_toggle_pin
                0x00000000000194ec                gpio_hal_arch_no_port_toggle_pins
 .text          0x0000000000019514      0x2e7 build/cooja/mtype709.a(queuebuf.o)
                0x000000000001951e                queuebuf_init
                0x0000000000019547                queuebuf_numfree
                0x000000000001955f                queuebuf_new_from_packetbuf
                0x00000000000195fe                queuebuf_update_attr_from_packetbuf
                0x0000000000019633                queuebuf_update_from_packetbuf
                0x0000000000019683                queuebuf_free
                0x00000000000196cc                queuebuf_to_packetbuf
                0x0000000000019738                queuebuf_dataptr
                0x0000000000019772                queuebuf_datalen
                0x0000000000019795                queuebuf_addr
                0x00000000000197ca                queuebuf_attr
                0x00000000000197f5                queuebuf_debug_print
 .text          0x00000000000197fb      0x407 build/cooja/mtype709.a(packetbuf.o)
                0x00000000000197fb                packetbuf_clear
                0x0000000000019826                packetbuf_copyfrom
                0x0000000000019875                packetbuf_copyto
                0x0000000000019908                packetbuf_hdralloc
                0x0000000000019984                packetbuf_hdrreduce
                0x00000000000199ca                packetbuf_set_datalen
                0x00000000000199e4                packetbuf_dataptr
                0x0000000000019a01                packetbuf_hdrptr
                0x0000000000019a0b                packetbuf_datalen
                0x0000000000019a17                packetbuf_hdrlen
                0x0000000000019a2e                packetbuf_totlen
                0x0000000000019a44                packetbuf_remaininglen
                0x0000000000019a57                packetbuf_attr_clear
                0x0000000000019aa3                packetbuf_attr_copyto
                0x0000000000019afb                packetbuf_attr_copyfrom
                0x0000000000019b53                packetbuf_set_attr
                0x0000000000019b7d                packetbuf_attr
                0x0000000000019b97                packetbuf_set_addr
                0x0000000000019bc8                packetbuf_addr
                0x0000000000019be5                packetbuf_holds_broadcast
 .text          0x0000000000019c02       0xef build/cooja/mtype709.a(netstack.o)
                0x0000000000019c02                netstack_process_ip_callback
                0x0000000000019c93                netstack_ip_packet_processor_add
                0x0000000000019cb6                uip_ds6_ip_packet_processor_rm
                0x0000000000019cd3                netstack_init
 .text          0x0000000000019cf1       0x4f build/cooja/mtype709.a(linkaddr.o)
                0x0000000000019cf1                linkaddr_copy
                0x0000000000019d07                linkaddr_cmp
                0x0000000000019d2a                linkaddr_set_node_addr
 .text          0x0000000000019d40      0x1f6 build/cooja/mtype709.a(csma.o)
 .text          0x0000000000019f36      0x95d build/cooja/mtype709.a(csma-output.o)
                0x000000000001a5cd                csma_output_packet
                0x000000000001a85a                csma_output_init
 .text          0x000000000001a893      0xc11 build/cooja/mtype709.a(uip-ds6.o)
                0x000000000001a893                uip_ds6_default_prefix
                0x000000000001a89d                uip_ds6_set_default_prefix
                0x000000000001a8c8                uip_ds6_init
                0x000000000001ab2a                uip_ds6_periodic
                0x000000000001abb1                uip_ds6_list_loop
                0x000000000001ac71                uip_ds6_prefix_add
                0x000000000001ad1d                uip_ds6_prefix_rm
                0x000000000001ad30                uip_ds6_prefix_lookup
                0x000000000001ad6f                uip_ds6_is_addr_onlink
                0x000000000001ade2                uip_ds6_addr_add
                0x000000000001af02                uip_ds6_addr_rm
                0x000000000001afab                uip_ds6_addr_lookup
                0x000000000001afe4                uip_ds6_get_link_local
                0x000000000001b065                uip_ds6_get_global
                0x000000000001b0e6                uip_ds6_maddr_add
                0x000000000001b146                uip_ds6_maddr_rm
                0x000000000001b159                uip_ds6_maddr_lookup
                0x000000000001b192                uip_ds6_aaddr_add
                0x000000000001b1f2                uip_ds6_aaddr_rm
                0x000000000001b205                uip_ds6_aaddr_lookup
                0x000000000001b23e                uip_ds6_select_src
                0x000000000001b387                uip_ds6_set_addr_iid
                0x000000000001b3b2                uip_ds6_set_lladdr_from_iid
                0x000000000001b3db                get_match_length
                0x000000000001b46c                uip_ds6_compute_reachable_time
 .text          0x000000000001b4a4      0x128 build/cooja/mtype709.a(uip-udp-packet.)
                0x000000000001b4a4                uip_udp_packet_send
                0x000000000001b4ff                uip_udp_packet_sendto
 .text          0x000000000001b5cc      0x35b build/cooja/mtype709.a(uip-ds6-route.o)
                0x000000000001b61d                uip_ds6_route_init
                0x000000000001b647                uip_ds6_route_nexthop
                0x000000000001b651                uip_ds6_route_head
                0x000000000001b65b                uip_ds6_route_next
                0x000000000001b665                uip_ds6_route_is_nexthop
                0x000000000001b66f                uip_ds6_route_num_routes
                0x000000000001b679                uip_ds6_route_lookup
                0x000000000001b683                uip_ds6_route_add
                0x000000000001b696                uip_ds6_route_rm
                0x000000000001b69c                uip_ds6_route_rm_by_nexthop
                0x000000000001b6a2                uip_ds6_defrt_head
                0x000000000001b6bb                uip_ds6_defrt_add
                0x000000000001b769                uip_ds6_defrt_rm
                0x000000000001b7cf                uip_ds6_defrt_lookup
                0x000000000001b836                uip_ds6_defrt_choose
                0x000000000001b8ac                uip_ds6_defrt_periodic
 .text          0x000000000001b927      0x6f7 build/cooja/mtype709.a(tcpip.o)
                0x000000000001b941                tcpip_output
                0x000000000001b9c0                udp_attach
                0x000000000001b9d8                udp_new
                0x000000000001ba22                udp_broadcast_new
                0x000000000001bb94                tcpip_input
                0x000000000001bd24                tcpip_ipv6_output
                0x000000000001bf18                tcpip_poll_udp
                0x000000000001bf36                tcpip_uipcall
 .text          0x000000000001c01e     0x1205 build/cooja/mtype709.a(uip6.o)
                0x000000000001c0cd                uip_chksum
                0x000000000001c1a4                uip_icmp6chksum
                0x000000000001c1b9                uip_udpchksum
                0x000000000001c1ce                uip_init
                0x000000000001c217                uip_remove_ext_hdr
                0x000000000001c2f1                uip_udp_new
                0x000000000001c605                uip_process
                0x000000000001d0fd                uip_htons
                0x000000000001d11f                uip_htonl
                0x000000000001d15d                uip_send
 .text          0x000000000001d223      0x369 build/cooja/mtype709.a(uip-ds6-nbr.o)
                0x000000000001d223                uip_ds6_neighbors_init
                0x000000000001d247                uip_ds6_nbr_add
                0x000000000001d2cd                uip_ds6_nbr_rm
                0x000000000001d318                uip_ds6_nbr_update_ll
                0x000000000001d406                uip_ds6_nbr_get_ipaddr
                0x000000000001d41b                uip_ds6_nbr_get_ll
                0x000000000001d437                uip_ds6_nbr_num
                0x000000000001d480                uip_ds6_nbr_head
                0x000000000001d499                uip_ds6_nbr_next
                0x000000000001d4b5                uip_ds6_nbr_lookup
                0x000000000001d50d                uip_ds6_nbr_ll_lookup
                0x000000000001d529                uip_ds6_nbr_ipaddr_from_lladdr
                0x000000000001d552                uip_ds6_nbr_lladdr_from_ipaddr
                0x000000000001d586                uip_ds6_link_callback
 .text          0x000000000001d58c      0x6a7 build/cooja/mtype709.a(uip-nd6.o)
                0x000000000001dc1a                uip_nd6_init
 .text          0x000000000001dc33     0x2c17 build/cooja/mtype709.a(sicslowpan.o)
                0x000000000001e23a                netstack_sniffer_add
                0x000000000001e248                netstack_sniffer_remove
                0x000000000002081e                sicslowpan_init
                0x0000000000020840                sicslowpan_get_last_rssi
 .text          0x000000000002084a      0x4d1 build/cooja/mtype709.a(uiplib.o)
                0x000000000002084a                uiplib_ip6addrconv
                0x0000000000020a02                uiplib_ip4addrconv
                0x0000000000020ac5                uiplib_ipaddr_print
                0x0000000000020b18                uiplib_ipaddr_snprint
 .text          0x0000000000020d1b      0x4c9 build/cooja/mtype709.a(rpl.o)
                0x0000000000020d1b                rpl_lollipop_greater_than
                0x0000000000020d75                rpl_get_global_address
                0x0000000000020e6d                rpl_link_callback
                0x0000000000020eb1                rpl_has_joined
                0x0000000000020ed6                rpl_is_reachable
                0x0000000000020f57                rpl_reset_prefix
                0x0000000000020fc1                rpl_set_prefix_from_addr
                0x00000000000210a6                rpl_set_prefix
                0x00000000000211c0                rpl_set_leaf_only
                0x00000000000211d8                rpl_get_leaf_only
 .text          0x00000000000211e4     0x138c build/cooja/mtype709.a(rpl-icmp6.o)
                0x0000000000021309                rpl_icmp6_update_nbr_table
                0x0000000000021392                rpl_icmp6_dis_output
                0x00000000000219d8                rpl_icmp6_dio_output
                0x00000000000221d6                rpl_icmp6_dao_output
                0x00000000000224b7                rpl_icmp6_dao_ack_output
                0x0000000000022527                rpl_icmp6_init
 .text          0x0000000000022570      0x264 build/cooja/mtype709.a(rpl-dag-root.o)
                0x0000000000022570                rpl_dag_root_print_links
                0x000000000002269c                rpl_dag_root_set_prefix
                0x00000000000226c8                rpl_dag_root_start
                0x00000000000227a5                rpl_dag_root_is_root
 .text          0x00000000000227d4       0x30 build/cooja/mtype709.a(watchdog.o)
                0x00000000000227d4                watchdog_init
                0x00000000000227da                watchdog_start
                0x00000000000227e0                watchdog_periodic
                0x00000000000227f8                watchdog_stop
                0x00000000000227fe                watchdog_reboot
 .text          0x0000000000022804       0x4a build/cooja/mtype709.a(int-master.o)
                0x0000000000022804                int_master_enable
                0x0000000000022814                int_master_read_and_disable
                0x0000000000022831                int_master_status_set
                0x000000000002283f                int_master_is_enabled
 .text          0x000000000002284e      0x226 build/cooja/mtype709.a(coap-timer-defa)
 .text          0x0000000000022a74       0xc7 build/cooja/mtype709.a(stimer.o)
                0x0000000000022a74                stimer_set
                0x0000000000022a92                stimer_reset
                0x0000000000022abf                stimer_restart
                0x0000000000022ad4                stimer_expired
                0x0000000000022aff                stimer_remaining
                0x0000000000022b23                stimer_elapsed
 .text          0x0000000000022b3b      0x156 build/cooja/mtype709.a(ringbuf.o)
                0x0000000000022b3b                ringbuf_init
                0x0000000000022b6d                ringbuf_put
                0x0000000000022beb                ringbuf_get
                0x0000000000022c58                ringbuf_size
                0x0000000000022c6a                ringbuf_elements
 .text          0x0000000000022c91       0x1f build/cooja/mtype709.a(assert.o)
                0x0000000000022c91                _xassert
 .text          0x0000000000022cb0      0x79b build/cooja/mtype709.a(nbr-table.o)
                0x0000000000023129                nbr_table_register
                0x0000000000023196                nbr_table_is_registered
                0x00000000000231d1                nbr_table_head
                0x000000000002322c                nbr_table_next
                0x000000000002328d                nbr_table_add_lladdr
                0x0000000000023367                nbr_table_get_from_lladdr
                0x00000000000233b3                nbr_table_remove
                0x00000000000233eb                nbr_table_lock
                0x0000000000023405                nbr_table_unlock
                0x000000000002341f                nbr_table_get_lladdr
 .text          0x000000000002344b      0x3a5 build/cooja/mtype709.a(link-stats.o)
                0x000000000002344b                link_stats_from_lladdr
                0x0000000000023467                link_stats_get_lladdr
                0x0000000000023483                link_stats_is_fresh
                0x00000000000234bf                guess_etx_from_rssi
                0x000000000002353b                link_stats_packet_sent
                0x000000000002365b                link_stats_input_callback
                0x000000000002376b                link_stats_reset
                0x00000000000237bb                link_stats_init
 .text          0x00000000000237f0      0x187 build/cooja/mtype709.a(mac-sequence.o)
                0x00000000000237f0                mac_sequence_is_duplicate
                0x0000000000023890                mac_sequence_register_seqno
 .text          0x0000000000023977       0x23 build/cooja/mtype709.a(mac.o)
                0x0000000000023977                mac_call_sent_callback
 .text          0x000000000002399a      0x432 build/cooja/mtype709.a(framer-802154.o)
                0x0000000000023b29                framer_802154_setup_params
 .text          0x0000000000023dcc      0xb6f build/cooja/mtype709.a(frame802154.o)
                0x0000000000023dfd                frame802154_get_pan_id
                0x0000000000023e09                frame802154_set_pan_id
                0x0000000000023e23                frame802154_has_panid
                0x0000000000023fd2                frame802154_check_dest_panid
                0x000000000002405a                frame802154_is_broadcast_addr
                0x00000000000240a7                frame802154_extract_linkaddr
                0x000000000002430c                frame802154_hdrlen
                0x000000000002437f                frame802154_create_fcf
                0x0000000000024437                frame802154_create
                0x00000000000245ac                frame802154_parse_fcf
                0x000000000002468e                frame802154_parse
 .text          0x000000000002493b       0x2d build/cooja/mtype709.a(csma-security.o)
                0x000000000002493b                csma_security_create_frame
                0x0000000000024959                csma_security_parse_frame
 .text          0x0000000000024968      0x4e4 build/cooja/mtype709.a(uipbuf.o)
                0x0000000000024968                uipbuf_clear
                0x000000000002498f                uipbuf_add_ext_hdr
                0x0000000000024a0f                uipbuf_set_len
                0x0000000000024a3c                uipbuf_set_len_field
                0x0000000000024a68                uipbuf_get_len_field
                0x0000000000024a88                uipbuf_get_next_header
                0x0000000000024bba                uipbuf_get_last_header
                0x0000000000024c33                uipbuf_search_header
                0x0000000000024ce9                uipbuf_get_attr
                0x0000000000024d10                uipbuf_set_attr
                0x0000000000024d47                uipbuf_set_default_attr
                0x0000000000024d7e                uipbuf_clear_attr
                0x0000000000024da2                uipbuf_set_attr_flag
                0x0000000000024dc3                uipbuf_clr_attr_flag
                0x0000000000024dea                uipbuf_is_attr_flag
                0x0000000000024e0e                uipbuf_init
 .text          0x0000000000024e4c      0x73f build/cooja/mtype709.a(uip-icmp6.o)
                0x0000000000024ec1                uip_icmp6_input
                0x0000000000024f18                uip_icmp6_register_input_handler
                0x000000000002506b                uip_icmp6_error_output
                0x000000000002531c                uip_icmp6_send
                0x0000000000025513                uip_icmp6_echo_reply_callback_add
                0x0000000000025545                uip_icmp6_echo_reply_callback_rm
                0x0000000000025562                uip_icmp6_init
 .text          0x000000000002558b      0x69b build/cooja/mtype709.a(uip-sr.o)
                0x000000000002558b                uip_sr_num_nodes
                0x0000000000025619                uip_sr_get_node
                0x0000000000025670                uip_sr_is_addr_reachable
                0x000000000002571e                uip_sr_expire_parent
                0x0000000000025767                uip_sr_update_node
                0x0000000000025897                uip_sr_init
                0x00000000000258cb                uip_sr_node_head
                0x00000000000258e4                uip_sr_node_next
                0x00000000000258fa                uip_sr_periodic
                0x0000000000025a00                uip_sr_free_all
                0x0000000000025a70                uip_sr_link_snprint
 .text          0x0000000000025c26      0x146 build/cooja/mtype709.a(uip-packetqueue)
                0x0000000000025c54                uip_packetqueue_new
                0x0000000000025c63                uip_packetqueue_alloc
                0x0000000000025cbe                uip_packetqueue_free
                0x0000000000025d05                uip_packetqueue_buf
                0x0000000000025d22                uip_packetqueue_buflen
                0x0000000000025d43                uip_packetqueue_set_buflen
 .text          0x0000000000025d6c      0x1b0 build/cooja/mtype709.a(rpl-nbr-policy.)
                0x0000000000025ed9                rpl_nbr_policy_find_removable
 .text          0x0000000000025f1c      0x915 build/cooja/mtype709.a(rpl-neighbor.o)
                0x0000000000025f98                rpl_neighbor_snprint
                0x000000000002624b                rpl_neighbor_print_list
                0x0000000000026300                rpl_neighbor_count
                0x00000000000263a7                rpl_neighbor_get_from_lladdr
                0x00000000000263c3                rpl_neighbor_is_acceptable_parent
                0x00000000000263f7                rpl_neighbor_get_link_metric
                0x000000000002642b                rpl_neighbor_rank_via_nbr
                0x000000000002645f                rpl_neighbor_get_lladdr
                0x000000000002647b                rpl_neighbor_get_ipaddr
                0x00000000000264a2                rpl_neighbor_get_link_stats
                0x00000000000264c9                rpl_neighbor_is_fresh
                0x00000000000264f0                rpl_neighbor_is_reachable
                0x000000000002653b                rpl_neighbor_is_parent
                0x0000000000026565                rpl_neighbor_set_preferred_parent
                0x00000000000265fc                rpl_neighbor_remove_all
                0x0000000000026658                rpl_neighbor_get_from_ipaddr
                0x0000000000026766                rpl_neighbor_select_best
                0x0000000000026812                rpl_neighbor_init
 .text          0x0000000000026831      0xe69 build/cooja/mtype709.a(rpl-dag.o)
                0x0000000000026831                rpl_dag_state_to_str
                0x0000000000026870                rpl_dag_get_root_ipaddr
                0x00000000000268b8                rpl_dag_leave
                0x0000000000026941                rpl_dag_poison_and_leave
                0x0000000000026959                rpl_dag_periodic
                0x00000000000269e1                rpl_is_addr_in_our_dag
                0x0000000000026a25                rpl_get_default_instance
                0x0000000000026a41                rpl_get_any_dag
                0x0000000000026a9a                rpl_refresh_routes
                0x0000000000026ada                rpl_global_repair
                0x0000000000026b73                rpl_local_repair
                0x0000000000026bbd                rpl_dag_ready_to_advertise
                0x0000000000026c00                rpl_dag_update_state
                0x000000000002732d                rpl_process_dio
                0x00000000000273ab                rpl_process_dis
                0x00000000000273f0                rpl_process_dao
                0x000000000002747f                rpl_process_dao_ack
                0x0000000000027516                rpl_process_hbh
                0x0000000000027566                rpl_dag_init_root
                0x000000000002767a                rpl_dag_init
 .text          0x000000000002769a      0x9e7 build/cooja/mtype709.a(rpl-timers.o)
                0x000000000002769a                rpl_timers_schedule_periodic_dis
                0x00000000000277e8                rpl_timers_dio_reset
                0x00000000000278f6                rpl_timers_schedule_unicast_dio
                0x0000000000027a4a                rpl_timers_schedule_dao
                0x0000000000027b09                rpl_timers_schedule_dao_ack
                0x0000000000027b8f                rpl_timers_notify_dao_ack
                0x0000000000027bed                get_probing_delay
                0x0000000000027c21                get_probing_target
                0x0000000000027e0b                rpl_schedule_probing
                0x0000000000027e39                rpl_schedule_probing_now
                0x0000000000027ea3                rpl_timers_unschedule_leaving
                0x0000000000027edb                rpl_timers_schedule_leaving
                0x0000000000027f1c                rpl_timers_init
                0x0000000000027fac                rpl_timers_stop_dag_timers
                0x0000000000028025                rpl_timers_unschedule_state_update
                0x0000000000028049                rpl_timers_schedule_state_update
 .text          0x0000000000028081      0xb8e build/cooja/mtype709.a(rpl-ext-header.)
                0x0000000000028081                rpl_ext_header_srh_get_next_hop
                0x0000000000028168                rpl_ext_header_srh_update
                0x00000000000286d4                rpl_ext_header_hbh_update
                0x00000000000289d4                rpl_ext_header_update
                0x0000000000028a5d                rpl_ext_header_remove
 .text          0x0000000000028c0f      0x31b build/cooja/mtype709.a(rpl-mrhof.o)
 *fill*         0x0000000000028f2a        0x6 
 .text          0x0000000000028f30      0x122 /usr/lib/gcc/i686-linux-gnu/5/libgcc.a(_udivdi3.o)
                0x0000000000028f30                __udivdi3
 .text          0x0000000000029052        0x0 /usr/lib/gcc/i686-linux-gnu/5/crtendS.o
 .text          0x0000000000029052        0x0 /usr/lib/gcc/i686-linux-gnu/5/../../../i386-linux-gnu/crtn.o
 *(.gnu.warning)

.fini           0x0000000000029054       0x14
 *(SORT(.fini))
 .fini          0x0000000000029054        0xf /usr/lib/gcc/i686-linux-gnu/5/../../../i386-linux-gnu/crti.o
                0x0000000000029054                _fini
 .fini          0x0000000000029063        0x5 /usr/lib/gcc/i686-linux-gnu/5/../../../i386-linux-gnu/crtn.o
                [!provide]                        PROVIDE (__etext, .)
                [!provide]                        PROVIDE (_etext, .)
                [!provide]                        PROVIDE (etext, .)

.rodata         0x0000000000029080      0xa2b
 *(.rodata .rodata.* .gnu.linkonce.r.*)
 .rodata        0x0000000000029080       0x78 hydromassage_server.o
                0x00000000000290a4                autostart_processes
 .rodata        0x00000000000290f8        0x8 build/cooja/mtype709.a(beep.o)
                0x00000000000290f8                beep_interface
 .rodata        0x0000000000029100        0xe build/cooja/mtype709.a(leds-arch.o)
                0x0000000000029100                leds_interface
                0x0000000000029108                leds_arch_leds
 *fill*         0x000000000002910e        0x2 
 .rodata        0x0000000000029110        0x8 build/cooja/mtype709.a(moteid.o)
                0x0000000000029110                moteid_interface
 .rodata        0x0000000000029118       0x1c build/cooja/mtype709.a(pir-sensor.o)
                0x0000000000029118                pir_interface
                0x0000000000029124                pir_sensor
 .rodata        0x0000000000029134        0xe build/cooja/mtype709.a(rs232.o)
                0x0000000000029134                rs232_interface
 *fill*         0x0000000000029142        0x2 
 .rodata        0x0000000000029144       0x24 build/cooja/mtype709.a(vib-sensor.o)
                0x0000000000029144                vib_interface
                0x0000000000029158                vib_sensor
 .rodata        0x0000000000029168        0x8 build/cooja/mtype709.a(clock.o)
                0x0000000000029168                clock_interface
 .rodata        0x0000000000029170        0x8 build/cooja/mtype709.a(cooja-log.o)
                0x0000000000029170                simlog_interface
 .rodata        0x0000000000029178       0x2f build/cooja/mtype709.a(cfs-cooja.o)
                0x0000000000029178                cfs_interface
 *fill*         0x00000000000291a7       0x19 
 .rodata        0x00000000000291c0       0xb8 build/cooja/mtype709.a(cooja-radio.o)
                0x00000000000291c0                radio_interface
                0x0000000000029240                cooja_radio_driver
 .rodata        0x0000000000029278        0x8 build/cooja/mtype709.a(eeprom.o)
                0x0000000000029278                eeprom_interface
 .rodata        0x0000000000029280        0x8 build/cooja/mtype709.a(sensors.o)
 .rodata        0x0000000000029288       0x2c build/cooja/mtype709.a(buttons.o)
                0x0000000000029288                button_interface
                0x000000000002929c                button_hal_button_count
                0x00000000000292a4                button_sensor
 .rodata        0x00000000000292b4       0x50 build/cooja/mtype709.a(hydromassage_ac)
 .rodata        0x0000000000029304       0x41 build/cooja/mtype709.a(coap-engine.o)
 .rodata        0x0000000000029345       0x19 build/cooja/mtype709.a(coap-res-well-k)
 .rodata        0x000000000002935e       0x11 build/cooja/mtype709.a(coap-observe.o)
 .rodata        0x000000000002936f       0x35 build/cooja/mtype709.a(coap-uip.o)
 .rodata        0x00000000000293a4      0x1ac build/cooja/mtype709.a(coap.o)
 .rodata        0x0000000000029550       0xf8 build/cooja/mtype709.a(contiki-main.o)
 .rodata        0x0000000000029648        0xf build/cooja/mtype709.a(ctimer.o)
 *fill*         0x0000000000029657        0x1 
 .rodata        0x0000000000029658       0xc4 build/cooja/mtype709.a(log.o)
 .rodata        0x000000000002971c        0xc build/cooja/mtype709.a(etimer.o)
 .rodata        0x0000000000029728       0x13 build/cooja/mtype709.a(button-hal.o)
 .rodata        0x000000000002973b        0xe build/cooja/mtype709.a(serial-line.o)
 *fill*         0x0000000000029749        0x3 
 .rodata        0x000000000002974c        0x8 build/cooja/mtype709.a(linkaddr.o)
                0x000000000002974c                linkaddr_null
 .rodata        0x0000000000029754       0x24 build/cooja/mtype709.a(csma.o)
                0x000000000002975c                csma_driver
 .rodata        0x0000000000029778       0x27 build/cooja/mtype709.a(csma-output.o)
 *fill*         0x000000000002979f        0x1 
 .rodata        0x00000000000297a0       0x4d build/cooja/mtype709.a(uip-ds6-route.o)
 .rodata        0x00000000000297ed        0xd build/cooja/mtype709.a(tcpip.o)
 *fill*         0x00000000000297fa        0x2 
 .rodata        0x00000000000297fc       0x30 build/cooja/mtype709.a(sicslowpan.o)
                0x00000000000297fc                unc_llconf
                0x0000000000029800                unc_ctxconf
                0x0000000000029804                unc_mxconf
                0x0000000000029808                llprefix
                0x000000000002981c                sicslowpan_driver
 .rodata        0x000000000002982c       0x2d build/cooja/mtype709.a(uiplib.o)
 *fill*         0x0000000000029859        0x7 
 .rodata        0x0000000000029860       0x74 build/cooja/mtype709.a(rpl.o)
                0x0000000000029880                rpl_lite_driver
 .rodata        0x00000000000298d4       0x20 build/cooja/mtype709.a(coap-timer-defa)
                0x00000000000298e8                coap_timer_default_driver
 .rodata        0x00000000000298f4       0x25 build/cooja/mtype709.a(assert.o)
 *fill*         0x0000000000029919        0x3 
 .rodata        0x000000000002991c        0xc build/cooja/mtype709.a(framer-802154.o)
                0x000000000002991c                framer_802154
 .rodata        0x0000000000029928       0x44 build/cooja/mtype709.a(uip-sr.o)
 .rodata        0x000000000002996c       0x58 build/cooja/mtype709.a(rpl-neighbor.o)
 .rodata        0x00000000000299c4       0xdb build/cooja/mtype709.a(rpl-dag.o)
 .rodata        0x0000000000029a9f        0xc build/cooja/mtype709.a(rpl-timers.o)

.rodata1
 *(.rodata1)

.eh_frame_hdr   0x0000000000029aac     0x19b4
 *(.eh_frame_hdr)
 .eh_frame_hdr  0x0000000000029aac     0x19b4 hydromassage_server.o
                0x0000000000029aac                __GNU_EH_FRAME_HDR
 *(.eh_frame_entry .eh_frame_entry.*)

.eh_frame       0x000000000002b460     0x6844
 *(.eh_frame)
 .eh_frame      0x000000000002b460       0x3c /usr/lib/gcc/i686-linux-gnu/5/../../../i386-linux-gnu/crti.o
                                         0x40 (size before relaxing)
 .eh_frame      0x000000000002b49c       0x20 hydromassage_server.o
                                         0x38 (size before relaxing)
 .eh_frame      0x000000000002b4bc      0x178 build/cooja/mtype709.o
                                        0x190 (size before relaxing)
 .eh_frame      0x000000000002b634       0x40 build/cooja/mtype709.a(simEnvChange.o)
                                         0x58 (size before relaxing)
 .eh_frame      0x000000000002b674       0x60 build/cooja/mtype709.a(cooja_mt.o)
                                         0x78 (size before relaxing)
 .eh_frame      0x000000000002b6d4       0x80 build/cooja/mtype709.a(cooja_mtarch.o)
                                         0x98 (size before relaxing)
 .eh_frame      0x000000000002b754       0xc8 build/cooja/mtype709.a(rtimer-arch.o)
                                         0xe0 (size before relaxing)
 .eh_frame      0x000000000002b81c      0x160 build/cooja/mtype709.a(beep.o)
                                        0x178 (size before relaxing)
 .eh_frame      0x000000000002b97c       0x80 build/cooja/mtype709.a(leds-arch.o)
                                         0x98 (size before relaxing)
 .eh_frame      0x000000000002b9fc       0x40 build/cooja/mtype709.a(moteid.o)
                                         0x58 (size before relaxing)
 .eh_frame      0x000000000002ba3c       0xa0 build/cooja/mtype709.a(pir-sensor.o)
                                         0xb8 (size before relaxing)
 .eh_frame      0x000000000002badc      0x100 build/cooja/mtype709.a(rs232.o)
                                        0x118 (size before relaxing)
 .eh_frame      0x000000000002bbdc       0xa0 build/cooja/mtype709.a(vib-sensor.o)
                                         0xb8 (size before relaxing)
 .eh_frame      0x000000000002bc7c       0xc0 build/cooja/mtype709.a(clock.o)
                                         0xd8 (size before relaxing)
 .eh_frame      0x000000000002bd3c      0x120 build/cooja/mtype709.a(cooja-log.o)
                                        0x138 (size before relaxing)
 .eh_frame      0x000000000002be5c      0x160 build/cooja/mtype709.a(cfs-cooja.o)
                                        0x178 (size before relaxing)
 .eh_frame      0x000000000002bfbc      0x340 build/cooja/mtype709.a(cooja-radio.o)
                                        0x358 (size before relaxing)
 .eh_frame      0x000000000002c2fc       0xa0 build/cooja/mtype709.a(eeprom.o)
                                         0xb8 (size before relaxing)
 .eh_frame      0x000000000002c39c       0x40 build/cooja/mtype709.a(random.o)
                                         0x58 (size before relaxing)
 .eh_frame      0x000000000002c3dc       0xc0 build/cooja/mtype709.a(sensors.o)
                                         0xd8 (size before relaxing)
 .eh_frame      0x000000000002c49c      0x120 build/cooja/mtype709.a(leds.o)
                                        0x138 (size before relaxing)
 .eh_frame      0x000000000002c5bc      0x220 build/cooja/mtype709.a(gpio-hal-arch.o)
                                        0x238 (size before relaxing)
 .eh_frame      0x000000000002c7dc       0xa0 build/cooja/mtype709.a(buttons.o)
                                         0xb8 (size before relaxing)
 .eh_frame      0x000000000002c87c       0x20 build/cooja/mtype709.a(hydromassage_ac)
                                         0x38 (size before relaxing)
 .eh_frame      0x000000000002c89c      0x220 build/cooja/mtype709.a(coap-engine.o)
                                        0x238 (size before relaxing)
 .eh_frame      0x000000000002cabc       0x24 build/cooja/mtype709.a(coap-res-well-k)
                                         0x3c (size before relaxing)
 .eh_frame      0x000000000002cae0      0x188 build/cooja/mtype709.a(coap-observe.o)
                                        0x1a0 (size before relaxing)
 .eh_frame      0x000000000002cc68      0x250 build/cooja/mtype709.a(coap-uip.o)
                                        0x268 (size before relaxing)
 .eh_frame      0x000000000002ceb8      0x114 build/cooja/mtype709.a(coap-timer.o)
                                        0x12c (size before relaxing)
 .eh_frame      0x000000000002cfcc      0x100 build/cooja/mtype709.a(coap-transactio)
                                        0x118 (size before relaxing)
 .eh_frame      0x000000000002d0cc      0x6ec build/cooja/mtype709.a(coap.o)
                                        0x704 (size before relaxing)
 .eh_frame      0x000000000002d7b8       0x30 build/cooja/mtype709.a(contiki-main.o)
                                         0x48 (size before relaxing)
 .eh_frame      0x000000000002d7e8       0x40 build/cooja/mtype709.a(autostart.o)
                                         0x58 (size before relaxing)
 .eh_frame      0x000000000002d828      0x100 build/cooja/mtype709.a(ctimer.o)
                                        0x118 (size before relaxing)
 .eh_frame      0x000000000002d928      0x100 build/cooja/mtype709.a(log.o)
                                        0x118 (size before relaxing)
 .eh_frame      0x000000000002da28       0x60 build/cooja/mtype709.a(energest.o)
                                         0x78 (size before relaxing)
 .eh_frame      0x000000000002da88      0x1e0 build/cooja/mtype709.a(etimer.o)
                                        0x1f8 (size before relaxing)
 .eh_frame      0x000000000002dc68       0x20 build/cooja/mtype709.a(node-id.o)
                                         0x38 (size before relaxing)
 .eh_frame      0x000000000002dc88       0x60 build/cooja/mtype709.a(rtimer.o)
                                         0x78 (size before relaxing)
 .eh_frame      0x000000000002dce8      0x1c4 build/cooja/mtype709.a(process.o)
                                        0x1dc (size before relaxing)
 .eh_frame      0x000000000002deac       0xa4 build/cooja/mtype709.a(timer.o)
                                         0xbc (size before relaxing)
 .eh_frame      0x000000000002df50      0x1a0 build/cooja/mtype709.a(list.o)
                                        0x1b8 (size before relaxing)
 .eh_frame      0x000000000002e0f0       0xa0 build/cooja/mtype709.a(memb.o)
                                         0xb8 (size before relaxing)
 .eh_frame      0x000000000002e190      0x144 build/cooja/mtype709.a(button-hal.o)
                                        0x15c (size before relaxing)
 .eh_frame      0x000000000002e2d4       0x60 build/cooja/mtype709.a(serial-line.o)
                                         0x78 (size before relaxing)
 .eh_frame      0x000000000002e334       0xe0 build/cooja/mtype709.a(gpio-hal.o)
                                         0xf8 (size before relaxing)
 .eh_frame      0x000000000002e414      0x1a0 build/cooja/mtype709.a(queuebuf.o)
                                        0x1b8 (size before relaxing)
 .eh_frame      0x000000000002e5b4      0x28c build/cooja/mtype709.a(packetbuf.o)
                                        0x2a4 (size before relaxing)
 .eh_frame      0x000000000002e840       0x80 build/cooja/mtype709.a(netstack.o)
                                         0x98 (size before relaxing)
 .eh_frame      0x000000000002e8c0       0x60 build/cooja/mtype709.a(linkaddr.o)
                                         0x78 (size before relaxing)
 .eh_frame      0x000000000002e920       0xe0 build/cooja/mtype709.a(csma.o)
                                         0xf8 (size before relaxing)
 .eh_frame      0x000000000002ea00      0x1d0 build/cooja/mtype709.a(csma-output.o)
                                        0x1e8 (size before relaxing)
 .eh_frame      0x000000000002ebd0      0x328 build/cooja/mtype709.a(uip-ds6.o)
                                        0x340 (size before relaxing)
 .eh_frame      0x000000000002eef8       0x40 build/cooja/mtype709.a(uip-udp-packet.)
                                         0x58 (size before relaxing)
 .eh_frame      0x000000000002ef38      0x220 build/cooja/mtype709.a(uip-ds6-route.o)
                                        0x238 (size before relaxing)
 .eh_frame      0x000000000002f158      0x244 build/cooja/mtype709.a(tcpip.o)
                                        0x25c (size before relaxing)
 .eh_frame      0x000000000002f39c      0x1e8 build/cooja/mtype709.a(uip6.o)
                                        0x200 (size before relaxing)
 .eh_frame      0x000000000002f584      0x1c0 build/cooja/mtype709.a(uip-ds6-nbr.o)
                                        0x1d8 (size before relaxing)
 .eh_frame      0x000000000002f744       0x84 build/cooja/mtype709.a(uip-nd6.o)
                                         0x9c (size before relaxing)
 .eh_frame      0x000000000002f7c8      0x2f8 build/cooja/mtype709.a(sicslowpan.o)
                                        0x310 (size before relaxing)
 .eh_frame      0x000000000002fac0       0x88 build/cooja/mtype709.a(uiplib.o)
                                         0xa0 (size before relaxing)
 .eh_frame      0x000000000002fb48      0x1e0 build/cooja/mtype709.a(rpl.o)
                                        0x1f8 (size before relaxing)
 .eh_frame      0x000000000002fd28      0x1c4 build/cooja/mtype709.a(rpl-icmp6.o)
                                        0x1dc (size before relaxing)
 .eh_frame      0x000000000002feec       0xa0 build/cooja/mtype709.a(rpl-dag-root.o)
                                         0xb8 (size before relaxing)
 .eh_frame      0x000000000002ff8c       0xa0 build/cooja/mtype709.a(watchdog.o)
                                         0xb8 (size before relaxing)
 .eh_frame      0x000000000003002c       0x80 build/cooja/mtype709.a(int-master.o)
                                         0x98 (size before relaxing)
 .eh_frame      0x00000000000300ac       0xa4 build/cooja/mtype709.a(coap-timer-defa)
                                         0xbc (size before relaxing)
 .eh_frame      0x0000000000030150       0xc4 build/cooja/mtype709.a(stimer.o)
                                         0xdc (size before relaxing)
 .eh_frame      0x0000000000030214       0xa0 build/cooja/mtype709.a(ringbuf.o)
                                         0xb8 (size before relaxing)
 .eh_frame      0x00000000000302b4       0x20 build/cooja/mtype709.a(assert.o)
                                         0x38 (size before relaxing)
 .eh_frame      0x00000000000302d4      0x2ac build/cooja/mtype709.a(nbr-table.o)
                                        0x2c4 (size before relaxing)
 .eh_frame      0x0000000000030580      0x120 build/cooja/mtype709.a(link-stats.o)
                                        0x138 (size before relaxing)
 .eh_frame      0x00000000000306a0       0x48 build/cooja/mtype709.a(mac-sequence.o)
                                         0x60 (size before relaxing)
 .eh_frame      0x00000000000306e8       0x20 build/cooja/mtype709.a(mac.o)
                                         0x38 (size before relaxing)
 .eh_frame      0x0000000000030708       0xa4 build/cooja/mtype709.a(framer-802154.o)
                                         0xbc (size before relaxing)
 .eh_frame      0x00000000000307ac      0x1a4 build/cooja/mtype709.a(frame802154.o)
                                        0x1bc (size before relaxing)
 .eh_frame      0x0000000000030950       0x40 build/cooja/mtype709.a(csma-security.o)
                                         0x58 (size before relaxing)
 .eh_frame      0x0000000000030990      0x200 build/cooja/mtype709.a(uipbuf.o)
                                        0x218 (size before relaxing)
 .eh_frame      0x0000000000030b90      0x150 build/cooja/mtype709.a(uip-icmp6.o)
                                        0x168 (size before relaxing)
 .eh_frame      0x0000000000030ce0      0x184 build/cooja/mtype709.a(uip-sr.o)
                                        0x19c (size before relaxing)
 .eh_frame      0x0000000000030e64       0xe0 build/cooja/mtype709.a(uip-packetqueue)
                                         0xf8 (size before relaxing)
 .eh_frame      0x0000000000030f44       0x80 build/cooja/mtype709.a(rpl-nbr-policy.)
                                         0x98 (size before relaxing)
 .eh_frame      0x0000000000030fc4      0x2d4 build/cooja/mtype709.a(rpl-neighbor.o)
                                        0x2ec (size before relaxing)
 .eh_frame      0x0000000000031298      0x370 build/cooja/mtype709.a(rpl-dag.o)
                                        0x388 (size before relaxing)
 .eh_frame      0x0000000000031608      0x3a8 build/cooja/mtype709.a(rpl-timers.o)
                                        0x3c0 (size before relaxing)
 .eh_frame      0x00000000000319b0      0x124 build/cooja/mtype709.a(rpl-ext-header.)
                                        0x13c (size before relaxing)
 .eh_frame      0x0000000000031ad4      0x148 build/cooja/mtype709.a(rpl-mrhof.o)
                                        0x160 (size before relaxing)
 .eh_frame      0x0000000000031c1c       0x84 /usr/lib/gcc/i686-linux-gnu/5/libgcc.a(_udivdi3.o)
                                         0x9c (size before relaxing)
 .eh_frame      0x0000000000031ca0        0x4 /usr/lib/gcc/i686-linux-gnu/5/crtendS.o
 *(.eh_frame.*)

.gcc_except_table
 *(.gcc_except_table .gcc_except_table.*)

.gnu_extab
 *(.gnu_extab*)

.exception_ranges
 *(.exception_ranges .exception_ranges*)
                0x0000000000032f10                . = DATA_SEGMENT_ALIGN (0x1000, 0x1000)

.eh_frame
 *(.eh_frame)
 *(.eh_frame.*)

.gnu_extab
 *(.gnu_extab)

.gcc_except_table
 *(.gcc_except_table .gcc_except_table.*)

.exception_ranges
 *(.exception_ranges .exception_ranges*)

.tdata
 *(.tdata .tdata.* .gnu.linkonce.td.*)

.tbss
 *(.tbss .tbss.* .gnu.linkonce.tb.*)
 *(.tcommon)

.preinit_array
 *(.preinit_array)

.init_array     0x0000000000032f10        0x4
 *(SORT(.init_array.*) SORT(.ctors.*))
 *(.init_array EXCLUDE_FILE(*crtend?.o *crtend.o *crtbegin?.o *crtbegin.o) .ctors)
 .init_array    0x0000000000032f10        0x4 /usr/lib/gcc/i686-linux-gnu/5/crtbeginS.o

.fini_array     0x0000000000032f14        0x4
 *(SORT(.fini_array.*) SORT(.dtors.*))
 *(.fini_array EXCLUDE_FILE(*crtend?.o *crtend.o *crtbegin?.o *crtbegin.o) .dtors)
 .fini_array    0x0000000000032f14        0x4 /usr/lib/gcc/i686-linux-gnu/5/crtbeginS.o

.ctors
 *crtbegin.o(.ctors)
 *crtbegin?.o(.ctors)
 *(EXCLUDE_FILE(*crtend?.o *crtend.o) .ctors)
 *(SORT(.ctors.*))
 *(.ctors)

.dtors
 *crtbegin.o(.dtors)
 *crtbegin?.o(.dtors)
 *(EXCLUDE_FILE(*crtend?.o *crtend.o) .dtors)
 *(SORT(.dtors.*))
 *(.dtors)

.jcr            0x0000000000032f18        0x4
 *(.jcr)
 .jcr           0x0000000000032f18        0x0 /usr/lib/gcc/i686-linux-gnu/5/crtbeginS.o
 .jcr           0x0000000000032f18        0x4 /usr/lib/gcc/i686-linux-gnu/5/crtendS.o

.data.rel.ro
 *(.data.rel.ro.local* .gnu.linkonce.d.rel.ro.local.*)
 *(.data.rel.ro .data.rel.ro.* .gnu.linkonce.d.rel.ro.*)

.dynamic        0x0000000000032f1c       0xd0
 *(.dynamic)
 .dynamic       0x0000000000032f1c       0xd0 /usr/lib/gcc/i686-linux-gnu/5/../../../i386-linux-gnu/crti.o
                0x0000000000032f1c                _DYNAMIC

.got            0x0000000000032fec       0x14
 *(.got)
 .got           0x0000000000032fec       0x14 /usr/lib/gcc/i686-linux-gnu/5/../../../i386-linux-gnu/crti.o
 *(.igot)
                0x0000000000033ff4                . = DATA_SEGMENT_RELRO_END (., (SIZEOF (.got.plt) >= 0xc)?0xc:0x0)

.got.plt        0x0000000000033000        0xc
 *(.got.plt)
 .got.plt       0x0000000000033000        0xc /usr/lib/gcc/i686-linux-gnu/5/../../../i386-linux-gnu/crti.o
                0x0000000000033000                _GLOBAL_OFFSET_TABLE_
 *(.igot.plt)

.data           0x0000000000033020      0x444
 *(.data .data.* .gnu.linkonce.d.*)
 .data          0x0000000000033020        0x0 /usr/lib/gcc/i686-linux-gnu/5/../../../i386-linux-gnu/crti.o
 .data          0x0000000000033020        0x0 /usr/lib/gcc/i686-linux-gnu/5/crtbeginS.o
 .data.rel.local
                0x0000000000033020        0x4 /usr/lib/gcc/i686-linux-gnu/5/crtbeginS.o
                0x0000000000033020                __dso_handle
 .data          0x0000000000033024       0x10 hydromassage_server.o
                0x0000000000033024                hydromassage_server
 *fill*         0x0000000000033034        0xc 
 .data          0x0000000000033040       0x44 build/cooja/mtype709.o
                0x0000000000033040                simInterfaces
                0x0000000000033074                sensors
 .data          0x0000000000033084        0x0 build/cooja/mtype709.a(simEnvChange.o)
 .data          0x0000000000033084        0x0 build/cooja/mtype709.a(cooja_mt.o)
 .data          0x0000000000033084        0x0 build/cooja/mtype709.a(cooja_mtarch.o)
 .data          0x0000000000033084        0x0 build/cooja/mtype709.a(rtimer-arch.o)
 .data          0x0000000000033084        0x0 build/cooja/mtype709.a(beep.o)
 .data          0x0000000000033084        0x0 build/cooja/mtype709.a(leds-arch.o)
 .data          0x0000000000033084        0x0 build/cooja/mtype709.a(moteid.o)
 .data          0x0000000000033084        0x0 build/cooja/mtype709.a(pir-sensor.o)
 .data          0x0000000000033084        0x0 build/cooja/mtype709.a(rs232.o)
 .data          0x0000000000033084        0x0 build/cooja/mtype709.a(vib-sensor.o)
 .data          0x0000000000033084        0x0 build/cooja/mtype709.a(clock.o)
 .data          0x0000000000033084        0x0 build/cooja/mtype709.a(cooja-log.o)
 .data          0x0000000000033084        0x0 build/cooja/mtype709.a(cfs-cooja.o)
 .data          0x0000000000033084       0x2c build/cooja/mtype709.a(cooja-radio.o)
                0x0000000000033084                simRadioHWOn
                0x0000000000033088                simSignalStrength
                0x000000000003308c                simLastSignalStrength
                0x0000000000033090                simPower
                0x0000000000033094                simRadioChannel
                0x0000000000033098                simLQI
                0x00000000000330a0                cooja_radio_process
 .data          0x00000000000330b0        0x0 build/cooja/mtype709.a(eeprom.o)
 .data          0x00000000000330b0        0x0 build/cooja/mtype709.a(random.o)
 .data          0x00000000000330b0       0x10 build/cooja/mtype709.a(sensors.o)
                0x00000000000330b0                sensors_process
 .data          0x00000000000330c0        0x0 build/cooja/mtype709.a(leds.o)
 .data          0x00000000000330c0        0x0 build/cooja/mtype709.a(gpio-hal-arch.o)
 .data          0x00000000000330c0       0x78 build/cooja/mtype709.a(buttons.o)
                0x00000000000330c0                simButtonIsActive
                0x0000000000033130                button_hal_buttons
 *fill*         0x0000000000033138        0x8 
 .data          0x0000000000033140       0x24 build/cooja/mtype709.a(hydromassage_ac)
                0x0000000000033140                hydromassage_actuator
 .data          0x0000000000033164        0x8 build/cooja/mtype709.a(coap-engine.o)
 *fill*         0x000000000003316c       0x14 
 .data          0x0000000000033180       0x24 build/cooja/mtype709.a(coap-res-well-k)
                0x0000000000033180                res_well_known_core
 .data          0x00000000000331a4       0x10 build/cooja/mtype709.a(coap-observe.o)
 .data          0x00000000000331b4       0x10 build/cooja/mtype709.a(coap-uip.o)
                0x00000000000331b4                coap_engine
 .data          0x00000000000331c4        0x4 build/cooja/mtype709.a(coap-timer.o)
 .data          0x00000000000331c8       0x10 build/cooja/mtype709.a(coap-transactio)
 .data          0x00000000000331d8        0x4 build/cooja/mtype709.a(coap.o)
                0x00000000000331d8                coap_error_message
 .data          0x00000000000331dc        0x0 build/cooja/mtype709.a(contiki-main.o)
 .data          0x00000000000331dc        0x0 build/cooja/mtype709.a(autostart.o)
 .data          0x00000000000331dc       0x14 build/cooja/mtype709.a(ctimer.o)
                0x00000000000331e0                ctimer_process
 *fill*         0x00000000000331f0       0x10 
 .data          0x0000000000033200       0xbc build/cooja/mtype709.a(log.o)
                0x0000000000033200                curr_log_level_main
                0x0000000000033220                all_modules
 .data          0x00000000000332bc        0x0 build/cooja/mtype709.a(energest.o)
 .data          0x00000000000332bc       0x10 build/cooja/mtype709.a(etimer.o)
                0x00000000000332bc                etimer_process
 .data          0x00000000000332cc        0x0 build/cooja/mtype709.a(node-id.o)
 .data          0x00000000000332cc        0x0 build/cooja/mtype709.a(rtimer.o)
 .data          0x00000000000332cc        0x0 build/cooja/mtype709.a(process.o)
 .data          0x00000000000332cc        0x0 build/cooja/mtype709.a(timer.o)
 .data          0x00000000000332cc        0x0 build/cooja/mtype709.a(list.o)
 .data          0x00000000000332cc        0x0 build/cooja/mtype709.a(memb.o)
 .data          0x00000000000332cc       0x10 build/cooja/mtype709.a(button-hal.o)
                0x00000000000332cc                button_hal_process
 .data          0x00000000000332dc       0x10 build/cooja/mtype709.a(serial-line.o)
                0x00000000000332dc                serial_line_process
 .data          0x00000000000332ec        0x4 build/cooja/mtype709.a(gpio-hal.o)
 .data          0x00000000000332f0       0x18 build/cooja/mtype709.a(queuebuf.o)
 .data          0x0000000000033308        0x4 build/cooja/mtype709.a(packetbuf.o)
 .data          0x000000000003330c        0x4 build/cooja/mtype709.a(netstack.o)
 .data          0x0000000000033310        0x0 build/cooja/mtype709.a(linkaddr.o)
 .data          0x0000000000033310        0x0 build/cooja/mtype709.a(csma.o)
 .data          0x0000000000033310       0x28 build/cooja/mtype709.a(csma-output.o)
 .data          0x0000000000033338        0x0 build/cooja/mtype709.a(uip-ds6.o)
 .data          0x0000000000033338        0x0 build/cooja/mtype709.a(uip-udp-packet.)
 .data          0x0000000000033338       0x10 build/cooja/mtype709.a(uip-ds6-route.o)
 .data          0x0000000000033348       0x10 build/cooja/mtype709.a(tcpip.o)
                0x0000000000033348                tcpip_process
 .data          0x0000000000033358        0x0 build/cooja/mtype709.a(uip6.o)
 .data          0x0000000000033358       0x14 build/cooja/mtype709.a(uip-ds6-nbr.o)
 .data          0x000000000003336c        0xc build/cooja/mtype709.a(uip-nd6.o)
 .data          0x0000000000033378        0x0 build/cooja/mtype709.a(sicslowpan.o)
 .data          0x0000000000033378        0x0 build/cooja/mtype709.a(uiplib.o)
 .data          0x0000000000033378        0x0 build/cooja/mtype709.a(rpl.o)
 .data          0x0000000000033378       0x30 build/cooja/mtype709.a(rpl-icmp6.o)
 .data          0x00000000000333a8        0x0 build/cooja/mtype709.a(rpl-dag-root.o)
 .data          0x00000000000333a8        0x0 build/cooja/mtype709.a(watchdog.o)
 .data          0x00000000000333a8        0x0 build/cooja/mtype709.a(int-master.o)
 .data          0x00000000000333a8       0x10 build/cooja/mtype709.a(coap-timer-defa)
                0x00000000000333a8                coap_timer_process
 .data          0x00000000000333b8        0x0 build/cooja/mtype709.a(stimer.o)
 .data          0x00000000000333b8        0x0 build/cooja/mtype709.a(ringbuf.o)
 .data          0x00000000000333b8        0x0 build/cooja/mtype709.a(assert.o)
 .data          0x00000000000333b8       0x10 build/cooja/mtype709.a(nbr-table.o)
 .data          0x00000000000333c8       0x14 build/cooja/mtype709.a(link-stats.o)
 .data          0x00000000000333dc        0x0 build/cooja/mtype709.a(mac-sequence.o)
 .data          0x00000000000333dc        0x0 build/cooja/mtype709.a(mac.o)
 .data          0x00000000000333dc        0x0 build/cooja/mtype709.a(framer-802154.o)
 .data          0x00000000000333dc        0x2 build/cooja/mtype709.a(frame802154.o)
 .data          0x00000000000333de        0x0 build/cooja/mtype709.a(csma-security.o)
 .data          0x00000000000333de        0x0 build/cooja/mtype709.a(uipbuf.o)
 *fill*         0x00000000000333de        0x2 
 .data          0x00000000000333e0       0x20 build/cooja/mtype709.a(uip-icmp6.o)
 .data          0x0000000000033400       0x10 build/cooja/mtype709.a(uip-sr.o)
 .data          0x0000000000033410        0xc build/cooja/mtype709.a(uip-packetqueue)
 .data          0x000000000003341c        0x0 build/cooja/mtype709.a(rpl-nbr-policy.)
 .data          0x000000000003341c       0x14 build/cooja/mtype709.a(rpl-neighbor.o)
                0x000000000003342c                rpl_neighbors
 .data          0x0000000000033430        0x0 build/cooja/mtype709.a(rpl-dag.o)
 .data          0x0000000000033430        0x0 build/cooja/mtype709.a(rpl-timers.o)
 .data          0x0000000000033430        0x0 build/cooja/mtype709.a(rpl-ext-header.)
 *fill*         0x0000000000033430       0x10 
 .data          0x0000000000033440       0x24 build/cooja/mtype709.a(rpl-mrhof.o)
                0x0000000000033440                rpl_mrhof
 .data          0x0000000000033464        0x0 /usr/lib/gcc/i686-linux-gnu/5/libgcc.a(_udivdi3.o)
 .data          0x0000000000033464        0x0 /usr/lib/gcc/i686-linux-gnu/5/crtendS.o
 .data          0x0000000000033464        0x0 /usr/lib/gcc/i686-linux-gnu/5/../../../i386-linux-gnu/crtn.o

.tm_clone_table
                0x0000000000033464        0x0
 .tm_clone_table
                0x0000000000033464        0x0 /usr/lib/gcc/i686-linux-gnu/5/crtbeginS.o
 .tm_clone_table
                0x0000000000033464        0x0 /usr/lib/gcc/i686-linux-gnu/5/crtendS.o

.data1
 *(.data1)
                0x0000000000033464                _edata = .
                [!provide]                        PROVIDE (edata, .)
                0x0000000000033464                . = .
                0x0000000000033464                __bss_start = .

.bss            0x0000000000033480    0x13e44
 *(.dynbss)
 .dynbss        0x0000000000033480        0x0 /usr/lib/gcc/i686-linux-gnu/5/../../../i386-linux-gnu/crti.o
 *(.bss .bss.* .gnu.linkonce.b.*)
 .bss           0x0000000000033480        0x0 /usr/lib/gcc/i686-linux-gnu/5/../../../i386-linux-gnu/crti.o
 .bss           0x0000000000033480        0x1 /usr/lib/gcc/i686-linux-gnu/5/crtbeginS.o
 .bss           0x0000000000033481        0x0 hydromassage_server.o
 *fill*         0x0000000000033481       0x1f 
 .bss           0x00000000000334a0     0x2030 build/cooja/mtype709.o
 .bss           0x00000000000354d0        0x1 build/cooja/mtype709.a(simEnvChange.o)
                0x00000000000354d0                simDontFallAsleep
 *fill*         0x00000000000354d1        0x3 
 .bss           0x00000000000354d4        0x4 build/cooja/mtype709.a(cooja_mt.o)
 .bss           0x00000000000354d8        0x4 build/cooja/mtype709.a(cooja_mtarch.o)
 .bss           0x00000000000354dc        0x0 build/cooja/mtype709.a(rtimer-arch.o)
 .bss           0x00000000000354dc        0x0 build/cooja/mtype709.a(beep.o)
 .bss           0x00000000000354dc        0x1 build/cooja/mtype709.a(leds-arch.o)
                0x00000000000354dc                simLedsValue
 .bss           0x00000000000354dd        0x0 build/cooja/mtype709.a(moteid.o)
 .bss           0x00000000000354dd        0x1 build/cooja/mtype709.a(pir-sensor.o)
                0x00000000000354dd                simPirValue
 *fill*         0x00000000000354de        0x2 
 .bss           0x00000000000354e0        0x4 build/cooja/mtype709.a(rs232.o)
 .bss           0x00000000000354e4        0x1 build/cooja/mtype709.a(vib-sensor.o)
                0x00000000000354e4                simVibValue
 .bss           0x00000000000354e5        0x0 build/cooja/mtype709.a(clock.o)
 *fill*         0x00000000000354e5       0x1b 
 .bss           0x0000000000035500     0x2020 build/cooja/mtype709.a(cooja-log.o)
 .bss           0x0000000000037520      0xfc0 build/cooja/mtype709.a(cfs-cooja.o)
                0x0000000000037520                simCFSData
                0x00000000000384c0                simCFSSize
                0x00000000000384c4                simCFSChanged
                0x00000000000384c8                simCFSRead
                0x00000000000384cc                simCFSWritten
 .bss           0x00000000000384e0       0x24 build/cooja/mtype709.a(cooja-radio.o)
                0x00000000000384e0                simReceiving
                0x00000000000384e4                simInSize
                0x00000000000384e8                simLastPacketTimestamp
                0x00000000000384f0                simOutSize
 .bss           0x0000000000038504        0xc build/cooja/mtype709.a(eeprom.o)
                0x0000000000038504                simEEPROMChanged
                0x0000000000038508                simEEPROMRead
                0x000000000003850c                simEEPROMWritten
 .bss           0x0000000000038510        0x0 build/cooja/mtype709.a(random.o)
 .bss           0x0000000000038510        0xc build/cooja/mtype709.a(sensors.o)
 .bss           0x000000000003851c        0x0 build/cooja/mtype709.a(leds.o)
 .bss           0x000000000003851c       0x24 build/cooja/mtype709.a(gpio-hal-arch.o)
 .bss           0x0000000000038540        0x0 build/cooja/mtype709.a(buttons.o)
 .bss           0x0000000000038540        0x4 build/cooja/mtype709.a(hydromassage_ac)
 *fill*         0x0000000000038544       0x1c 
 .bss           0x0000000000038560      0x190 build/cooja/mtype709.a(coap-engine.o)
 .bss           0x00000000000386f0        0x0 build/cooja/mtype709.a(coap-res-well-k)
 *fill*         0x00000000000386f0       0x10 
 .bss           0x0000000000038700      0x120 build/cooja/mtype709.a(coap-observe.o)
 .bss           0x0000000000038820       0x18 build/cooja/mtype709.a(coap-uip.o)
 .bss           0x0000000000038838        0x5 build/cooja/mtype709.a(coap-timer.o)
 *fill*         0x000000000003883d        0x3 
 .bss           0x0000000000038840      0x334 build/cooja/mtype709.a(coap-transactio)
 .bss           0x0000000000038b74        0x6 build/cooja/mtype709.a(coap.o)
                0x0000000000038b74                coap_status_code
 .bss           0x0000000000038b7a        0x0 build/cooja/mtype709.a(contiki-main.o)
 .bss           0x0000000000038b7a        0x0 build/cooja/mtype709.a(autostart.o)
 *fill*         0x0000000000038b7a        0x2 
 .bss           0x0000000000038b7c        0x5 build/cooja/mtype709.a(ctimer.o)
 *fill*         0x0000000000038b81        0x3 
 .bss           0x0000000000038b84       0x2c build/cooja/mtype709.a(log.o)
                0x0000000000038b84                curr_log_level_rpl
                0x0000000000038b88                curr_log_level_tcpip
                0x0000000000038b8c                curr_log_level_ipv6
                0x0000000000038b90                curr_log_level_6lowpan
                0x0000000000038b94                curr_log_level_nullnet
                0x0000000000038b98                curr_log_level_mac
                0x0000000000038b9c                curr_log_level_framer
                0x0000000000038ba0                curr_log_level_6top
                0x0000000000038ba4                curr_log_level_coap
                0x0000000000038ba8                curr_log_level_snmp
                0x0000000000038bac                curr_log_level_lwm2m
 .bss           0x0000000000038bb0        0x0 build/cooja/mtype709.a(energest.o)
 .bss           0x0000000000038bb0        0x8 build/cooja/mtype709.a(etimer.o)
 .bss           0x0000000000038bb8        0x2 build/cooja/mtype709.a(node-id.o)
                0x0000000000038bb8                node_id
 *fill*         0x0000000000038bba        0x2 
 .bss           0x0000000000038bbc        0x4 build/cooja/mtype709.a(rtimer.o)
 .bss           0x0000000000038bc0      0x1a1 build/cooja/mtype709.a(process.o)
                0x0000000000038bc0                process_list
                0x0000000000038bc4                process_current
 .bss           0x0000000000038d61        0x0 build/cooja/mtype709.a(timer.o)
 .bss           0x0000000000038d61        0x0 build/cooja/mtype709.a(list.o)
 .bss           0x0000000000038d61        0x0 build/cooja/mtype709.a(memb.o)
 *fill*         0x0000000000038d61        0x3 
 .bss           0x0000000000038d64       0x10 build/cooja/mtype709.a(button-hal.o)
 *fill*         0x0000000000038d74        0xc 
 .bss           0x0000000000038d80      0x140 build/cooja/mtype709.a(serial-line.o)
 .bss           0x0000000000038ec0        0x4 build/cooja/mtype709.a(gpio-hal.o)
 *fill*         0x0000000000038ec4       0x1c 
 .bss           0x0000000000038ee0     0x2c80 build/cooja/mtype709.a(queuebuf.o)
 .bss           0x000000000003bb60       0xa0 build/cooja/mtype709.a(packetbuf.o)
 .bss           0x000000000003bc00        0x4 build/cooja/mtype709.a(netstack.o)
 .bss           0x000000000003bc04        0x0 build/cooja/mtype709.a(linkaddr.o)
 .bss           0x000000000003bc04        0x0 build/cooja/mtype709.a(csma.o)
 *fill*         0x000000000003bc04       0x1c 
 .bss           0x000000000003bc20      0x726 build/cooja/mtype709.a(csma-output.o)
 *fill*         0x000000000003c346        0x2 
 .bss           0x000000000003c348       0x30 build/cooja/mtype709.a(uip-ds6.o)
 .bss           0x000000000003c378        0x0 build/cooja/mtype709.a(uip-udp-packet.)
 *fill*         0x000000000003c378        0x8 
 .bss           0x000000000003c380       0x60 build/cooja/mtype709.a(uip-ds6-route.o)
 .bss           0x000000000003c3e0       0x10 build/cooja/mtype709.a(tcpip.o)
 .bss           0x000000000003c3f0        0x8 build/cooja/mtype709.a(uip6.o)
                0x000000000003c3f0                uip_ext_bitmap
                0x000000000003c3f2                uip_ext_len
                0x000000000003c3f4                uip_last_proto
 *fill*         0x000000000003c3f8        0x8 
 .bss           0x000000000003c400     0x1c20 build/cooja/mtype709.a(uip-ds6-nbr.o)
 .bss           0x000000000003e020       0x10 build/cooja/mtype709.a(uip-nd6.o)
 *fill*         0x000000000003e030       0x10 
 .bss           0x000000000003e040      0x724 build/cooja/mtype709.a(sicslowpan.o)
 .bss           0x000000000003e764        0x0 build/cooja/mtype709.a(uiplib.o)
 .bss           0x000000000003e764        0x1 build/cooja/mtype709.a(rpl.o)
 .bss           0x000000000003e765        0x0 build/cooja/mtype709.a(rpl-icmp6.o)
 *fill*         0x000000000003e765        0x3 
 .bss           0x000000000003e768       0x11 build/cooja/mtype709.a(rpl-dag-root.o)
 .bss           0x000000000003e779        0x0 build/cooja/mtype709.a(watchdog.o)
 *fill*         0x000000000003e779        0x3 
 .bss           0x000000000003e77c        0x4 build/cooja/mtype709.a(int-master.o)
 .bss           0x000000000003e780       0x1c build/cooja/mtype709.a(coap-timer-defa)
 .bss           0x000000000003e79c        0x0 build/cooja/mtype709.a(stimer.o)
 .bss           0x000000000003e79c        0x0 build/cooja/mtype709.a(ringbuf.o)
 .bss           0x000000000003e79c        0x0 build/cooja/mtype709.a(assert.o)
 *fill*         0x000000000003e79c        0x4 
 .bss           0x000000000003e7a0     0x1214 build/cooja/mtype709.a(nbr-table.o)
 *fill*         0x000000000003f9b4        0xc 