Archive member included to satisfy reference by file (symbol)

build/cooja/mtype346.a(simEnvChange.o)
                              build/cooja/mtype346.o (simDontFallAsleep)
build/cooja/mtype346.a(cooja_mt.o)
                              build/cooja/mtype346.o (cooja_mt_start)
build/cooja/mtype346.a(cooja_mtarch.o)
                              build/cooja/mtype346.a(cooja_mt.o) (cooja_mtarch_start)
build/cooja/mtype346.a(rtimer-arch.o)
                              build/cooja/mtype346.o (rtimer_arch_check)
build/cooja/mtype346.a(beep.o)
                              build/cooja/mtype346.o (beep_interface)
build/cooja/mtype346.a(leds-arch.o)
                              build/cooja/mtype346.o (leds_interface)
build/cooja/mtype346.a(moteid.o)
                              build/cooja/mtype346.o (moteid_interface)
build/cooja/mtype346.a(pir-sensor.o)
                              build/cooja/mtype346.o (pir_interface)
build/cooja/mtype346.a(rs232.o)
                              build/cooja/mtype346.o (rs232_interface)
build/cooja/mtype346.a(vib-sensor.o)
                              build/cooja/mtype346.o (vib_interface)
build/cooja/mtype346.a(clock.o)
                              build/cooja/mtype346.o (clock_interface)
build/cooja/mtype346.a(cooja-log.o)
                              build/cooja/mtype346.o (simlog_interface)
build/cooja/mtype346.a(cfs-cooja.o)
                              build/cooja/mtype346.o (cfs_interface)
build/cooja/mtype346.a(cooja-radio.o)
                              build/cooja/mtype346.o (radio_interface)
build/cooja/mtype346.a(eeprom.o)
                              build/cooja/mtype346.o (eeprom_interface)
build/cooja/mtype346.a(random.o)
                              build/cooja/mtype346.a(moteid.o) (random_init)
build/cooja/mtype346.a(sensors.o)
                              build/cooja/mtype346.a(pir-sensor.o) (sensors_changed)
build/cooja/mtype346.a(leds.o)
                              hydromassage_server.o (leds_off)
build/cooja/mtype346.a(gpio-hal-arch.o)
                              build/cooja/mtype346.a(leds-arch.o) (gpio_hal_arch_register_pin_callback)
build/cooja/mtype346.a(buttons.o)
                              build/cooja/mtype346.o (button_interface)
build/cooja/mtype346.a(hydromassage_ac)
                              hydromassage_server.o (hydromassage_actuator)
build/cooja/mtype346.a(coap-blocking-a)
                              hydromassage_server.o (coap_blocking_request)
build/cooja/mtype346.a(coap-engine.o)
                              hydromassage_server.o (coap_activate_resource)
build/cooja/mtype346.a(coap-res-well-k)
                              build/cooja/mtype346.a(coap-engine.o) (res_well_known_core)
build/cooja/mtype346.a(coap-observe.o)
                              build/cooja/mtype346.a(coap-engine.o) (coap_remove_observer_by_mid)
build/cooja/mtype346.a(coap-uip.o)
                              build/cooja/mtype346.a(coap-observe.o) (coap_endpoint_copy)
build/cooja/mtype346.a(coap-timer.o)
                              build/cooja/mtype346.a(coap-engine.o) (coap_timer_set)
build/cooja/mtype346.a(coap-transactio)
                              build/cooja/mtype346.a(coap-blocking-a) (coap_send_transaction)
build/cooja/mtype346.a(coap.o)
                              build/cooja/mtype346.a(coap-engine.o) (coap_status_code)
build/cooja/mtype346.a(contiki-main.o)
                              build/cooja/mtype346.o (main)
build/cooja/mtype346.a(autostart.o)
                              build/cooja/mtype346.a(contiki-main.o) (autostart_start)
build/cooja/mtype346.a(ctimer.o)
                              build/cooja/mtype346.a(contiki-main.o) (ctimer_init)
build/cooja/mtype346.a(log.o)
                              build/cooja/mtype346.a(contiki-main.o) (curr_log_level_main)
build/cooja/mtype346.a(energest.o)
                              build/cooja/mtype346.a(contiki-main.o) (energest_init)
build/cooja/mtype346.a(etimer.o)
                              build/cooja/mtype346.a(contiki-main.o) (etimer_process)
build/cooja/mtype346.a(node-id.o)
                              build/cooja/mtype346.a(contiki-main.o) (node_id)
build/cooja/mtype346.a(rtimer.o)
                              build/cooja/mtype346.a(contiki-main.o) (rtimer_init)
build/cooja/mtype346.a(process.o)
                              hydromassage_server.o (process_current)
build/cooja/mtype346.a(timer.o)
                              build/cooja/mtype346.a(etimer.o) (timer_set)
build/cooja/mtype346.a(list.o)
                              build/cooja/mtype346.a(coap-engine.o) (list_init)
build/cooja/mtype346.a(memb.o)
                              build/cooja/mtype346.a(coap-observe.o) (memb_alloc)
build/cooja/mtype346.a(button-hal.o)
                              build/cooja/mtype346.o (button_hal_init)
build/cooja/mtype346.a(serial-line.o)
                              build/cooja/mtype346.a(rs232.o) (serial_line_input_byte)
build/cooja/mtype346.a(gpio-hal.o)
[...]
Memory Configuration

Name             Origin             Length             Attributes
*default*        0x0000000000000000 0xffffffffffffffff

Linker script and memory map

LOAD /usr/lib/gcc/i686-linux-gnu/5/../../../i386-linux-gnu/crti.o
LOAD /usr/lib/gcc/i686-linux-gnu/5/crtbeginS.o
LOAD hydromassage_server.o
LOAD build/cooja/mtype346.o
LOAD build/cooja/mtype346.a
LOAD /usr/lib/gcc/i686-linux-gnu/5/libgcc.a
LOAD /usr/lib/gcc/i686-linux-gnu/5/libgcc_s.so
LOAD /usr/lib/gcc/i686-linux-gnu/5/../../../i386-linux-gnu/libc.so
START GROUP
LOAD /lib/i386-linux-gnu/libc.so.6
LOAD /usr/lib/i386-linux-gnu/libc_nonshared.a
LOAD /lib/i386-linux-gnu/ld-linux.so.2
END GROUP
LOAD /usr/lib/gcc/i686-linux-gnu/5/libgcc.a
LOAD /usr/lib/gcc/i686-linux-gnu/5/libgcc_s.so
LOAD /usr/lib/gcc/i686-linux-gnu/5/crtendS.o
LOAD /usr/lib/gcc/i686-linux-gnu/5/../../../i386-linux-gnu/crtn.o
                0x0000000000000114                . = (0x0 + SIZEOF_HEADERS)

.note.gnu.build-id
                0x0000000000000114       0x24
 *(.note.gnu.build-id)
 .note.gnu.build-id
                0x0000000000000114       0x24 /usr/lib/gcc/i686-linux-gnu/5/../../../i386-linux-gnu/crti.o

.hash
 *(.hash)

.gnu.hash       0x0000000000000138     0x1590
 *(.gnu.hash)
 .gnu.hash      0x0000000000000138     0x1590 /usr/lib/gcc/i686-linux-gnu/5/../../../i386-linux-gnu/crti.o

.dynsym         0x00000000000016c8     0x2ec0
 *(.dynsym)
 .dynsym        0x00000000000016c8     0x2ec0 /usr/lib/gcc/i686-linux-gnu/5/../../../i386-linux-gnu/crti.o

.dynstr         0x0000000000004588     0x369c
 *(.dynstr)
 .dynstr        0x0000000000004588     0x369c /usr/lib/gcc/i686-linux-gnu/5/../../../i386-linux-gnu/crti.o

.gnu.version    0x0000000000007c24      0x5d8
 *(.gnu.version)
 .gnu.version   0x0000000000007c24      0x5d8 /usr/lib/gcc/i686-linux-gnu/5/../../../i386-linux-gnu/crti.o

.gnu.version_d  0x00000000000081fc        0x0
 *(.gnu.version_d)
 .gnu.version_d
                0x00000000000081fc        0x0 /usr/lib/gcc/i686-linux-gnu/5/../../../i386-linux-gnu/crti.o

.gnu.version_r  0x00000000000081fc       0x40
 *(.gnu.version_r)
 .gnu.version_r
                0x00000000000081fc       0x40 /usr/lib/gcc/i686-linux-gnu/5/../../../i386-linux-gnu/crti.o

.rel.dyn        0x000000000000823c     0x9000
 *(.rel.init)
 .rel.init      0x000000000000823c        0x0 /usr/lib/gcc/i686-linux-gnu/5/../../../i386-linux-gnu/crti.o
 *(.rel.text .rel.text.* .rel.gnu.linkonce.t.*)
 .rel.text      0x000000000000823c     0x8650 /usr/lib/gcc/i686-linux-gnu/5/../../../i386-linux-gnu/crti.o
 *(.rel.fini)
 .rel.fini      0x000000000001088c        0x0 /usr/lib/gcc/i686-linux-gnu/5/../../../i386-linux-gnu/crti.o
 *(.rel.rodata .rel.rodata.* .rel.gnu.linkonce.r.*)
 .rel.rodata    0x000000000001088c      0x588 /usr/lib/gcc/i686-linux-gnu/5/../../../i386-linux-gnu/crti.o
 *(.rel.data.rel.ro .rel.data.rel.ro.* .rel.gnu.linkonce.d.rel.ro.*)
 *(.rel.data .rel.data.* .rel.gnu.linkonce.d.*)
 .rel.data.rel.local
                0x0000000000010e14        0x8 /usr/lib/gcc/i686-linux-gnu/5/../../../i386-linux-gnu/crti.o
 .rel.data      0x0000000000010e1c      0x3e8 /usr/lib/gcc/i686-linux-gnu/5/../../../i386-linux-gnu/crti.o
 *(.rel.tdata .rel.tdata.* .rel.gnu.linkonce.td.*)
 *(.rel.tbss .rel.tbss.* .rel.gnu.linkonce.tb.*)
 *(.rel.ctors)
 *(.rel.dtors)
 *(.rel.got)
 .rel.got       0x0000000000011204       0x28 /usr/lib/gcc/i686-linux-gnu/5/../../../i386-linux-gnu/crti.o
 *(.rel.bss .rel.bss.* .rel.gnu.linkonce.b.*)
 *(.rel.ifunc)
 .rel.ifunc     0x000000000001122c        0x0 /usr/lib/gcc/i686-linux-gnu/5/../../../i386-linux-gnu/crti.o
 .rel.fini_array
                0x000000000001122c        0x8 /usr/lib/gcc/i686-linux-gnu/5/../../../i386-linux-gnu/crti.o
 .rel.init_array
                0x0000000000011234        0x8 /usr/lib/gcc/i686-linux-gnu/5/../../../i386-linux-gnu/crti.o

.rel.plt        0x000000000001123c        0x0
 *(.rel.plt)
 .rel.plt       0x000000000001123c        0x0 /usr/lib/gcc/i686-linux-gnu/5/../../../i386-linux-gnu/crti.o
 *(.rel.iplt)

.init           0x000000000001123c       0x23
 *(SORT(.init))
 .init          0x000000000001123c       0x1e /usr/lib/gcc/i686-linux-gnu/5/../../../i386-linux-gnu/crti.o
                0x000000000001123c                _init
 .init          0x000000000001125a        0x5 /usr/lib/gcc/i686-linux-gnu/5/../../../i386-linux-gnu/crtn.o

.plt            0x0000000000011260       0x10
 *(.plt)
 .plt           0x0000000000011260       0x10 /usr/lib/gcc/i686-linux-gnu/5/../../../i386-linux-gnu/crti.o
 *(.iplt)

.plt.got        0x0000000000011270       0x10
 *(.plt.got)
 .plt.got       0x0000000000011270       0x10 /usr/lib/gcc/i686-linux-gnu/5/../../../i386-linux-gnu/crti.o

.text           0x0000000000011280    0x184b2
 *(.text.unlikely .text.*_unlikely .text.unlikely.*)
 .text.unlikely
                0x0000000000011280        0x0 /usr/lib/gcc/i686-linux-gnu/5/crtbeginS.o
 .text.unlikely
                0x0000000000011280        0x0 /usr/lib/gcc/i686-linux-gnu/5/libgcc.a(_udivdi3.o)
 *(.text.exit .text.exit.*)
 *(.text.startup .text.startup.*)
 *(.text.hot .text.hot.*)
 *(.text .stub .text.* .gnu.linkonce.t.*)
 .text          0x0000000000011280        0x0 /usr/lib/gcc/i686-linux-gnu/5/../../../i386-linux-gnu/crti.o
 .gnu.linkonce.t.__x86.get_pc_thunk.bx
                0x0000000000011280        0x4 /usr/lib/gcc/i686-linux-gnu/5/../../../i386-linux-gnu/crti.o
                0x0000000000011280                __x86.get_pc_thunk.bx
 *fill*         0x0000000000011284        0xc 
 .text          0x0000000000011290      0x11c /usr/lib/gcc/i686-linux-gnu/5/crtbeginS.o
 .text.__x86.get_pc_thunk.dx
                0x00000000000113ac        0x4 /usr/lib/gcc/i686-linux-gnu/5/crtbeginS.o
                0x00000000000113ac                __x86.get_pc_thunk.dx
 .text          0x00000000000113b0      0x29a hydromassage_server.o
                0x00000000000113b0                client_chunk_handler
 .text          0x000000000001164a      0x283 build/cooja/mtype346.o
                0x00000000000116dc                platform_init_stage_one
                0x00000000000116ef                platform_init_stage_two
                0x0000000000011702                platform_init_stage_three
                0x0000000000011715                platform_main_loop
                0x0000000000011788                Java_org_contikios_cooja_corecomm_Lib12_init
                0x00000000000117bf                Java_org_contikios_cooja_corecomm_Lib12_getMemory
                0x00000000000117f2                Java_org_contikios_cooja_corecomm_Lib12_setMemory
                0x0000000000011852                Java_org_contikios_cooja_corecomm_Lib12_tick
                0x00000000000118ba                Java_org_contikios_cooja_corecomm_Lib12_setReferenceAddress
 .text          0x00000000000118cd       0x65 build/cooja/mtype346.a(simEnvChange.o)
                0x00000000000118cd                doActionsBeforeTick
                0x00000000000118ff                doActionsAfterTick
 .text          0x0000000000011932       0x83 build/cooja/mtype346.a(cooja_mt.o)
                0x0000000000011932                cooja_mt_start
                0x000000000001195c                cooja_mt_exec
                0x0000000000011992                cooja_mt_yield
 .text          0x00000000000119b5       0xbe build/cooja/mtype346.a(cooja_mtarch.o)
                0x00000000000119b5                cooja_mtarch_start
                0x0000000000011a28                cooja_sw
                0x0000000000011a4b                cooja_mtarch_exec
                0x0000000000011a68                cooja_mtarch_yield
 .text          0x0000000000011a73       0xc5 build/cooja/mtype346.a(rtimer-arch.o)
                0x0000000000011a73                rtimer_arch_init
                0x0000000000011a97                rtimer_arch_schedule
                0x0000000000011ac7                rtimer_arch_next
                0x0000000000011ad7                rtimer_arch_pending
                0x0000000000011ae1                rtimer_arch_check
                0x0000000000011b28                rtimer_arch_now
 .text          0x0000000000011b38       0x81 build/cooja/mtype346.a(beep.o)
                0x0000000000011b38                beep_alarm
                0x0000000000011b45                beep_beep
                0x0000000000011b52                beep
                0x0000000000011b5f                beep_down
                0x0000000000011b6c                beep_on
                0x0000000000011b79                beep_off
                0x0000000000011b86                beep_spinup
                0x0000000000011b93                beep_quick
                0x0000000000011ba0                beep_long
 .text          0x0000000000011bb9       0x65 build/cooja/mtype346.a(leds-arch.o)
                0x0000000000011bcc                leds_arch_init
 .text          0x0000000000011c1e       0x35 build/cooja/mtype346.a(moteid.o)
 .text          0x0000000000011c53       0xb7 build/cooja/mtype346.a(pir-sensor.o)
 .text          0x0000000000011d0a      0x148 build/cooja/mtype346.a(rs232.o)
                0x0000000000011d0a                rs232_init
                0x0000000000011d10                rs232_set_speed
                0x0000000000011d1f                rs232_set_input
                0x0000000000011d2d                rs232_send
                0x0000000000011d51                rs232_print
                0x0000000000011d6d                slip_arch_writeb
 .text          0x0000000000011e52       0xb7 build/cooja/mtype346.a(vib-sensor.o)
 .text          0x0000000000011f09       0x38 build/cooja/mtype346.a(clock.o)
                0x0000000000011f09                clock_init
                0x0000000000011f0f                clock_time
                0x0000000000011f19                clock_seconds
                0x0000000000011f2f                clock_delay
 .text          0x0000000000011f41      0x219 build/cooja/mtype346.a(cooja-log.o)
                0x0000000000011f41                simlog_char
                0x0000000000011f84                simlog
                0x0000000000011ffa                log_message
                0x000000000001202b                log_set_putchar_with_slip
                0x0000000000012039                log_putchar
                0x00000000000120b4                log_puts
                0x00000000000120dc                log_printf
 .text          0x000000000001215a      0x2b9 build/cooja/mtype346.a(cfs-cooja.o)
                0x000000000001215a                cfs_open
                0x00000000000121c3                cfs_close
                0x00000000000121d0                cfs_read
                0x0000000000012265                cfs_write
                0x0000000000012341                cfs_seek
                0x00000000000123c9                cfs_remove
                0x00000000000123ed                cfs_opendir
                0x00000000000123f7                cfs_readdir
                0x0000000000012401                cfs_closedir
 .text          0x0000000000012413      0x620 build/cooja/mtype346.a(cooja-radio.o)
                0x0000000000012455                radio_set_channel
                0x0000000000012463                radio_set_txpower
                0x000000000001247b                radio_signal_strength_last
                0x0000000000012485                radio_signal_strength_current
                0x000000000001248f                radio_LQI
 .text          0x0000000000012a33       0xee build/cooja/mtype346.a(eeprom.o)
                0x0000000000012a33                eeprom_init
                0x0000000000012a39                eeprom_read
                0x0000000000012aa7                eeprom_write
 .text          0x0000000000012b21       0x2d build/cooja/mtype346.a(random.o)
                0x0000000000012b21                random_init
                0x0000000000012b41                random_rand
 .text          0x0000000000012b4e      0x29c build/cooja/mtype346.a(sensors.o)
                0x0000000000012b89                sensors_first
                0x0000000000012b93                sensors_next
                0x0000000000012bad                sensors_changed
                0x0000000000012be1                sensors_find
 .text          0x0000000000012dea      0x349 build/cooja/mtype346.a(leds.o)
                0x0000000000012dea                leds_init
                0x0000000000012e31                leds_single_on
                0x0000000000012e90                leds_single_off
                0x0000000000012eef                leds_single_toggle
                0x0000000000012f21                leds_on
                0x0000000000012fa3                leds_off
                0x0000000000013025                leds_toggle
                0x000000000001307a                leds_set
                0x00000000000130a6                leds_get
 .text          0x0000000000013133      0x343 build/cooja/mtype346.a(gpio-hal-arch.o)
                0x0000000000013133                gpio_hal_arch_register_pin_callback
                0x000000000001319f                gpio_hal_arch_init
                0x00000000000131e4                gpio_hal_arch_no_port_interrupt_enable
                0x0000000000013214                gpio_hal_arch_no_port_interrupt_disable
                0x0000000000013244                gpio_hal_arch_no_port_pin_cfg_set
                0x0000000000013269                gpio_hal_arch_no_port_pin_cfg_get
                0x000000000001328f                gpio_hal_arch_no_port_pin_set_input
                0x00000000000132a1                gpio_hal_arch_no_port_pin_set_output
                0x00000000000132b3                gpio_hal_arch_no_port_set_pin
                0x00000000000132d4                gpio_hal_arch_no_port_clear_pin
                0x00000000000132f5                gpio_hal_arch_no_port_read_pin
                0x000000000001331b                gpio_hal_arch_no_port_write_pin
                0x0000000000013345                gpio_hal_arch_no_port_set_pins
                0x000000000001338c                gpio_hal_arch_no_port_clear_pins
                0x00000000000133d3                gpio_hal_arch_no_port_read_pins
                0x0000000000013416                gpio_hal_arch_no_port_write_pins
 .text          0x0000000000013476       0x89 build/cooja/mtype346.a(buttons.o)
 .text          0x00000000000134ff      0x162 build/cooja/mtype346.a(hydromassage_ac)
 .text          0x0000000000013661      0x27b build/cooja/mtype346.a(coap-blocking-a)
                0x0000000000013661                coap_blocking_request_callback
                0x000000000001368b                coap_blocking_request
 .text          0x00000000000138dc      0xbea build/cooja/mtype346.a(coap-engine.o)
                0x0000000000013971                coap_add_handler
                0x000000000001398e                coap_remove_handler
                0x00000000000139ab                coap_call_handlers
                0x0000000000013ab3                coap_receive
                0x00000000000140ae                coap_engine_init
                0x000000000001410c                coap_activate_resource
                0x00000000000141b7                coap_get_first_resource
                0x00000000000141d0                coap_get_next_resource
 .text          0x00000000000144c6      0x2d9 build/cooja/mtype346.a(coap-res-well-k)
 .text          0x000000000001479f      0x96a build/cooja/mtype346.a(coap-observe.o)
                0x00000000000148b4                coap_remove_observer
                0x00000000000148e4                coap_remove_observer_by_client
                0x000000000001494c                coap_remove_observer_by_token
                0x00000000000149df                coap_remove_observer_by_uri
                0x0000000000014a86                coap_remove_observer_by_mid
                0x0000000000014b02                coap_notify_observers
                0x0000000000014b1b                coap_notify_observers_sub
                0x0000000000014f85                coap_observe_handler
                0x00000000000150a0                coap_has_observers
 .text          0x0000000000015109      0x733 build/cooja/mtype346.a(coap-uip.o)
                0x0000000000015109                coap_endpoint_log
                0x000000000001518f                coap_endpoint_print
                0x0000000000015215                coap_endpoint_snprint
                0x0000000000015348                coap_endpoint_copy
                0x0000000000015385                coap_endpoint_cmp
                0x0000000000015493                coap_endpoint_parse
                0x000000000001567e                coap_endpoint_is_secure
                0x000000000001568d                coap_endpoint_is_connected
                0x00000000000156c1                coap_endpoint_connect
                0x00000000000156dd                coap_endpoint_disconnect
                0x00000000000156e3                coap_databuf
                0x00000000000156ed                coap_transport_init
                0x000000000001573d                coap_sendto
 .text          0x000000000001583c      0x324 build/cooja/mtype346.a(coap-timer.o)
                0x0000000000015939                coap_timer_stop
                0x0000000000015964                coap_timer_set
                0x00000000000159a7                coap_timer_reset
                0x00000000000159ea                coap_timer_time_to_next_expiration
                0x0000000000015a56                coap_timer_run
                0x0000000000015b22                coap_timer_init
 .text          0x0000000000015b60      0x2c6 build/cooja/mtype346.a(coap-transactio)
                0x0000000000015bc6                coap_new_transaction
                0x0000000000015c2c                coap_send_transaction
                0x0000000000015d8d                coap_clear_transaction
                0x0000000000015dd5                coap_get_transaction_by_mid
 .text          0x0000000000015e26     0x1c53 build/cooja/mtype346.a(coap.o)
                0x0000000000016393                coap_init_connection
                0x00000000000163a7                coap_get_mid
                0x00000000000163c3                coap_init_message
                0x000000000001640c                coap_serialize_message
                0x0000000000016a8e                coap_parse_message
                0x00000000000170f5                coap_get_query_variable
                0x0000000000017137                coap_get_post_variable
                0x000000000001717b                coap_set_status_code
                0x00000000000171a0                coap_set_token
                0x00000000000171e7                coap_get_header_content_format
                0x0000000000017218                coap_set_header_content_format
                0x000000000001723b                coap_get_header_accept
                0x000000000001726c                coap_set_header_accept
                0x000000000001728f                coap_get_header_max_age
                0x00000000000172c0                coap_set_header_max_age
                0x00000000000172e0                coap_get_header_etag
                0x0000000000017312                coap_set_header_etag
                0x0000000000017369                coap_get_header_if_match
                0x000000000001739b                coap_set_header_if_match
                0x00000000000173f2                coap_get_header_if_none_match
                0x000000000001740c                coap_set_header_if_none_match
                0x0000000000017423                coap_get_header_proxy_uri
                0x0000000000017451                coap_set_header_proxy_uri
                0x000000000001748e                coap_get_header_uri_host
                0x00000000000174bc                coap_set_header_uri_host
                0x00000000000174f9                coap_get_header_uri_path
                0x0000000000017527                coap_set_header_uri_path
                0x0000000000017574                coap_get_header_uri_query
                0x00000000000175a8                coap_set_header_uri_query
                0x00000000000175fe                coap_get_header_location_path
                0x000000000001762c                coap_set_header_location_path
                0x00000000000176c5                coap_get_header_location_query
                0x00000000000176f3                coap_set_header_location_query
                0x0000000000017740                coap_get_header_observe
                0x000000000001776f                coap_set_header_observe
                0x000000000001778f                coap_get_header_block2
                0x00000000000177fb                coap_set_header_block2
                0x0000000000017872                coap_get_header_block1
                0x00000000000178e7                coap_set_header_block1
                0x0000000000017962                coap_get_header_size2
                0x0000000000017992                coap_set_header_size2
                0x00000000000179b5                coap_get_header_size1
                0x00000000000179e5                coap_set_header_size1
                0x0000000000017a08                coap_get_payload
                0x0000000000017a42                coap_set_payload
 .text          0x0000000000017a79      0x332 build/cooja/mtype346.a(contiki-main.o)
                0x0000000000017a79                main
 .text          0x0000000000017dab       0x92 build/cooja/mtype346.a(autostart.o)
                0x0000000000017dab                autostart_start
                0x0000000000017df5                autostart_exit
 .text          0x0000000000017e3d      0x355 build/cooja/mtype346.a(ctimer.o)
                0x0000000000017f65                ctimer_init
                0x0000000000017f98                ctimer_set
                0x0000000000017fbe                ctimer_set_with_process
                0x000000000001803b                ctimer_reset
                0x000000000001808f                ctimer_restart
                0x00000000000180e3                ctimer_stop
                0x0000000000018133                ctimer_expired
 .text          0x0000000000018192      0x394 build/cooja/mtype346.a(log.o)
                0x0000000000018192                log_6addr
                0x00000000000181e5                log_6addr_compact_snprint
                0x0000000000018283                log_6addr_compact
                0x00000000000182d6                log_lladdr
                0x0000000000018348                log_lladdr_compact
                0x00000000000183b0                log_set_level
                0x000000000001846b                log_get_level
                0x00000000000184e4                log_level_to_str
 .text          0x0000000000018526       0x1b build/cooja/mtype346.a(energest.o)
                0x0000000000018526                energest_init
                0x000000000001852c                energest_flush
                0x0000000000018532                energest_get_total_time
 .text          0x0000000000018541      0x43f build/cooja/mtype346.a(etimer.o)
                0x0000000000018765                etimer_request_poll
                0x00000000000187ee                etimer_set
                0x0000000000018817                etimer_reset_with_new_interval
                0x0000000000018846                etimer_reset
                0x000000000001886c                etimer_restart
                0x0000000000018892                etimer_adjust
                0x00000000000188af                etimer_expired
                0x00000000000188c2                etimer_expiration_time
                0x00000000000188d4                etimer_start_time
                0x00000000000188de                etimer_pending
                0x00000000000188f0                etimer_next_expiration_time
                0x000000000001890a                etimer_stop
 .text          0x0000000000018980       0x25 build/cooja/mtype346.a(node-id.o)
                0x0000000000018980                node_id_init
 .text          0x00000000000189a5       0xeb build/cooja/mtype346.a(rtimer.o)
                0x00000000000189a5                rtimer_init
                0x00000000000189b3                rtimer_set
                0x0000000000018a2e                rtimer_run_next
 .text          0x0000000000018a90      0x4fb build/cooja/mtype346.a(process.o)
                0x0000000000018a90                process_alloc_event
                0x0000000000018aa5                process_start
                0x0000000000018c7f                process_exit
                0x0000000000018c9c                process_init
                0x0000000000018e31                process_run
                0x0000000000018e64                process_nevents
                0x0000000000018e7f                process_post
                0x0000000000018f12                process_post_synch
                0x0000000000018f47                process_poll
                0x0000000000018f77                process_is_running
 .text          0x0000000000018f8b       0xb1 build/cooja/mtype346.a(timer.o)
                0x0000000000018f8b                timer_set
                0x0000000000018fa9                timer_reset
                0x0000000000018fd6                timer_restart
                0x0000000000018feb                timer_expired
                0x0000000000019018                timer_remaining
 .text          0x000000000001903c      0x28f build/cooja/mtype346.a(list.o)
                0x000000000001903c                list_init
                0x000000000001904b                list_head
                0x0000000000019055                list_copy
                0x0000000000019065                list_tail
                0x000000000001909b                list_add
                0x00000000000190e7                list_push
                0x0000000000019113                list_chop
                0x000000000001917d                list_pop
                0x00000000000191a5                list_remove
                0x000000000001920d                list_length
                0x000000000001923b                list_insert
                0x0000000000019280                list_item_next
                0x0000000000019297                list_contains
 .text          0x00000000000192cb      0x1b5 build/cooja/mtype346.a(memb.o)
                0x00000000000192cb                memb_init
                0x0000000000019320                memb_alloc
                0x0000000000019383                memb_free
                0x00000000000193fa                memb_inmemb
                0x0000000000019439                memb_numfree
 .text          0x0000000000019480      0x41c build/cooja/mtype346.a(button-hal.o)
                0x00000000000195f9                button_hal_get_by_id
                0x0000000000019637                button_hal_get_by_index
                0x0000000000019663                button_hal_get_state
                0x00000000000196b5                button_hal_init
 .text          0x000000000001989c      0x1f3 build/cooja/mtype346.a(serial-line.o)
                0x000000000001989c                serial_line_input_byte
                0x0000000000019a5a                serial_line_init
 .text          0x0000000000019a8f      0x168 build/cooja/mtype346.a(gpio-hal.o)
                0x0000000000019a8f                gpio_hal_register_handler
                0x0000000000019aac                gpio_hal_event_handler
                0x0000000000019b08                gpio_hal_init
                0x0000000000019b27                gpio_hal_arch_port_toggle_pin
                0x0000000000019b63                gpio_hal_arch_port_toggle_pins
                0x0000000000019b91                gpio_hal_arch_no_port_toggle_pin
                0x0000000000019bcf                gpio_hal_arch_no_port_toggle_pins
 .text          0x0000000000019bf7      0x2e7 build/cooja/mtype346.a(queuebuf.o)
                0x0000000000019c01                queuebuf_init
                0x0000000000019c2a                queuebuf_numfree
                0x0000000000019c42                queuebuf_new_from_packetbuf
                0x0000000000019ce1                queuebuf_update_attr_from_packetbuf
                0x0000000000019d16                queuebuf_update_from_packetbuf
                0x0000000000019d66                queuebuf_free
                0x0000000000019daf                queuebuf_to_packetbuf
                0x0000000000019e1b                queuebuf_dataptr
                0x0000000000019e55                queuebuf_datalen
                0x0000000000019e78                queuebuf_addr
                0x0000000000019ead                queuebuf_attr
                0x0000000000019ed8                queuebuf_debug_print
 .text          0x0000000000019ede      0x407 build/cooja/mtype346.a(packetbuf.o)
                0x0000000000019ede                packetbuf_clear
                0x0000000000019f09                packetbuf_copyfrom
                0x0000000000019f58                packetbuf_copyto
                0x0000000000019feb                packetbuf_hdralloc
                0x000000000001a067                packetbuf_hdrreduce
                0x000000000001a0ad                packetbuf_set_datalen
                0x000000000001a0c7                packetbuf_dataptr
                0x000000000001a0e4                packetbuf_hdrptr
                0x000000000001a0ee                packetbuf_datalen
                0x000000000001a0fa                packetbuf_hdrlen
                0x000000000001a111                packetbuf_totlen
                0x000000000001a127                packetbuf_remaininglen
                0x000000000001a13a                packetbuf_attr_clear
                0x000000000001a186                packetbuf_attr_copyto
                0x000000000001a1de                packetbuf_attr_copyfrom
                0x000000000001a236                packetbuf_set_attr
                0x000000000001a260                packetbuf_attr
                0x000000000001a27a                packetbuf_set_addr
                0x000000000001a2ab                packetbuf_addr
                0x000000000001a2c8                packetbuf_holds_broadcast
 .text          0x000000000001a2e5       0xef build/cooja/mtype346.a(netstack.o)
                0x000000000001a2e5                netstack_process_ip_callback
                0x000000000001a376                netstack_ip_packet_processor_add
                0x000000000001a399                uip_ds6_ip_packet_processor_rm
                0x000000000001a3b6                netstack_init
 .text          0x000000000001a3d4       0x4f build/cooja/mtype346.a(linkaddr.o)
                0x000000000001a3d4                linkaddr_copy
                0x000000000001a3ea                linkaddr_cmp
                0x000000000001a40d                linkaddr_set_node_addr
 .text          0x000000000001a423      0x1f6 build/cooja/mtype346.a(csma.o)
 .text          0x000000000001a619      0x95d build/cooja/mtype346.a(csma-output.o)
                0x000000000001acb0                csma_output_packet
                0x000000000001af3d                csma_output_init
 .text          0x000000000001af76      0xc11 build/cooja/mtype346.a(uip-ds6.o)
                0x000000000001af76                uip_ds6_default_prefix
                0x000000000001af80                uip_ds6_set_default_prefix
                0x000000000001afab                uip_ds6_init
                0x000000000001b20d                uip_ds6_periodic
                0x000000000001b294                uip_ds6_list_loop
                0x000000000001b354                uip_ds6_prefix_add
                0x000000000001b400                uip_ds6_prefix_rm
                0x000000000001b413                uip_ds6_prefix_lookup
                0x000000000001b452                uip_ds6_is_addr_onlink
                0x000000000001b4c5                uip_ds6_addr_add
                0x000000000001b5e5                uip_ds6_addr_rm
                0x000000000001b68e                uip_ds6_addr_lookup
                0x000000000001b6c7                uip_ds6_get_link_local
                0x000000000001b748                uip_ds6_get_global
                0x000000000001b7c9                uip_ds6_maddr_add
                0x000000000001b829                uip_ds6_maddr_rm
                0x000000000001b83c                uip_ds6_maddr_lookup
                0x000000000001b875                uip_ds6_aaddr_add
                0x000000000001b8d5                uip_ds6_aaddr_rm
                0x000000000001b8e8                uip_ds6_aaddr_lookup
                0x000000000001b921                uip_ds6_select_src
                0x000000000001ba6a                uip_ds6_set_addr_iid
                0x000000000001ba95                uip_ds6_set_lladdr_from_iid
                0x000000000001babe                get_match_length
                0x000000000001bb4f                uip_ds6_compute_reachable_time
 .text          0x000000000001bb87      0x128 build/cooja/mtype346.a(uip-udp-packet.)
                0x000000000001bb87                uip_udp_packet_send
                0x000000000001bbe2                uip_udp_packet_sendto
 .text          0x000000000001bcaf      0x35b build/cooja/mtype346.a(uip-ds6-route.o)
                0x000000000001bd00                uip_ds6_route_init
                0x000000000001bd2a                uip_ds6_route_nexthop
                0x000000000001bd34                uip_ds6_route_head
                0x000000000001bd3e                uip_ds6_route_next
                0x000000000001bd48                uip_ds6_route_is_nexthop
                0x000000000001bd52                uip_ds6_route_num_routes
                0x000000000001bd5c                uip_ds6_route_lookup
                0x000000000001bd66                uip_ds6_route_add
                0x000000000001bd79                uip_ds6_route_rm
                0x000000000001bd7f                uip_ds6_route_rm_by_nexthop
                0x000000000001bd85                uip_ds6_defrt_head
                0x000000000001bd9e                uip_ds6_defrt_add
                0x000000000001be4c                uip_ds6_defrt_rm
                0x000000000001beb2                uip_ds6_defrt_lookup
                0x000000000001bf19                uip_ds6_defrt_choose
                0x000000000001bf8f                uip_ds6_defrt_periodic
 .text          0x000000000001c00a      0x6f7 build/cooja/mtype346.a(tcpip.o)
                0x000000000001c024                tcpip_output
                0x000000000001c0a3                udp_attach
                0x000000000001c0bb                udp_new
                0x000000000001c105                udp_broadcast_new
                0x000000000001c277                tcpip_input
                0x000000000001c407                tcpip_ipv6_output
                0x000000000001c5fb                tcpip_poll_udp
                0x000000000001c619                tcpip_uipcall
 .text          0x000000000001c701     0x1205 build/cooja/mtype346.a(uip6.o)
                0x000000000001c7b0                uip_chksum
                0x000000000001c887                uip_icmp6chksum
                0x000000000001c89c                uip_udpchksum
                0x000000000001c8b1                uip_init
                0x000000000001c8fa                uip_remove_ext_hdr
                0x000000000001c9d4                uip_udp_new
                0x000000000001cce8                uip_process
                0x000000000001d7e0                uip_htons
                0x000000000001d802                uip_htonl
                0x000000000001d840                uip_send
 .text          0x000000000001d906      0x369 build/cooja/mtype346.a(uip-ds6-nbr.o)
                0x000000000001d906                uip_ds6_neighbors_init
                0x000000000001d92a                uip_ds6_nbr_add
                0x000000000001d9b0                uip_ds6_nbr_rm
                0x000000000001d9fb                uip_ds6_nbr_update_ll
                0x000000000001dae9                uip_ds6_nbr_get_ipaddr
                0x000000000001dafe                uip_ds6_nbr_get_ll
                0x000000000001db1a                uip_ds6_nbr_num
                0x000000000001db63                uip_ds6_nbr_head
                0x000000000001db7c                uip_ds6_nbr_next
                0x000000000001db98                uip_ds6_nbr_lookup
                0x000000000001dbf0                uip_ds6_nbr_ll_lookup
                0x000000000001dc0c                uip_ds6_nbr_ipaddr_from_lladdr
                0x000000000001dc35                uip_ds6_nbr_lladdr_from_ipaddr
                0x000000000001dc69                uip_ds6_link_callback
 .text          0x000000000001dc6f      0x6a7 build/cooja/mtype346.a(uip-nd6.o)
                0x000000000001e2fd                uip_nd6_init
 .text          0x000000000001e316     0x2c17 build/cooja/mtype346.a(sicslowpan.o)
                0x000000000001e91d                netstack_sniffer_add
                0x000000000001e92b                netstack_sniffer_remove
                0x0000000000020f01                sicslowpan_init
                0x0000000000020f23                sicslowpan_get_last_rssi
 .text          0x0000000000020f2d      0x4d1 build/cooja/mtype346.a(uiplib.o)
                0x0000000000020f2d                uiplib_ip6addrconv
                0x00000000000210e5                uiplib_ip4addrconv
                0x00000000000211a8                uiplib_ipaddr_print
                0x00000000000211fb                uiplib_ipaddr_snprint
 .text          0x00000000000213fe      0x4c9 build/cooja/mtype346.a(rpl.o)
                0x00000000000213fe                rpl_lollipop_greater_than
                0x0000000000021458                rpl_get_global_address
                0x0000000000021550                rpl_link_callback
                0x0000000000021594                rpl_has_joined
                0x00000000000215b9                rpl_is_reachable
                0x000000000002163a                rpl_reset_prefix
                0x00000000000216a4                rpl_set_prefix_from_addr
                0x0000000000021789                rpl_set_prefix
                0x00000000000218a3                rpl_set_leaf_only
                0x00000000000218bb                rpl_get_leaf_only
 .text          0x00000000000218c7     0x138c build/cooja/mtype346.a(rpl-icmp6.o)
                0x00000000000219ec                rpl_icmp6_update_nbr_table
                0x0000000000021a75                rpl_icmp6_dis_output
                0x00000000000220bb                rpl_icmp6_dio_output
                0x00000000000228b9                rpl_icmp6_dao_output
                0x0000000000022b9a                rpl_icmp6_dao_ack_output
                0x0000000000022c0a                rpl_icmp6_init
 .text          0x0000000000022c53      0x264 build/cooja/mtype346.a(rpl-dag-root.o)
                0x0000000000022c53                rpl_dag_root_print_links
                0x0000000000022d7f                rpl_dag_root_set_prefix
                0x0000000000022dab                rpl_dag_root_start
                0x0000000000022e88                rpl_dag_root_is_root
 .text          0x0000000000022eb7       0x30 build/cooja/mtype346.a(watchdog.o)
                0x0000000000022eb7                watchdog_init
                0x0000000000022ebd                watchdog_start
                0x0000000000022ec3                watchdog_periodic
                0x0000000000022edb                watchdog_stop
                0x0000000000022ee1                watchdog_reboot
 .text          0x0000000000022ee7       0x4a build/cooja/mtype346.a(int-master.o)
                0x0000000000022ee7                int_master_enable
                0x0000000000022ef7                int_master_read_and_disable
                0x0000000000022f14                int_master_status_set
                0x0000000000022f22                int_master_is_enabled
 .text          0x0000000000022f31      0x226 build/cooja/mtype346.a(coap-timer-defa)
 .text          0x0000000000023157       0xc7 build/cooja/mtype346.a(stimer.o)
                0x0000000000023157                stimer_set
                0x0000000000023175                stimer_reset
                0x00000000000231a2                stimer_restart
                0x00000000000231b7                stimer_expired
                0x00000000000231e2                stimer_remaining
                0x0000000000023206                stimer_elapsed
 .text          0x000000000002321e      0x156 build/cooja/mtype346.a(ringbuf.o)
                0x000000000002321e                ringbuf_init
                0x0000000000023250                ringbuf_put
                0x00000000000232ce                ringbuf_get
                0x000000000002333b                ringbuf_size
                0x000000000002334d                ringbuf_elements
 .text          0x0000000000023374       0x1f build/cooja/mtype346.a(assert.o)
                0x0000000000023374                _xassert
 .text          0x0000000000023393      0x79b build/cooja/mtype346.a(nbr-table.o)
                0x000000000002380c                nbr_table_register
                0x0000000000023879                nbr_table_is_registered
                0x00000000000238b4                nbr_table_head
                0x000000000002390f                nbr_table_next
                0x0000000000023970                nbr_table_add_lladdr
                0x0000000000023a4a                nbr_table_get_from_lladdr
                0x0000000000023a96                nbr_table_remove
                0x0000000000023ace                nbr_table_lock
                0x0000000000023ae8                nbr_table_unlock
                0x0000000000023b02                nbr_table_get_lladdr
 .text          0x0000000000023b2e      0x3a5 build/cooja/mtype346.a(link-stats.o)
                0x0000000000023b2e                link_stats_from_lladdr
                0x0000000000023b4a                link_stats_get_lladdr
                0x0000000000023b66                link_stats_is_fresh
                0x0000000000023ba2                guess_etx_from_rssi
                0x0000000000023c1e                link_stats_packet_sent
                0x0000000000023d3e                link_stats_input_callback
                0x0000000000023e4e                link_stats_reset
                0x0000000000023e9e                link_stats_init
 .text          0x0000000000023ed3      0x187 build/cooja/mtype346.a(mac-sequence.o)
                0x0000000000023ed3                mac_sequence_is_duplicate
                0x0000000000023f73                mac_sequence_register_seqno
 .text          0x000000000002405a       0x23 build/cooja/mtype346.a(mac.o)
                0x000000000002405a                mac_call_sent_callback
 .text          0x000000000002407d      0x432 build/cooja/mtype346.a(framer-802154.o)
                0x000000000002420c                framer_802154_setup_params
 .text          0x00000000000244af      0xb6f build/cooja/mtype346.a(frame802154.o)
                0x00000000000244e0                frame802154_get_pan_id
                0x00000000000244ec                frame802154_set_pan_id
                0x0000000000024506                frame802154_has_panid
                0x00000000000246b5                frame802154_check_dest_panid
                0x000000000002473d                frame802154_is_broadcast_addr
                0x000000000002478a                frame802154_extract_linkaddr
                0x00000000000249ef                frame802154_hdrlen
                0x0000000000024a62                frame802154_create_fcf
                0x0000000000024b1a                frame802154_create
                0x0000000000024c8f                frame802154_parse_fcf
                0x0000000000024d71                frame802154_parse
 .text          0x000000000002501e       0x2d build/cooja/mtype346.a(csma-security.o)
                0x000000000002501e                csma_security_create_frame
                0x000000000002503c                csma_security_parse_frame
 .text          0x000000000002504b      0x4e4 build/cooja/mtype346.a(uipbuf.o)
                0x000000000002504b                uipbuf_clear
                0x0000000000025072                uipbuf_add_ext_hdr
                0x00000000000250f2                uipbuf_set_len
                0x000000000002511f                uipbuf_set_len_field
                0x000000000002514b                uipbuf_get_len_field
                0x000000000002516b                uipbuf_get_next_header
                0x000000000002529d                uipbuf_get_last_header
                0x0000000000025316                uipbuf_search_header
                0x00000000000253cc                uipbuf_get_attr
                0x00000000000253f3                uipbuf_set_attr
                0x000000000002542a                uipbuf_set_default_attr
                0x0000000000025461                uipbuf_clear_attr
                0x0000000000025485                uipbuf_set_attr_flag
                0x00000000000254a6                uipbuf_clr_attr_flag
                0x00000000000254cd                uipbuf_is_attr_flag
                0x00000000000254f1                uipbuf_init
 .text          0x000000000002552f      0x73f build/cooja/mtype346.a(uip-icmp6.o)
                0x00000000000255a4                uip_icmp6_input
                0x00000000000255fb                uip_icmp6_register_input_handler
                0x000000000002574e                uip_icmp6_error_output
                0x00000000000259ff                uip_icmp6_send
                0x0000000000025bf6                uip_icmp6_echo_reply_callback_add
                0x0000000000025c28                uip_icmp6_echo_reply_callback_rm
                0x0000000000025c45                uip_icmp6_init
 .text          0x0000000000025c6e      0x69b build/cooja/mtype346.a(uip-sr.o)
                0x0000000000025c6e                uip_sr_num_nodes
                0x0000000000025cfc                uip_sr_get_node
                0x0000000000025d53                uip_sr_is_addr_reachable
                0x0000000000025e01                uip_sr_expire_parent
                0x0000000000025e4a                uip_sr_update_node
                0x0000000000025f7a                uip_sr_init
                0x0000000000025fae                uip_sr_node_head
                0x0000000000025fc7                uip_sr_node_next
                0x0000000000025fdd                uip_sr_periodic
                0x00000000000260e3                uip_sr_free_all
                0x0000000000026153                uip_sr_link_snprint
 .text          0x0000000000026309      0x146 build/cooja/mtype346.a(uip-packetqueue)
                0x0000000000026337                uip_packetqueue_new
                0x0000000000026346                uip_packetqueue_alloc
                0x00000000000263a1                uip_packetqueue_free
                0x00000000000263e8                uip_packetqueue_buf
                0x0000000000026405                uip_packetqueue_buflen
                0x0000000000026426                uip_packetqueue_set_buflen
 .text          0x000000000002644f      0x1b0 build/cooja/mtype346.a(rpl-nbr-policy.)
                0x00000000000265bc                rpl_nbr_policy_find_removable
 .text          0x00000000000265ff      0x915 build/cooja/mtype346.a(rpl-neighbor.o)
                0x000000000002667b                rpl_neighbor_snprint
                0x000000000002692e                rpl_neighbor_print_list
                0x00000000000269e3                rpl_neighbor_count
                0x0000000000026a8a                rpl_neighbor_get_from_lladdr
                0x0000000000026aa6                rpl_neighbor_is_acceptable_parent
                0x0000000000026ada                rpl_neighbor_get_link_metric
                0x0000000000026b0e                rpl_neighbor_rank_via_nbr
                0x0000000000026b42                rpl_neighbor_get_lladdr
                0x0000000000026b5e                rpl_neighbor_get_ipaddr
                0x0000000000026b85                rpl_neighbor_get_link_stats
                0x0000000000026bac                rpl_neighbor_is_fresh
                0x0000000000026bd3                rpl_neighbor_is_reachable
                0x0000000000026c1e                rpl_neighbor_is_parent
                0x0000000000026c48                rpl_neighbor_set_preferred_parent
                0x0000000000026cdf                rpl_neighbor_remove_all
                0x0000000000026d3b                rpl_neighbor_get_from_ipaddr
                0x0000000000026e49                rpl_neighbor_select_best
                0x0000000000026ef5                rpl_neighbor_init
 .text          0x0000000000026f14      0xe69 build/cooja/mtype346.a(rpl-dag.o)
                0x0000000000026f14                rpl_dag_state_to_str
                0x0000000000026f53                rpl_dag_get_root_ipaddr
                0x0000000000026f9b                rpl_dag_leave
                0x0000000000027024                rpl_dag_poison_and_leave
                0x000000000002703c                rpl_dag_periodic
                0x00000000000270c4                rpl_is_addr_in_our_dag
                0x0000000000027108                rpl_get_default_instance
                0x0000000000027124                rpl_get_any_dag
                0x000000000002717d                rpl_refresh_routes
                0x00000000000271bd                rpl_global_repair
                0x0000000000027256                rpl_local_repair
                0x00000000000272a0                rpl_dag_ready_to_advertise
                0x00000000000272e3                rpl_dag_update_state
                0x0000000000027a10                rpl_process_dio
                0x0000000000027a8e                rpl_process_dis
                0x0000000000027ad3                rpl_process_dao
                0x0000000000027b62                rpl_process_dao_ack
                0x0000000000027bf9                rpl_process_hbh
                0x0000000000027c49                rpl_dag_init_root
                0x0000000000027d5d                rpl_dag_init
 .text          0x0000000000027d7d      0x9e7 build/cooja/mtype346.a(rpl-timers.o)
                0x0000000000027d7d                rpl_timers_schedule_periodic_dis
                0x0000000000027ecb                rpl_timers_dio_reset
                0x0000000000027fd9                rpl_timers_schedule_unicast_dio
                0x000000000002812d                rpl_timers_schedule_dao
                0x00000000000281ec                rpl_timers_schedule_dao_ack
                0x0000000000028272                rpl_timers_notify_dao_ack
                0x00000000000282d0                get_probing_delay
                0x0000000000028304                get_probing_target
                0x00000000000284ee                rpl_schedule_probing
                0x000000000002851c                rpl_schedule_probing_now
                0x0000000000028586                rpl_timers_unschedule_leaving
                0x00000000000285be                rpl_timers_schedule_leaving
                0x00000000000285ff                rpl_timers_init
                0x000000000002868f                rpl_timers_stop_dag_timers
                0x0000000000028708                rpl_timers_unschedule_state_update
                0x000000000002872c                rpl_timers_schedule_state_update
 .text          0x0000000000028764      0xb8e build/cooja/mtype346.a(rpl-ext-header.)
                0x0000000000028764                rpl_ext_header_srh_get_next_hop
                0x000000000002884b                rpl_ext_header_srh_update
                0x0000000000028db7                rpl_ext_header_hbh_update
                0x00000000000290b7                rpl_ext_header_update
                0x0000000000029140                rpl_ext_header_remove
 .text          0x00000000000292f2      0x31b build/cooja/mtype346.a(rpl-mrhof.o)
 *fill*         0x000000000002960d        0x3 
 .text          0x0000000000029610      0x122 /usr/lib/gcc/i686-linux-gnu/5/libgcc.a(_udivdi3.o)
                0x0000000000029610                __udivdi3
 .text          0x0000000000029732        0x0 /usr/lib/gcc/i686-linux-gnu/5/crtendS.o
 .text          0x0000000000029732        0x0 /usr/lib/gcc/i686-linux-gnu/5/../../../i386-linux-gnu/crtn.o
 *(.gnu.warning)

.fini           0x0000000000029734       0x14
 *(SORT(.fini))
 .fini          0x0000000000029734        0xf /usr/lib/gcc/i686-linux-gnu/5/../../../i386-linux-gnu/crti.o
                0x0000000000029734                _fini
 .fini          0x0000000000029743        0x5 /usr/lib/gcc/i686-linux-gnu/5/../../../i386-linux-gnu/crtn.o
                [!provide]                        PROVIDE (__etext, .)
                [!provide]                        PROVIDE (_etext, .)
                [!provide]                        PROVIDE (etext, .)

.rodata         0x0000000000029760      0xaeb
 *(.rodata .rodata.* .gnu.linkonce.r.*)
 .rodata        0x0000000000029760       0xf7 hydromassage_server.o
                0x00000000000297c4                autostart_processes
 *fill*         0x0000000000029857        0x1 
 .rodata        0x0000000000029858        0x8 build/cooja/mtype346.a(beep.o)
                0x0000000000029858                beep_interface
 .rodata        0x0000000000029860        0xe build/cooja/mtype346.a(leds-arch.o)
                0x0000000000029860                leds_interface
                0x0000000000029868                leds_arch_leds
 *fill*         0x000000000002986e        0x2 
 .rodata        0x0000000000029870        0x8 build/cooja/mtype346.a(moteid.o)
                0x0000000000029870                moteid_interface
 .rodata        0x0000000000029878       0x1c build/cooja/mtype346.a(pir-sensor.o)
                0x0000000000029878                pir_interface
                0x0000000000029884                pir_sensor
 .rodata        0x0000000000029894        0xe build/cooja/mtype346.a(rs232.o)
                0x0000000000029894                rs232_interface
 *fill*         0x00000000000298a2        0x2 
 .rodata        0x00000000000298a4       0x24 build/cooja/mtype346.a(vib-sensor.o)
                0x00000000000298a4                vib_interface
                0x00000000000298b8                vib_sensor
 .rodata        0x00000000000298c8        0x8 build/cooja/mtype346.a(clock.o)
                0x00000000000298c8                clock_interface
 .rodata        0x00000000000298d0        0x8 build/cooja/mtype346.a(cooja-log.o)
                0x00000000000298d0                simlog_interface
 .rodata        0x00000000000298d8       0x2f build/cooja/mtype346.a(cfs-cooja.o)
                0x00000000000298d8                cfs_interface
 *fill*         0x0000000000029907       0x19 
 .rodata        0x0000000000029920       0xb8 build/cooja/mtype346.a(cooja-radio.o)
                0x0000000000029920                radio_interface
                0x00000000000299a0                cooja_radio_driver
 .rodata        0x00000000000299d8        0x8 build/cooja/mtype346.a(eeprom.o)
                0x00000000000299d8                eeprom_interface
 .rodata        0x00000000000299e0        0x8 build/cooja/mtype346.a(sensors.o)
 .rodata        0x00000000000299e8       0x2c build/cooja/mtype346.a(buttons.o)
                0x00000000000299e8                button_interface
                0x00000000000299fc                button_hal_button_count
                0x0000000000029a04                button_sensor
 .rodata        0x0000000000029a14       0x7b build/cooja/mtype346.a(hydromassage_ac)
 .rodata        0x0000000000029a8f       0x41 build/cooja/mtype346.a(coap-engine.o)
 .rodata        0x0000000000029ad0       0x19 build/cooja/mtype346.a(coap-res-well-k)
 .rodata        0x0000000000029ae9       0x11 build/cooja/mtype346.a(coap-observe.o)
 .rodata        0x0000000000029afa       0x35 build/cooja/mtype346.a(coap-uip.o)
 *fill*         0x0000000000029b2f        0x1 
 .rodata        0x0000000000029b30      0x1ac build/cooja/mtype346.a(coap.o)
 .rodata        0x0000000000029cdc       0xf8 build/cooja/mtype346.a(contiki-main.o)
 .rodata        0x0000000000029dd4        0xf build/cooja/mtype346.a(ctimer.o)
 *fill*         0x0000000000029de3        0x1 
 .rodata        0x0000000000029de4       0xc4 build/cooja/mtype346.a(log.o)
 .rodata        0x0000000000029ea8        0xc build/cooja/mtype346.a(etimer.o)
 .rodata        0x0000000000029eb4       0x13 build/cooja/mtype346.a(button-hal.o)
 .rodata        0x0000000000029ec7        0xe build/cooja/mtype346.a(serial-line.o)
 *fill*         0x0000000000029ed5        0x3 
 .rodata        0x0000000000029ed8        0x8 build/cooja/mtype346.a(linkaddr.o)
                0x0000000000029ed8                linkaddr_null
 .rodata        0x0000000000029ee0       0x24 build/cooja/mtype346.a(csma.o)
                0x0000000000029ee8                csma_driver
 .rodata        0x0000000000029f04       0x27 build/cooja/mtype346.a(csma-output.o)
 *fill*         0x0000000000029f2b        0x1 
 .rodata        0x0000000000029f2c       0x4d build/cooja/mtype346.a(uip-ds6-route.o)
 .rodata        0x0000000000029f79        0xd build/cooja/mtype346.a(tcpip.o)
 *fill*         0x0000000000029f86        0x2 
 .rodata        0x0000000000029f88       0x30 build/cooja/mtype346.a(sicslowpan.o)
                0x0000000000029f88                unc_llconf
                0x0000000000029f8c                unc_ctxconf
                0x0000000000029f90                unc_mxconf
                0x0000000000029f94                llprefix
                0x0000000000029fa8                sicslowpan_driver
 .rodata        0x0000000000029fb8       0x2d build/cooja/mtype346.a(uiplib.o)
 *fill*         0x0000000000029fe5       0x1b 
 .rodata        0x000000000002a000       0x74 build/cooja/mtype346.a(rpl.o)
                0x000000000002a020                rpl_lite_driver
 .rodata        0x000000000002a074       0x20 build/cooja/mtype346.a(coap-timer-defa)
                0x000000000002a088                coap_timer_default_driver
 .rodata        0x000000000002a094       0x25 build/cooja/mtype346.a(assert.o)
 *fill*         0x000000000002a0b9        0x3 
 .rodata        0x000000000002a0bc        0xc build/cooja/mtype346.a(framer-802154.o)
                0x000000000002a0bc                framer_802154
 .rodata        0x000000000002a0c8       0x44 build/cooja/mtype346.a(uip-sr.o)
 .rodata        0x000000000002a10c       0x58 build/cooja/mtype346.a(rpl-neighbor.o)
 .rodata        0x000000000002a164       0xdb build/cooja/mtype346.a(rpl-dag.o)
 .rodata        0x000000000002a23f        0xc build/cooja/mtype346.a(rpl-timers.o)

.rodata1
 *(.rodata1)

.eh_frame_hdr   0x000000000002a24c     0x19cc
 *(.eh_frame_hdr)
 .eh_frame_hdr  0x000000000002a24c     0x19cc hydromassage_server.o
                0x000000000002a24c                __GNU_EH_FRAME_HDR
 *(.eh_frame_entry .eh_frame_entry.*)

.eh_frame       0x000000000002bc18     0x68a8
 *(.eh_frame)
 .eh_frame      0x000000000002bc18       0x3c /usr/lib/gcc/i686-linux-gnu/5/../../../i386-linux-gnu/crti.o
                                         0x40 (size before relaxing)
 .eh_frame      0x000000000002bc54       0x40 hydromassage_server.o
                                         0x58 (size before relaxing)
 .eh_frame      0x000000000002bc94      0x178 build/cooja/mtype346.o
                                        0x190 (size before relaxing)
 .eh_frame      0x000000000002be0c       0x40 build/cooja/mtype346.a(simEnvChange.o)
                                         0x58 (size before relaxing)
 .eh_frame      0x000000000002be4c       0x60 build/cooja/mtype346.a(cooja_mt.o)
                                         0x78 (size before relaxing)
 .eh_frame      0x000000000002beac       0x80 build/cooja/mtype346.a(cooja_mtarch.o)
                                         0x98 (size before relaxing)
 .eh_frame      0x000000000002bf2c       0xc8 build/cooja/mtype346.a(rtimer-arch.o)
                                         0xe0 (size before relaxing)
 .eh_frame      0x000000000002bff4      0x160 build/cooja/mtype346.a(beep.o)
                                        0x178 (size before relaxing)
 .eh_frame      0x000000000002c154       0x80 build/cooja/mtype346.a(leds-arch.o)
                                         0x98 (size before relaxing)
 .eh_frame      0x000000000002c1d4       0x40 build/cooja/mtype346.a(moteid.o)
                                         0x58 (size before relaxing)
 .eh_frame      0x000000000002c214       0xa0 build/cooja/mtype346.a(pir-sensor.o)
                                         0xb8 (size before relaxing)
 .eh_frame      0x000000000002c2b4      0x100 build/cooja/mtype346.a(rs232.o)
                                        0x118 (size before relaxing)
 .eh_frame      0x000000000002c3b4       0xa0 build/cooja/mtype346.a(vib-sensor.o)
                                         0xb8 (size before relaxing)
 .eh_frame      0x000000000002c454       0xc0 build/cooja/mtype346.a(clock.o)
                                         0xd8 (size before relaxing)
 .eh_frame      0x000000000002c514      0x120 build/cooja/mtype346.a(cooja-log.o)
                                        0x138 (size before relaxing)
 .eh_frame      0x000000000002c634      0x160 build/cooja/mtype346.a(cfs-cooja.o)
                                        0x178 (size before relaxing)
 .eh_frame      0x000000000002c794      0x340 build/cooja/mtype346.a(cooja-radio.o)
                                        0x358 (size before relaxing)
 .eh_frame      0x000000000002cad4       0xa0 build/cooja/mtype346.a(eeprom.o)
                                         0xb8 (size before relaxing)
 .eh_frame      0x000000000002cb74       0x40 build/cooja/mtype346.a(random.o)
                                         0x58 (size before relaxing)
 .eh_frame      0x000000000002cbb4       0xc0 build/cooja/mtype346.a(sensors.o)
                                         0xd8 (size before relaxing)
 .eh_frame      0x000000000002cc74      0x120 build/cooja/mtype346.a(leds.o)
                                        0x138 (size before relaxing)
 .eh_frame      0x000000000002cd94      0x220 build/cooja/mtype346.a(gpio-hal-arch.o)
                                        0x238 (size before relaxing)
 .eh_frame      0x000000000002cfb4       0xa0 build/cooja/mtype346.a(buttons.o)
                                         0xb8 (size before relaxing)
 .eh_frame      0x000000000002d054       0x20 build/cooja/mtype346.a(hydromassage_ac)
                                         0x38 (size before relaxing)
 .eh_frame      0x000000000002d074       0x44 build/cooja/mtype346.a(coap-blocking-a)
                                         0x5c (size before relaxing)
 .eh_frame      0x000000000002d0b8      0x220 build/cooja/mtype346.a(coap-engine.o)
                                        0x238 (size before relaxing)
 .eh_frame      0x000000000002d2d8       0x24 build/cooja/mtype346.a(coap-res-well-k)
                                         0x3c (size before relaxing)
 .eh_frame      0x000000000002d2fc      0x188 build/cooja/mtype346.a(coap-observe.o)
                                        0x1a0 (size before relaxing)
 .eh_frame      0x000000000002d484      0x250 build/cooja/mtype346.a(coap-uip.o)
                                        0x268 (size before relaxing)
 .eh_frame      0x000000000002d6d4      0x114 build/cooja/mtype346.a(coap-timer.o)
                                        0x12c (size before relaxing)
 .eh_frame      0x000000000002d7e8      0x100 build/cooja/mtype346.a(coap-transactio)
                                        0x118 (size before relaxing)
 .eh_frame      0x000000000002d8e8      0x6ec build/cooja/mtype346.a(coap.o)
                                        0x704 (size before relaxing)
 .eh_frame      0x000000000002dfd4       0x30 build/cooja/mtype346.a(contiki-main.o)
                                         0x48 (size before relaxing)
 .eh_frame      0x000000000002e004       0x40 build/cooja/mtype346.a(autostart.o)
                                         0x58 (size before relaxing)
 .eh_frame      0x000000000002e044      0x100 build/cooja/mtype346.a(ctimer.o)
                                        0x118 (size before relaxing)
 .eh_frame      0x000000000002e144      0x100 build/cooja/mtype346.a(log.o)
                                        0x118 (size before relaxing)
 .eh_frame      0x000000000002e244       0x60 build/cooja/mtype346.a(energest.o)
                                         0x78 (size before relaxing)
 .eh_frame      0x000000000002e2a4      0x1e0 build/cooja/mtype346.a(etimer.o)
                                        0x1f8 (size before relaxing)
 .eh_frame      0x000000000002e484       0x20 build/cooja/mtype346.a(node-id.o)
                                         0x38 (size before relaxing)
 .eh_frame      0x000000000002e4a4       0x60 build/cooja/mtype346.a(rtimer.o)
                                         0x78 (size before relaxing)
 .eh_frame      0x000000000002e504      0x1c4 build/cooja/mtype346.a(process.o)
                                        0x1dc (size before relaxing)
 .eh_frame      0x000000000002e6c8       0xa4 build/cooja/mtype346.a(timer.o)
                                         0xbc (size before relaxing)
 .eh_frame      0x000000000002e76c      0x1a0 build/cooja/mtype346.a(list.o)
                                        0x1b8 (size before relaxing)
 .eh_frame      0x000000000002e90c       0xa0 build/cooja/mtype346.a(memb.o)
                                         0xb8 (size before relaxing)
 .eh_frame      0x000000000002e9ac      0x144 build/cooja/mtype346.a(button-hal.o)
                                        0x15c (size before relaxing)
 .eh_frame      0x000000000002eaf0       0x60 build/cooja/mtype346.a(serial-line.o)
                                         0x78 (size before relaxing)
 .eh_frame      0x000000000002eb50       0xe0 build/cooja/mtype346.a(gpio-hal.o)
                                         0xf8 (size before relaxing)
 .eh_frame      0x000000000002ec30      0x1a0 build/cooja/mtype346.a(queuebuf.o)
                                        0x1b8 (size before relaxing)
 .eh_frame      0x000000000002edd0      0x28c build/cooja/mtype346.a(packetbuf.o)
                                        0x2a4 (size before relaxing)
 .eh_frame      0x000000000002f05c       0x80 build/cooja/mtype346.a(netstack.o)
                                         0x98 (size before relaxing)
 .eh_frame      0x000000000002f0dc       0x60 build/cooja/mtype346.a(linkaddr.o)
                                         0x78 (size before relaxing)
 .eh_frame      0x000000000002f13c       0xe0 build/cooja/mtype346.a(csma.o)
                                         0xf8 (size before relaxing)
 .eh_frame      0x000000000002f21c      0x1d0 build/cooja/mtype346.a(csma-output.o)
                                        0x1e8 (size before relaxing)
 .eh_frame      0x000000000002f3ec      0x328 build/cooja/mtype346.a(uip-ds6.o)
                                        0x340 (size before relaxing)
 .eh_frame      0x000000000002f714       0x40 build/cooja/mtype346.a(uip-udp-packet.)
                                         0x58 (size before relaxing)
 .eh_frame      0x000000000002f754      0x220 build/cooja/mtype346.a(uip-ds6-route.o)
                                        0x238 (size before relaxing)
 .eh_frame      0x000000000002f974      0x244 build/cooja/mtype346.a(tcpip.o)
                                        0x25c (size before relaxing)
 .eh_frame      0x000000000002fbb8      0x1e8 build/cooja/mtype346.a(uip6.o)
                                        0x200 (size before relaxing)
 .eh_frame      0x000000000002fda0      0x1c0 build/cooja/mtype346.a(uip-ds6-nbr.o)
                                        0x1d8 (size before relaxing)
 .eh_frame      0x000000000002ff60       0x84 build/cooja/mtype346.a(uip-nd6.o)
                                         0x9c (size before relaxing)
 .eh_frame      0x000000000002ffe4      0x2f8 build/cooja/mtype346.a(sicslowpan.o)
                                        0x310 (size before relaxing)
 .eh_frame      0x00000000000302dc       0x88 build/cooja/mtype346.a(uiplib.o)
                                         0xa0 (size before relaxing)
 .eh_frame      0x0000000000030364      0x1e0 build/cooja/mtype346.a(rpl.o)
                                        0x1f8 (size before relaxing)
 .eh_frame      0x0000000000030544      0x1c4 build/cooja/mtype346.a(rpl-icmp6.o)
                                        0x1dc (size before relaxing)
 .eh_frame      0x0000000000030708       0xa0 build/cooja/mtype346.a(rpl-dag-root.o)
                                         0xb8 (size before relaxing)
 .eh_frame      0x00000000000307a8       0xa0 build/cooja/mtype346.a(watchdog.o)
                                         0xb8 (size before relaxing)
 .eh_frame      0x0000000000030848       0x80 build/cooja/mtype346.a(int-master.o)
                                         0x98 (size before relaxing)
 .eh_frame      0x00000000000308c8       0xa4 build/cooja/mtype346.a(coap-timer-defa)
                                         0xbc (size before relaxing)
 .eh_frame      0x000000000003096c       0xc4 build/cooja/mtype346.a(stimer.o)
                                         0xdc (size before relaxing)
 .eh_frame      0x0000000000030a30       0xa0 build/cooja/mtype346.a(ringbuf.o)
                                         0xb8 (size before relaxing)
 .eh_frame      0x0000000000030ad0       0x20 build/cooja/mtype346.a(assert.o)
                                         0x38 (size before relaxing)
 .eh_frame      0x0000000000030af0      0x2ac build/cooja/mtype346.a(nbr-table.o)
                                        0x2c4 (size before relaxing)
 .eh_frame      0x0000000000030d9c      0x120 build/cooja/mtype346.a(link-stats.o)
                                        0x138 (size before relaxing)
 .eh_frame      0x0000000000030ebc       0x48 build/cooja/mtype346.a(mac-sequence.o)
                                         0x60 (size before relaxing)
 .eh_frame      0x0000000000030f04       0x20 build/cooja/mtype346.a(mac.o)
                                         0x38 (size before relaxing)
 .eh_frame      0x0000000000030f24       0xa4 build/cooja/mtype346.a(framer-802154.o)
                                         0xbc (size before relaxing)
 .eh_frame      0x0000000000030fc8      0x1a4 build/cooja/mtype346.a(frame802154.o)
                                        0x1bc (size before relaxing)
 .eh_frame      0x000000000003116c       0x40 build/cooja/mtype346.a(csma-security.o)
                                         0x58 (size before relaxing)
 .eh_frame      0x00000000000311ac      0x200 build/cooja/mtype346.a(uipbuf.o)
                                        0x218 (size before relaxing)
 .eh_frame      0x00000000000313ac      0x150 build/cooja/mtype346.a(uip-icmp6.o)
                                        0x168 (size before relaxing)
 .eh_frame      0x00000000000314fc      0x184 build/cooja/mtype346.a(uip-sr.o)
                                        0x19c (size before relaxing)
 .eh_frame      0x0000000000031680       0xe0 build/cooja/mtype346.a(uip-packetqueue)
                                         0xf8 (size before relaxing)
 .eh_frame      0x0000000000031760       0x80 build/cooja/mtype346.a(rpl-nbr-policy.)
                                         0x98 (size before relaxing)
 .eh_frame      0x00000000000317e0      0x2d4 build/cooja/mtype346.a(rpl-neighbor.o)
                                        0x2ec (size before relaxing)
 .eh_frame      0x0000000000031ab4      0x370 build/cooja/mtype346.a(rpl-dag.o)
                                        0x388 (size before relaxing)
 .eh_frame      0x0000000000031e24      0x3a8 build/cooja/mtype346.a(rpl-timers.o)
                                        0x3c0 (size before relaxing)
 .eh_frame      0x00000000000321cc      0x124 build/cooja/mtype346.a(rpl-ext-header.)
                                        0x13c (size before relaxing)
 .eh_frame      0x00000000000322f0      0x148 build/cooja/mtype346.a(rpl-mrhof.o)
                                        0x160 (size before relaxing)
 .eh_frame      0x0000000000032438       0x84 /usr/lib/gcc/i686-linux-gnu/5/libgcc.a(_udivdi3.o)
                                         0x9c (size before relaxing)
 .eh_frame      0x00000000000324bc        0x4 /usr/lib/gcc/i686-linux-gnu/5/crtendS.o
 *(.eh_frame.*)

.gcc_except_table
 *(.gcc_except_table .gcc_except_table.*)

.gnu_extab
 *(.gnu_extab*)

.exception_ranges
 *(.exception_ranges .exception_ranges*)
                0x0000000000033f10                . = DATA_SEGMENT_ALIGN (0x1000, 0x1000)

.eh_frame
 *(.eh_frame)
 *(.eh_frame.*)

.gnu_extab
 *(.gnu_extab)

.gcc_except_table
 *(.gcc_except_table .gcc_except_table.*)

.exception_ranges
 *(.exception_ranges .exception_ranges*)

.tdata
 *(.tdata .tdata.* .gnu.linkonce.td.*)

.tbss
 *(.tbss .tbss.* .gnu.linkonce.tb.*)
 *(.tcommon)

.preinit_array
 *(.preinit_array)

.init_array     0x0000000000033f10        0x4
 *(SORT(.init_array.*) SORT(.ctors.*))
 *(.init_array EXCLUDE_FILE(*crtend?.o *crtend.o *crtbegin?.o *crtbegin.o) .ctors)
 .init_array    0x0000000000033f10        0x4 /usr/lib/gcc/i686-linux-gnu/5/crtbeginS.o

.fini_array     0x0000000000033f14        0x4
 *(SORT(.fini_array.*) SORT(.dtors.*))
 *(.fini_array EXCLUDE_FILE(*crtend?.o *crtend.o *crtbegin?.o *crtbegin.o) .dtors)
 .fini_array    0x0000000000033f14        0x4 /usr/lib/gcc/i686-linux-gnu/5/crtbeginS.o

.ctors
 *crtbegin.o(.ctors)
 *crtbegin?.o(.ctors)
 *(EXCLUDE_FILE(*crtend?.o *crtend.o) .ctors)
 *(SORT(.ctors.*))
 *(.ctors)

.dtors
 *crtbegin.o(.dtors)
 *crtbegin?.o(.dtors)
 *(EXCLUDE_FILE(*crtend?.o *crtend.o) .dtors)
 *(SORT(.dtors.*))
 *(.dtors)

.jcr            0x0000000000033f18        0x4
 *(.jcr)
 .jcr           0x0000000000033f18        0x0 /usr/lib/gcc/i686-linux-gnu/5/crtbeginS.o
 .jcr           0x0000000000033f18        0x4 /usr/lib/gcc/i686-linux-gnu/5/crtendS.o

.data.rel.ro
 *(.data.rel.ro.local* .gnu.linkonce.d.rel.ro.local.*)
 *(.data.rel.ro .data.rel.ro.* .gnu.linkonce.d.rel.ro.*)

.dynamic        0x0000000000033f1c       0xd0
 *(.dynamic)
 .dynamic       0x0000000000033f1c       0xd0 /usr/lib/gcc/i686-linux-gnu/5/../../../i386-linux-gnu/crti.o
                0x0000000000033f1c                _DYNAMIC

.got            0x0000000000033fec       0x14
 *(.got)
 .got           0x0000000000033fec       0x14 /usr/lib/gcc/i686-linux-gnu/5/../../../i386-linux-gnu/crti.o
 *(.igot)
                0x0000000000034ff4                . = DATA_SEGMENT_RELRO_END (., (SIZEOF (.got.plt) >= 0xc)?0xc:0x0)

.got.plt        0x0000000000034000        0xc
 *(.got.plt)
 .got.plt       0x0000000000034000        0xc /usr/lib/gcc/i686-linux-gnu/5/../../../i386-linux-gnu/crti.o
                0x0000000000034000                _GLOBAL_OFFSET_TABLE_
 *(.igot.plt)

.data           0x0000000000034020      0x444
 *(.data .data.* .gnu.linkonce.d.*)
 .data          0x0000000000034020        0x0 /usr/lib/gcc/i686-linux-gnu/5/../../../i386-linux-gnu/crti.o
 .data          0x0000000000034020        0x0 /usr/lib/gcc/i686-linux-gnu/5/crtbeginS.o
 .data.rel.local
                0x0000000000034020        0x4 /usr/lib/gcc/i686-linux-gnu/5/crtbeginS.o
                0x0000000000034020                __dso_handle
 .data          0x0000000000034024       0x14 hydromassage_server.o
                0x0000000000034024                service_url
                0x0000000000034028                hydromassage_server
 *fill*         0x0000000000034038        0x8 
 .data          0x0000000000034040       0x44 build/cooja/mtype346.o
                0x0000000000034040                simInterfaces
                0x0000000000034074                sensors
 .data          0x0000000000034084        0x0 build/cooja/mtype346.a(simEnvChange.o)
 .data          0x0000000000034084        0x0 build/cooja/mtype346.a(cooja_mt.o)
 .data          0x0000000000034084        0x0 build/cooja/mtype346.a(cooja_mtarch.o)
 .data          0x0000000000034084        0x0 build/cooja/mtype346.a(rtimer-arch.o)
 .data          0x0000000000034084        0x0 build/cooja/mtype346.a(beep.o)
 .data          0x0000000000034084        0x0 build/cooja/mtype346.a(leds-arch.o)
 .data          0x0000000000034084        0x0 build/cooja/mtype346.a(moteid.o)
 .data          0x0000000000034084        0x0 build/cooja/mtype346.a(pir-sensor.o)
 .data          0x0000000000034084        0x0 build/cooja/mtype346.a(rs232.o)
 .data          0x0000000000034084        0x0 build/cooja/mtype346.a(vib-sensor.o)
 .data          0x0000000000034084        0x0 build/cooja/mtype346.a(clock.o)
 .data          0x0000000000034084        0x0 build/cooja/mtype346.a(cooja-log.o)
 .data          0x0000000000034084        0x0 build/cooja/mtype346.a(cfs-cooja.o)
 .data          0x0000000000034084       0x2c build/cooja/mtype346.a(cooja-radio.o)
                0x0000000000034084                simRadioHWOn
                0x0000000000034088                simSignalStrength
                0x000000000003408c                simLastSignalStrength
                0x0000000000034090                simPower
                0x0000000000034094                simRadioChannel
                0x0000000000034098                simLQI
                0x00000000000340a0                cooja_radio_process
 .data          0x00000000000340b0        0x0 build/cooja/mtype346.a(eeprom.o)
 .data          0x00000000000340b0        0x0 build/cooja/mtype346.a(random.o)
 .data          0x00000000000340b0       0x10 build/cooja/mtype346.a(sensors.o)
                0x00000000000340b0                sensors_process
 .data          0x00000000000340c0        0x0 build/cooja/mtype346.a(leds.o)
 .data          0x00000000000340c0        0x0 build/cooja/mtype346.a(gpio-hal-arch.o)
 .data          0x00000000000340c0       0x78 build/cooja/mtype346.a(buttons.o)
                0x00000000000340c0                simButtonIsActive
                0x0000000000034130                button_hal_buttons
 *fill*         0x0000000000034138        0x8 
 .data          0x0000000000034140       0x24 build/cooja/mtype346.a(hydromassage_ac)
                0x0000000000034140                hydromassage_actuator
 .data          0x0000000000034164        0x0 build/cooja/mtype346.a(coap-blocking-a)
 .data          0x0000000000034164        0x8 build/cooja/mtype346.a(coap-engine.o)
 *fill*         0x000000000003416c       0x14 
 .data          0x0000000000034180       0x24 build/cooja/mtype346.a(coap-res-well-k)
                0x0000000000034180                res_well_known_core
 .data          0x00000000000341a4       0x10 build/cooja/mtype346.a(coap-observe.o)
 .data          0x00000000000341b4       0x10 build/cooja/mtype346.a(coap-uip.o)
                0x00000000000341b4                coap_engine
 .data          0x00000000000341c4        0x4 build/cooja/mtype346.a(coap-timer.o)
 .data          0x00000000000341c8       0x10 build/cooja/mtype346.a(coap-transactio)
 .data          0x00000000000341d8        0x4 build/cooja/mtype346.a(coap.o)
                0x00000000000341d8                coap_error_message
 .data          0x00000000000341dc        0x0 build/cooja/mtype346.a(contiki-main.o)
 .data          0x00000000000341dc        0x0 build/cooja/mtype346.a(autostart.o)
 .data          0x00000000000341dc       0x14 build/cooja/mtype346.a(ctimer.o)
                0x00000000000341e0                ctimer_process
 *fill*         0x00000000000341f0       0x10 
 .data          0x0000000000034200       0xbc build/cooja/mtype346.a(log.o)
                0x0000000000034200                curr_log_level_main
                0x0000000000034220                all_modules
 .data          0x00000000000342bc        0x0 build/cooja/mtype346.a(energest.o)
 .data          0x00000000000342bc       0x10 build/cooja/mtype346.a(etimer.o)
                0x00000000000342bc                etimer_process
 .data          0x00000000000342cc        0x0 build/cooja/mtype346.a(node-id.o)
 .data          0x00000000000342cc        0x0 build/cooja/mtype346.a(rtimer.o)
 .data          0x00000000000342cc        0x0 build/cooja/mtype346.a(process.o)
 .data          0x00000000000342cc        0x0 build/cooja/mtype346.a(timer.o)
 .data          0x00000000000342cc        0x0 build/cooja/mtype346.a(list.o)
 .data          0x00000000000342cc        0x0 build/cooja/mtype346.a(memb.o)
 .data          0x00000000000342cc       0x10 build/cooja/mtype346.a(button-hal.o)
                0x00000000000342cc                button_hal_process
 .data          0x00000000000342dc       0x10 build/cooja/mtype346.a(serial-line.o)
                0x00000000000342dc                serial_line_process
 .data          0x00000000000342ec        0x4 build/cooja/mtype346.a(gpio-hal.o)
 .data          0x00000000000342f0       0x18 build/cooja/mtype346.a(queuebuf.o)
 .data          0x0000000000034308        0x4 build/cooja/mtype346.a(packetbuf.o)
 .data          0x000000000003430c        0x4 build/cooja/mtype346.a(netstack.o)
 .data          0x0000000000034310        0x0 build/cooja/mtype346.a(linkaddr.o)
 .data          0x0000000000034310        0x0 build/cooja/mtype346.a(csma.o)
 .data          0x0000000000034310       0x28 build/cooja/mtype346.a(csma-output.o)
 .data          0x0000000000034338        0x0 build/cooja/mtype346.a(uip-ds6.o)
 .data          0x0000000000034338        0x0 build/cooja/mtype346.a(uip-udp-packet.)
 .data          0x0000000000034338       0x10 build/cooja/mtype346.a(uip-ds6-route.o)
 .data          0x0000000000034348       0x10 build/cooja/mtype346.a(tcpip.o)
                0x0000000000034348                tcpip_process
 .data          0x0000000000034358        0x0 build/cooja/mtype346.a(uip6.o)
 .data          0x0000000000034358       0x14 build/cooja/mtype346.a(uip-ds6-nbr.o)
 .data          0x000000000003436c        0xc build/cooja/mtype346.a(uip-nd6.o)
 .data          0x0000000000034378        0x0 build/cooja/mtype346.a(sicslowpan.o)
 .data          0x0000000000034378        0x0 build/cooja/mtype346.a(uiplib.o)
 .data          0x0000000000034378        0x0 build/cooja/mtype346.a(rpl.o)
 .data          0x0000000000034378       0x30 build/cooja/mtype346.a(rpl-icmp6.o)
 .data          0x00000000000343a8        0x0 build/cooja/mtype346.a(rpl-dag-root.o)
 .data          0x00000000000343a8        0x0 build/cooja/mtype346.a(watchdog.o)
 .data          0x00000000000343a8        0x0 build/cooja/mtype346.a(int-master.o)
 .data          0x00000000000343a8       0x10 build/cooja/mtype346.a(coap-timer-defa)
                0x00000000000343a8                coap_timer_process
 .data          0x00000000000343b8        0x0 build/cooja/mtype346.a(stimer.o)
 .data          0x00000000000343b8        0x0 build/cooja/mtype346.a(ringbuf.o)
 .data          0x00000000000343b8        0x0 build/cooja/mtype346.a(assert.o)
 .data          0x00000000000343b8       0x10 build/cooja/mtype346.a(nbr-table.o)
 .data          0x00000000000343c8       0x14 build/cooja/mtype346.a(link-stats.o)
 .data          0x00000000000343dc        0x0 build/cooja/mtype346.a(mac-sequence.o)
 .data          0x00000000000343dc        0x0 build/cooja/mtype346.a(mac.o)
 .data          0x00000000000343dc        0x0 build/cooja/mtype346.a(framer-802154.o)
 .data          0x00000000000343dc        0x2 build/cooja/mtype346.a(frame802154.o)
 .data          0x00000000000343de        0x0 build/cooja/mtype346.a(csma-security.o)
 .data          0x00000000000343de        0x0 build/cooja/mtype346.a(uipbuf.o)
 *fill*         0x00000000000343de        0x2 
 .data          0x00000000000343e0       0x20 build/cooja/mtype346.a(uip-icmp6.o)
 .data          0x0000000000034400       0x10 build/cooja/mtype346.a(uip-sr.o)
 .data          0x0000000000034410        0xc build/cooja/mtype346.a(uip-packetqueue)
 .data          0x000000000003441c        0x0 build/cooja/mtype346.a(rpl-nbr-policy.)
 .data          0x000000000003441c       0x14 build/cooja/mtype346.a(rpl-neighbor.o)
                0x000000000003442c                rpl_neighbors
 .data          0x0000000000034430        0x0 build/cooja/mtype346.a(rpl-dag.o)
 .data          0x0000000000034430        0x0 build/cooja/mtype346.a(rpl-timers.o)
 .data          0x0000000000034430        0x0 build/cooja/mtype346.a(rpl-ext-header.)
 *fill*         0x0000000000034430       0x10 
 .data          0x0000000000034440       0x24 build/cooja/mtype346.a(rpl-mrhof.o)
                0x0000000000034440                rpl_mrhof
 .data          0x0000000000034464        0x0 /usr/lib/gcc/i686-linux-gnu/5/libgcc.a(_udivdi3.o)
 .data          0x0000000000034464        0x0 /usr/lib/gcc/i686-linux-gnu/5/crtendS.o
 .data          0x0000000000034464        0x0 /usr/lib/gcc/i686-linux-gnu/5/../../../i386-linux-gnu/crtn.o

.tm_clone_table
                0x0000000000034464        0x0
 .tm_clone_table
                0x0000000000034464        0x0 /usr/lib/gcc/i686-linux-gnu/5/crtbeginS.o
 .tm_clone_table
                0x0000000000034464        0x0 /usr/lib/gcc/i686-linux-gnu/5/crtendS.o

.data1
 *(.data1)
                0x0000000000034464                _edata = .
                [!provide]                        PROVIDE (edata, .)
                0x0000000000034464                . = .
                0x0000000000034464                __bss_start = .

.bss            0x0000000000034480    0x13f64
 *(.dynbss)
 .dynbss        0x0000000000034480        0x0 /usr/lib/gcc/i686-linux-gnu/5/../../../i386-linux-gnu/crti.o
 *(.bss .bss.* .gnu.linkonce.b.*)
 .bss           0x0000000000034480        0x0 /usr/lib/gcc/i686-linux-gnu/5/../../../i386-linux-gnu/crti.o
 .bss           0x0000000000034480        0x1 /usr/lib/gcc/i686-linux-gnu/5/crtbeginS.o
 *fill*         0x0000000000034481       0x1f 
 .bss           0x00000000000344a0      0x10c hydromassage_server.o
 *fill*         0x00000000000345ac       0x14 
 .bss           0x00000000000345c0     0x2030 build/cooja/mtype346.o
 .bss           0x00000000000365f0        0x1 build/cooja/mtype346.a(simEnvChange.o)
                0x00000000000365f0                simDontFallAsleep
 *fill*         0x00000000000365f1        0x3 
 .bss           0x00000000000365f4        0x4 build/cooja/mtype346.a(cooja_mt.o)
 .bss           0x00000000000365f8        0x4 build/cooja/mtype346.a(cooja_mtarch.o)
 .bss           0x00000000000365fc        0x0 build/cooja/mtype346.a(rtimer-arch.o)
 .bss           0x00000000000365fc        0x0 build/cooja/mtype346.a(beep.o)
 .bss           0x00000000000365fc        0x1 build/cooja/mtype346.a(leds-arch.o)
                0x00000000000365fc                simLedsValue
 .bss           0x00000000000365fd        0x0 build/cooja/mtype346.a(moteid.o)
 .bss           0x00000000000365fd        0x1 build/cooja/mtype346.a(pir-sensor.o)
                0x00000000000365fd                simPirValue
 *fill*         0x00000000000365fe        0x2 
 .bss           0x0000000000036600        0x4 build/cooja/mtype346.a(rs232.o)
 .bss           0x0000000000036604        0x1 build/cooja/mtype346.a(vib-sensor.o)
                0x0000000000036604                simVibValue
 .bss           0x0000000000036605        0x0 build/cooja/mtype346.a(clock.o)
 *fill*         0x0000000000036605       0x1b 
 .bss           0x0000000000036620     0x2020 build/cooja/mtype346.a(cooja-log.o)
 .bss           0x0000000000038640      0xfc0 build/cooja/mtype346.a(cfs-cooja.o)
                0x0000000000038640                simCFSData
                0x00000000000395e0                simCFSSize
                0x00000000000395e4                simCFSChanged
                0x00000000000395e8                simCFSRead
                0x00000000000395ec                simCFSWritten
 .bss           0x0000000000039600       0x24 build/cooja/mtype346.a(cooja-radio.o)
                0x0000000000039600                simReceiving
                0x0000000000039604                simInSize
                0x0000000000039608                simLastPacketTimestamp
                0x0000000000039610                simOutSize
 .bss           0x0000000000039624        0xc build/cooja/mtype346.a(eeprom.o)
                0x0000000000039624                simEEPROMChanged
                0x0000000000039628                simEEPROMRead
                0x000000000003962c                simEEPROMWritten
 .bss           0x0000000000039630        0x0 build/cooja/mtype346.a(random.o)
 .bss           0x0000000000039630        0xc build/cooja/mtype346.a(sensors.o)
 .bss           0x000000000003963c        0x0 build/cooja/mtype346.a(leds.o)
 .bss           0x000000000003963c       0x24 build/cooja/mtype346.a(gpio-hal-arch.o)
 .bss           0x0000000000039660        0x0 build/cooja/mtype346.a(buttons.o)
 .bss           0x0000000000039660        0x4 build/cooja/mtype346.a(hydromassage_ac)
 .bss           0x0000000000039664        0x0 build/cooja/mtype346.a(coap-blocking-a)
 *fill*         0x0000000000039664       0x1c 
 .bss           0x0000000000039680      0x190 build/cooja/mtype346.a(coap-engine.o)
 .bss           0x0000000000039810        0x0 build/cooja/mtype346.a(coap-res-well-k)
 *fill*         0x0000000000039810       0x10 
 .bss           0x0000000000039820      0x120 build/cooja/mtype346.a(coap-observe.o)
 .bss           0x0000000000039940       0x18 build/cooja/mtype346.a(coap-uip.o)
 .bss           0x0000000000039958        0x5 build/cooja/mtype346.a(coap-timer.o)
 *fill*         0x000000000003995d        0x3 
 .bss           0x0000000000039960      0x334 build/cooja/mtype346.a(coap-transactio)
 .bss           0x0000000000039c94        0x6 build/cooja/mtype346.a(coap.o)
                0x0000000000039c94                coap_status_code
 .bss           0x0000000000039c9a        0x0 build/cooja/mtype346.a(contiki-main.o)
 .bss           0x0000000000039c9a        0x0 build/cooja/mtype346.a(autostart.o)
 *fill*         0x0000000000039c9a        0x2 
 .bss           0x0000000000039c9c        0x5 build/cooja/mtype346.a(ctimer.o)
 *fill*         0x0000000000039ca1        0x3 
 .bss           0x0000000000039ca4       0x2c build/cooja/mtype346.a(log.o)
                0x0000000000039ca4                curr_log_level_rpl
                0x0000000000039ca8                curr_log_level_tcpip
                0x0000000000039cac                curr_log_level_ipv6
                0x0000000000039cb0                curr_log_level_6lowpan
                0x0000000000039cb4                curr_log_level_nullnet
                0x0000000000039cb8                curr_log_level_mac
                0x0000000000039cbc                curr_log_level_framer
                0x0000000000039cc0                curr_log_level_6top
                0x0000000000039cc4                curr_log_level_coap
                0x0000000000039cc8                curr_log_level_snmp
                0x0000000000039ccc                curr_log_level_lwm2m
 .bss           0x0000000000039cd0        0x0 build/cooja/mtype346.a(energest.o)
 .bss           0x0000000000039cd0        0x8 build/cooja/mtype346.a(etimer.o)
 .bss           0x0000000000039cd8        0x2 build/cooja/mtype346.a(node-id.o)
                0x0000000000039cd8                node_id
 *fill*         0x0000000000039cda        0x2 
 .bss           0x0000000000039cdc        0x4 build/cooja/mtype346.a(rtimer.o)
 .bss           0x0000000000039ce0      0x1a1 build/cooja/mtype346.a(process.o)
                0x0000000000039ce0                process_list
                0x0000000000039ce4                process_current
 .bss           0x0000000000039e81        0x0 build/cooja/mtype346.a(timer.o)
 .bss           0x0000000000039e81        0x0 build/cooja/mtype346.a(list.o)
 .bss           0x0000000000039e81        0x0 build/cooja/mtype346.a(memb.o)
 *fill*         0x0000000000039e81        0x3 
 .bss           0x0000000000039e84       0x10 build/cooja/mtype346.a(button-hal.o)
 *fill*         0x0000000000039e94        0xc 
 .bss           0x0000000000039ea0      0x140 build/cooja/mtype346.a(serial-line.o)
 .bss           0x0000000000039fe0        0x4 build/cooja/mtype346.a(gpio-hal.o)
 *fill*         0x0000000000039fe4       0x1c 
 .bss           0x000000000003a000     0x2c80 build/cooja/mtype346.a(queuebuf.o)
 .bss           0x000000000003cc80       0xa0 build/cooja/mtype346.a(packetbuf.o)
 .bss           0x000000000003cd20        0x4 build/cooja/mtype346.a(netstack.o)
 .bss           0x000000000003cd24        0x0 build/cooja/mtype346.a(linkaddr.o)
 .bss           0x000000000003cd24        0x0 build/cooja/mtype346.a(csma.o)
 *fill*         0x000000000003cd24       0x1c 
 .bss           0x000000000003cd40      0x726 build/cooja/mtype346.a(csma-output.o)
 *fill*         0x000000000003d466        0x2 
 .bss           0x000000000003d468       0x30 build/cooja/mtype346.a(uip-ds6.o)
 .bss           0x000000000003d498        0x0 build/cooja/mtype346.a(uip-udp-packet.)
 *fill*         0x000000000003d498        0x8 
 .bss           0x000000000003d4a0       0x60 build/cooja/mtype346.a(uip-ds6-route.o)
 .bss           0x000000000003d500       0x10 build/cooja/mtype346.a(tcpip.o)
 .bss           0x000000000003d510        0x8 build/cooja/mtype346.a(uip6.o)
                0x000000000003d510                uip_ext_bitmap
                0x000000000003d512                uip_ext_len
                0x000000000003d514                uip_last_proto
 *fill*         0x000000000003d518        0x8 
 .bss           0x000000000003d520     0x1c20 build/cooja/mtype346.a(uip-ds6-nbr.o)
 .bss           0x000000000003f140       0x10 build/cooja/mtype346.a(uip-nd6.o)
 *fill*         0x000000000003f150       0x10 
 .bss           0x000000000003f160      0x724 build/cooja/mtype346.a(sicslowpan.o)
 .bss           0x000000000003f884        0x0 build/cooja/mtype346.a(uiplib.o)
 .bss           0x000000000003f884        0x1 build/cooja/mtype346.a(rpl.o)
 .bss           0x000000000003f885        0x0 build/cooja/mtype346.a(rpl-icmp6.o)
 *fill*         0x000000000003f885        0x3 