Archive member included to satisfy reference by file (symbol)

build/cooja/mtype868.a(simEnvChange.o)
                              build/cooja/mtype868.o (simDontFallAsleep)
build/cooja/mtype868.a(cooja_mt.o)
                              build/cooja/mtype868.o (cooja_mt_start)
build/cooja/mtype868.a(cooja_mtarch.o)
                              build/cooja/mtype868.a(cooja_mt.o) (cooja_mtarch_start)
build/cooja/mtype868.a(rtimer-arch.o)
                              build/cooja/mtype868.o (rtimer_arch_check)
build/cooja/mtype868.a(beep.o)
                              build/cooja/mtype868.o (beep_interface)
build/cooja/mtype868.a(leds-arch.o)
                              build/cooja/mtype868.o (leds_interface)
build/cooja/mtype868.a(moteid.o)
                              build/cooja/mtype868.o (moteid_interface)
build/cooja/mtype868.a(pir-sensor.o)
                              build/cooja/mtype868.o (pir_interface)
build/cooja/mtype868.a(rs232.o)
                              build/cooja/mtype868.o (rs232_interface)
build/cooja/mtype868.a(vib-sensor.o)
                              build/cooja/mtype868.o (vib_interface)
build/cooja/mtype868.a(clock.o)
                              build/cooja/mtype868.o (clock_interface)
build/cooja/mtype868.a(cooja-log.o)
                              build/cooja/mtype868.o (simlog_interface)
build/cooja/mtype868.a(cfs-cooja.o)
                              build/cooja/mtype868.o (cfs_interface)
build/cooja/mtype868.a(cooja-radio.o)
                              build/cooja/mtype868.o (radio_interface)
build/cooja/mtype868.a(eeprom.o)
                              build/cooja/mtype868.o (eeprom_interface)
build/cooja/mtype868.a(random.o)
                              build/cooja/mtype868.a(moteid.o) (random_init)
build/cooja/mtype868.a(sensors.o)
                              build/cooja/mtype868.a(pir-sensor.o) (sensors_changed)
build/cooja/mtype868.a(leds.o)
                              build/cooja/mtype868.a(leds-arch.o) (leds_get)
build/cooja/mtype868.a(gpio-hal-arch.o)
                              build/cooja/mtype868.a(leds-arch.o) (gpio_hal_arch_register_pin_callback)
build/cooja/mtype868.a(buttons.o)
                              build/cooja/mtype868.o (button_interface)
build/cooja/mtype868.a(presence_sensor)
                              sensor_server.o (presence_sensor)
build/cooja/mtype868.a(coap-engine.o)
                              sensor_server.o (coap_activate_resource)
build/cooja/mtype868.a(coap-res-well-k)
                              build/cooja/mtype868.a(coap-engine.o) (res_well_known_core)
build/cooja/mtype868.a(coap-observe.o)
                              build/cooja/mtype868.a(coap-engine.o) (coap_remove_observer_by_mid)
build/cooja/mtype868.a(coap-uip.o)
                              build/cooja/mtype868.a(coap-observe.o) (coap_endpoint_copy)
build/cooja/mtype868.a(coap-timer.o)
                              build/cooja/mtype868.a(coap-engine.o) (coap_timer_set)
build/cooja/mtype868.a(coap-transactio)
                              build/cooja/mtype868.a(coap-engine.o) (coap_send_transaction)
build/cooja/mtype868.a(coap.o)
                              build/cooja/mtype868.a(coap-engine.o) (coap_status_code)
build/cooja/mtype868.a(contiki-main.o)
                              build/cooja/mtype868.o (main)
build/cooja/mtype868.a(autostart.o)
                              build/cooja/mtype868.a(contiki-main.o) (autostart_start)
build/cooja/mtype868.a(ctimer.o)
                              build/cooja/mtype868.a(contiki-main.o) (ctimer_init)
build/cooja/mtype868.a(log.o)
                              build/cooja/mtype868.a(contiki-main.o) (curr_log_level_main)
build/cooja/mtype868.a(energest.o)
                              build/cooja/mtype868.a(contiki-main.o) (energest_init)
build/cooja/mtype868.a(etimer.o)
                              build/cooja/mtype868.a(contiki-main.o) (etimer_process)
build/cooja/mtype868.a(node-id.o)
                              build/cooja/mtype868.a(contiki-main.o) (node_id)
build/cooja/mtype868.a(rtimer.o)
                              build/cooja/mtype868.a(contiki-main.o) (rtimer_init)
build/cooja/mtype868.a(process.o)
                              sensor_server.o (process_current)
build/cooja/mtype868.a(timer.o)
                              build/cooja/mtype868.a(etimer.o) (timer_set)
build/cooja/mtype868.a(list.o)
                              build/cooja/mtype868.a(coap-engine.o) (list_init)
build/cooja/mtype868.a(memb.o)
                              build/cooja/mtype868.a(coap-observe.o) (memb_alloc)
build/cooja/mtype868.a(button-hal.o)
                              build/cooja/mtype868.o (button_hal_init)
build/cooja/mtype868.a(serial-line.o)
                              build/cooja/mtype868.a(rs232.o) (serial_line_input_byte)
build/cooja/mtype868.a(gpio-hal.o)
                              build/cooja/mtype868.a(button-hal.o) (gpio_hal_register_handler)
build/cooja/mtype868.a(queuebuf.o)
[...]
Memory Configuration

Name             Origin             Length             Attributes
*default*        0x0000000000000000 0xffffffffffffffff

Linker script and memory map

LOAD /usr/lib/gcc/i686-linux-gnu/5/../../../i386-linux-gnu/crti.o
LOAD /usr/lib/gcc/i686-linux-gnu/5/crtbeginS.o
LOAD sensor_server.o
LOAD build/cooja/mtype868.o
LOAD build/cooja/mtype868.a
LOAD /usr/lib/gcc/i686-linux-gnu/5/libgcc.a
LOAD /usr/lib/gcc/i686-linux-gnu/5/libgcc_s.so
LOAD /usr/lib/gcc/i686-linux-gnu/5/../../../i386-linux-gnu/libc.so
START GROUP
LOAD /lib/i386-linux-gnu/libc.so.6
LOAD /usr/lib/i386-linux-gnu/libc_nonshared.a
LOAD /lib/i386-linux-gnu/ld-linux.so.2
END GROUP
LOAD /usr/lib/gcc/i686-linux-gnu/5/libgcc.a
LOAD /usr/lib/gcc/i686-linux-gnu/5/libgcc_s.so
LOAD /usr/lib/gcc/i686-linux-gnu/5/crtendS.o
LOAD /usr/lib/gcc/i686-linux-gnu/5/../../../i386-linux-gnu/crtn.o
                0x0000000000000114                . = (0x0 + SIZEOF_HEADERS)

.note.gnu.build-id
                0x0000000000000114       0x24
 *(.note.gnu.build-id)
 .note.gnu.build-id
                0x0000000000000114       0x24 /usr/lib/gcc/i686-linux-gnu/5/../../../i386-linux-gnu/crti.o

.hash
 *(.hash)

.gnu.hash       0x0000000000000138     0x1580
 *(.gnu.hash)
 .gnu.hash      0x0000000000000138     0x1580 /usr/lib/gcc/i686-linux-gnu/5/../../../i386-linux-gnu/crti.o

.dynsym         0x00000000000016b8     0x2e90
 *(.dynsym)
 .dynsym        0x00000000000016b8     0x2e90 /usr/lib/gcc/i686-linux-gnu/5/../../../i386-linux-gnu/crti.o

.dynstr         0x0000000000004548     0x3637
 *(.dynstr)
 .dynstr        0x0000000000004548     0x3637 /usr/lib/gcc/i686-linux-gnu/5/../../../i386-linux-gnu/crti.o

.gnu.version    0x0000000000007b80      0x5d2
 *(.gnu.version)
 .gnu.version   0x0000000000007b80      0x5d2 /usr/lib/gcc/i686-linux-gnu/5/../../../i386-linux-gnu/crti.o

.gnu.version_d  0x0000000000008154        0x0
 *(.gnu.version_d)
 .gnu.version_d
                0x0000000000008154        0x0 /usr/lib/gcc/i686-linux-gnu/5/../../../i386-linux-gnu/crti.o

.gnu.version_r  0x0000000000008154       0x40
 *(.gnu.version_r)
 .gnu.version_r
                0x0000000000008154       0x40 /usr/lib/gcc/i686-linux-gnu/5/../../../i386-linux-gnu/crti.o

.rel.dyn        0x0000000000008194     0x8ee0
 *(.rel.init)
 .rel.init      0x0000000000008194        0x0 /usr/lib/gcc/i686-linux-gnu/5/../../../i386-linux-gnu/crti.o
 *(.rel.text .rel.text.* .rel.gnu.linkonce.t.*)
 .rel.text      0x0000000000008194     0x8530 /usr/lib/gcc/i686-linux-gnu/5/../../../i386-linux-gnu/crti.o
 *(.rel.fini)
 .rel.fini      0x00000000000106c4        0x0 /usr/lib/gcc/i686-linux-gnu/5/../../../i386-linux-gnu/crti.o
 *(.rel.rodata .rel.rodata.* .rel.gnu.linkonce.r.*)
 .rel.rodata    0x00000000000106c4      0x588 /usr/lib/gcc/i686-linux-gnu/5/../../../i386-linux-gnu/crti.o
 *(.rel.data.rel.ro .rel.data.rel.ro.* .rel.gnu.linkonce.d.rel.ro.*)
 *(.rel.data .rel.data.* .rel.gnu.linkonce.d.*)
 .rel.data.rel.local
                0x0000000000010c4c        0x8 /usr/lib/gcc/i686-linux-gnu/5/../../../i386-linux-gnu/crti.o
 .rel.data      0x0000000000010c54      0x3e8 /usr/lib/gcc/i686-linux-gnu/5/../../../i386-linux-gnu/crti.o
 *(.rel.tdata .rel.tdata.* .rel.gnu.linkonce.td.*)
 *(.rel.tbss .rel.tbss.* .rel.gnu.linkonce.tb.*)
 *(.rel.ctors)
 *(.rel.dtors)
 *(.rel.got)
 .rel.got       0x000000000001103c       0x28 /usr/lib/gcc/i686-linux-gnu/5/../../../i386-linux-gnu/crti.o
 *(.rel.bss .rel.bss.* .rel.gnu.linkonce.b.*)
 *(.rel.ifunc)
 .rel.ifunc     0x0000000000011064        0x0 /usr/lib/gcc/i686-linux-gnu/5/../../../i386-linux-gnu/crti.o
 .rel.fini_array
                0x0000000000011064        0x8 /usr/lib/gcc/i686-linux-gnu/5/../../../i386-linux-gnu/crti.o
 .rel.init_array
                0x000000000001106c        0x8 /usr/lib/gcc/i686-linux-gnu/5/../../../i386-linux-gnu/crti.o

.rel.plt        0x0000000000011074        0x0
 *(.rel.plt)
 .rel.plt       0x0000000000011074        0x0 /usr/lib/gcc/i686-linux-gnu/5/../../../i386-linux-gnu/crti.o
 *(.rel.iplt)

.init           0x0000000000011074       0x23
 *(SORT(.init))
 .init          0x0000000000011074       0x1e /usr/lib/gcc/i686-linux-gnu/5/../../../i386-linux-gnu/crti.o
                0x0000000000011074                _init
 .init          0x0000000000011092        0x5 /usr/lib/gcc/i686-linux-gnu/5/../../../i386-linux-gnu/crtn.o

.plt            0x00000000000110a0       0x10
 *(.plt)
 .plt           0x00000000000110a0       0x10 /usr/lib/gcc/i686-linux-gnu/5/../../../i386-linux-gnu/crti.o
 *(.iplt)

.plt.got        0x00000000000110b0       0x10
 *(.plt.got)
 .plt.got       0x00000000000110b0       0x10 /usr/lib/gcc/i686-linux-gnu/5/../../../i386-linux-gnu/crti.o

.text           0x00000000000110c0    0x180c2
 *(.text.unlikely .text.*_unlikely .text.unlikely.*)
 .text.unlikely
                0x00000000000110c0        0x0 /usr/lib/gcc/i686-linux-gnu/5/crtbeginS.o
 .text.unlikely
                0x00000000000110c0        0x0 /usr/lib/gcc/i686-linux-gnu/5/libgcc.a(_udivdi3.o)
 *(.text.exit .text.exit.*)
 *(.text.startup .text.startup.*)
 *(.text.hot .text.hot.*)
 *(.text .stub .text.* .gnu.linkonce.t.*)
 .text          0x00000000000110c0        0x0 /usr/lib/gcc/i686-linux-gnu/5/../../../i386-linux-gnu/crti.o
 .gnu.linkonce.t.__x86.get_pc_thunk.bx
                0x00000000000110c0        0x4 /usr/lib/gcc/i686-linux-gnu/5/../../../i386-linux-gnu/crti.o
                0x00000000000110c0                __x86.get_pc_thunk.bx
 *fill*         0x00000000000110c4        0xc 
 .text          0x00000000000110d0      0x11c /usr/lib/gcc/i686-linux-gnu/5/crtbeginS.o
 .text.__x86.get_pc_thunk.dx
                0x00000000000111ec        0x4 /usr/lib/gcc/i686-linux-gnu/5/crtbeginS.o
                0x00000000000111ec                __x86.get_pc_thunk.dx
 .text          0x00000000000111f0      0x159 sensor_server.o
 .text          0x0000000000011349      0x283 build/cooja/mtype868.o
                0x00000000000113db                platform_init_stage_one
                0x00000000000113ee                platform_init_stage_two
                0x0000000000011401                platform_init_stage_three
                0x0000000000011414                platform_main_loop
                0x0000000000011487                Java_org_contikios_cooja_corecomm_Lib5_init
                0x00000000000114be                Java_org_contikios_cooja_corecomm_Lib5_getMemory
                0x00000000000114f1                Java_org_contikios_cooja_corecomm_Lib5_setMemory
                0x0000000000011551                Java_org_contikios_cooja_corecomm_Lib5_tick
                0x00000000000115b9                Java_org_contikios_cooja_corecomm_Lib5_setReferenceAddress
 .text          0x00000000000115cc       0x65 build/cooja/mtype868.a(simEnvChange.o)
                0x00000000000115cc                doActionsBeforeTick
                0x00000000000115fe                doActionsAfterTick
 .text          0x0000000000011631       0x83 build/cooja/mtype868.a(cooja_mt.o)
                0x0000000000011631                cooja_mt_start
                0x000000000001165b                cooja_mt_exec
                0x0000000000011691                cooja_mt_yield
 .text          0x00000000000116b4       0xbe build/cooja/mtype868.a(cooja_mtarch.o)
                0x00000000000116b4                cooja_mtarch_start
                0x0000000000011727                cooja_sw
                0x000000000001174a                cooja_mtarch_exec
                0x0000000000011767                cooja_mtarch_yield
 .text          0x0000000000011772       0xc5 build/cooja/mtype868.a(rtimer-arch.o)
                0x0000000000011772                rtimer_arch_init
                0x0000000000011796                rtimer_arch_schedule
                0x00000000000117c6                rtimer_arch_next
                0x00000000000117d6                rtimer_arch_pending
                0x00000000000117e0                rtimer_arch_check
                0x0000000000011827                rtimer_arch_now
 .text          0x0000000000011837       0x81 build/cooja/mtype868.a(beep.o)
                0x0000000000011837                beep_alarm
                0x0000000000011844                beep_beep
                0x0000000000011851                beep
                0x000000000001185e                beep_down
                0x000000000001186b                beep_on
                0x0000000000011878                beep_off
                0x0000000000011885                beep_spinup
                0x0000000000011892                beep_quick
                0x000000000001189f                beep_long
 .text          0x00000000000118b8       0x65 build/cooja/mtype868.a(leds-arch.o)
                0x00000000000118cb                leds_arch_init
 .text          0x000000000001191d       0x35 build/cooja/mtype868.a(moteid.o)
 .text          0x0000000000011952       0xb7 build/cooja/mtype868.a(pir-sensor.o)
 .text          0x0000000000011a09      0x148 build/cooja/mtype868.a(rs232.o)
                0x0000000000011a09                rs232_init
                0x0000000000011a0f                rs232_set_speed
                0x0000000000011a1e                rs232_set_input
                0x0000000000011a2c                rs232_send
                0x0000000000011a50                rs232_print
                0x0000000000011a6c                slip_arch_writeb
 .text          0x0000000000011b51       0xb7 build/cooja/mtype868.a(vib-sensor.o)
 .text          0x0000000000011c08       0x38 build/cooja/mtype868.a(clock.o)
                0x0000000000011c08                clock_init
                0x0000000000011c0e                clock_time
                0x0000000000011c18                clock_seconds
                0x0000000000011c2e                clock_delay
 .text          0x0000000000011c40      0x219 build/cooja/mtype868.a(cooja-log.o)
                0x0000000000011c40                simlog_char
                0x0000000000011c83                simlog
                0x0000000000011cf9                log_message
                0x0000000000011d2a                log_set_putchar_with_slip
                0x0000000000011d38                log_putchar
                0x0000000000011db3                log_puts
                0x0000000000011ddb                log_printf
 .text          0x0000000000011e59      0x2b9 build/cooja/mtype868.a(cfs-cooja.o)
                0x0000000000011e59                cfs_open
                0x0000000000011ec2                cfs_close
                0x0000000000011ecf                cfs_read
                0x0000000000011f64                cfs_write
                0x0000000000012040                cfs_seek
                0x00000000000120c8                cfs_remove
                0x00000000000120ec                cfs_opendir
                0x00000000000120f6                cfs_readdir
                0x0000000000012100                cfs_closedir
 .text          0x0000000000012112      0x620 build/cooja/mtype868.a(cooja-radio.o)
                0x0000000000012154                radio_set_channel
                0x0000000000012162                radio_set_txpower
                0x000000000001217a                radio_signal_strength_last
                0x0000000000012184                radio_signal_strength_current
                0x000000000001218e                radio_LQI
 .text          0x0000000000012732       0xee build/cooja/mtype868.a(eeprom.o)
                0x0000000000012732                eeprom_init
                0x0000000000012738                eeprom_read
                0x00000000000127a6                eeprom_write
 .text          0x0000000000012820       0x2d build/cooja/mtype868.a(random.o)
                0x0000000000012820                random_init
                0x0000000000012840                random_rand
 .text          0x000000000001284d      0x29c build/cooja/mtype868.a(sensors.o)
                0x0000000000012888                sensors_first
                0x0000000000012892                sensors_next
                0x00000000000128ac                sensors_changed
                0x00000000000128e0                sensors_find
 .text          0x0000000000012ae9      0x349 build/cooja/mtype868.a(leds.o)
                0x0000000000012ae9                leds_init
                0x0000000000012b30                leds_single_on
                0x0000000000012b8f                leds_single_off
                0x0000000000012bee                leds_single_toggle
                0x0000000000012c20                leds_on
                0x0000000000012ca2                leds_off
                0x0000000000012d24                leds_toggle
                0x0000000000012d79                leds_set
                0x0000000000012da5                leds_get
 .text          0x0000000000012e32      0x343 build/cooja/mtype868.a(gpio-hal-arch.o)
                0x0000000000012e32                gpio_hal_arch_register_pin_callback
                0x0000000000012e9e                gpio_hal_arch_init
                0x0000000000012ee3                gpio_hal_arch_no_port_interrupt_enable
                0x0000000000012f13                gpio_hal_arch_no_port_interrupt_disable
                0x0000000000012f43                gpio_hal_arch_no_port_pin_cfg_set
                0x0000000000012f68                gpio_hal_arch_no_port_pin_cfg_get
                0x0000000000012f8e                gpio_hal_arch_no_port_pin_set_input
                0x0000000000012fa0                gpio_hal_arch_no_port_pin_set_output
                0x0000000000012fb2                gpio_hal_arch_no_port_set_pin
                0x0000000000012fd3                gpio_hal_arch_no_port_clear_pin
                0x0000000000012ff4                gpio_hal_arch_no_port_read_pin
                0x000000000001301a                gpio_hal_arch_no_port_write_pin
                0x0000000000013044                gpio_hal_arch_no_port_set_pins
                0x000000000001308b                gpio_hal_arch_no_port_clear_pins
                0x00000000000130d2                gpio_hal_arch_no_port_read_pins
                0x0000000000013115                gpio_hal_arch_no_port_write_pins
 .text          0x0000000000013175       0x89 build/cooja/mtype868.a(buttons.o)
 .text          0x00000000000131fe      0x122 build/cooja/mtype868.a(presence_sensor)
 .text          0x0000000000013320      0xbea build/cooja/mtype868.a(coap-engine.o)
                0x00000000000133b5                coap_add_handler
                0x00000000000133d2                coap_remove_handler
                0x00000000000133ef                coap_call_handlers
                0x00000000000134f7                coap_receive
                0x0000000000013af2                coap_engine_init
                0x0000000000013b50                coap_activate_resource
                0x0000000000013bfb                coap_get_first_resource
                0x0000000000013c14                coap_get_next_resource
 .text          0x0000000000013f0a      0x2d9 build/cooja/mtype868.a(coap-res-well-k)
 .text          0x00000000000141e3      0x96a build/cooja/mtype868.a(coap-observe.o)
                0x00000000000142f8                coap_remove_observer
                0x0000000000014328                coap_remove_observer_by_client
                0x0000000000014390                coap_remove_observer_by_token
                0x0000000000014423                coap_remove_observer_by_uri
                0x00000000000144ca                coap_remove_observer_by_mid
                0x0000000000014546                coap_notify_observers
                0x000000000001455f                coap_notify_observers_sub
                0x00000000000149c9                coap_observe_handler
                0x0000000000014ae4                coap_has_observers
 .text          0x0000000000014b4d      0x733 build/cooja/mtype868.a(coap-uip.o)
                0x0000000000014b4d                coap_endpoint_log
                0x0000000000014bd3                coap_endpoint_print
                0x0000000000014c59                coap_endpoint_snprint
                0x0000000000014d8c                coap_endpoint_copy
                0x0000000000014dc9                coap_endpoint_cmp
                0x0000000000014ed7                coap_endpoint_parse
                0x00000000000150c2                coap_endpoint_is_secure
                0x00000000000150d1                coap_endpoint_is_connected
                0x0000000000015105                coap_endpoint_connect
                0x0000000000015121                coap_endpoint_disconnect
                0x0000000000015127                coap_databuf
                0x0000000000015131                coap_transport_init
                0x0000000000015181                coap_sendto
 .text          0x0000000000015280      0x324 build/cooja/mtype868.a(coap-timer.o)
                0x000000000001537d                coap_timer_stop
                0x00000000000153a8                coap_timer_set
                0x00000000000153eb                coap_timer_reset
                0x000000000001542e                coap_timer_time_to_next_expiration
                0x000000000001549a                coap_timer_run
                0x0000000000015566                coap_timer_init
 .text          0x00000000000155a4      0x2c6 build/cooja/mtype868.a(coap-transactio)
                0x000000000001560a                coap_new_transaction
                0x0000000000015670                coap_send_transaction
                0x00000000000157d1                coap_clear_transaction
                0x0000000000015819                coap_get_transaction_by_mid
 .text          0x000000000001586a     0x1c53 build/cooja/mtype868.a(coap.o)
                0x0000000000015dd7                coap_init_connection
                0x0000000000015deb                coap_get_mid
                0x0000000000015e07                coap_init_message
                0x0000000000015e50                coap_serialize_message
                0x00000000000164d2                coap_parse_message
                0x0000000000016b39                coap_get_query_variable
                0x0000000000016b7b                coap_get_post_variable
                0x0000000000016bbf                coap_set_status_code
                0x0000000000016be4                coap_set_token
                0x0000000000016c2b                coap_get_header_content_format
                0x0000000000016c5c                coap_set_header_content_format
                0x0000000000016c7f                coap_get_header_accept
                0x0000000000016cb0                coap_set_header_accept
                0x0000000000016cd3                coap_get_header_max_age
                0x0000000000016d04                coap_set_header_max_age
                0x0000000000016d24                coap_get_header_etag
                0x0000000000016d56                coap_set_header_etag
                0x0000000000016dad                coap_get_header_if_match
                0x0000000000016ddf                coap_set_header_if_match
                0x0000000000016e36                coap_get_header_if_none_match
                0x0000000000016e50                coap_set_header_if_none_match
                0x0000000000016e67                coap_get_header_proxy_uri
                0x0000000000016e95                coap_set_header_proxy_uri
                0x0000000000016ed2                coap_get_header_uri_host
                0x0000000000016f00                coap_set_header_uri_host
                0x0000000000016f3d                coap_get_header_uri_path
                0x0000000000016f6b                coap_set_header_uri_path
                0x0000000000016fb8                coap_get_header_uri_query
                0x0000000000016fec                coap_set_header_uri_query
                0x0000000000017042                coap_get_header_location_path
                0x0000000000017070                coap_set_header_location_path
                0x0000000000017109                coap_get_header_location_query
                0x0000000000017137                coap_set_header_location_query
                0x0000000000017184                coap_get_header_observe
                0x00000000000171b3                coap_set_header_observe
                0x00000000000171d3                coap_get_header_block2
                0x000000000001723f                coap_set_header_block2
                0x00000000000172b6                coap_get_header_block1
                0x000000000001732b                coap_set_header_block1
                0x00000000000173a6                coap_get_header_size2
                0x00000000000173d6                coap_set_header_size2
                0x00000000000173f9                coap_get_header_size1
                0x0000000000017429                coap_set_header_size1
                0x000000000001744c                coap_get_payload
                0x0000000000017486                coap_set_payload
 .text          0x00000000000174bd      0x332 build/cooja/mtype868.a(contiki-main.o)
                0x00000000000174bd                main
 .text          0x00000000000177ef       0x92 build/cooja/mtype868.a(autostart.o)
                0x00000000000177ef                autostart_start
                0x0000000000017839                autostart_exit
 .text          0x0000000000017881      0x355 build/cooja/mtype868.a(ctimer.o)
                0x00000000000179a9                ctimer_init
                0x00000000000179dc                ctimer_set
                0x0000000000017a02                ctimer_set_with_process
                0x0000000000017a7f                ctimer_reset
                0x0000000000017ad3                ctimer_restart
                0x0000000000017b27                ctimer_stop
                0x0000000000017b77                ctimer_expired
 .text          0x0000000000017bd6      0x394 build/cooja/mtype868.a(log.o)
                0x0000000000017bd6                log_6addr
                0x0000000000017c29                log_6addr_compact_snprint
                0x0000000000017cc7                log_6addr_compact
                0x0000000000017d1a                log_lladdr
                0x0000000000017d8c                log_lladdr_compact
                0x0000000000017df4                log_set_level
                0x0000000000017eaf                log_get_level
                0x0000000000017f28                log_level_to_str
 .text          0x0000000000017f6a       0x1b build/cooja/mtype868.a(energest.o)
                0x0000000000017f6a                energest_init
                0x0000000000017f70                energest_flush
                0x0000000000017f76                energest_get_total_time
 .text          0x0000000000017f85      0x43f build/cooja/mtype868.a(etimer.o)
                0x00000000000181a9                etimer_request_poll
                0x0000000000018232                etimer_set
                0x000000000001825b                etimer_reset_with_new_interval
                0x000000000001828a                etimer_reset
                0x00000000000182b0                etimer_restart
                0x00000000000182d6                etimer_adjust
                0x00000000000182f3                etimer_expired
                0x0000000000018306                etimer_expiration_time
                0x0000000000018318                etimer_start_time
                0x0000000000018322                etimer_pending
                0x0000000000018334                etimer_next_expiration_time
                0x000000000001834e                etimer_stop
 .text          0x00000000000183c4       0x25 build/cooja/mtype868.a(node-id.o)
                0x00000000000183c4                node_id_init
 .text          0x00000000000183e9       0xeb build/cooja/mtype868.a(rtimer.o)
                0x00000000000183e9                rtimer_init
                0x00000000000183f7                rtimer_set
                0x0000000000018472                rtimer_run_next
 .text          0x00000000000184d4      0x4fb build/cooja/mtype868.a(process.o)
                0x00000000000184d4                process_alloc_event
                0x00000000000184e9                process_start
                0x00000000000186c3                process_exit
                0x00000000000186e0                process_init
                0x0000000000018875                process_run
                0x00000000000188a8                process_nevents
                0x00000000000188c3                process_post
                0x0000000000018956                process_post_synch
                0x000000000001898b                process_poll
                0x00000000000189bb                process_is_running
 .text          0x00000000000189cf       0xb1 build/cooja/mtype868.a(timer.o)
                0x00000000000189cf                timer_set
                0x00000000000189ed                timer_reset
                0x0000000000018a1a                timer_restart
                0x0000000000018a2f                timer_expired
                0x0000000000018a5c                timer_remaining
 .text          0x0000000000018a80      0x28f build/cooja/mtype868.a(list.o)
                0x0000000000018a80                list_init
                0x0000000000018a8f                list_head
                0x0000000000018a99                list_copy
                0x0000000000018aa9                list_tail
                0x0000000000018adf                list_add
                0x0000000000018b2b                list_push
                0x0000000000018b57                list_chop
                0x0000000000018bc1                list_pop
                0x0000000000018be9                list_remove
                0x0000000000018c51                list_length
                0x0000000000018c7f                list_insert
                0x0000000000018cc4                list_item_next
                0x0000000000018cdb                list_contains
 .text          0x0000000000018d0f      0x1b5 build/cooja/mtype868.a(memb.o)
                0x0000000000018d0f                memb_init
                0x0000000000018d64                memb_alloc
                0x0000000000018dc7                memb_free
                0x0000000000018e3e                memb_inmemb
                0x0000000000018e7d                memb_numfree
 .text          0x0000000000018ec4      0x41c build/cooja/mtype868.a(button-hal.o)
                0x000000000001903d                button_hal_get_by_id
                0x000000000001907b                button_hal_get_by_index
                0x00000000000190a7                button_hal_get_state
                0x00000000000190f9                button_hal_init
 .text          0x00000000000192e0      0x1f3 build/cooja/mtype868.a(serial-line.o)
                0x00000000000192e0                serial_line_input_byte
                0x000000000001949e                serial_line_init
 .text          0x00000000000194d3      0x168 build/cooja/mtype868.a(gpio-hal.o)
                0x00000000000194d3                gpio_hal_register_handler
                0x00000000000194f0                gpio_hal_event_handler
                0x000000000001954c                gpio_hal_init
                0x000000000001956b                gpio_hal_arch_port_toggle_pin
                0x00000000000195a7                gpio_hal_arch_port_toggle_pins
                0x00000000000195d5                gpio_hal_arch_no_port_toggle_pin
                0x0000000000019613                gpio_hal_arch_no_port_toggle_pins
 .text          0x000000000001963b      0x2e7 build/cooja/mtype868.a(queuebuf.o)
                0x0000000000019645                queuebuf_init
                0x000000000001966e                queuebuf_numfree
                0x0000000000019686                queuebuf_new_from_packetbuf
                0x0000000000019725                queuebuf_update_attr_from_packetbuf
                0x000000000001975a                queuebuf_update_from_packetbuf
                0x00000000000197aa                queuebuf_free
                0x00000000000197f3                queuebuf_to_packetbuf
                0x000000000001985f                queuebuf_dataptr
                0x0000000000019899                queuebuf_datalen
                0x00000000000198bc                queuebuf_addr
                0x00000000000198f1                queuebuf_attr
                0x000000000001991c                queuebuf_debug_print
 .text          0x0000000000019922      0x407 build/cooja/mtype868.a(packetbuf.o)
                0x0000000000019922                packetbuf_clear
                0x000000000001994d                packetbuf_copyfrom
                0x000000000001999c                packetbuf_copyto
                0x0000000000019a2f                packetbuf_hdralloc
                0x0000000000019aab                packetbuf_hdrreduce
                0x0000000000019af1                packetbuf_set_datalen
                0x0000000000019b0b                packetbuf_dataptr
                0x0000000000019b28                packetbuf_hdrptr
                0x0000000000019b32                packetbuf_datalen
                0x0000000000019b3e                packetbuf_hdrlen
                0x0000000000019b55                packetbuf_totlen
                0x0000000000019b6b                packetbuf_remaininglen
                0x0000000000019b7e                packetbuf_attr_clear
                0x0000000000019bca                packetbuf_attr_copyto
                0x0000000000019c22                packetbuf_attr_copyfrom
                0x0000000000019c7a                packetbuf_set_attr
                0x0000000000019ca4                packetbuf_attr
                0x0000000000019cbe                packetbuf_set_addr
                0x0000000000019cef                packetbuf_addr
                0x0000000000019d0c                packetbuf_holds_broadcast
 .text          0x0000000000019d29       0xef build/cooja/mtype868.a(netstack.o)
                0x0000000000019d29                netstack_process_ip_callback
                0x0000000000019dba                netstack_ip_packet_processor_add
                0x0000000000019ddd                uip_ds6_ip_packet_processor_rm
                0x0000000000019dfa                netstack_init
 .text          0x0000000000019e18       0x4f build/cooja/mtype868.a(linkaddr.o)
                0x0000000000019e18                linkaddr_copy
                0x0000000000019e2e                linkaddr_cmp
                0x0000000000019e51                linkaddr_set_node_addr
 .text          0x0000000000019e67      0x1f6 build/cooja/mtype868.a(csma.o)
 .text          0x000000000001a05d      0x95d build/cooja/mtype868.a(csma-output.o)
                0x000000000001a6f4                csma_output_packet
                0x000000000001a981                csma_output_init
 .text          0x000000000001a9ba      0xc11 build/cooja/mtype868.a(uip-ds6.o)
                0x000000000001a9ba                uip_ds6_default_prefix
                0x000000000001a9c4                uip_ds6_set_default_prefix
                0x000000000001a9ef                uip_ds6_init
                0x000000000001ac51                uip_ds6_periodic
                0x000000000001acd8                uip_ds6_list_loop
                0x000000000001ad98                uip_ds6_prefix_add
                0x000000000001ae44                uip_ds6_prefix_rm
                0x000000000001ae57                uip_ds6_prefix_lookup
                0x000000000001ae96                uip_ds6_is_addr_onlink
                0x000000000001af09                uip_ds6_addr_add
                0x000000000001b029                uip_ds6_addr_rm
                0x000000000001b0d2                uip_ds6_addr_lookup
                0x000000000001b10b                uip_ds6_get_link_local
                0x000000000001b18c                uip_ds6_get_global
                0x000000000001b20d                uip_ds6_maddr_add
                0x000000000001b26d                uip_ds6_maddr_rm
                0x000000000001b280                uip_ds6_maddr_lookup
                0x000000000001b2b9                uip_ds6_aaddr_add
                0x000000000001b319                uip_ds6_aaddr_rm
                0x000000000001b32c                uip_ds6_aaddr_lookup
                0x000000000001b365                uip_ds6_select_src
                0x000000000001b4ae                uip_ds6_set_addr_iid
                0x000000000001b4d9                uip_ds6_set_lladdr_from_iid
                0x000000000001b502                get_match_length
                0x000000000001b593                uip_ds6_compute_reachable_time
 .text          0x000000000001b5cb      0x128 build/cooja/mtype868.a(uip-udp-packet.)
                0x000000000001b5cb                uip_udp_packet_send
                0x000000000001b626                uip_udp_packet_sendto
 .text          0x000000000001b6f3      0x35b build/cooja/mtype868.a(uip-ds6-route.o)
                0x000000000001b744                uip_ds6_route_init
                0x000000000001b76e                uip_ds6_route_nexthop
                0x000000000001b778                uip_ds6_route_head
                0x000000000001b782                uip_ds6_route_next
                0x000000000001b78c                uip_ds6_route_is_nexthop
                0x000000000001b796                uip_ds6_route_num_routes
                0x000000000001b7a0                uip_ds6_route_lookup
                0x000000000001b7aa                uip_ds6_route_add
                0x000000000001b7bd                uip_ds6_route_rm
                0x000000000001b7c3                uip_ds6_route_rm_by_nexthop
                0x000000000001b7c9                uip_ds6_defrt_head
                0x000000000001b7e2                uip_ds6_defrt_add
                0x000000000001b890                uip_ds6_defrt_rm
                0x000000000001b8f6                uip_ds6_defrt_lookup
                0x000000000001b95d                uip_ds6_defrt_choose
                0x000000000001b9d3                uip_ds6_defrt_periodic
 .text          0x000000000001ba4e      0x6f7 build/cooja/mtype868.a(tcpip.o)
                0x000000000001ba68                tcpip_output
                0x000000000001bae7                udp_attach
                0x000000000001baff                udp_new
                0x000000000001bb49                udp_broadcast_new
                0x000000000001bcbb                tcpip_input
                0x000000000001be4b                tcpip_ipv6_output
                0x000000000001c03f                tcpip_poll_udp
                0x000000000001c05d                tcpip_uipcall
 .text          0x000000000001c145     0x1205 build/cooja/mtype868.a(uip6.o)
                0x000000000001c1f4                uip_chksum
                0x000000000001c2cb                uip_icmp6chksum
                0x000000000001c2e0                uip_udpchksum
                0x000000000001c2f5                uip_init
                0x000000000001c33e                uip_remove_ext_hdr
                0x000000000001c418                uip_udp_new
                0x000000000001c72c                uip_process
                0x000000000001d224                uip_htons
                0x000000000001d246                uip_htonl
                0x000000000001d284                uip_send
 .text          0x000000000001d34a      0x369 build/cooja/mtype868.a(uip-ds6-nbr.o)
                0x000000000001d34a                uip_ds6_neighbors_init
                0x000000000001d36e                uip_ds6_nbr_add
                0x000000000001d3f4                uip_ds6_nbr_rm
                0x000000000001d43f                uip_ds6_nbr_update_ll
                0x000000000001d52d                uip_ds6_nbr_get_ipaddr
                0x000000000001d542                uip_ds6_nbr_get_ll
                0x000000000001d55e                uip_ds6_nbr_num
                0x000000000001d5a7                uip_ds6_nbr_head
                0x000000000001d5c0                uip_ds6_nbr_next
                0x000000000001d5dc                uip_ds6_nbr_lookup
                0x000000000001d634                uip_ds6_nbr_ll_lookup
                0x000000000001d650                uip_ds6_nbr_ipaddr_from_lladdr
                0x000000000001d679                uip_ds6_nbr_lladdr_from_ipaddr
                0x000000000001d6ad                uip_ds6_link_callback
 .text          0x000000000001d6b3      0x6a7 build/cooja/mtype868.a(uip-nd6.o)
                0x000000000001dd41                uip_nd6_init
 .text          0x000000000001dd5a     0x2c17 build/cooja/mtype868.a(sicslowpan.o)
                0x000000000001e361                netstack_sniffer_add
                0x000000000001e36f                netstack_sniffer_remove
                0x0000000000020945                sicslowpan_init
                0x0000000000020967                sicslowpan_get_last_rssi
 .text          0x0000000000020971      0x4d1 build/cooja/mtype868.a(uiplib.o)
                0x0000000000020971                uiplib_ip6addrconv
                0x0000000000020b29                uiplib_ip4addrconv
                0x0000000000020bec                uiplib_ipaddr_print
                0x0000000000020c3f                uiplib_ipaddr_snprint
 .text          0x0000000000020e42      0x4c9 build/cooja/mtype868.a(rpl.o)
                0x0000000000020e42                rpl_lollipop_greater_than
                0x0000000000020e9c                rpl_get_global_address
                0x0000000000020f94                rpl_link_callback
                0x0000000000020fd8                rpl_has_joined
                0x0000000000020ffd                rpl_is_reachable
                0x000000000002107e                rpl_reset_prefix
                0x00000000000210e8                rpl_set_prefix_from_addr
                0x00000000000211cd                rpl_set_prefix
                0x00000000000212e7                rpl_set_leaf_only
                0x00000000000212ff                rpl_get_leaf_only
 .text          0x000000000002130b     0x138c build/cooja/mtype868.a(rpl-icmp6.o)
                0x0000000000021430                rpl_icmp6_update_nbr_table
                0x00000000000214b9                rpl_icmp6_dis_output
                0x0000000000021aff                rpl_icmp6_dio_output
                0x00000000000222fd                rpl_icmp6_dao_output
                0x00000000000225de                rpl_icmp6_dao_ack_output
                0x000000000002264e                rpl_icmp6_init
 .text          0x0000000000022697      0x264 build/cooja/mtype868.a(rpl-dag-root.o)
                0x0000000000022697                rpl_dag_root_print_links
                0x00000000000227c3                rpl_dag_root_set_prefix
                0x00000000000227ef                rpl_dag_root_start
                0x00000000000228cc                rpl_dag_root_is_root
 .text          0x00000000000228fb       0x30 build/cooja/mtype868.a(watchdog.o)
                0x00000000000228fb                watchdog_init
                0x0000000000022901                watchdog_start
                0x0000000000022907                watchdog_periodic
                0x000000000002291f                watchdog_stop
                0x0000000000022925                watchdog_reboot
 .text          0x000000000002292b       0x4a build/cooja/mtype868.a(int-master.o)
                0x000000000002292b                int_master_enable
                0x000000000002293b                int_master_read_and_disable
                0x0000000000022958                int_master_status_set
                0x0000000000022966                int_master_is_enabled
 .text          0x0000000000022975      0x226 build/cooja/mtype868.a(coap-timer-defa)
 .text          0x0000000000022b9b       0xc7 build/cooja/mtype868.a(stimer.o)
                0x0000000000022b9b                stimer_set
                0x0000000000022bb9                stimer_reset
                0x0000000000022be6                stimer_restart
                0x0000000000022bfb                stimer_expired
                0x0000000000022c26                stimer_remaining
                0x0000000000022c4a                stimer_elapsed
 .text          0x0000000000022c62      0x156 build/cooja/mtype868.a(ringbuf.o)
                0x0000000000022c62                ringbuf_init
                0x0000000000022c94                ringbuf_put
                0x0000000000022d12                ringbuf_get
                0x0000000000022d7f                ringbuf_size
                0x0000000000022d91                ringbuf_elements
 .text          0x0000000000022db8       0x1f build/cooja/mtype868.a(assert.o)
                0x0000000000022db8                _xassert
 .text          0x0000000000022dd7      0x79b build/cooja/mtype868.a(nbr-table.o)
                0x0000000000023250                nbr_table_register
                0x00000000000232bd                nbr_table_is_registered
                0x00000000000232f8                nbr_table_head
                0x0000000000023353                nbr_table_next
                0x00000000000233b4                nbr_table_add_lladdr
                0x000000000002348e                nbr_table_get_from_lladdr
                0x00000000000234da                nbr_table_remove
                0x0000000000023512                nbr_table_lock
                0x000000000002352c                nbr_table_unlock
                0x0000000000023546                nbr_table_get_lladdr
 .text          0x0000000000023572      0x3a5 build/cooja/mtype868.a(link-stats.o)
                0x0000000000023572                link_stats_from_lladdr
                0x000000000002358e                link_stats_get_lladdr
                0x00000000000235aa                link_stats_is_fresh
                0x00000000000235e6                guess_etx_from_rssi
                0x0000000000023662                link_stats_packet_sent
                0x0000000000023782                link_stats_input_callback
                0x0000000000023892                link_stats_reset
                0x00000000000238e2                link_stats_init
 .text          0x0000000000023917      0x187 build/cooja/mtype868.a(mac-sequence.o)
                0x0000000000023917                mac_sequence_is_duplicate
                0x00000000000239b7                mac_sequence_register_seqno
 .text          0x0000000000023a9e       0x23 build/cooja/mtype868.a(mac.o)
                0x0000000000023a9e                mac_call_sent_callback
 .text          0x0000000000023ac1      0x432 build/cooja/mtype868.a(framer-802154.o)
                0x0000000000023c50                framer_802154_setup_params
 .text          0x0000000000023ef3      0xb6f build/cooja/mtype868.a(frame802154.o)
                0x0000000000023f24                frame802154_get_pan_id
                0x0000000000023f30                frame802154_set_pan_id
                0x0000000000023f4a                frame802154_has_panid
                0x00000000000240f9                frame802154_check_dest_panid
                0x0000000000024181                frame802154_is_broadcast_addr
                0x00000000000241ce                frame802154_extract_linkaddr
                0x0000000000024433                frame802154_hdrlen
                0x00000000000244a6                frame802154_create_fcf
                0x000000000002455e                frame802154_create
                0x00000000000246d3                frame802154_parse_fcf
                0x00000000000247b5                frame802154_parse
 .text          0x0000000000024a62       0x2d build/cooja/mtype868.a(csma-security.o)
                0x0000000000024a62                csma_security_create_frame
                0x0000000000024a80                csma_security_parse_frame
 .text          0x0000000000024a8f      0x4e4 build/cooja/mtype868.a(uipbuf.o)
                0x0000000000024a8f                uipbuf_clear
                0x0000000000024ab6                uipbuf_add_ext_hdr
                0x0000000000024b36                uipbuf_set_len
                0x0000000000024b63                uipbuf_set_len_field
                0x0000000000024b8f                uipbuf_get_len_field
                0x0000000000024baf                uipbuf_get_next_header
                0x0000000000024ce1                uipbuf_get_last_header
                0x0000000000024d5a                uipbuf_search_header
                0x0000000000024e10                uipbuf_get_attr
                0x0000000000024e37                uipbuf_set_attr
                0x0000000000024e6e                uipbuf_set_default_attr
                0x0000000000024ea5                uipbuf_clear_attr
                0x0000000000024ec9                uipbuf_set_attr_flag
                0x0000000000024eea                uipbuf_clr_attr_flag
                0x0000000000024f11                uipbuf_is_attr_flag
                0x0000000000024f35                uipbuf_init
 .text          0x0000000000024f73      0x73f build/cooja/mtype868.a(uip-icmp6.o)
                0x0000000000024fe8                uip_icmp6_input
                0x000000000002503f                uip_icmp6_register_input_handler
                0x0000000000025192                uip_icmp6_error_output
                0x0000000000025443                uip_icmp6_send
                0x000000000002563a                uip_icmp6_echo_reply_callback_add
                0x000000000002566c                uip_icmp6_echo_reply_callback_rm
                0x0000000000025689                uip_icmp6_init
 .text          0x00000000000256b2      0x69b build/cooja/mtype868.a(uip-sr.o)
                0x00000000000256b2                uip_sr_num_nodes
                0x0000000000025740                uip_sr_get_node
                0x0000000000025797                uip_sr_is_addr_reachable
                0x0000000000025845                uip_sr_expire_parent
                0x000000000002588e                uip_sr_update_node
                0x00000000000259be                uip_sr_init
                0x00000000000259f2                uip_sr_node_head
                0x0000000000025a0b                uip_sr_node_next
                0x0000000000025a21                uip_sr_periodic
                0x0000000000025b27                uip_sr_free_all
                0x0000000000025b97                uip_sr_link_snprint
 .text          0x0000000000025d4d      0x146 build/cooja/mtype868.a(uip-packetqueue)
                0x0000000000025d7b                uip_packetqueue_new
                0x0000000000025d8a                uip_packetqueue_alloc
                0x0000000000025de5                uip_packetqueue_free
                0x0000000000025e2c                uip_packetqueue_buf
                0x0000000000025e49                uip_packetqueue_buflen
                0x0000000000025e6a                uip_packetqueue_set_buflen
 .text          0x0000000000025e93      0x1b0 build/cooja/mtype868.a(rpl-nbr-policy.)
                0x0000000000026000                rpl_nbr_policy_find_removable
 .text          0x0000000000026043      0x915 build/cooja/mtype868.a(rpl-neighbor.o)
                0x00000000000260bf                rpl_neighbor_snprint
                0x0000000000026372                rpl_neighbor_print_list
                0x0000000000026427                rpl_neighbor_count
                0x00000000000264ce                rpl_neighbor_get_from_lladdr
                0x00000000000264ea                rpl_neighbor_is_acceptable_parent
                0x000000000002651e                rpl_neighbor_get_link_metric
                0x0000000000026552                rpl_neighbor_rank_via_nbr
                0x0000000000026586                rpl_neighbor_get_lladdr
                0x00000000000265a2                rpl_neighbor_get_ipaddr
                0x00000000000265c9                rpl_neighbor_get_link_stats
                0x00000000000265f0                rpl_neighbor_is_fresh
                0x0000000000026617                rpl_neighbor_is_reachable
                0x0000000000026662                rpl_neighbor_is_parent
                0x000000000002668c                rpl_neighbor_set_preferred_parent
                0x0000000000026723                rpl_neighbor_remove_all
                0x000000000002677f                rpl_neighbor_get_from_ipaddr
                0x000000000002688d                rpl_neighbor_select_best
                0x0000000000026939                rpl_neighbor_init
 .text          0x0000000000026958      0xe69 build/cooja/mtype868.a(rpl-dag.o)
                0x0000000000026958                rpl_dag_state_to_str
                0x0000000000026997                rpl_dag_get_root_ipaddr
                0x00000000000269df                rpl_dag_leave
                0x0000000000026a68                rpl_dag_poison_and_leave
                0x0000000000026a80                rpl_dag_periodic
                0x0000000000026b08                rpl_is_addr_in_our_dag
                0x0000000000026b4c                rpl_get_default_instance
                0x0000000000026b68                rpl_get_any_dag
                0x0000000000026bc1                rpl_refresh_routes
                0x0000000000026c01                rpl_global_repair
                0x0000000000026c9a                rpl_local_repair
                0x0000000000026ce4                rpl_dag_ready_to_advertise
                0x0000000000026d27                rpl_dag_update_state
                0x0000000000027454                rpl_process_dio
                0x00000000000274d2                rpl_process_dis
                0x0000000000027517                rpl_process_dao
                0x00000000000275a6                rpl_process_dao_ack
                0x000000000002763d                rpl_process_hbh
                0x000000000002768d                rpl_dag_init_root
                0x00000000000277a1                rpl_dag_init
 .text          0x00000000000277c1      0x9e7 build/cooja/mtype868.a(rpl-timers.o)
                0x00000000000277c1                rpl_timers_schedule_periodic_dis
                0x000000000002790f                rpl_timers_dio_reset
                0x0000000000027a1d                rpl_timers_schedule_unicast_dio
                0x0000000000027b71                rpl_timers_schedule_dao
                0x0000000000027c30                rpl_timers_schedule_dao_ack
                0x0000000000027cb6                rpl_timers_notify_dao_ack
                0x0000000000027d14                get_probing_delay
                0x0000000000027d48                get_probing_target
                0x0000000000027f32                rpl_schedule_probing
                0x0000000000027f60                rpl_schedule_probing_now
                0x0000000000027fca                rpl_timers_unschedule_leaving
                0x0000000000028002                rpl_timers_schedule_leaving
                0x0000000000028043                rpl_timers_init
                0x00000000000280d3                rpl_timers_stop_dag_timers
                0x000000000002814c                rpl_timers_unschedule_state_update
                0x0000000000028170                rpl_timers_schedule_state_update
 .text          0x00000000000281a8      0xb8e build/cooja/mtype868.a(rpl-ext-header.)
                0x00000000000281a8                rpl_ext_header_srh_get_next_hop
                0x000000000002828f                rpl_ext_header_srh_update
                0x00000000000287fb                rpl_ext_header_hbh_update
                0x0000000000028afb                rpl_ext_header_update
                0x0000000000028b84                rpl_ext_header_remove
 .text          0x0000000000028d36      0x31b build/cooja/mtype868.a(rpl-mrhof.o)
 *fill*         0x0000000000029051        0xf 
 .text          0x0000000000029060      0x122 /usr/lib/gcc/i686-linux-gnu/5/libgcc.a(_udivdi3.o)
                0x0000000000029060                __udivdi3
 .text          0x0000000000029182        0x0 /usr/lib/gcc/i686-linux-gnu/5/crtendS.o
 .text          0x0000000000029182        0x0 /usr/lib/gcc/i686-linux-gnu/5/../../../i386-linux-gnu/crtn.o
 *(.gnu.warning)

.fini           0x0000000000029184       0x14
 *(SORT(.fini))
 .fini          0x0000000000029184        0xf /usr/lib/gcc/i686-linux-gnu/5/../../../i386-linux-gnu/crti.o
                0x0000000000029184                _fini
 .fini          0x0000000000029193        0x5 /usr/lib/gcc/i686-linux-gnu/5/../../../i386-linux-gnu/crtn.o
                [!provide]                        PROVIDE (__etext, .)
                [!provide]                        PROVIDE (_etext, .)
                [!provide]                        PROVIDE (etext, .)

.rodata         0x00000000000291a0      0xa2b
 *(.rodata .rodata.* .gnu.linkonce.r.*)
 .rodata        0x00000000000291a0       0x8f sensor_server.o
                0x00000000000291bc                autostart_processes
 *fill*         0x000000000002922f        0x1 
 .rodata        0x0000000000029230        0x8 build/cooja/mtype868.a(beep.o)
                0x0000000000029230                beep_interface
 .rodata        0x0000000000029238        0xe build/cooja/mtype868.a(leds-arch.o)
                0x0000000000029238                leds_interface
                0x0000000000029240                leds_arch_leds
 *fill*         0x0000000000029246        0x2 
 .rodata        0x0000000000029248        0x8 build/cooja/mtype868.a(moteid.o)
                0x0000000000029248                moteid_interface
 .rodata        0x0000000000029250       0x1c build/cooja/mtype868.a(pir-sensor.o)
                0x0000000000029250                pir_interface
                0x000000000002925c                pir_sensor
 .rodata        0x000000000002926c        0xe build/cooja/mtype868.a(rs232.o)
                0x000000000002926c                rs232_interface
 *fill*         0x000000000002927a        0x2 
 .rodata        0x000000000002927c       0x24 build/cooja/mtype868.a(vib-sensor.o)
                0x000000000002927c                vib_interface
                0x0000000000029290                vib_sensor
 .rodata        0x00000000000292a0        0x8 build/cooja/mtype868.a(clock.o)
                0x00000000000292a0                clock_interface
 .rodata        0x00000000000292a8        0x8 build/cooja/mtype868.a(cooja-log.o)
                0x00000000000292a8                simlog_interface
 .rodata        0x00000000000292b0       0x2f build/cooja/mtype868.a(cfs-cooja.o)
                0x00000000000292b0                cfs_interface
 *fill*         0x00000000000292df        0x1 
 .rodata        0x00000000000292e0       0xb8 build/cooja/mtype868.a(cooja-radio.o)
                0x00000000000292e0                radio_interface
                0x0000000000029360                cooja_radio_driver
 .rodata        0x0000000000029398        0x8 build/cooja/mtype868.a(eeprom.o)
                0x0000000000029398                eeprom_interface
 .rodata        0x00000000000293a0        0x8 build/cooja/mtype868.a(sensors.o)
 .rodata        0x00000000000293a8       0x2c build/cooja/mtype868.a(buttons.o)
                0x00000000000293a8                button_interface
                0x00000000000293bc                button_hal_button_count
                0x00000000000293c4                button_sensor
 .rodata        0x00000000000293d4       0x40 build/cooja/mtype868.a(presence_sensor)
 .rodata        0x0000000000029414       0x41 build/cooja/mtype868.a(coap-engine.o)
 .rodata        0x0000000000029455       0x19 build/cooja/mtype868.a(coap-res-well-k)
 .rodata        0x000000000002946e       0x11 build/cooja/mtype868.a(coap-observe.o)
 .rodata        0x000000000002947f       0x35 build/cooja/mtype868.a(coap-uip.o)
 .rodata        0x00000000000294b4      0x1ac build/cooja/mtype868.a(coap.o)
 .rodata        0x0000000000029660       0xf8 build/cooja/mtype868.a(contiki-main.o)
 .rodata        0x0000000000029758        0xf build/cooja/mtype868.a(ctimer.o)
 *fill*         0x0000000000029767        0x1 
 .rodata        0x0000000000029768       0xc4 build/cooja/mtype868.a(log.o)
 .rodata        0x000000000002982c        0xc build/cooja/mtype868.a(etimer.o)
 .rodata        0x0000000000029838       0x13 build/cooja/mtype868.a(button-hal.o)
 .rodata        0x000000000002984b        0xe build/cooja/mtype868.a(serial-line.o)
 *fill*         0x0000000000029859        0x3 
 .rodata        0x000000000002985c        0x8 build/cooja/mtype868.a(linkaddr.o)
                0x000000000002985c                linkaddr_null
 .rodata        0x0000000000029864       0x24 build/cooja/mtype868.a(csma.o)
                0x000000000002986c                csma_driver
 .rodata        0x0000000000029888       0x27 build/cooja/mtype868.a(csma-output.o)
 *fill*         0x00000000000298af        0x1 
 .rodata        0x00000000000298b0       0x4d build/cooja/mtype868.a(uip-ds6-route.o)
 .rodata        0x00000000000298fd        0xd build/cooja/mtype868.a(tcpip.o)
 *fill*         0x000000000002990a        0x2 
 .rodata        0x000000000002990c       0x30 build/cooja/mtype868.a(sicslowpan.o)
                0x000000000002990c                unc_llconf
                0x0000000000029910                unc_ctxconf
                0x0000000000029914                unc_mxconf
                0x0000000000029918                llprefix
                0x000000000002992c                sicslowpan_driver
 .rodata        0x000000000002993c       0x2d build/cooja/mtype868.a(uiplib.o)
 *fill*         0x0000000000029969       0x17 
 .rodata        0x0000000000029980       0x74 build/cooja/mtype868.a(rpl.o)
                0x00000000000299a0                rpl_lite_driver
 .rodata        0x00000000000299f4       0x20 build/cooja/mtype868.a(coap-timer-defa)
                0x0000000000029a08                coap_timer_default_driver
 .rodata        0x0000000000029a14       0x25 build/cooja/mtype868.a(assert.o)
 *fill*         0x0000000000029a39        0x3 
 .rodata        0x0000000000029a3c        0xc build/cooja/mtype868.a(framer-802154.o)
                0x0000000000029a3c                framer_802154
 .rodata        0x0000000000029a48       0x44 build/cooja/mtype868.a(uip-sr.o)
 .rodata        0x0000000000029a8c       0x58 build/cooja/mtype868.a(rpl-neighbor.o)
 .rodata        0x0000000000029ae4       0xdb build/cooja/mtype868.a(rpl-dag.o)
 .rodata        0x0000000000029bbf        0xc build/cooja/mtype868.a(rpl-timers.o)

.rodata1
 *(.rodata1)

.eh_frame_hdr   0x0000000000029bcc     0x19c4
 *(.eh_frame_hdr)
 .eh_frame_hdr  0x0000000000029bcc     0x19c4 sensor_server.o
                0x0000000000029bcc                __GNU_EH_FRAME_HDR
 *(.eh_frame_entry .eh_frame_entry.*)

.eh_frame       0x000000000002b590     0x6884
 *(.eh_frame)
 .eh_frame      0x000000000002b590       0x3c /usr/lib/gcc/i686-linux-gnu/5/../../../i386-linux-gnu/crti.o
                                         0x40 (size before relaxing)
 .eh_frame      0x000000000002b5cc       0x20 sensor_server.o
                                         0x38 (size before relaxing)
 .eh_frame      0x000000000002b5ec      0x178 build/cooja/mtype868.o
                                        0x190 (size before relaxing)
 .eh_frame      0x000000000002b764       0x40 build/cooja/mtype868.a(simEnvChange.o)
                                         0x58 (size before relaxing)
 .eh_frame      0x000000000002b7a4       0x60 build/cooja/mtype868.a(cooja_mt.o)
                                         0x78 (size before relaxing)
 .eh_frame      0x000000000002b804       0x80 build/cooja/mtype868.a(cooja_mtarch.o)
                                         0x98 (size before relaxing)
 .eh_frame      0x000000000002b884       0xc8 build/cooja/mtype868.a(rtimer-arch.o)
                                         0xe0 (size before relaxing)
 .eh_frame      0x000000000002b94c      0x160 build/cooja/mtype868.a(beep.o)
                                        0x178 (size before relaxing)
 .eh_frame      0x000000000002baac       0x80 build/cooja/mtype868.a(leds-arch.o)
                                         0x98 (size before relaxing)
 .eh_frame      0x000000000002bb2c       0x40 build/cooja/mtype868.a(moteid.o)
                                         0x58 (size before relaxing)
 .eh_frame      0x000000000002bb6c       0xa0 build/cooja/mtype868.a(pir-sensor.o)
                                         0xb8 (size before relaxing)
 .eh_frame      0x000000000002bc0c      0x100 build/cooja/mtype868.a(rs232.o)
                                        0x118 (size before relaxing)
 .eh_frame      0x000000000002bd0c       0xa0 build/cooja/mtype868.a(vib-sensor.o)
                                         0xb8 (size before relaxing)
 .eh_frame      0x000000000002bdac       0xc0 build/cooja/mtype868.a(clock.o)
                                         0xd8 (size before relaxing)
 .eh_frame      0x000000000002be6c      0x120 build/cooja/mtype868.a(cooja-log.o)
                                        0x138 (size before relaxing)
 .eh_frame      0x000000000002bf8c      0x160 build/cooja/mtype868.a(cfs-cooja.o)
                                        0x178 (size before relaxing)
 .eh_frame      0x000000000002c0ec      0x340 build/cooja/mtype868.a(cooja-radio.o)
                                        0x358 (size before relaxing)
 .eh_frame      0x000000000002c42c       0xa0 build/cooja/mtype868.a(eeprom.o)
                                         0xb8 (size before relaxing)
 .eh_frame      0x000000000002c4cc       0x40 build/cooja/mtype868.a(random.o)
                                         0x58 (size before relaxing)
 .eh_frame      0x000000000002c50c       0xc0 build/cooja/mtype868.a(sensors.o)
                                         0xd8 (size before relaxing)
 .eh_frame      0x000000000002c5cc      0x120 build/cooja/mtype868.a(leds.o)
                                        0x138 (size before relaxing)
 .eh_frame      0x000000000002c6ec      0x220 build/cooja/mtype868.a(gpio-hal-arch.o)
                                        0x238 (size before relaxing)
 .eh_frame      0x000000000002c90c       0xa0 build/cooja/mtype868.a(buttons.o)
                                         0xb8 (size before relaxing)
 .eh_frame      0x000000000002c9ac       0x60 build/cooja/mtype868.a(presence_sensor)
                                         0x78 (size before relaxing)
 .eh_frame      0x000000000002ca0c      0x220 build/cooja/mtype868.a(coap-engine.o)
                                        0x238 (size before relaxing)
 .eh_frame      0x000000000002cc2c       0x24 build/cooja/mtype868.a(coap-res-well-k)
                                         0x3c (size before relaxing)
 .eh_frame      0x000000000002cc50      0x188 build/cooja/mtype868.a(coap-observe.o)
                                        0x1a0 (size before relaxing)
 .eh_frame      0x000000000002cdd8      0x250 build/cooja/mtype868.a(coap-uip.o)
                                        0x268 (size before relaxing)
 .eh_frame      0x000000000002d028      0x114 build/cooja/mtype868.a(coap-timer.o)
                                        0x12c (size before relaxing)
 .eh_frame      0x000000000002d13c      0x100 build/cooja/mtype868.a(coap-transactio)
                                        0x118 (size before relaxing)
 .eh_frame      0x000000000002d23c      0x6ec build/cooja/mtype868.a(coap.o)
                                        0x704 (size before relaxing)
 .eh_frame      0x000000000002d928       0x30 build/cooja/mtype868.a(contiki-main.o)
                                         0x48 (size before relaxing)
 .eh_frame      0x000000000002d958       0x40 build/cooja/mtype868.a(autostart.o)
                                         0x58 (size before relaxing)
 .eh_frame      0x000000000002d998      0x100 build/cooja/mtype868.a(ctimer.o)
                                        0x118 (size before relaxing)
 .eh_frame      0x000000000002da98      0x100 build/cooja/mtype868.a(log.o)
                                        0x118 (size before relaxing)
 .eh_frame      0x000000000002db98       0x60 build/cooja/mtype868.a(energest.o)
                                         0x78 (size before relaxing)
 .eh_frame      0x000000000002dbf8      0x1e0 build/cooja/mtype868.a(etimer.o)
                                        0x1f8 (size before relaxing)
 .eh_frame      0x000000000002ddd8       0x20 build/cooja/mtype868.a(node-id.o)
                                         0x38 (size before relaxing)
 .eh_frame      0x000000000002ddf8       0x60 build/cooja/mtype868.a(rtimer.o)
                                         0x78 (size before relaxing)
 .eh_frame      0x000000000002de58      0x1c4 build/cooja/mtype868.a(process.o)
                                        0x1dc (size before relaxing)
 .eh_frame      0x000000000002e01c       0xa4 build/cooja/mtype868.a(timer.o)
                                         0xbc (size before relaxing)
 .eh_frame      0x000000000002e0c0      0x1a0 build/cooja/mtype868.a(list.o)
                                        0x1b8 (size before relaxing)
 .eh_frame      0x000000000002e260       0xa0 build/cooja/mtype868.a(memb.o)
                                         0xb8 (size before relaxing)
 .eh_frame      0x000000000002e300      0x144 build/cooja/mtype868.a(button-hal.o)
                                        0x15c (size before relaxing)
 .eh_frame      0x000000000002e444       0x60 build/cooja/mtype868.a(serial-line.o)
                                         0x78 (size before relaxing)
 .eh_frame      0x000000000002e4a4       0xe0 build/cooja/mtype868.a(gpio-hal.o)
                                         0xf8 (size before relaxing)
 .eh_frame      0x000000000002e584      0x1a0 build/cooja/mtype868.a(queuebuf.o)
                                        0x1b8 (size before relaxing)
 .eh_frame      0x000000000002e724      0x28c build/cooja/mtype868.a(packetbuf.o)
                                        0x2a4 (size before relaxing)
 .eh_frame      0x000000000002e9b0       0x80 build/cooja/mtype868.a(netstack.o)
                                         0x98 (size before relaxing)
 .eh_frame      0x000000000002ea30       0x60 build/cooja/mtype868.a(linkaddr.o)
                                         0x78 (size before relaxing)
 .eh_frame      0x000000000002ea90       0xe0 build/cooja/mtype868.a(csma.o)
                                         0xf8 (size before relaxing)
 .eh_frame      0x000000000002eb70      0x1d0 build/cooja/mtype868.a(csma-output.o)
                                        0x1e8 (size before relaxing)
 .eh_frame      0x000000000002ed40      0x328 build/cooja/mtype868.a(uip-ds6.o)
                                        0x340 (size before relaxing)
 .eh_frame      0x000000000002f068       0x40 build/cooja/mtype868.a(uip-udp-packet.)
                                         0x58 (size before relaxing)
 .eh_frame      0x000000000002f0a8      0x220 build/cooja/mtype868.a(uip-ds6-route.o)
                                        0x238 (size before relaxing)
 .eh_frame      0x000000000002f2c8      0x244 build/cooja/mtype868.a(tcpip.o)
                                        0x25c (size before relaxing)
 .eh_frame      0x000000000002f50c      0x1e8 build/cooja/mtype868.a(uip6.o)
                                        0x200 (size before relaxing)
 .eh_frame      0x000000000002f6f4      0x1c0 build/cooja/mtype868.a(uip-ds6-nbr.o)
                                        0x1d8 (size before relaxing)
 .eh_frame      0x000000000002f8b4       0x84 build/cooja/mtype868.a(uip-nd6.o)
                                         0x9c (size before relaxing)
 .eh_frame      0x000000000002f938      0x2f8 build/cooja/mtype868.a(sicslowpan.o)
                                        0x310 (size before relaxing)
 .eh_frame      0x000000000002fc30       0x88 build/cooja/mtype868.a(uiplib.o)
                                         0xa0 (size before relaxing)
 .eh_frame      0x000000000002fcb8      0x1e0 build/cooja/mtype868.a(rpl.o)
                                        0x1f8 (size before relaxing)
 .eh_frame      0x000000000002fe98      0x1c4 build/cooja/mtype868.a(rpl-icmp6.o)
                                        0x1dc (size before relaxing)
 .eh_frame      0x000000000003005c       0xa0 build/cooja/mtype868.a(rpl-dag-root.o)
                                         0xb8 (size before relaxing)
 .eh_frame      0x00000000000300fc       0xa0 build/cooja/mtype868.a(watchdog.o)
                                         0xb8 (size before relaxing)
 .eh_frame      0x000000000003019c       0x80 build/cooja/mtype868.a(int-master.o)
                                         0x98 (size before relaxing)
 .eh_frame      0x000000000003021c       0xa4 build/cooja/mtype868.a(coap-timer-defa)
                                         0xbc (size before relaxing)
 .eh_frame      0x00000000000302c0       0xc4 build/cooja/mtype868.a(stimer.o)
                                         0xdc (size before relaxing)
 .eh_frame      0x0000000000030384       0xa0 build/cooja/mtype868.a(ringbuf.o)
                                         0xb8 (size before relaxing)
 .eh_frame      0x0000000000030424       0x20 build/cooja/mtype868.a(assert.o)
                                         0x38 (size before relaxing)
 .eh_frame      0x0000000000030444      0x2ac build/cooja/mtype868.a(nbr-table.o)
                                        0x2c4 (size before relaxing)
 .eh_frame      0x00000000000306f0      0x120 build/cooja/mtype868.a(link-stats.o)
                                        0x138 (size before relaxing)
 .eh_frame      0x0000000000030810       0x48 build/cooja/mtype868.a(mac-sequence.o)
                                         0x60 (size before relaxing)
 .eh_frame      0x0000000000030858       0x20 build/cooja/mtype868.a(mac.o)
                                         0x38 (size before relaxing)
 .eh_frame      0x0000000000030878       0xa4 build/cooja/mtype868.a(framer-802154.o)
                                         0xbc (size before relaxing)
 .eh_frame      0x000000000003091c      0x1a4 build/cooja/mtype868.a(frame802154.o)
                                        0x1bc (size before relaxing)
 .eh_frame      0x0000000000030ac0       0x40 build/cooja/mtype868.a(csma-security.o)
                                         0x58 (size before relaxing)
 .eh_frame      0x0000000000030b00      0x200 build/cooja/mtype868.a(uipbuf.o)
                                        0x218 (size before relaxing)
 .eh_frame      0x0000000000030d00      0x150 build/cooja/mtype868.a(uip-icmp6.o)
                                        0x168 (size before relaxing)
 .eh_frame      0x0000000000030e50      0x184 build/cooja/mtype868.a(uip-sr.o)
                                        0x19c (size before relaxing)
 .eh_frame      0x0000000000030fd4       0xe0 build/cooja/mtype868.a(uip-packetqueue)
                                         0xf8 (size before relaxing)
 .eh_frame      0x00000000000310b4       0x80 build/cooja/mtype868.a(rpl-nbr-policy.)
                                         0x98 (size before relaxing)
 .eh_frame      0x0000000000031134      0x2d4 build/cooja/mtype868.a(rpl-neighbor.o)
                                        0x2ec (size before relaxing)
 .eh_frame      0x0000000000031408      0x370 build/cooja/mtype868.a(rpl-dag.o)
                                        0x388 (size before relaxing)
 .eh_frame      0x0000000000031778      0x3a8 build/cooja/mtype868.a(rpl-timers.o)
                                        0x3c0 (size before relaxing)
 .eh_frame      0x0000000000031b20      0x124 build/cooja/mtype868.a(rpl-ext-header.)
                                        0x13c (size before relaxing)
 .eh_frame      0x0000000000031c44      0x148 build/cooja/mtype868.a(rpl-mrhof.o)
                                        0x160 (size before relaxing)
 .eh_frame      0x0000000000031d8c       0x84 /usr/lib/gcc/i686-linux-gnu/5/libgcc.a(_udivdi3.o)
                                         0x9c (size before relaxing)
 .eh_frame      0x0000000000031e10        0x4 /usr/lib/gcc/i686-linux-gnu/5/crtendS.o
 *(.eh_frame.*)

.gcc_except_table
 *(.gcc_except_table .gcc_except_table.*)

.gnu_extab
 *(.gnu_extab*)

.exception_ranges
 *(.exception_ranges .exception_ranges*)
                0x0000000000032f10                . = DATA_SEGMENT_ALIGN (0x1000, 0x1000)

.eh_frame
 *(.eh_frame)
 *(.eh_frame.*)

.gnu_extab
 *(.gnu_extab)

.gcc_except_table
 *(.gcc_except_table .gcc_except_table.*)

.exception_ranges
 *(.exception_ranges .exception_ranges*)

.tdata
 *(.tdata .tdata.* .gnu.linkonce.td.*)

.tbss
 *(.tbss .tbss.* .gnu.linkonce.tb.*)
 *(.tcommon)

.preinit_array
 *(.preinit_array)

.init_array     0x0000000000032f10        0x4
 *(SORT(.init_array.*) SORT(.ctors.*))
 *(.init_array EXCLUDE_FILE(*crtend?.o *crtend.o *crtbegin?.o *crtbegin.o) .ctors)
 .init_array    0x0000000000032f10        0x4 /usr/lib/gcc/i686-linux-gnu/5/crtbeginS.o

.fini_array     0x0000000000032f14        0x4
 *(SORT(.fini_array.*) SORT(.dtors.*))
 *(.fini_array EXCLUDE_FILE(*crtend?.o *crtend.o *crtbegin?.o *crtbegin.o) .dtors)
 .fini_array    0x0000000000032f14        0x4 /usr/lib/gcc/i686-linux-gnu/5/crtbeginS.o

.ctors
 *crtbegin.o(.ctors)
 *crtbegin?.o(.ctors)
 *(EXCLUDE_FILE(*crtend?.o *crtend.o) .ctors)
 *(SORT(.ctors.*))
 *(.ctors)

.dtors
 *crtbegin.o(.dtors)
 *crtbegin?.o(.dtors)
 *(EXCLUDE_FILE(*crtend?.o *crtend.o) .dtors)
 *(SORT(.dtors.*))
 *(.dtors)

.jcr            0x0000000000032f18        0x4
 *(.jcr)
 .jcr           0x0000000000032f18        0x0 /usr/lib/gcc/i686-linux-gnu/5/crtbeginS.o
 .jcr           0x0000000000032f18        0x4 /usr/lib/gcc/i686-linux-gnu/5/crtendS.o

.data.rel.ro
 *(.data.rel.ro.local* .gnu.linkonce.d.rel.ro.local.*)
 *(.data.rel.ro .data.rel.ro.* .gnu.linkonce.d.rel.ro.*)

.dynamic        0x0000000000032f1c       0xd0
 *(.dynamic)
 .dynamic       0x0000000000032f1c       0xd0 /usr/lib/gcc/i686-linux-gnu/5/../../../i386-linux-gnu/crti.o
                0x0000000000032f1c                _DYNAMIC

.got            0x0000000000032fec       0x14
 *(.got)
 .got           0x0000000000032fec       0x14 /usr/lib/gcc/i686-linux-gnu/5/../../../i386-linux-gnu/crti.o
 *(.igot)
                0x0000000000033ff4                . = DATA_SEGMENT_RELRO_END (., (SIZEOF (.got.plt) >= 0xc)?0xc:0x0)

.got.plt        0x0000000000033000        0xc
 *(.got.plt)
 .got.plt       0x0000000000033000        0xc /usr/lib/gcc/i686-linux-gnu/5/../../../i386-linux-gnu/crti.o
                0x0000000000033000                _GLOBAL_OFFSET_TABLE_
 *(.igot.plt)

.data           0x0000000000033020      0x444
 *(.data .data.* .gnu.linkonce.d.*)
 .data          0x0000000000033020        0x0 /usr/lib/gcc/i686-linux-gnu/5/../../../i386-linux-gnu/crti.o
 .data          0x0000000000033020        0x0 /usr/lib/gcc/i686-linux-gnu/5/crtbeginS.o
 .data.rel.local
                0x0000000000033020        0x4 /usr/lib/gcc/i686-linux-gnu/5/crtbeginS.o
                0x0000000000033020                __dso_handle
 .data          0x0000000000033024       0x10 sensor_server.o
                0x0000000000033024                presence_server
 *fill*         0x0000000000033034        0xc 
 .data          0x0000000000033040       0x44 build/cooja/mtype868.o
                0x0000000000033040                simInterfaces
                0x0000000000033074                sensors
 .data          0x0000000000033084        0x0 build/cooja/mtype868.a(simEnvChange.o)
 .data          0x0000000000033084        0x0 build/cooja/mtype868.a(cooja_mt.o)
 .data          0x0000000000033084        0x0 build/cooja/mtype868.a(cooja_mtarch.o)
 .data          0x0000000000033084        0x0 build/cooja/mtype868.a(rtimer-arch.o)
 .data          0x0000000000033084        0x0 build/cooja/mtype868.a(beep.o)
 .data          0x0000000000033084        0x0 build/cooja/mtype868.a(leds-arch.o)
 .data          0x0000000000033084        0x0 build/cooja/mtype868.a(moteid.o)
 .data          0x0000000000033084        0x0 build/cooja/mtype868.a(pir-sensor.o)
 .data          0x0000000000033084        0x0 build/cooja/mtype868.a(rs232.o)
 .data          0x0000000000033084        0x0 build/cooja/mtype868.a(vib-sensor.o)
 .data          0x0000000000033084        0x0 build/cooja/mtype868.a(clock.o)
 .data          0x0000000000033084        0x0 build/cooja/mtype868.a(cooja-log.o)
 .data          0x0000000000033084        0x0 build/cooja/mtype868.a(cfs-cooja.o)
 .data          0x0000000000033084       0x2c build/cooja/mtype868.a(cooja-radio.o)
                0x0000000000033084                simRadioHWOn
                0x0000000000033088                simSignalStrength
                0x000000000003308c                simLastSignalStrength
                0x0000000000033090                simPower
                0x0000000000033094                simRadioChannel
                0x0000000000033098                simLQI
                0x00000000000330a0                cooja_radio_process
 .data          0x00000000000330b0        0x0 build/cooja/mtype868.a(eeprom.o)
 .data          0x00000000000330b0        0x0 build/cooja/mtype868.a(random.o)
 .data          0x00000000000330b0       0x10 build/cooja/mtype868.a(sensors.o)
                0x00000000000330b0                sensors_process
 .data          0x00000000000330c0        0x0 build/cooja/mtype868.a(leds.o)
 .data          0x00000000000330c0        0x0 build/cooja/mtype868.a(gpio-hal-arch.o)
 .data          0x00000000000330c0       0x78 build/cooja/mtype868.a(buttons.o)
                0x00000000000330c0                simButtonIsActive
                0x0000000000033130                button_hal_buttons
 *fill*         0x0000000000033138        0x8 
 .data          0x0000000000033140       0x24 build/cooja/mtype868.a(presence_sensor)
                0x0000000000033140                presence_sensor
 .data          0x0000000000033164        0x8 build/cooja/mtype868.a(coap-engine.o)
 *fill*         0x000000000003316c       0x14 
 .data          0x0000000000033180       0x24 build/cooja/mtype868.a(coap-res-well-k)
                0x0000000000033180                res_well_known_core
 .data          0x00000000000331a4       0x10 build/cooja/mtype868.a(coap-observe.o)
 .data          0x00000000000331b4       0x10 build/cooja/mtype868.a(coap-uip.o)
                0x00000000000331b4                coap_engine
 .data          0x00000000000331c4        0x4 build/cooja/mtype868.a(coap-timer.o)
 .data          0x00000000000331c8       0x10 build/cooja/mtype868.a(coap-transactio)
 .data          0x00000000000331d8        0x4 build/cooja/mtype868.a(coap.o)
                0x00000000000331d8                coap_error_message
 .data          0x00000000000331dc        0x0 build/cooja/mtype868.a(contiki-main.o)
 .data          0x00000000000331dc        0x0 build/cooja/mtype868.a(autostart.o)
 .data          0x00000000000331dc       0x14 build/cooja/mtype868.a(ctimer.o)
                0x00000000000331e0                ctimer_process
 *fill*         0x00000000000331f0       0x10 
 .data          0x0000000000033200       0xbc build/cooja/mtype868.a(log.o)
                0x0000000000033200                curr_log_level_main
                0x0000000000033220                all_modules
 .data          0x00000000000332bc        0x0 build/cooja/mtype868.a(energest.o)
 .data          0x00000000000332bc       0x10 build/cooja/mtype868.a(etimer.o)
                0x00000000000332bc                etimer_process
 .data          0x00000000000332cc        0x0 build/cooja/mtype868.a(node-id.o)
 .data          0x00000000000332cc        0x0 build/cooja/mtype868.a(rtimer.o)
 .data          0x00000000000332cc        0x0 build/cooja/mtype868.a(process.o)
 .data          0x00000000000332cc        0x0 build/cooja/mtype868.a(timer.o)
 .data          0x00000000000332cc        0x0 build/cooja/mtype868.a(list.o)
 .data          0x00000000000332cc        0x0 build/cooja/mtype868.a(memb.o)
 .data          0x00000000000332cc       0x10 build/cooja/mtype868.a(button-hal.o)
                0x00000000000332cc                button_hal_process
 .data          0x00000000000332dc       0x10 build/cooja/mtype868.a(serial-line.o)
                0x00000000000332dc                serial_line_process
 .data          0x00000000000332ec        0x4 build/cooja/mtype868.a(gpio-hal.o)
 .data          0x00000000000332f0       0x18 build/cooja/mtype868.a(queuebuf.o)
 .data          0x0000000000033308        0x4 build/cooja/mtype868.a(packetbuf.o)
 .data          0x000000000003330c        0x4 build/cooja/mtype868.a(netstack.o)
 .data          0x0000000000033310        0x0 build/cooja/mtype868.a(linkaddr.o)
 .data          0x0000000000033310        0x0 build/cooja/mtype868.a(csma.o)
 .data          0x0000000000033310       0x28 build/cooja/mtype868.a(csma-output.o)
 .data          0x0000000000033338        0x0 build/cooja/mtype868.a(uip-ds6.o)
 .data          0x0000000000033338        0x0 build/cooja/mtype868.a(uip-udp-packet.)
 .data          0x0000000000033338       0x10 build/cooja/mtype868.a(uip-ds6-route.o)
 .data          0x0000000000033348       0x10 build/cooja/mtype868.a(tcpip.o)
                0x0000000000033348                tcpip_process
 .data          0x0000000000033358        0x0 build/cooja/mtype868.a(uip6.o)
 .data          0x0000000000033358       0x14 build/cooja/mtype868.a(uip-ds6-nbr.o)
 .data          0x000000000003336c        0xc build/cooja/mtype868.a(uip-nd6.o)
 .data          0x0000000000033378        0x0 build/cooja/mtype868.a(sicslowpan.o)
 .data          0x0000000000033378        0x0 build/cooja/mtype868.a(uiplib.o)
 .data          0x0000000000033378        0x0 build/cooja/mtype868.a(rpl.o)
 .data          0x0000000000033378       0x30 build/cooja/mtype868.a(rpl-icmp6.o)
 .data          0x00000000000333a8        0x0 build/cooja/mtype868.a(rpl-dag-root.o)
 .data          0x00000000000333a8        0x0 build/cooja/mtype868.a(watchdog.o)
 .data          0x00000000000333a8        0x0 build/cooja/mtype868.a(int-master.o)
 .data          0x00000000000333a8       0x10 build/cooja/mtype868.a(coap-timer-defa)
                0x00000000000333a8                coap_timer_process
 .data          0x00000000000333b8        0x0 build/cooja/mtype868.a(stimer.o)
 .data          0x00000000000333b8        0x0 build/cooja/mtype868.a(ringbuf.o)
 .data          0x00000000000333b8        0x0 build/cooja/mtype868.a(assert.o)
 .data          0x00000000000333b8       0x10 build/cooja/mtype868.a(nbr-table.o)
 .data          0x00000000000333c8       0x14 build/cooja/mtype868.a(link-stats.o)
 .data          0x00000000000333dc        0x0 build/cooja/mtype868.a(mac-sequence.o)
 .data          0x00000000000333dc        0x0 build/cooja/mtype868.a(mac.o)
 .data          0x00000000000333dc        0x0 build/cooja/mtype868.a(framer-802154.o)
 .data          0x00000000000333dc        0x2 build/cooja/mtype868.a(frame802154.o)
 .data          0x00000000000333de        0x0 build/cooja/mtype868.a(csma-security.o)
 .data          0x00000000000333de        0x0 build/cooja/mtype868.a(uipbuf.o)
 *fill*         0x00000000000333de        0x2 
 .data          0x00000000000333e0       0x20 build/cooja/mtype868.a(uip-icmp6.o)
 .data          0x0000000000033400       0x10 build/cooja/mtype868.a(uip-sr.o)
 .data          0x0000000000033410        0xc build/cooja/mtype868.a(uip-packetqueue)
 .data          0x000000000003341c        0x0 build/cooja/mtype868.a(rpl-nbr-policy.)
 .data          0x000000000003341c       0x14 build/cooja/mtype868.a(rpl-neighbor.o)
                0x000000000003342c                rpl_neighbors
 .data          0x0000000000033430        0x0 build/cooja/mtype868.a(rpl-dag.o)
 .data          0x0000000000033430        0x0 build/cooja/mtype868.a(rpl-timers.o)
 .data          0x0000000000033430        0x0 build/cooja/mtype868.a(rpl-ext-header.)
 *fill*         0x0000000000033430       0x10 
 .data          0x0000000000033440       0x24 build/cooja/mtype868.a(rpl-mrhof.o)
                0x0000000000033440                rpl_mrhof
 .data          0x0000000000033464        0x0 /usr/lib/gcc/i686-linux-gnu/5/libgcc.a(_udivdi3.o)
 .data          0x0000000000033464        0x0 /usr/lib/gcc/i686-linux-gnu/5/crtendS.o
 .data          0x0000000000033464        0x0 /usr/lib/gcc/i686-linux-gnu/5/../../../i386-linux-gnu/crtn.o

.tm_clone_table
                0x0000000000033464        0x0
 .tm_clone_table
                0x0000000000033464        0x0 /usr/lib/gcc/i686-linux-gnu/5/crtbeginS.o
 .tm_clone_table
                0x0000000000033464        0x0 /usr/lib/gcc/i686-linux-gnu/5/crtendS.o

.data1
 *(.data1)
                0x0000000000033464                _edata = .
                [!provide]                        PROVIDE (edata, .)
                0x0000000000033464                . = .
                0x0000000000033464                __bss_start = .

.bss            0x0000000000033480    0x13e44
 *(.dynbss)
 .dynbss        0x0000000000033480        0x0 /usr/lib/gcc/i686-linux-gnu/5/../../../i386-linux-gnu/crti.o
 *(.bss .bss.* .gnu.linkonce.b.*)
 .bss           0x0000000000033480        0x0 /usr/lib/gcc/i686-linux-gnu/5/../../../i386-linux-gnu/crti.o
 .bss           0x0000000000033480        0x1 /usr/lib/gcc/i686-linux-gnu/5/crtbeginS.o
 *fill*         0x0000000000033481        0x3 
 .bss           0x0000000000033484       0x10 sensor_server.o
 *fill*         0x0000000000033494        0xc 
 .bss           0x00000000000334a0     0x2030 build/cooja/mtype868.o
 .bss           0x00000000000354d0        0x1 build/cooja/mtype868.a(simEnvChange.o)
                0x00000000000354d0                simDontFallAsleep
 *fill*         0x00000000000354d1        0x3 
 .bss           0x00000000000354d4        0x4 build/cooja/mtype868.a(cooja_mt.o)
 .bss           0x00000000000354d8        0x4 build/cooja/mtype868.a(cooja_mtarch.o)
 .bss           0x00000000000354dc        0x0 build/cooja/mtype868.a(rtimer-arch.o)
 .bss           0x00000000000354dc        0x0 build/cooja/mtype868.a(beep.o)
 .bss           0x00000000000354dc        0x1 build/cooja/mtype868.a(leds-arch.o)
                0x00000000000354dc                simLedsValue
 .bss           0x00000000000354dd        0x0 build/cooja/mtype868.a(moteid.o)
 .bss           0x00000000000354dd        0x1 build/cooja/mtype868.a(pir-sensor.o)
                0x00000000000354dd                simPirValue
 *fill*         0x00000000000354de        0x2 
 .bss           0x00000000000354e0        0x4 build/cooja/mtype868.a(rs232.o)
 .bss           0x00000000000354e4        0x1 build/cooja/mtype868.a(vib-sensor.o)
                0x00000000000354e4                simVibValue
 .bss           0x00000000000354e5        0x0 build/cooja/mtype868.a(clock.o)
 *fill*         0x00000000000354e5       0x1b 
 .bss           0x0000000000035500     0x2020 build/cooja/mtype868.a(cooja-log.o)
 .bss           0x0000000000037520      0xfc0 build/cooja/mtype868.a(cfs-cooja.o)
                0x0000000000037520                simCFSData
                0x00000000000384c0                simCFSSize
                0x00000000000384c4                simCFSChanged
                0x00000000000384c8                simCFSRead
                0x00000000000384cc                simCFSWritten
 .bss           0x00000000000384e0       0x24 build/cooja/mtype868.a(cooja-radio.o)
                0x00000000000384e0                simReceiving
                0x00000000000384e4                simInSize
                0x00000000000384e8                simLastPacketTimestamp
                0x00000000000384f0                simOutSize
 .bss           0x0000000000038504        0xc build/cooja/mtype868.a(eeprom.o)
                0x0000000000038504                simEEPROMChanged
                0x0000000000038508                simEEPROMRead
                0x000000000003850c                simEEPROMWritten
 .bss           0x0000000000038510        0x0 build/cooja/mtype868.a(random.o)
 .bss           0x0000000000038510        0xc build/cooja/mtype868.a(sensors.o)
 .bss           0x000000000003851c        0x0 build/cooja/mtype868.a(leds.o)
 .bss           0x000000000003851c       0x24 build/cooja/mtype868.a(gpio-hal-arch.o)
 .bss           0x0000000000038540        0x0 build/cooja/mtype868.a(buttons.o)
 .bss           0x0000000000038540        0x4 build/cooja/mtype868.a(presence_sensor)
 *fill*         0x0000000000038544       0x1c 
 .bss           0x0000000000038560      0x190 build/cooja/mtype868.a(coap-engine.o)
 .bss           0x00000000000386f0        0x0 build/cooja/mtype868.a(coap-res-well-k)
 *fill*         0x00000000000386f0       0x10 
 .bss           0x0000000000038700      0x120 build/cooja/mtype868.a(coap-observe.o)
 .bss           0x0000000000038820       0x18 build/cooja/mtype868.a(coap-uip.o)
 .bss           0x0000000000038838        0x5 build/cooja/mtype868.a(coap-timer.o)
 *fill*         0x000000000003883d        0x3 
 .bss           0x0000000000038840      0x334 build/cooja/mtype868.a(coap-transactio)
 .bss           0x0000000000038b74        0x6 build/cooja/mtype868.a(coap.o)
                0x0000000000038b74                coap_status_code
 .bss           0x0000000000038b7a        0x0 build/cooja/mtype868.a(contiki-main.o)
 .bss           0x0000000000038b7a        0x0 build/cooja/mtype868.a(autostart.o)
 *fill*         0x0000000000038b7a        0x2 
 .bss           0x0000000000038b7c        0x5 build/cooja/mtype868.a(ctimer.o)
 *fill*         0x0000000000038b81        0x3 
 .bss           0x0000000000038b84       0x2c build/cooja/mtype868.a(log.o)
                0x0000000000038b84                curr_log_level_rpl
                0x0000000000038b88                curr_log_level_tcpip
                0x0000000000038b8c                curr_log_level_ipv6
                0x0000000000038b90                curr_log_level_6lowpan
                0x0000000000038b94                curr_log_level_nullnet
                0x0000000000038b98                curr_log_level_mac
                0x0000000000038b9c                curr_log_level_framer
                0x0000000000038ba0                curr_log_level_6top
                0x0000000000038ba4                curr_log_level_coap
                0x0000000000038ba8                curr_log_level_snmp
                0x0000000000038bac                curr_log_level_lwm2m
 .bss           0x0000000000038bb0        0x0 build/cooja/mtype868.a(energest.o)
 .bss           0x0000000000038bb0        0x8 build/cooja/mtype868.a(etimer.o)
 .bss           0x0000000000038bb8        0x2 build/cooja/mtype868.a(node-id.o)
                0x0000000000038bb8                node_id
 *fill*         0x0000000000038bba        0x2 
 .bss           0x0000000000038bbc        0x4 build/cooja/mtype868.a(rtimer.o)
 .bss           0x0000000000038bc0      0x1a1 build/cooja/mtype868.a(process.o)
                0x0000000000038bc0                process_list
                0x0000000000038bc4                process_current
 .bss           0x0000000000038d61        0x0 build/cooja/mtype868.a(timer.o)
 .bss           0x0000000000038d61        0x0 build/cooja/mtype868.a(list.o)
 .bss           0x0000000000038d61        0x0 build/cooja/mtype868.a(memb.o)
 *fill*         0x0000000000038d61        0x3 
 .bss           0x0000000000038d64       0x10 build/cooja/mtype868.a(button-hal.o)
 *fill*         0x0000000000038d74        0xc 
 .bss           0x0000000000038d80      0x140 build/cooja/mtype868.a(serial-line.o)
 .bss           0x0000000000038ec0        0x4 build/cooja/mtype868.a(gpio-hal.o)
 *fill*         0x0000000000038ec4       0x1c 
 .bss           0x0000000000038ee0     0x2c80 build/cooja/mtype868.a(queuebuf.o)
 .bss           0x000000000003bb60       0xa0 build/cooja/mtype868.a(packetbuf.o)
 .bss           0x000000000003bc00        0x4 build/cooja/mtype868.a(netstack.o)
 .bss           0x000000000003bc04        0x0 build/cooja/mtype868.a(linkaddr.o)
 .bss           0x000000000003bc04        0x0 build/cooja/mtype868.a(csma.o)
 *fill*         0x000000000003bc04       0x1c 
 .bss           0x000000000003bc20      0x726 build/cooja/mtype868.a(csma-output.o)
 *fill*         0x000000000003c346        0x2 
 .bss           0x000000000003c348       0x30 build/cooja/mtype868.a(uip-ds6.o)
 .bss           0x000000000003c378        0x0 build/cooja/mtype868.a(uip-udp-packet.)
 *fill*         0x000000000003c378        0x8 
 .bss           0x000000000003c380       0x60 build/cooja/mtype868.a(uip-ds6-route.o)
 .bss           0x000000000003c3e0       0x10 build/cooja/mtype868.a(tcpip.o)
 .bss           0x000000000003c3f0        0x8 build/cooja/mtype868.a(uip6.o)
                0x000000000003c3f0                uip_ext_bitmap
                0x000000000003c3f2                uip_ext_len
                0x000000000003c3f4                uip_last_proto
 *fill*         0x000000000003c3f8        0x8 
 .bss           0x000000000003c400     0x1c20 build/cooja/mtype868.a(uip-ds6-nbr.o)
 .bss           0x000000000003e020       0x10 build/cooja/mtype868.a(uip-nd6.o)
 *fill*         0x000000000003e030       0x10 
 .bss           0x000000000003e040      0x724 build/cooja/mtype868.a(sicslowpan.o)
 .bss           0x000000000003e764        0x0 build/cooja/mtype868.a(uiplib.o)
 .bss           0x000000000003e764        0x1 build/cooja/mtype868.a(rpl.o)
 .bss           0x000000000003e765        0x0 build/cooja/mtype868.a(rpl-icmp6.o)
 *fill*         0x000000000003e765        0x3 
 .bss           0x000000000003e768       0x11 build/cooja/mtype868.a(rpl-dag-root.o)
 .bss           0x000000000003e779        0x0 build/cooja/mtype868.a(watchdog.o)
 *fill*         0x000000000003e779        0x3 
 .bss           0x000000000003e77c        0x4 build/cooja/mtype868.a(int-master.o)
 .bss           0x000000000003e780       0x1c build/cooja/mtype868.a(coap-timer-defa)
 .bss           0x000000000003e79c        0x0 build/cooja/mtype868.a(stimer.o)
 .bss           0x000000000003e79c        0x0 build/cooja/mtype868.a(ringbuf.o)
 .bss           0x000000000003e79c        0x0 build/cooja/mtype868.a(assert.o)
 *fill*         0x000000000003e79c        0x4 
 .bss           0x000000000003e7a0     0x1214 build/cooja/mtype868.a(nbr-table.o)
 *fill*         0x000000000003f9b4        0xc 