Archive member included to satisfy reference by file (symbol)

build/cooja/mtype62.a(simEnvChange.o)
                              build/cooja/mtype62.o (simDontFallAsleep)
build/cooja/mtype62.a(cooja_mt.o)
                              build/cooja/mtype62.o (cooja_mt_start)
build/cooja/mtype62.a(cooja_mtarch.o)
                              build/cooja/mtype62.a(cooja_mt.o) (cooja_mtarch_start)
build/cooja/mtype62.a(rtimer-arch.o)
                              build/cooja/mtype62.o (rtimer_arch_check)
build/cooja/mtype62.a(beep.o)
                              build/cooja/mtype62.o (beep_interface)
build/cooja/mtype62.a(leds-arch.o)
                              build/cooja/mtype62.o (leds_interface)
build/cooja/mtype62.a(moteid.o)
                              build/cooja/mtype62.o (moteid_interface)
build/cooja/mtype62.a(pir-sensor.o)
                              build/cooja/mtype62.o (pir_interface)
build/cooja/mtype62.a(rs232.o)
                              build/cooja/mtype62.o (rs232_interface)
build/cooja/mtype62.a(vib-sensor.o)
                              build/cooja/mtype62.o (vib_interface)
build/cooja/mtype62.a(clock.o)
                              build/cooja/mtype62.o (clock_interface)
build/cooja/mtype62.a(cooja-log.o)
                              build/cooja/mtype62.o (simlog_interface)
build/cooja/mtype62.a(cfs-cooja.o)
                              build/cooja/mtype62.o (cfs_interface)
build/cooja/mtype62.a(cooja-radio.o)
                              build/cooja/mtype62.o (radio_interface)
build/cooja/mtype62.a(eeprom.o)
                              build/cooja/mtype62.o (eeprom_interface)
build/cooja/mtype62.a(random.o)
                              build/cooja/mtype62.a(moteid.o) (random_init)
build/cooja/mtype62.a(sensors.o)
                              build/cooja/mtype62.a(pir-sensor.o) (sensors_changed)
build/cooja/mtype62.a(leds.o)
                              sensor_server.o (leds_off)
build/cooja/mtype62.a(gpio-hal-arch.o)
                              build/cooja/mtype62.a(leds-arch.o) (gpio_hal_arch_register_pin_callback)
build/cooja/mtype62.a(buttons.o)
                              build/cooja/mtype62.o (button_interface)
build/cooja/mtype62.a(presence_sensor)
                              sensor_server.o (presence_sensor)
build/cooja/mtype62.a(coap-blocking-a)
                              sensor_server.o (coap_blocking_request)
build/cooja/mtype62.a(coap-engine.o)
                              sensor_server.o (coap_activate_resource)
build/cooja/mtype62.a(coap-res-well-k)
                              build/cooja/mtype62.a(coap-engine.o) (res_well_known_core)
build/cooja/mtype62.a(coap-observe.o)
                              build/cooja/mtype62.a(coap-engine.o) (coap_remove_observer_by_mid)
build/cooja/mtype62.a(coap-uip.o)
                              build/cooja/mtype62.a(coap-observe.o) (coap_endpoint_copy)
build/cooja/mtype62.a(coap-timer.o)
                              build/cooja/mtype62.a(coap-engine.o) (coap_timer_set)
build/cooja/mtype62.a(coap-transactio)
                              build/cooja/mtype62.a(coap-blocking-a) (coap_send_transaction)
build/cooja/mtype62.a(coap.o)
                              build/cooja/mtype62.a(coap-engine.o) (coap_status_code)
build/cooja/mtype62.a(contiki-main.o)
                              build/cooja/mtype62.o (main)
build/cooja/mtype62.a(autostart.o)
                              build/cooja/mtype62.a(contiki-main.o) (autostart_start)
build/cooja/mtype62.a(ctimer.o)
                              build/cooja/mtype62.a(contiki-main.o) (ctimer_init)
build/cooja/mtype62.a(log.o)  build/cooja/mtype62.a(contiki-main.o) (curr_log_level_main)
build/cooja/mtype62.a(energest.o)
                              build/cooja/mtype62.a(contiki-main.o) (energest_init)
build/cooja/mtype62.a(etimer.o)
                              build/cooja/mtype62.a(contiki-main.o) (etimer_process)
build/cooja/mtype62.a(node-id.o)
                              build/cooja/mtype62.a(contiki-main.o) (node_id)
build/cooja/mtype62.a(rtimer.o)
                              build/cooja/mtype62.a(contiki-main.o) (rtimer_init)
build/cooja/mtype62.a(process.o)
                              build/cooja/mtype62.a(coap-blocking-a) (process_current)
build/cooja/mtype62.a(timer.o)
                              build/cooja/mtype62.a(etimer.o) (timer_set)
build/cooja/mtype62.a(list.o)
                              build/cooja/mtype62.a(coap-engine.o) (list_init)
build/cooja/mtype62.a(memb.o)
                              build/cooja/mtype62.a(coap-observe.o) (memb_alloc)
build/cooja/mtype62.a(button-hal.o)
                              build/cooja/mtype62.o (button_hal_init)
build/cooja/mtype62.a(serial-line.o)
                              build/cooja/mtype62.a(rs232.o) (serial_line_input_byte)
build/cooja/mtype62.a(gpio-hal.o)
                              build/cooja/mtype62.a(button-hal.o) (gpio_hal_register_handler)
build/cooja/mtype62.a(queuebuf.o)
[...]
Memory Configuration

Name             Origin             Length             Attributes
*default*        0x0000000000000000 0xffffffffffffffff

Linker script and memory map

LOAD /usr/lib/gcc/i686-linux-gnu/5/../../../i386-linux-gnu/crti.o
LOAD /usr/lib/gcc/i686-linux-gnu/5/crtbeginS.o
LOAD sensor_server.o
LOAD build/cooja/mtype62.o
LOAD build/cooja/mtype62.a
LOAD /usr/lib/gcc/i686-linux-gnu/5/libgcc.a
LOAD /usr/lib/gcc/i686-linux-gnu/5/libgcc_s.so
LOAD /usr/lib/gcc/i686-linux-gnu/5/../../../i386-linux-gnu/libc.so
START GROUP
LOAD /lib/i386-linux-gnu/libc.so.6
LOAD /usr/lib/i386-linux-gnu/libc_nonshared.a
LOAD /lib/i386-linux-gnu/ld-linux.so.2
END GROUP
LOAD /usr/lib/gcc/i686-linux-gnu/5/libgcc.a
LOAD /usr/lib/gcc/i686-linux-gnu/5/libgcc_s.so
LOAD /usr/lib/gcc/i686-linux-gnu/5/crtendS.o
LOAD /usr/lib/gcc/i686-linux-gnu/5/../../../i386-linux-gnu/crtn.o
                0x0000000000000114                . = (0x0 + SIZEOF_HEADERS)

.note.gnu.build-id
                0x0000000000000114       0x24
 *(.note.gnu.build-id)
 .note.gnu.build-id
                0x0000000000000114       0x24 /usr/lib/gcc/i686-linux-gnu/5/../../../i386-linux-gnu/crti.o

.hash
 *(.hash)

.gnu.hash       0x0000000000000138     0x1590
 *(.gnu.hash)
 .gnu.hash      0x0000000000000138     0x1590 /usr/lib/gcc/i686-linux-gnu/5/../../../i386-linux-gnu/crti.o

.dynsym         0x00000000000016c8     0x2ed0
 *(.dynsym)
 .dynsym        0x00000000000016c8     0x2ed0 /usr/lib/gcc/i686-linux-gnu/5/../../../i386-linux-gnu/crti.o

.dynstr         0x0000000000004598     0x368d
 *(.dynstr)
 .dynstr        0x0000000000004598     0x368d /usr/lib/gcc/i686-linux-gnu/5/../../../i386-linux-gnu/crti.o

.gnu.version    0x0000000000007c26      0x5da
 *(.gnu.version)
 .gnu.version   0x0000000000007c26      0x5da /usr/lib/gcc/i686-linux-gnu/5/../../../i386-linux-gnu/crti.o

.gnu.version_d  0x0000000000008200        0x0
 *(.gnu.version_d)
 .gnu.version_d
                0x0000000000008200        0x0 /usr/lib/gcc/i686-linux-gnu/5/../../../i386-linux-gnu/crti.o

.gnu.version_r  0x0000000000008200       0x40
 *(.gnu.version_r)
 .gnu.version_r
                0x0000000000008200       0x40 /usr/lib/gcc/i686-linux-gnu/5/../../../i386-linux-gnu/crti.o

.rel.dyn        0x0000000000008240     0x90a0
 *(.rel.init)
 .rel.init      0x0000000000008240        0x0 /usr/lib/gcc/i686-linux-gnu/5/../../../i386-linux-gnu/crti.o
 *(.rel.text .rel.text.* .rel.gnu.linkonce.t.*)
 .rel.text      0x0000000000008240     0x86e8 /usr/lib/gcc/i686-linux-gnu/5/../../../i386-linux-gnu/crti.o
 *(.rel.fini)
 .rel.fini      0x0000000000010928        0x0 /usr/lib/gcc/i686-linux-gnu/5/../../../i386-linux-gnu/crti.o
 *(.rel.rodata .rel.rodata.* .rel.gnu.linkonce.r.*)
 .rel.rodata    0x0000000000010928      0x588 /usr/lib/gcc/i686-linux-gnu/5/../../../i386-linux-gnu/crti.o
 *(.rel.data.rel.ro .rel.data.rel.ro.* .rel.gnu.linkonce.d.rel.ro.*)
 *(.rel.data .rel.data.* .rel.gnu.linkonce.d.*)
 .rel.data.rel.local
                0x0000000000010eb0        0x8 /usr/lib/gcc/i686-linux-gnu/5/../../../i386-linux-gnu/crti.o
 .rel.data      0x0000000000010eb8      0x3f0 /usr/lib/gcc/i686-linux-gnu/5/../../../i386-linux-gnu/crti.o
 *(.rel.tdata .rel.tdata.* .rel.gnu.linkonce.td.*)
 *(.rel.tbss .rel.tbss.* .rel.gnu.linkonce.tb.*)
 *(.rel.ctors)
 *(.rel.dtors)
 *(.rel.got)
 .rel.got       0x00000000000112a8       0x28 /usr/lib/gcc/i686-linux-gnu/5/../../../i386-linux-gnu/crti.o
 *(.rel.bss .rel.bss.* .rel.gnu.linkonce.b.*)
 *(.rel.ifunc)
 .rel.ifunc     0x00000000000112d0        0x0 /usr/lib/gcc/i686-linux-gnu/5/../../../i386-linux-gnu/crti.o
 .rel.fini_array
                0x00000000000112d0        0x8 /usr/lib/gcc/i686-linux-gnu/5/../../../i386-linux-gnu/crti.o
 .rel.init_array
                0x00000000000112d8        0x8 /usr/lib/gcc/i686-linux-gnu/5/../../../i386-linux-gnu/crti.o

.rel.plt        0x00000000000112e0        0x0
 *(.rel.plt)
 .rel.plt       0x00000000000112e0        0x0 /usr/lib/gcc/i686-linux-gnu/5/../../../i386-linux-gnu/crti.o
 *(.rel.iplt)

.init           0x00000000000112e0       0x23
 *(SORT(.init))
 .init          0x00000000000112e0       0x1e /usr/lib/gcc/i686-linux-gnu/5/../../../i386-linux-gnu/crti.o
                0x00000000000112e0                _init
 .init          0x00000000000112fe        0x5 /usr/lib/gcc/i686-linux-gnu/5/../../../i386-linux-gnu/crtn.o

.plt            0x0000000000011310       0x10
 *(.plt)
 .plt           0x0000000000011310       0x10 /usr/lib/gcc/i686-linux-gnu/5/../../../i386-linux-gnu/crti.o
 *(.iplt)

.plt.got        0x0000000000011320       0x10
 *(.plt.got)
 .plt.got       0x0000000000011320       0x10 /usr/lib/gcc/i686-linux-gnu/5/../../../i386-linux-gnu/crti.o

.text           0x0000000000011330    0x18572
 *(.text.unlikely .text.*_unlikely .text.unlikely.*)
 .text.unlikely
                0x0000000000011330        0x0 /usr/lib/gcc/i686-linux-gnu/5/crtbeginS.o
 .text.unlikely
                0x0000000000011330        0x0 /usr/lib/gcc/i686-linux-gnu/5/libgcc.a(_udivdi3.o)
 *(.text.exit .text.exit.*)
 *(.text.startup .text.startup.*)
 *(.text.hot .text.hot.*)
 *(.text .stub .text.* .gnu.linkonce.t.*)
 .text          0x0000000000011330        0x0 /usr/lib/gcc/i686-linux-gnu/5/../../../i386-linux-gnu/crti.o
 .gnu.linkonce.t.__x86.get_pc_thunk.bx
                0x0000000000011330        0x4 /usr/lib/gcc/i686-linux-gnu/5/../../../i386-linux-gnu/crti.o
                0x0000000000011330                __x86.get_pc_thunk.bx
 *fill*         0x0000000000011334        0xc 
 .text          0x0000000000011340      0x11c /usr/lib/gcc/i686-linux-gnu/5/crtbeginS.o
 .text.__x86.get_pc_thunk.dx
                0x000000000001145c        0x4 /usr/lib/gcc/i686-linux-gnu/5/crtbeginS.o
                0x000000000001145c                __x86.get_pc_thunk.dx
 .text          0x0000000000011460      0x38a sensor_server.o
                0x00000000000114f1                client_chunk_handler
 .text          0x00000000000117ea      0x283 build/cooja/mtype62.o
                0x000000000001187c                platform_init_stage_one
                0x000000000001188f                platform_init_stage_two
                0x00000000000118a2                platform_init_stage_three
                0x00000000000118b5                platform_main_loop
                0x0000000000011928                Java_org_contikios_cooja_corecomm_Lib3_init
                0x000000000001195f                Java_org_contikios_cooja_corecomm_Lib3_getMemory
                0x0000000000011992                Java_org_contikios_cooja_corecomm_Lib3_setMemory
                0x00000000000119f2                Java_org_contikios_cooja_corecomm_Lib3_tick
                0x0000000000011a5a                Java_org_contikios_cooja_corecomm_Lib3_setReferenceAddress
 .text          0x0000000000011a6d       0x65 build/cooja/mtype62.a(simEnvChange.o)
                0x0000000000011a6d                doActionsBeforeTick
                0x0000000000011a9f                doActionsAfterTick
 .text          0x0000000000011ad2       0x83 build/cooja/mtype62.a(cooja_mt.o)
                0x0000000000011ad2                cooja_mt_start
                0x0000000000011afc                cooja_mt_exec
                0x0000000000011b32                cooja_mt_yield
 .text          0x0000000000011b55       0xbe build/cooja/mtype62.a(cooja_mtarch.o)
                0x0000000000011b55                cooja_mtarch_start
                0x0000000000011bc8                cooja_sw
                0x0000000000011beb                cooja_mtarch_exec
                0x0000000000011c08                cooja_mtarch_yield
 .text          0x0000000000011c13       0xc5 build/cooja/mtype62.a(rtimer-arch.o)
                0x0000000000011c13                rtimer_arch_init
                0x0000000000011c37                rtimer_arch_schedule
                0x0000000000011c67                rtimer_arch_next
                0x0000000000011c77                rtimer_arch_pending
                0x0000000000011c81                rtimer_arch_check
                0x0000000000011cc8                rtimer_arch_now
 .text          0x0000000000011cd8       0x81 build/cooja/mtype62.a(beep.o)
                0x0000000000011cd8                beep_alarm
                0x0000000000011ce5                beep_beep
                0x0000000000011cf2                beep
                0x0000000000011cff                beep_down
                0x0000000000011d0c                beep_on
                0x0000000000011d19                beep_off
                0x0000000000011d26                beep_spinup
                0x0000000000011d33                beep_quick
                0x0000000000011d40                beep_long
 .text          0x0000000000011d59       0x65 build/cooja/mtype62.a(leds-arch.o)
                0x0000000000011d6c                leds_arch_init
 .text          0x0000000000011dbe       0x35 build/cooja/mtype62.a(moteid.o)
 .text          0x0000000000011df3       0xb7 build/cooja/mtype62.a(pir-sensor.o)
 .text          0x0000000000011eaa      0x148 build/cooja/mtype62.a(rs232.o)
                0x0000000000011eaa                rs232_init
                0x0000000000011eb0                rs232_set_speed
                0x0000000000011ebf                rs232_set_input
                0x0000000000011ecd                rs232_send
                0x0000000000011ef1                rs232_print
                0x0000000000011f0d                slip_arch_writeb
 .text          0x0000000000011ff2       0xb7 build/cooja/mtype62.a(vib-sensor.o)
 .text          0x00000000000120a9       0x38 build/cooja/mtype62.a(clock.o)
                0x00000000000120a9                clock_init
                0x00000000000120af                clock_time
                0x00000000000120b9                clock_seconds
                0x00000000000120cf                clock_delay
 .text          0x00000000000120e1      0x219 build/cooja/mtype62.a(cooja-log.o)
                0x00000000000120e1                simlog_char
                0x0000000000012124                simlog
                0x000000000001219a                log_message
                0x00000000000121cb                log_set_putchar_with_slip
                0x00000000000121d9                log_putchar
                0x0000000000012254                log_puts
                0x000000000001227c                log_printf
 .text          0x00000000000122fa      0x2b9 build/cooja/mtype62.a(cfs-cooja.o)
                0x00000000000122fa                cfs_open
                0x0000000000012363                cfs_close
                0x0000000000012370                cfs_read
                0x0000000000012405                cfs_write
                0x00000000000124e1                cfs_seek
                0x0000000000012569                cfs_remove
                0x000000000001258d                cfs_opendir
                0x0000000000012597                cfs_readdir
                0x00000000000125a1                cfs_closedir
 .text          0x00000000000125b3      0x620 build/cooja/mtype62.a(cooja-radio.o)
                0x00000000000125f5                radio_set_channel
                0x0000000000012603                radio_set_txpower
                0x000000000001261b                radio_signal_strength_last
                0x0000000000012625                radio_signal_strength_current
                0x000000000001262f                radio_LQI
 .text          0x0000000000012bd3       0xee build/cooja/mtype62.a(eeprom.o)
                0x0000000000012bd3                eeprom_init
                0x0000000000012bd9                eeprom_read
                0x0000000000012c47                eeprom_write
 .text          0x0000000000012cc1       0x2d build/cooja/mtype62.a(random.o)
                0x0000000000012cc1                random_init
                0x0000000000012ce1                random_rand
 .text          0x0000000000012cee      0x29c build/cooja/mtype62.a(sensors.o)
                0x0000000000012d29                sensors_first
                0x0000000000012d33                sensors_next
                0x0000000000012d4d                sensors_changed
                0x0000000000012d81                sensors_find
 .text          0x0000000000012f8a      0x349 build/cooja/mtype62.a(leds.o)
                0x0000000000012f8a                leds_init
                0x0000000000012fd1                leds_single_on
                0x0000000000013030                leds_single_off
                0x000000000001308f                leds_single_toggle
                0x00000000000130c1                leds_on
                0x0000000000013143                leds_off
                0x00000000000131c5                leds_toggle
                0x000000000001321a                leds_set
                0x0000000000013246                leds_get
 .text          0x00000000000132d3      0x343 build/cooja/mtype62.a(gpio-hal-arch.o)
                0x00000000000132d3                gpio_hal_arch_register_pin_callback
                0x000000000001333f                gpio_hal_arch_init
                0x0000000000013384                gpio_hal_arch_no_port_interrupt_enable
                0x00000000000133b4                gpio_hal_arch_no_port_interrupt_disable
                0x00000000000133e4                gpio_hal_arch_no_port_pin_cfg_set
                0x0000000000013409                gpio_hal_arch_no_port_pin_cfg_get
                0x000000000001342f                gpio_hal_arch_no_port_pin_set_input
                0x0000000000013441                gpio_hal_arch_no_port_pin_set_output
                0x0000000000013453                gpio_hal_arch_no_port_set_pin
                0x0000000000013474                gpio_hal_arch_no_port_clear_pin
                0x0000000000013495                gpio_hal_arch_no_port_read_pin
                0x00000000000134bb                gpio_hal_arch_no_port_write_pin
                0x00000000000134e5                gpio_hal_arch_no_port_set_pins
                0x000000000001352c                gpio_hal_arch_no_port_clear_pins
                0x0000000000013573                gpio_hal_arch_no_port_read_pins
                0x00000000000135b6                gpio_hal_arch_no_port_write_pins
 .text          0x0000000000013616       0x89 build/cooja/mtype62.a(buttons.o)
 .text          0x000000000001369f      0x128 build/cooja/mtype62.a(presence_sensor)
 .text          0x00000000000137c7      0x27b build/cooja/mtype62.a(coap-blocking-a)
                0x00000000000137c7                coap_blocking_request_callback
                0x00000000000137f1                coap_blocking_request
 .text          0x0000000000013a42      0xbea build/cooja/mtype62.a(coap-engine.o)
                0x0000000000013ad7                coap_add_handler
                0x0000000000013af4                coap_remove_handler
                0x0000000000013b11                coap_call_handlers
                0x0000000000013c19                coap_receive
                0x0000000000014214                coap_engine_init
                0x0000000000014272                coap_activate_resource
                0x000000000001431d                coap_get_first_resource
                0x0000000000014336                coap_get_next_resource
 .text          0x000000000001462c      0x2d9 build/cooja/mtype62.a(coap-res-well-k)
 .text          0x0000000000014905      0x96a build/cooja/mtype62.a(coap-observe.o)
                0x0000000000014a1a                coap_remove_observer
                0x0000000000014a4a                coap_remove_observer_by_client
                0x0000000000014ab2                coap_remove_observer_by_token
                0x0000000000014b45                coap_remove_observer_by_uri
                0x0000000000014bec                coap_remove_observer_by_mid
                0x0000000000014c68                coap_notify_observers
                0x0000000000014c81                coap_notify_observers_sub
                0x00000000000150eb                coap_observe_handler
                0x0000000000015206                coap_has_observers
 .text          0x000000000001526f      0x733 build/cooja/mtype62.a(coap-uip.o)
                0x000000000001526f                coap_endpoint_log
                0x00000000000152f5                coap_endpoint_print
                0x000000000001537b                coap_endpoint_snprint
                0x00000000000154ae                coap_endpoint_copy
                0x00000000000154eb                coap_endpoint_cmp
                0x00000000000155f9                coap_endpoint_parse
                0x00000000000157e4                coap_endpoint_is_secure
                0x00000000000157f3                coap_endpoint_is_connected
                0x0000000000015827                coap_endpoint_connect
                0x0000000000015843                coap_endpoint_disconnect
                0x0000000000015849                coap_databuf
                0x0000000000015853                coap_transport_init
                0x00000000000158a3                coap_sendto
 .text          0x00000000000159a2      0x324 build/cooja/mtype62.a(coap-timer.o)
                0x0000000000015a9f                coap_timer_stop
                0x0000000000015aca                coap_timer_set
                0x0000000000015b0d                coap_timer_reset
                0x0000000000015b50                coap_timer_time_to_next_expiration
                0x0000000000015bbc                coap_timer_run
                0x0000000000015c88                coap_timer_init
 .text          0x0000000000015cc6      0x2c6 build/cooja/mtype62.a(coap-transactio)
                0x0000000000015d2c                coap_new_transaction
                0x0000000000015d92                coap_send_transaction
                0x0000000000015ef3                coap_clear_transaction
                0x0000000000015f3b                coap_get_transaction_by_mid
 .text          0x0000000000015f8c     0x1c53 build/cooja/mtype62.a(coap.o)
                0x00000000000164f9                coap_init_connection
                0x000000000001650d                coap_get_mid
                0x0000000000016529                coap_init_message
                0x0000000000016572                coap_serialize_message
                0x0000000000016bf4                coap_parse_message
                0x000000000001725b                coap_get_query_variable
                0x000000000001729d                coap_get_post_variable
                0x00000000000172e1                coap_set_status_code
                0x0000000000017306                coap_set_token
                0x000000000001734d                coap_get_header_content_format
                0x000000000001737e                coap_set_header_content_format
                0x00000000000173a1                coap_get_header_accept
                0x00000000000173d2                coap_set_header_accept
                0x00000000000173f5                coap_get_header_max_age
                0x0000000000017426                coap_set_header_max_age
                0x0000000000017446                coap_get_header_etag
                0x0000000000017478                coap_set_header_etag
                0x00000000000174cf                coap_get_header_if_match
                0x0000000000017501                coap_set_header_if_match
                0x0000000000017558                coap_get_header_if_none_match
                0x0000000000017572                coap_set_header_if_none_match
                0x0000000000017589                coap_get_header_proxy_uri
                0x00000000000175b7                coap_set_header_proxy_uri
                0x00000000000175f4                coap_get_header_uri_host
                0x0000000000017622                coap_set_header_uri_host
                0x000000000001765f                coap_get_header_uri_path
                0x000000000001768d                coap_set_header_uri_path
                0x00000000000176da                coap_get_header_uri_query
                0x000000000001770e                coap_set_header_uri_query
                0x0000000000017764                coap_get_header_location_path
                0x0000000000017792                coap_set_header_location_path
                0x000000000001782b                coap_get_header_location_query
                0x0000000000017859                coap_set_header_location_query
                0x00000000000178a6                coap_get_header_observe
                0x00000000000178d5                coap_set_header_observe
                0x00000000000178f5                coap_get_header_block2
                0x0000000000017961                coap_set_header_block2
                0x00000000000179d8                coap_get_header_block1
                0x0000000000017a4d                coap_set_header_block1
                0x0000000000017ac8                coap_get_header_size2
                0x0000000000017af8                coap_set_header_size2
                0x0000000000017b1b                coap_get_header_size1
                0x0000000000017b4b                coap_set_header_size1
                0x0000000000017b6e                coap_get_payload
                0x0000000000017ba8                coap_set_payload
 .text          0x0000000000017bdf      0x332 build/cooja/mtype62.a(contiki-main.o)
                0x0000000000017bdf                main
 .text          0x0000000000017f11       0x92 build/cooja/mtype62.a(autostart.o)
                0x0000000000017f11                autostart_start
                0x0000000000017f5b                autostart_exit
 .text          0x0000000000017fa3      0x355 build/cooja/mtype62.a(ctimer.o)
                0x00000000000180cb                ctimer_init
                0x00000000000180fe                ctimer_set
                0x0000000000018124                ctimer_set_with_process
                0x00000000000181a1                ctimer_reset
                0x00000000000181f5                ctimer_restart
                0x0000000000018249                ctimer_stop
                0x0000000000018299                ctimer_expired
 .text          0x00000000000182f8      0x394 build/cooja/mtype62.a(log.o)
                0x00000000000182f8                log_6addr
                0x000000000001834b                log_6addr_compact_snprint
                0x00000000000183e9                log_6addr_compact
                0x000000000001843c                log_lladdr
                0x00000000000184ae                log_lladdr_compact
                0x0000000000018516                log_set_level
                0x00000000000185d1                log_get_level
                0x000000000001864a                log_level_to_str
 .text          0x000000000001868c       0x1b build/cooja/mtype62.a(energest.o)
                0x000000000001868c                energest_init
                0x0000000000018692                energest_flush
                0x0000000000018698                energest_get_total_time
 .text          0x00000000000186a7      0x43f build/cooja/mtype62.a(etimer.o)
                0x00000000000188cb                etimer_request_poll
                0x0000000000018954                etimer_set
                0x000000000001897d                etimer_reset_with_new_interval
                0x00000000000189ac                etimer_reset
                0x00000000000189d2                etimer_restart
                0x00000000000189f8                etimer_adjust
                0x0000000000018a15                etimer_expired
                0x0000000000018a28                etimer_expiration_time
                0x0000000000018a3a                etimer_start_time
                0x0000000000018a44                etimer_pending
                0x0000000000018a56                etimer_next_expiration_time
                0x0000000000018a70                etimer_stop
 .text          0x0000000000018ae6       0x25 build/cooja/mtype62.a(node-id.o)
                0x0000000000018ae6                node_id_init
 .text          0x0000000000018b0b       0xeb build/cooja/mtype62.a(rtimer.o)
                0x0000000000018b0b                rtimer_init
                0x0000000000018b19                rtimer_set
                0x0000000000018b94                rtimer_run_next
 .text          0x0000000000018bf6      0x4fb build/cooja/mtype62.a(process.o)
                0x0000000000018bf6                process_alloc_event
                0x0000000000018c0b                process_start
                0x0000000000018de5                process_exit
                0x0000000000018e02                process_init
                0x0000000000018f97                process_run
                0x0000000000018fca                process_nevents
                0x0000000000018fe5                process_post
                0x0000000000019078                process_post_synch
                0x00000000000190ad                process_poll
                0x00000000000190dd                process_is_running
 .text          0x00000000000190f1       0xb1 build/cooja/mtype62.a(timer.o)
                0x00000000000190f1                timer_set
                0x000000000001910f                timer_reset
                0x000000000001913c                timer_restart
                0x0000000000019151                timer_expired
                0x000000000001917e                timer_remaining
 .text          0x00000000000191a2      0x28f build/cooja/mtype62.a(list.o)
                0x00000000000191a2                list_init
                0x00000000000191b1                list_head
                0x00000000000191bb                list_copy
                0x00000000000191cb                list_tail
                0x0000000000019201                list_add
                0x000000000001924d                list_push
                0x0000000000019279                list_chop
                0x00000000000192e3                list_pop
                0x000000000001930b                list_remove
                0x0000000000019373                list_length
                0x00000000000193a1                list_insert
                0x00000000000193e6                list_item_next
                0x00000000000193fd                list_contains
 .text          0x0000000000019431      0x1b5 build/cooja/mtype62.a(memb.o)
                0x0000000000019431                memb_init
                0x0000000000019486                memb_alloc
                0x00000000000194e9                memb_free
                0x0000000000019560                memb_inmemb
                0x000000000001959f                memb_numfree
 .text          0x00000000000195e6      0x41c build/cooja/mtype62.a(button-hal.o)
                0x000000000001975f                button_hal_get_by_id
                0x000000000001979d                button_hal_get_by_index
                0x00000000000197c9                button_hal_get_state
                0x000000000001981b                button_hal_init
 .text          0x0000000000019a02      0x1f3 build/cooja/mtype62.a(serial-line.o)
                0x0000000000019a02                serial_line_input_byte
                0x0000000000019bc0                serial_line_init
 .text          0x0000000000019bf5      0x168 build/cooja/mtype62.a(gpio-hal.o)
                0x0000000000019bf5                gpio_hal_register_handler
                0x0000000000019c12                gpio_hal_event_handler
                0x0000000000019c6e                gpio_hal_init
                0x0000000000019c8d                gpio_hal_arch_port_toggle_pin
                0x0000000000019cc9                gpio_hal_arch_port_toggle_pins
                0x0000000000019cf7                gpio_hal_arch_no_port_toggle_pin
                0x0000000000019d35                gpio_hal_arch_no_port_toggle_pins
 .text          0x0000000000019d5d      0x2e7 build/cooja/mtype62.a(queuebuf.o)
                0x0000000000019d67                queuebuf_init
                0x0000000000019d90                queuebuf_numfree
                0x0000000000019da8                queuebuf_new_from_packetbuf
                0x0000000000019e47                queuebuf_update_attr_from_packetbuf
                0x0000000000019e7c                queuebuf_update_from_packetbuf
                0x0000000000019ecc                queuebuf_free
                0x0000000000019f15                queuebuf_to_packetbuf
                0x0000000000019f81                queuebuf_dataptr
                0x0000000000019fbb                queuebuf_datalen
                0x0000000000019fde                queuebuf_addr
                0x000000000001a013                queuebuf_attr
                0x000000000001a03e                queuebuf_debug_print
 .text          0x000000000001a044      0x407 build/cooja/mtype62.a(packetbuf.o)
                0x000000000001a044                packetbuf_clear
                0x000000000001a06f                packetbuf_copyfrom
                0x000000000001a0be                packetbuf_copyto
                0x000000000001a151                packetbuf_hdralloc
                0x000000000001a1cd                packetbuf_hdrreduce
                0x000000000001a213                packetbuf_set_datalen
                0x000000000001a22d                packetbuf_dataptr
                0x000000000001a24a                packetbuf_hdrptr
                0x000000000001a254                packetbuf_datalen
                0x000000000001a260                packetbuf_hdrlen
                0x000000000001a277                packetbuf_totlen
                0x000000000001a28d                packetbuf_remaininglen
                0x000000000001a2a0                packetbuf_attr_clear
                0x000000000001a2ec                packetbuf_attr_copyto
                0x000000000001a344                packetbuf_attr_copyfrom
                0x000000000001a39c                packetbuf_set_attr
                0x000000000001a3c6                packetbuf_attr
                0x000000000001a3e0                packetbuf_set_addr
                0x000000000001a411                packetbuf_addr
                0x000000000001a42e                packetbuf_holds_broadcast
 .text          0x000000000001a44b       0xef build/cooja/mtype62.a(netstack.o)
                0x000000000001a44b                netstack_process_ip_callback
                0x000000000001a4dc                netstack_ip_packet_processor_add
                0x000000000001a4ff                uip_ds6_ip_packet_processor_rm
                0x000000000001a51c                netstack_init
 .text          0x000000000001a53a       0x4f build/cooja/mtype62.a(linkaddr.o)
                0x000000000001a53a                linkaddr_copy
                0x000000000001a550                linkaddr_cmp
                0x000000000001a573                linkaddr_set_node_addr
 .text          0x000000000001a589      0x1f6 build/cooja/mtype62.a(csma.o)
 .text          0x000000000001a77f      0x95d build/cooja/mtype62.a(csma-output.o)
                0x000000000001ae16                csma_output_packet
                0x000000000001b0a3                csma_output_init
 .text          0x000000000001b0dc      0xc11 build/cooja/mtype62.a(uip-ds6.o)
                0x000000000001b0dc                uip_ds6_default_prefix
                0x000000000001b0e6                uip_ds6_set_default_prefix
                0x000000000001b111                uip_ds6_init
                0x000000000001b373                uip_ds6_periodic
                0x000000000001b3fa                uip_ds6_list_loop
                0x000000000001b4ba                uip_ds6_prefix_add
                0x000000000001b566                uip_ds6_prefix_rm
                0x000000000001b579                uip_ds6_prefix_lookup
                0x000000000001b5b8                uip_ds6_is_addr_onlink
                0x000000000001b62b                uip_ds6_addr_add
                0x000000000001b74b                uip_ds6_addr_rm
                0x000000000001b7f4                uip_ds6_addr_lookup
                0x000000000001b82d                uip_ds6_get_link_local
                0x000000000001b8ae                uip_ds6_get_global
                0x000000000001b92f                uip_ds6_maddr_add
                0x000000000001b98f                uip_ds6_maddr_rm
                0x000000000001b9a2                uip_ds6_maddr_lookup
                0x000000000001b9db                uip_ds6_aaddr_add
                0x000000000001ba3b                uip_ds6_aaddr_rm
                0x000000000001ba4e                uip_ds6_aaddr_lookup
                0x000000000001ba87                uip_ds6_select_src
                0x000000000001bbd0                uip_ds6_set_addr_iid
                0x000000000001bbfb                uip_ds6_set_lladdr_from_iid
                0x000000000001bc24                get_match_length
                0x000000000001bcb5                uip_ds6_compute_reachable_time
 .text          0x000000000001bced      0x128 build/cooja/mtype62.a(uip-udp-packet.)
                0x000000000001bced                uip_udp_packet_send
                0x000000000001bd48                uip_udp_packet_sendto
 .text          0x000000000001be15      0x35b build/cooja/mtype62.a(uip-ds6-route.o)
                0x000000000001be66                uip_ds6_route_init
                0x000000000001be90                uip_ds6_route_nexthop
                0x000000000001be9a                uip_ds6_route_head
                0x000000000001bea4                uip_ds6_route_next
                0x000000000001beae                uip_ds6_route_is_nexthop
                0x000000000001beb8                uip_ds6_route_num_routes
                0x000000000001bec2                uip_ds6_route_lookup
                0x000000000001becc                uip_ds6_route_add
                0x000000000001bedf                uip_ds6_route_rm
                0x000000000001bee5                uip_ds6_route_rm_by_nexthop
                0x000000000001beeb                uip_ds6_defrt_head
                0x000000000001bf04                uip_ds6_defrt_add
                0x000000000001bfb2                uip_ds6_defrt_rm
                0x000000000001c018                uip_ds6_defrt_lookup
                0x000000000001c07f                uip_ds6_defrt_choose
                0x000000000001c0f5                uip_ds6_defrt_periodic
 .text          0x000000000001c170      0x6f7 build/cooja/mtype62.a(tcpip.o)
                0x000000000001c18a                tcpip_output
                0x000000000001c209                udp_attach
                0x000000000001c221                udp_new
                0x000000000001c26b                udp_broadcast_new
                0x000000000001c3dd                tcpip_input
                0x000000000001c56d                tcpip_ipv6_output
                0x000000000001c761                tcpip_poll_udp
                0x000000000001c77f                tcpip_uipcall
 .text          0x000000000001c867     0x1205 build/cooja/mtype62.a(uip6.o)
                0x000000000001c916                uip_chksum
                0x000000000001c9ed                uip_icmp6chksum
                0x000000000001ca02                uip_udpchksum
                0x000000000001ca17                uip_init
                0x000000000001ca60                uip_remove_ext_hdr
                0x000000000001cb3a                uip_udp_new
                0x000000000001ce4e                uip_process
                0x000000000001d946                uip_htons
                0x000000000001d968                uip_htonl
                0x000000000001d9a6                uip_send
 .text          0x000000000001da6c      0x369 build/cooja/mtype62.a(uip-ds6-nbr.o)
                0x000000000001da6c                uip_ds6_neighbors_init
                0x000000000001da90                uip_ds6_nbr_add
                0x000000000001db16                uip_ds6_nbr_rm
                0x000000000001db61                uip_ds6_nbr_update_ll
                0x000000000001dc4f                uip_ds6_nbr_get_ipaddr
                0x000000000001dc64                uip_ds6_nbr_get_ll
                0x000000000001dc80                uip_ds6_nbr_num
                0x000000000001dcc9                uip_ds6_nbr_head
                0x000000000001dce2                uip_ds6_nbr_next
                0x000000000001dcfe                uip_ds6_nbr_lookup
                0x000000000001dd56                uip_ds6_nbr_ll_lookup
                0x000000000001dd72                uip_ds6_nbr_ipaddr_from_lladdr
                0x000000000001dd9b                uip_ds6_nbr_lladdr_from_ipaddr
                0x000000000001ddcf                uip_ds6_link_callback
 .text          0x000000000001ddd5      0x6a7 build/cooja/mtype62.a(uip-nd6.o)
                0x000000000001e463                uip_nd6_init
 .text          0x000000000001e47c     0x2c17 build/cooja/mtype62.a(sicslowpan.o)
                0x000000000001ea83                netstack_sniffer_add
                0x000000000001ea91                netstack_sniffer_remove
                0x0000000000021067                sicslowpan_init
                0x0000000000021089                sicslowpan_get_last_rssi
 .text          0x0000000000021093      0x4d1 build/cooja/mtype62.a(uiplib.o)
                0x0000000000021093                uiplib_ip6addrconv
                0x000000000002124b                uiplib_ip4addrconv
                0x000000000002130e                uiplib_ipaddr_print
                0x0000000000021361                uiplib_ipaddr_snprint
 .text          0x0000000000021564      0x4c9 build/cooja/mtype62.a(rpl.o)
                0x0000000000021564                rpl_lollipop_greater_than
                0x00000000000215be                rpl_get_global_address
                0x00000000000216b6                rpl_link_callback
                0x00000000000216fa                rpl_has_joined
                0x000000000002171f                rpl_is_reachable
                0x00000000000217a0                rpl_reset_prefix
                0x000000000002180a                rpl_set_prefix_from_addr
                0x00000000000218ef                rpl_set_prefix
                0x0000000000021a09                rpl_set_leaf_only
                0x0000000000021a21                rpl_get_leaf_only
 .text          0x0000000000021a2d     0x138c build/cooja/mtype62.a(rpl-icmp6.o)
                0x0000000000021b52                rpl_icmp6_update_nbr_table
                0x0000000000021bdb                rpl_icmp6_dis_output
                0x0000000000022221                rpl_icmp6_dio_output
                0x0000000000022a1f                rpl_icmp6_dao_output
                0x0000000000022d00                rpl_icmp6_dao_ack_output
                0x0000000000022d70                rpl_icmp6_init
 .text          0x0000000000022db9      0x264 build/cooja/mtype62.a(rpl-dag-root.o)
                0x0000000000022db9                rpl_dag_root_print_links
                0x0000000000022ee5                rpl_dag_root_set_prefix
                0x0000000000022f11                rpl_dag_root_start
                0x0000000000022fee                rpl_dag_root_is_root
 .text          0x000000000002301d       0x30 build/cooja/mtype62.a(watchdog.o)
                0x000000000002301d                watchdog_init
                0x0000000000023023                watchdog_start
                0x0000000000023029                watchdog_periodic
                0x0000000000023041                watchdog_stop
                0x0000000000023047                watchdog_reboot
 .text          0x000000000002304d       0x4a build/cooja/mtype62.a(int-master.o)
                0x000000000002304d                int_master_enable
                0x000000000002305d                int_master_read_and_disable
                0x000000000002307a                int_master_status_set
                0x0000000000023088                int_master_is_enabled
 .text          0x0000000000023097      0x226 build/cooja/mtype62.a(coap-timer-defa)
 .text          0x00000000000232bd       0xc7 build/cooja/mtype62.a(stimer.o)
                0x00000000000232bd                stimer_set
                0x00000000000232db                stimer_reset
                0x0000000000023308                stimer_restart
                0x000000000002331d                stimer_expired
                0x0000000000023348                stimer_remaining
                0x000000000002336c                stimer_elapsed
 .text          0x0000000000023384      0x156 build/cooja/mtype62.a(ringbuf.o)
                0x0000000000023384                ringbuf_init
                0x00000000000233b6                ringbuf_put
                0x0000000000023434                ringbuf_get
                0x00000000000234a1                ringbuf_size
                0x00000000000234b3                ringbuf_elements
 .text          0x00000000000234da       0x1f build/cooja/mtype62.a(assert.o)
                0x00000000000234da                _xassert
 .text          0x00000000000234f9      0x79b build/cooja/mtype62.a(nbr-table.o)
                0x0000000000023972                nbr_table_register
                0x00000000000239df                nbr_table_is_registered
                0x0000000000023a1a                nbr_table_head
                0x0000000000023a75                nbr_table_next
                0x0000000000023ad6                nbr_table_add_lladdr
                0x0000000000023bb0                nbr_table_get_from_lladdr
                0x0000000000023bfc                nbr_table_remove
                0x0000000000023c34                nbr_table_lock
                0x0000000000023c4e                nbr_table_unlock
                0x0000000000023c68                nbr_table_get_lladdr
 .text          0x0000000000023c94      0x3a5 build/cooja/mtype62.a(link-stats.o)
                0x0000000000023c94                link_stats_from_lladdr
                0x0000000000023cb0                link_stats_get_lladdr
                0x0000000000023ccc                link_stats_is_fresh
                0x0000000000023d08                guess_etx_from_rssi
                0x0000000000023d84                link_stats_packet_sent
                0x0000000000023ea4                link_stats_input_callback
                0x0000000000023fb4                link_stats_reset
                0x0000000000024004                link_stats_init
 .text          0x0000000000024039      0x187 build/cooja/mtype62.a(mac-sequence.o)
                0x0000000000024039                mac_sequence_is_duplicate
                0x00000000000240d9                mac_sequence_register_seqno
 .text          0x00000000000241c0       0x23 build/cooja/mtype62.a(mac.o)
                0x00000000000241c0                mac_call_sent_callback
 .text          0x00000000000241e3      0x432 build/cooja/mtype62.a(framer-802154.o)
                0x0000000000024372                framer_802154_setup_params
 .text          0x0000000000024615      0xb6f build/cooja/mtype62.a(frame802154.o)
                0x0000000000024646                frame802154_get_pan_id
                0x0000000000024652                frame802154_set_pan_id
                0x000000000002466c                frame802154_has_panid
                0x000000000002481b                frame802154_check_dest_panid
                0x00000000000248a3                frame802154_is_broadcast_addr
                0x00000000000248f0                frame802154_extract_linkaddr
                0x0000000000024b55                frame802154_hdrlen
                0x0000000000024bc8                frame802154_create_fcf
                0x0000000000024c80                frame802154_create
                0x0000000000024df5                frame802154_parse_fcf
                0x0000000000024ed7                frame802154_parse
 .text          0x0000000000025184       0x2d build/cooja/mtype62.a(csma-security.o)
                0x0000000000025184                csma_security_create_frame
                0x00000000000251a2                csma_security_parse_frame
 .text          0x00000000000251b1      0x4e4 build/cooja/mtype62.a(uipbuf.o)
                0x00000000000251b1                uipbuf_clear
                0x00000000000251d8                uipbuf_add_ext_hdr
                0x0000000000025258                uipbuf_set_len
                0x0000000000025285                uipbuf_set_len_field
                0x00000000000252b1                uipbuf_get_len_field
                0x00000000000252d1                uipbuf_get_next_header
                0x0000000000025403                uipbuf_get_last_header
                0x000000000002547c                uipbuf_search_header
                0x0000000000025532                uipbuf_get_attr
                0x0000000000025559                uipbuf_set_attr
                0x0000000000025590                uipbuf_set_default_attr
                0x00000000000255c7                uipbuf_clear_attr
                0x00000000000255eb                uipbuf_set_attr_flag
                0x000000000002560c                uipbuf_clr_attr_flag
                0x0000000000025633                uipbuf_is_attr_flag
                0x0000000000025657                uipbuf_init
 .text          0x0000000000025695      0x73f build/cooja/mtype62.a(uip-icmp6.o)
                0x000000000002570a                uip_icmp6_input
                0x0000000000025761                uip_icmp6_register_input_handler
                0x00000000000258b4                uip_icmp6_error_output
                0x0000000000025b65                uip_icmp6_send
                0x0000000000025d5c                uip_icmp6_echo_reply_callback_add
                0x0000000000025d8e                uip_icmp6_echo_reply_callback_rm
                0x0000000000025dab                uip_icmp6_init
 .text          0x0000000000025dd4      0x69b build/cooja/mtype62.a(uip-sr.o)
                0x0000000000025dd4                uip_sr_num_nodes
                0x0000000000025e62                uip_sr_get_node
                0x0000000000025eb9                uip_sr_is_addr_reachable
                0x0000000000025f67                uip_sr_expire_parent
                0x0000000000025fb0                uip_sr_update_node
                0x00000000000260e0                uip_sr_init
                0x0000000000026114                uip_sr_node_head
                0x000000000002612d                uip_sr_node_next
                0x0000000000026143                uip_sr_periodic
                0x0000000000026249                uip_sr_free_all
                0x00000000000262b9                uip_sr_link_snprint
 .text          0x000000000002646f      0x146 build/cooja/mtype62.a(uip-packetqueue)
                0x000000000002649d                uip_packetqueue_new
                0x00000000000264ac                uip_packetqueue_alloc
                0x0000000000026507                uip_packetqueue_free
                0x000000000002654e                uip_packetqueue_buf
                0x000000000002656b                uip_packetqueue_buflen
                0x000000000002658c                uip_packetqueue_set_buflen
 .text          0x00000000000265b5      0x1b0 build/cooja/mtype62.a(rpl-nbr-policy.)
                0x0000000000026722                rpl_nbr_policy_find_removable
 .text          0x0000000000026765      0x915 build/cooja/mtype62.a(rpl-neighbor.o)
                0x00000000000267e1                rpl_neighbor_snprint
                0x0000000000026a94                rpl_neighbor_print_list
                0x0000000000026b49                rpl_neighbor_count
                0x0000000000026bf0                rpl_neighbor_get_from_lladdr
                0x0000000000026c0c                rpl_neighbor_is_acceptable_parent
                0x0000000000026c40                rpl_neighbor_get_link_metric
                0x0000000000026c74                rpl_neighbor_rank_via_nbr
                0x0000000000026ca8                rpl_neighbor_get_lladdr
                0x0000000000026cc4                rpl_neighbor_get_ipaddr
                0x0000000000026ceb                rpl_neighbor_get_link_stats
                0x0000000000026d12                rpl_neighbor_is_fresh
                0x0000000000026d39                rpl_neighbor_is_reachable
                0x0000000000026d84                rpl_neighbor_is_parent
                0x0000000000026dae                rpl_neighbor_set_preferred_parent
                0x0000000000026e45                rpl_neighbor_remove_all
                0x0000000000026ea1                rpl_neighbor_get_from_ipaddr
                0x0000000000026faf                rpl_neighbor_select_best
                0x000000000002705b                rpl_neighbor_init
 .text          0x000000000002707a      0xe69 build/cooja/mtype62.a(rpl-dag.o)
                0x000000000002707a                rpl_dag_state_to_str
                0x00000000000270b9                rpl_dag_get_root_ipaddr
                0x0000000000027101                rpl_dag_leave
                0x000000000002718a                rpl_dag_poison_and_leave
                0x00000000000271a2                rpl_dag_periodic
                0x000000000002722a                rpl_is_addr_in_our_dag
                0x000000000002726e                rpl_get_default_instance
                0x000000000002728a                rpl_get_any_dag
                0x00000000000272e3                rpl_refresh_routes
                0x0000000000027323                rpl_global_repair
                0x00000000000273bc                rpl_local_repair
                0x0000000000027406                rpl_dag_ready_to_advertise
                0x0000000000027449                rpl_dag_update_state
                0x0000000000027b76                rpl_process_dio
                0x0000000000027bf4                rpl_process_dis
                0x0000000000027c39                rpl_process_dao
                0x0000000000027cc8                rpl_process_dao_ack
                0x0000000000027d5f                rpl_process_hbh
                0x0000000000027daf                rpl_dag_init_root
                0x0000000000027ec3                rpl_dag_init
 .text          0x0000000000027ee3      0x9e7 build/cooja/mtype62.a(rpl-timers.o)
                0x0000000000027ee3                rpl_timers_schedule_periodic_dis
                0x0000000000028031                rpl_timers_dio_reset
                0x000000000002813f                rpl_timers_schedule_unicast_dio
                0x0000000000028293                rpl_timers_schedule_dao
                0x0000000000028352                rpl_timers_schedule_dao_ack
                0x00000000000283d8                rpl_timers_notify_dao_ack
                0x0000000000028436                get_probing_delay
                0x000000000002846a                get_probing_target
                0x0000000000028654                rpl_schedule_probing
                0x0000000000028682                rpl_schedule_probing_now
                0x00000000000286ec                rpl_timers_unschedule_leaving
                0x0000000000028724                rpl_timers_schedule_leaving
                0x0000000000028765                rpl_timers_init
                0x00000000000287f5                rpl_timers_stop_dag_timers
                0x000000000002886e                rpl_timers_unschedule_state_update
                0x0000000000028892                rpl_timers_schedule_state_update
 .text          0x00000000000288ca      0xb8e build/cooja/mtype62.a(rpl-ext-header.)
                0x00000000000288ca                rpl_ext_header_srh_get_next_hop
                0x00000000000289b1                rpl_ext_header_srh_update
                0x0000000000028f1d                rpl_ext_header_hbh_update
                0x000000000002921d                rpl_ext_header_update
                0x00000000000292a6                rpl_ext_header_remove
 .text          0x0000000000029458      0x31b build/cooja/mtype62.a(rpl-mrhof.o)
 *fill*         0x0000000000029773        0xd 
 .text          0x0000000000029780      0x122 /usr/lib/gcc/i686-linux-gnu/5/libgcc.a(_udivdi3.o)
                0x0000000000029780                __udivdi3
 .text          0x00000000000298a2        0x0 /usr/lib/gcc/i686-linux-gnu/5/crtendS.o
 .text          0x00000000000298a2        0x0 /usr/lib/gcc/i686-linux-gnu/5/../../../i386-linux-gnu/crtn.o
 *(.gnu.warning)

.fini           0x00000000000298a4       0x14
 *(SORT(.fini))
 .fini          0x00000000000298a4        0xf /usr/lib/gcc/i686-linux-gnu/5/../../../i386-linux-gnu/crti.o
                0x00000000000298a4                _fini
 .fini          0x00000000000298b3        0x5 /usr/lib/gcc/i686-linux-gnu/5/../../../i386-linux-gnu/crtn.o
                [!provide]                        PROVIDE (__etext, .)
                [!provide]                        PROVIDE (_etext, .)
                [!provide]                        PROVIDE (etext, .)

.rodata         0x00000000000298c0      0xb0b
 *(.rodata .rodata.* .gnu.linkonce.r.*)
 .rodata        0x00000000000298c0      0x135 sensor_server.o
                0x00000000000298dc                autostart_processes
 *fill*         0x00000000000299f5        0x3 
 .rodata        0x00000000000299f8        0x8 build/cooja/mtype62.a(beep.o)
                0x00000000000299f8                beep_interface
 .rodata        0x0000000000029a00        0xe build/cooja/mtype62.a(leds-arch.o)
                0x0000000000029a00                leds_interface
                0x0000000000029a08                leds_arch_leds
 *fill*         0x0000000000029a0e        0x2 
 .rodata        0x0000000000029a10        0x8 build/cooja/mtype62.a(moteid.o)
                0x0000000000029a10                moteid_interface
 .rodata        0x0000000000029a18       0x1c build/cooja/mtype62.a(pir-sensor.o)
                0x0000000000029a18                pir_interface
                0x0000000000029a24                pir_sensor
 .rodata        0x0000000000029a34        0xe build/cooja/mtype62.a(rs232.o)
                0x0000000000029a34                rs232_interface
 *fill*         0x0000000000029a42        0x2 
 .rodata        0x0000000000029a44       0x24 build/cooja/mtype62.a(vib-sensor.o)
                0x0000000000029a44                vib_interface
                0x0000000000029a58                vib_sensor
 .rodata        0x0000000000029a68        0x8 build/cooja/mtype62.a(clock.o)
                0x0000000000029a68                clock_interface
 .rodata        0x0000000000029a70        0x8 build/cooja/mtype62.a(cooja-log.o)
                0x0000000000029a70                simlog_interface
 .rodata        0x0000000000029a78       0x2f build/cooja/mtype62.a(cfs-cooja.o)
                0x0000000000029a78                cfs_interface
 *fill*         0x0000000000029aa7       0x19 
 .rodata        0x0000000000029ac0       0xb8 build/cooja/mtype62.a(cooja-radio.o)
                0x0000000000029ac0                radio_interface
                0x0000000000029b40                cooja_radio_driver
 .rodata        0x0000000000029b78        0x8 build/cooja/mtype62.a(eeprom.o)
                0x0000000000029b78                eeprom_interface
 .rodata        0x0000000000029b80        0x8 build/cooja/mtype62.a(sensors.o)
 .rodata        0x0000000000029b88       0x2c build/cooja/mtype62.a(buttons.o)
                0x0000000000029b88                button_interface
                0x0000000000029b9c                button_hal_button_count
                0x0000000000029ba4                button_sensor
 .rodata        0x0000000000029bb4       0x66 build/cooja/mtype62.a(presence_sensor)
 .rodata        0x0000000000029c1a       0x41 build/cooja/mtype62.a(coap-engine.o)
 .rodata        0x0000000000029c5b       0x19 build/cooja/mtype62.a(coap-res-well-k)
 .rodata        0x0000000000029c74       0x11 build/cooja/mtype62.a(coap-observe.o)
 .rodata        0x0000000000029c85       0x35 build/cooja/mtype62.a(coap-uip.o)
 *fill*         0x0000000000029cba        0x2 
 .rodata        0x0000000000029cbc      0x1ac build/cooja/mtype62.a(coap.o)
 .rodata        0x0000000000029e68       0xf8 build/cooja/mtype62.a(contiki-main.o)
 .rodata        0x0000000000029f60        0xf build/cooja/mtype62.a(ctimer.o)
 *fill*         0x0000000000029f6f        0x1 
 .rodata        0x0000000000029f70       0xc4 build/cooja/mtype62.a(log.o)
 .rodata        0x000000000002a034        0xc build/cooja/mtype62.a(etimer.o)
 .rodata        0x000000000002a040       0x13 build/cooja/mtype62.a(button-hal.o)
 .rodata        0x000000000002a053        0xe build/cooja/mtype62.a(serial-line.o)
 *fill*         0x000000000002a061        0x3 
 .rodata        0x000000000002a064        0x8 build/cooja/mtype62.a(linkaddr.o)
                0x000000000002a064                linkaddr_null
 .rodata        0x000000000002a06c       0x24 build/cooja/mtype62.a(csma.o)
                0x000000000002a074                csma_driver
 .rodata        0x000000000002a090       0x27 build/cooja/mtype62.a(csma-output.o)
 *fill*         0x000000000002a0b7        0x1 
 .rodata        0x000000000002a0b8       0x4d build/cooja/mtype62.a(uip-ds6-route.o)
 .rodata        0x000000000002a105        0xd build/cooja/mtype62.a(tcpip.o)
 *fill*         0x000000000002a112        0x2 
 .rodata        0x000000000002a114       0x30 build/cooja/mtype62.a(sicslowpan.o)
                0x000000000002a114                unc_llconf
                0x000000000002a118                unc_ctxconf
                0x000000000002a11c                unc_mxconf
                0x000000000002a120                llprefix
                0x000000000002a134                sicslowpan_driver
 .rodata        0x000000000002a144       0x2d build/cooja/mtype62.a(uiplib.o)
 *fill*         0x000000000002a171        0xf 
 .rodata        0x000000000002a180       0x74 build/cooja/mtype62.a(rpl.o)
                0x000000000002a1a0                rpl_lite_driver
 .rodata        0x000000000002a1f4       0x20 build/cooja/mtype62.a(coap-timer-defa)
                0x000000000002a208                coap_timer_default_driver
 .rodata        0x000000000002a214       0x25 build/cooja/mtype62.a(assert.o)
 *fill*         0x000000000002a239        0x3 
 .rodata        0x000000000002a23c        0xc build/cooja/mtype62.a(framer-802154.o)
                0x000000000002a23c                framer_802154
 .rodata        0x000000000002a248       0x44 build/cooja/mtype62.a(uip-sr.o)
 .rodata        0x000000000002a28c       0x58 build/cooja/mtype62.a(rpl-neighbor.o)
 .rodata        0x000000000002a2e4       0xdb build/cooja/mtype62.a(rpl-dag.o)
 .rodata        0x000000000002a3bf        0xc build/cooja/mtype62.a(rpl-timers.o)

.rodata1
 *(.rodata1)

.eh_frame_hdr   0x000000000002a3cc     0x19e4
 *(.eh_frame_hdr)
 .eh_frame_hdr  0x000000000002a3cc     0x19e4 sensor_server.o
                0x000000000002a3cc                __GNU_EH_FRAME_HDR
 *(.eh_frame_entry .eh_frame_entry.*)

.eh_frame       0x000000000002bdb0     0x6908
 *(.eh_frame)
 .eh_frame      0x000000000002bdb0       0x3c /usr/lib/gcc/i686-linux-gnu/5/../../../i386-linux-gnu/crti.o
                                         0x40 (size before relaxing)
 .eh_frame      0x000000000002bdec       0x60 sensor_server.o
                                         0x78 (size before relaxing)
 .eh_frame      0x000000000002be4c      0x178 build/cooja/mtype62.o
                                        0x190 (size before relaxing)
 .eh_frame      0x000000000002bfc4       0x40 build/cooja/mtype62.a(simEnvChange.o)
                                         0x58 (size before relaxing)
 .eh_frame      0x000000000002c004       0x60 build/cooja/mtype62.a(cooja_mt.o)
                                         0x78 (size before relaxing)
 .eh_frame      0x000000000002c064       0x80 build/cooja/mtype62.a(cooja_mtarch.o)
                                         0x98 (size before relaxing)
 .eh_frame      0x000000000002c0e4       0xc8 build/cooja/mtype62.a(rtimer-arch.o)
                                         0xe0 (size before relaxing)
 .eh_frame      0x000000000002c1ac      0x160 build/cooja/mtype62.a(beep.o)
                                        0x178 (size before relaxing)
 .eh_frame      0x000000000002c30c       0x80 build/cooja/mtype62.a(leds-arch.o)
                                         0x98 (size before relaxing)
 .eh_frame      0x000000000002c38c       0x40 build/cooja/mtype62.a(moteid.o)
                                         0x58 (size before relaxing)
 .eh_frame      0x000000000002c3cc       0xa0 build/cooja/mtype62.a(pir-sensor.o)
                                         0xb8 (size before relaxing)
 .eh_frame      0x000000000002c46c      0x100 build/cooja/mtype62.a(rs232.o)
                                        0x118 (size before relaxing)
 .eh_frame      0x000000000002c56c       0xa0 build/cooja/mtype62.a(vib-sensor.o)
                                         0xb8 (size before relaxing)
 .eh_frame      0x000000000002c60c       0xc0 build/cooja/mtype62.a(clock.o)
                                         0xd8 (size before relaxing)
 .eh_frame      0x000000000002c6cc      0x120 build/cooja/mtype62.a(cooja-log.o)
                                        0x138 (size before relaxing)
 .eh_frame      0x000000000002c7ec      0x160 build/cooja/mtype62.a(cfs-cooja.o)
                                        0x178 (size before relaxing)
 .eh_frame      0x000000000002c94c      0x340 build/cooja/mtype62.a(cooja-radio.o)
                                        0x358 (size before relaxing)
 .eh_frame      0x000000000002cc8c       0xa0 build/cooja/mtype62.a(eeprom.o)
                                         0xb8 (size before relaxing)
 .eh_frame      0x000000000002cd2c       0x40 build/cooja/mtype62.a(random.o)
                                         0x58 (size before relaxing)
 .eh_frame      0x000000000002cd6c       0xc0 build/cooja/mtype62.a(sensors.o)
                                         0xd8 (size before relaxing)
 .eh_frame      0x000000000002ce2c      0x120 build/cooja/mtype62.a(leds.o)
                                        0x138 (size before relaxing)
 .eh_frame      0x000000000002cf4c      0x220 build/cooja/mtype62.a(gpio-hal-arch.o)
                                        0x238 (size before relaxing)
 .eh_frame      0x000000000002d16c       0xa0 build/cooja/mtype62.a(buttons.o)
                                         0xb8 (size before relaxing)
 .eh_frame      0x000000000002d20c       0x60 build/cooja/mtype62.a(presence_sensor)
                                         0x78 (size before relaxing)
 .eh_frame      0x000000000002d26c       0x44 build/cooja/mtype62.a(coap-blocking-a)
                                         0x5c (size before relaxing)
 .eh_frame      0x000000000002d2b0      0x220 build/cooja/mtype62.a(coap-engine.o)
                                        0x238 (size before relaxing)
 .eh_frame      0x000000000002d4d0       0x24 build/cooja/mtype62.a(coap-res-well-k)
                                         0x3c (size before relaxing)
 .eh_frame      0x000000000002d4f4      0x188 build/cooja/mtype62.a(coap-observe.o)
                                        0x1a0 (size before relaxing)
 .eh_frame      0x000000000002d67c      0x250 build/cooja/mtype62.a(coap-uip.o)
                                        0x268 (size before relaxing)
 .eh_frame      0x000000000002d8cc      0x114 build/cooja/mtype62.a(coap-timer.o)
                                        0x12c (size before relaxing)
 .eh_frame      0x000000000002d9e0      0x100 build/cooja/mtype62.a(coap-transactio)
                                        0x118 (size before relaxing)
 .eh_frame      0x000000000002dae0      0x6ec build/cooja/mtype62.a(coap.o)
                                        0x704 (size before relaxing)
 .eh_frame      0x000000000002e1cc       0x30 build/cooja/mtype62.a(contiki-main.o)
                                         0x48 (size before relaxing)
 .eh_frame      0x000000000002e1fc       0x40 build/cooja/mtype62.a(autostart.o)
                                         0x58 (size before relaxing)
 .eh_frame      0x000000000002e23c      0x100 build/cooja/mtype62.a(ctimer.o)
                                        0x118 (size before relaxing)
 .eh_frame      0x000000000002e33c      0x100 build/cooja/mtype62.a(log.o)
                                        0x118 (size before relaxing)
 .eh_frame      0x000000000002e43c       0x60 build/cooja/mtype62.a(energest.o)
                                         0x78 (size before relaxing)
 .eh_frame      0x000000000002e49c      0x1e0 build/cooja/mtype62.a(etimer.o)
                                        0x1f8 (size before relaxing)
 .eh_frame      0x000000000002e67c       0x20 build/cooja/mtype62.a(node-id.o)
                                         0x38 (size before relaxing)
 .eh_frame      0x000000000002e69c       0x60 build/cooja/mtype62.a(rtimer.o)
                                         0x78 (size before relaxing)
 .eh_frame      0x000000000002e6fc      0x1c4 build/cooja/mtype62.a(process.o)
                                        0x1dc (size before relaxing)
 .eh_frame      0x000000000002e8c0       0xa4 build/cooja/mtype62.a(timer.o)
                                         0xbc (size before relaxing)
 .eh_frame      0x000000000002e964      0x1a0 build/cooja/mtype62.a(list.o)
                                        0x1b8 (size before relaxing)
 .eh_frame      0x000000000002eb04       0xa0 build/cooja/mtype62.a(memb.o)
                                         0xb8 (size before relaxing)
 .eh_frame      0x000000000002eba4      0x144 build/cooja/mtype62.a(button-hal.o)
                                        0x15c (size before relaxing)
 .eh_frame      0x000000000002ece8       0x60 build/cooja/mtype62.a(serial-line.o)
                                         0x78 (size before relaxing)
 .eh_frame      0x000000000002ed48       0xe0 build/cooja/mtype62.a(gpio-hal.o)
                                         0xf8 (size before relaxing)
 .eh_frame      0x000000000002ee28      0x1a0 build/cooja/mtype62.a(queuebuf.o)
                                        0x1b8 (size before relaxing)
 .eh_frame      0x000000000002efc8      0x28c build/cooja/mtype62.a(packetbuf.o)
                                        0x2a4 (size before relaxing)
 .eh_frame      0x000000000002f254       0x80 build/cooja/mtype62.a(netstack.o)
                                         0x98 (size before relaxing)
 .eh_frame      0x000000000002f2d4       0x60 build/cooja/mtype62.a(linkaddr.o)
                                         0x78 (size before relaxing)
 .eh_frame      0x000000000002f334       0xe0 build/cooja/mtype62.a(csma.o)
                                         0xf8 (size before relaxing)
 .eh_frame      0x000000000002f414      0x1d0 build/cooja/mtype62.a(csma-output.o)
                                        0x1e8 (size before relaxing)
 .eh_frame      0x000000000002f5e4      0x328 build/cooja/mtype62.a(uip-ds6.o)
                                        0x340 (size before relaxing)
 .eh_frame      0x000000000002f90c       0x40 build/cooja/mtype62.a(uip-udp-packet.)
                                         0x58 (size before relaxing)
 .eh_frame      0x000000000002f94c      0x220 build/cooja/mtype62.a(uip-ds6-route.o)
                                        0x238 (size before relaxing)
 .eh_frame      0x000000000002fb6c      0x244 build/cooja/mtype62.a(tcpip.o)
                                        0x25c (size before relaxing)
 .eh_frame      0x000000000002fdb0      0x1e8 build/cooja/mtype62.a(uip6.o)
                                        0x200 (size before relaxing)
 .eh_frame      0x000000000002ff98      0x1c0 build/cooja/mtype62.a(uip-ds6-nbr.o)
                                        0x1d8 (size before relaxing)
 .eh_frame      0x0000000000030158       0x84 build/cooja/mtype62.a(uip-nd6.o)
                                         0x9c (size before relaxing)
 .eh_frame      0x00000000000301dc      0x2f8 build/cooja/mtype62.a(sicslowpan.o)
                                        0x310 (size before relaxing)
 .eh_frame      0x00000000000304d4       0x88 build/cooja/mtype62.a(uiplib.o)
                                         0xa0 (size before relaxing)
 .eh_frame      0x000000000003055c      0x1e0 build/cooja/mtype62.a(rpl.o)
                                        0x1f8 (size before relaxing)
 .eh_frame      0x000000000003073c      0x1c4 build/cooja/mtype62.a(rpl-icmp6.o)
                                        0x1dc (size before relaxing)
 .eh_frame      0x0000000000030900       0xa0 build/cooja/mtype62.a(rpl-dag-root.o)
                                         0xb8 (size before relaxing)
 .eh_frame      0x00000000000309a0       0xa0 build/cooja/mtype62.a(watchdog.o)
                                         0xb8 (size before relaxing)
 .eh_frame      0x0000000000030a40       0x80 build/cooja/mtype62.a(int-master.o)
                                         0x98 (size before relaxing)
 .eh_frame      0x0000000000030ac0       0xa4 build/cooja/mtype62.a(coap-timer-defa)
                                         0xbc (size before relaxing)
 .eh_frame      0x0000000000030b64       0xc4 build/cooja/mtype62.a(stimer.o)
                                         0xdc (size before relaxing)
 .eh_frame      0x0000000000030c28       0xa0 build/cooja/mtype62.a(ringbuf.o)
                                         0xb8 (size before relaxing)
 .eh_frame      0x0000000000030cc8       0x20 build/cooja/mtype62.a(assert.o)
                                         0x38 (size before relaxing)
 .eh_frame      0x0000000000030ce8      0x2ac build/cooja/mtype62.a(nbr-table.o)
                                        0x2c4 (size before relaxing)
 .eh_frame      0x0000000000030f94      0x120 build/cooja/mtype62.a(link-stats.o)
                                        0x138 (size before relaxing)
 .eh_frame      0x00000000000310b4       0x48 build/cooja/mtype62.a(mac-sequence.o)
                                         0x60 (size before relaxing)
 .eh_frame      0x00000000000310fc       0x20 build/cooja/mtype62.a(mac.o)
                                         0x38 (size before relaxing)
 .eh_frame      0x000000000003111c       0xa4 build/cooja/mtype62.a(framer-802154.o)
                                         0xbc (size before relaxing)
 .eh_frame      0x00000000000311c0      0x1a4 build/cooja/mtype62.a(frame802154.o)
                                        0x1bc (size before relaxing)
 .eh_frame      0x0000000000031364       0x40 build/cooja/mtype62.a(csma-security.o)
                                         0x58 (size before relaxing)
 .eh_frame      0x00000000000313a4      0x200 build/cooja/mtype62.a(uipbuf.o)
                                        0x218 (size before relaxing)
 .eh_frame      0x00000000000315a4      0x150 build/cooja/mtype62.a(uip-icmp6.o)
                                        0x168 (size before relaxing)
 .eh_frame      0x00000000000316f4      0x184 build/cooja/mtype62.a(uip-sr.o)
                                        0x19c (size before relaxing)
 .eh_frame      0x0000000000031878       0xe0 build/cooja/mtype62.a(uip-packetqueue)
                                         0xf8 (size before relaxing)
 .eh_frame      0x0000000000031958       0x80 build/cooja/mtype62.a(rpl-nbr-policy.)
                                         0x98 (size before relaxing)
 .eh_frame      0x00000000000319d8      0x2d4 build/cooja/mtype62.a(rpl-neighbor.o)
                                        0x2ec (size before relaxing)
 .eh_frame      0x0000000000031cac      0x370 build/cooja/mtype62.a(rpl-dag.o)
                                        0x388 (size before relaxing)
 .eh_frame      0x000000000003201c      0x3a8 build/cooja/mtype62.a(rpl-timers.o)
                                        0x3c0 (size before relaxing)
 .eh_frame      0x00000000000323c4      0x124 build/cooja/mtype62.a(rpl-ext-header.)
                                        0x13c (size before relaxing)
 .eh_frame      0x00000000000324e8      0x148 build/cooja/mtype62.a(rpl-mrhof.o)
                                        0x160 (size before relaxing)
 .eh_frame      0x0000000000032630       0x84 /usr/lib/gcc/i686-linux-gnu/5/libgcc.a(_udivdi3.o)
                                         0x9c (size before relaxing)
 .eh_frame      0x00000000000326b4        0x4 /usr/lib/gcc/i686-linux-gnu/5/crtendS.o
 *(.eh_frame.*)

.gcc_except_table
 *(.gcc_except_table .gcc_except_table.*)

.gnu_extab
 *(.gnu_extab*)

.exception_ranges
 *(.exception_ranges .exception_ranges*)
                0x0000000000033f10                . = DATA_SEGMENT_ALIGN (0x1000, 0x1000)

.eh_frame
 *(.eh_frame)
 *(.eh_frame.*)

.gnu_extab
 *(.gnu_extab)

.gcc_except_table
 *(.gcc_except_table .gcc_except_table.*)

.exception_ranges
 *(.exception_ranges .exception_ranges*)

.tdata
 *(.tdata .tdata.* .gnu.linkonce.td.*)

.tbss
 *(.tbss .tbss.* .gnu.linkonce.tb.*)
 *(.tcommon)

.preinit_array
 *(.preinit_array)

.init_array     0x0000000000033f10        0x4
 *(SORT(.init_array.*) SORT(.ctors.*))
 *(.init_array EXCLUDE_FILE(*crtend?.o *crtend.o *crtbegin?.o *crtbegin.o) .ctors)
 .init_array    0x0000000000033f10        0x4 /usr/lib/gcc/i686-linux-gnu/5/crtbeginS.o

.fini_array     0x0000000000033f14        0x4
 *(SORT(.fini_array.*) SORT(.dtors.*))
 *(.fini_array EXCLUDE_FILE(*crtend?.o *crtend.o *crtbegin?.o *crtbegin.o) .dtors)
 .fini_array    0x0000000000033f14        0x4 /usr/lib/gcc/i686-linux-gnu/5/crtbeginS.o

.ctors
 *crtbegin.o(.ctors)
 *crtbegin?.o(.ctors)
 *(EXCLUDE_FILE(*crtend?.o *crtend.o) .ctors)
 *(SORT(.ctors.*))
 *(.ctors)

.dtors
 *crtbegin.o(.dtors)
 *crtbegin?.o(.dtors)
 *(EXCLUDE_FILE(*crtend?.o *crtend.o) .dtors)
 *(SORT(.dtors.*))
 *(.dtors)

.jcr            0x0000000000033f18        0x4
 *(.jcr)
 .jcr           0x0000000000033f18        0x0 /usr/lib/gcc/i686-linux-gnu/5/crtbeginS.o
 .jcr           0x0000000000033f18        0x4 /usr/lib/gcc/i686-linux-gnu/5/crtendS.o

.data.rel.ro
 *(.data.rel.ro.local* .gnu.linkonce.d.rel.ro.local.*)
 *(.data.rel.ro .data.rel.ro.* .gnu.linkonce.d.rel.ro.*)

.dynamic        0x0000000000033f1c       0xd0
 *(.dynamic)
 .dynamic       0x0000000000033f1c       0xd0 /usr/lib/gcc/i686-linux-gnu/5/../../../i386-linux-gnu/crti.o
                0x0000000000033f1c                _DYNAMIC

.got            0x0000000000033fec       0x14
 *(.got)
 .got           0x0000000000033fec       0x14 /usr/lib/gcc/i686-linux-gnu/5/../../../i386-linux-gnu/crti.o
 *(.igot)
                0x0000000000034ff4                . = DATA_SEGMENT_RELRO_END (., (SIZEOF (.got.plt) >= 0xc)?0xc:0x0)

.got.plt        0x0000000000034000        0xc
 *(.got.plt)
 .got.plt       0x0000000000034000        0xc /usr/lib/gcc/i686-linux-gnu/5/../../../i386-linux-gnu/crti.o
                0x0000000000034000                _GLOBAL_OFFSET_TABLE_
 *(.igot.plt)

.data           0x0000000000034020      0x444
 *(.data .data.* .gnu.linkonce.d.*)
 .data          0x0000000000034020        0x0 /usr/lib/gcc/i686-linux-gnu/5/../../../i386-linux-gnu/crti.o
 .data          0x0000000000034020        0x0 /usr/lib/gcc/i686-linux-gnu/5/crtbeginS.o
 .data.rel.local
                0x0000000000034020        0x4 /usr/lib/gcc/i686-linux-gnu/5/crtbeginS.o
                0x0000000000034020                __dso_handle
 .data          0x0000000000034024       0x14 sensor_server.o
                0x0000000000034024                presence_server
                0x0000000000034034                service_url
 *fill*         0x0000000000034038        0x8 
 .data          0x0000000000034040       0x44 build/cooja/mtype62.o
                0x0000000000034040                simInterfaces
                0x0000000000034074                sensors
 .data          0x0000000000034084        0x0 build/cooja/mtype62.a(simEnvChange.o)
 .data          0x0000000000034084        0x0 build/cooja/mtype62.a(cooja_mt.o)
 .data          0x0000000000034084        0x0 build/cooja/mtype62.a(cooja_mtarch.o)
 .data          0x0000000000034084        0x0 build/cooja/mtype62.a(rtimer-arch.o)
 .data          0x0000000000034084        0x0 build/cooja/mtype62.a(beep.o)
 .data          0x0000000000034084        0x0 build/cooja/mtype62.a(leds-arch.o)
 .data          0x0000000000034084        0x0 build/cooja/mtype62.a(moteid.o)
 .data          0x0000000000034084        0x0 build/cooja/mtype62.a(pir-sensor.o)
 .data          0x0000000000034084        0x0 build/cooja/mtype62.a(rs232.o)
 .data          0x0000000000034084        0x0 build/cooja/mtype62.a(vib-sensor.o)
 .data          0x0000000000034084        0x0 build/cooja/mtype62.a(clock.o)
 .data          0x0000000000034084        0x0 build/cooja/mtype62.a(cooja-log.o)
 .data          0x0000000000034084        0x0 build/cooja/mtype62.a(cfs-cooja.o)
 .data          0x0000000000034084       0x2c build/cooja/mtype62.a(cooja-radio.o)
                0x0000000000034084                simRadioHWOn
                0x0000000000034088                simSignalStrength
                0x000000000003408c                simLastSignalStrength
                0x0000000000034090                simPower
                0x0000000000034094                simRadioChannel
                0x0000000000034098                simLQI
                0x00000000000340a0                cooja_radio_process
 .data          0x00000000000340b0        0x0 build/cooja/mtype62.a(eeprom.o)
 .data          0x00000000000340b0        0x0 build/cooja/mtype62.a(random.o)
 .data          0x00000000000340b0       0x10 build/cooja/mtype62.a(sensors.o)
                0x00000000000340b0                sensors_process
 .data          0x00000000000340c0        0x0 build/cooja/mtype62.a(leds.o)
 .data          0x00000000000340c0        0x0 build/cooja/mtype62.a(gpio-hal-arch.o)
 .data          0x00000000000340c0       0x78 build/cooja/mtype62.a(buttons.o)
                0x00000000000340c0                simButtonIsActive
                0x0000000000034130                button_hal_buttons
 *fill*         0x0000000000034138        0x8 
 .data          0x0000000000034140       0x24 build/cooja/mtype62.a(presence_sensor)
                0x0000000000034140                presence_sensor
 .data          0x0000000000034164        0x0 build/cooja/mtype62.a(coap-blocking-a)
 .data          0x0000000000034164        0x8 build/cooja/mtype62.a(coap-engine.o)
 *fill*         0x000000000003416c       0x14 
 .data          0x0000000000034180       0x24 build/cooja/mtype62.a(coap-res-well-k)
                0x0000000000034180                res_well_known_core
 .data          0x00000000000341a4       0x10 build/cooja/mtype62.a(coap-observe.o)
 .data          0x00000000000341b4       0x10 build/cooja/mtype62.a(coap-uip.o)
                0x00000000000341b4                coap_engine
 .data          0x00000000000341c4        0x4 build/cooja/mtype62.a(coap-timer.o)
 .data          0x00000000000341c8       0x10 build/cooja/mtype62.a(coap-transactio)
 .data          0x00000000000341d8        0x4 build/cooja/mtype62.a(coap.o)
                0x00000000000341d8                coap_error_message
 .data          0x00000000000341dc        0x0 build/cooja/mtype62.a(contiki-main.o)
 .data          0x00000000000341dc        0x0 build/cooja/mtype62.a(autostart.o)
 .data          0x00000000000341dc       0x14 build/cooja/mtype62.a(ctimer.o)
                0x00000000000341e0                ctimer_process
 *fill*         0x00000000000341f0       0x10 
 .data          0x0000000000034200       0xbc build/cooja/mtype62.a(log.o)
                0x0000000000034200                curr_log_level_main
                0x0000000000034220                all_modules
 .data          0x00000000000342bc        0x0 build/cooja/mtype62.a(energest.o)
 .data          0x00000000000342bc       0x10 build/cooja/mtype62.a(etimer.o)
                0x00000000000342bc                etimer_process
 .data          0x00000000000342cc        0x0 build/cooja/mtype62.a(node-id.o)
 .data          0x00000000000342cc        0x0 build/cooja/mtype62.a(rtimer.o)
 .data          0x00000000000342cc        0x0 build/cooja/mtype62.a(process.o)
 .data          0x00000000000342cc        0x0 build/cooja/mtype62.a(timer.o)
 .data          0x00000000000342cc        0x0 build/cooja/mtype62.a(list.o)
 .data          0x00000000000342cc        0x0 build/cooja/mtype62.a(memb.o)
 .data          0x00000000000342cc       0x10 build/cooja/mtype62.a(button-hal.o)
                0x00000000000342cc                button_hal_process
 .data          0x00000000000342dc       0x10 build/cooja/mtype62.a(serial-line.o)
                0x00000000000342dc                serial_line_process
 .data          0x00000000000342ec        0x4 build/cooja/mtype62.a(gpio-hal.o)
 .data          0x00000000000342f0       0x18 build/cooja/mtype62.a(queuebuf.o)
 .data          0x0000000000034308        0x4 build/cooja/mtype62.a(packetbuf.o)
 .data          0x000000000003430c        0x4 build/cooja/mtype62.a(netstack.o)
 .data          0x0000000000034310        0x0 build/cooja/mtype62.a(linkaddr.o)
 .data          0x0000000000034310        0x0 build/cooja/mtype62.a(csma.o)
 .data          0x0000000000034310       0x28 build/cooja/mtype62.a(csma-output.o)
 .data          0x0000000000034338        0x0 build/cooja/mtype62.a(uip-ds6.o)
 .data          0x0000000000034338        0x0 build/cooja/mtype62.a(uip-udp-packet.)
 .data          0x0000000000034338       0x10 build/cooja/mtype62.a(uip-ds6-route.o)
 .data          0x0000000000034348       0x10 build/cooja/mtype62.a(tcpip.o)
                0x0000000000034348                tcpip_process
 .data          0x0000000000034358        0x0 build/cooja/mtype62.a(uip6.o)
 .data          0x0000000000034358       0x14 build/cooja/mtype62.a(uip-ds6-nbr.o)
 .data          0x000000000003436c        0xc build/cooja/mtype62.a(uip-nd6.o)
 .data          0x0000000000034378        0x0 build/cooja/mtype62.a(sicslowpan.o)
 .data          0x0000000000034378        0x0 build/cooja/mtype62.a(uiplib.o)
 .data          0x0000000000034378        0x0 build/cooja/mtype62.a(rpl.o)
 .data          0x0000000000034378       0x30 build/cooja/mtype62.a(rpl-icmp6.o)
 .data          0x00000000000343a8        0x0 build/cooja/mtype62.a(rpl-dag-root.o)
 .data          0x00000000000343a8        0x0 build/cooja/mtype62.a(watchdog.o)
 .data          0x00000000000343a8        0x0 build/cooja/mtype62.a(int-master.o)
 .data          0x00000000000343a8       0x10 build/cooja/mtype62.a(coap-timer-defa)
                0x00000000000343a8                coap_timer_process
 .data          0x00000000000343b8        0x0 build/cooja/mtype62.a(stimer.o)
 .data          0x00000000000343b8        0x0 build/cooja/mtype62.a(ringbuf.o)
 .data          0x00000000000343b8        0x0 build/cooja/mtype62.a(assert.o)
 .data          0x00000000000343b8       0x10 build/cooja/mtype62.a(nbr-table.o)
 .data          0x00000000000343c8       0x14 build/cooja/mtype62.a(link-stats.o)
 .data          0x00000000000343dc        0x0 build/cooja/mtype62.a(mac-sequence.o)
 .data          0x00000000000343dc        0x0 build/cooja/mtype62.a(mac.o)
 .data          0x00000000000343dc        0x0 build/cooja/mtype62.a(framer-802154.o)
 .data          0x00000000000343dc        0x2 build/cooja/mtype62.a(frame802154.o)
 .data          0x00000000000343de        0x0 build/cooja/mtype62.a(csma-security.o)
 .data          0x00000000000343de        0x0 build/cooja/mtype62.a(uipbuf.o)
 *fill*         0x00000000000343de        0x2 
 .data          0x00000000000343e0       0x20 build/cooja/mtype62.a(uip-icmp6.o)
 .data          0x0000000000034400       0x10 build/cooja/mtype62.a(uip-sr.o)
 .data          0x0000000000034410        0xc build/cooja/mtype62.a(uip-packetqueue)
 .data          0x000000000003441c        0x0 build/cooja/mtype62.a(rpl-nbr-policy.)
 .data          0x000000000003441c       0x14 build/cooja/mtype62.a(rpl-neighbor.o)
                0x000000000003442c                rpl_neighbors
 .data          0x0000000000034430        0x0 build/cooja/mtype62.a(rpl-dag.o)
 .data          0x0000000000034430        0x0 build/cooja/mtype62.a(rpl-timers.o)
 .data          0x0000000000034430        0x0 build/cooja/mtype62.a(rpl-ext-header.)
 *fill*         0x0000000000034430       0x10 
 .data          0x0000000000034440       0x24 build/cooja/mtype62.a(rpl-mrhof.o)
                0x0000000000034440                rpl_mrhof
 .data          0x0000000000034464        0x0 /usr/lib/gcc/i686-linux-gnu/5/libgcc.a(_udivdi3.o)
 .data          0x0000000000034464        0x0 /usr/lib/gcc/i686-linux-gnu/5/crtendS.o
 .data          0x0000000000034464        0x0 /usr/lib/gcc/i686-linux-gnu/5/../../../i386-linux-gnu/crtn.o

.tm_clone_table
                0x0000000000034464        0x0
 .tm_clone_table
                0x0000000000034464        0x0 /usr/lib/gcc/i686-linux-gnu/5/crtbeginS.o
 .tm_clone_table
                0x0000000000034464        0x0 /usr/lib/gcc/i686-linux-gnu/5/crtendS.o

.data1
 *(.data1)
                0x0000000000034464                _edata = .
                [!provide]                        PROVIDE (edata, .)
                0x0000000000034464                . = .
                0x0000000000034464                __bss_start = .

.bss            0x0000000000034480    0x13f84
 *(.dynbss)
 .dynbss        0x0000000000034480        0x0 /usr/lib/gcc/i686-linux-gnu/5/../../../i386-linux-gnu/crti.o
 *(.bss .bss.* .gnu.linkonce.b.*)
 .bss           0x0000000000034480        0x0 /usr/lib/gcc/i686-linux-gnu/5/../../../i386-linux-gnu/crti.o
 .bss           0x0000000000034480        0x1 /usr/lib/gcc/i686-linux-gnu/5/crtbeginS.o
 *fill*         0x0000000000034481       0x1f 
 .bss           0x00000000000344a0      0x12c sensor_server.o
 *fill*         0x00000000000345cc       0x14 
 .bss           0x00000000000345e0     0x2030 build/cooja/mtype62.o
 .bss           0x0000000000036610        0x1 build/cooja/mtype62.a(simEnvChange.o)
                0x0000000000036610                simDontFallAsleep
 *fill*         0x0000000000036611        0x3 
 .bss           0x0000000000036614        0x4 build/cooja/mtype62.a(cooja_mt.o)
 .bss           0x0000000000036618        0x4 build/cooja/mtype62.a(cooja_mtarch.o)
 .bss           0x000000000003661c        0x0 build/cooja/mtype62.a(rtimer-arch.o)
 .bss           0x000000000003661c        0x0 build/cooja/mtype62.a(beep.o)
 .bss           0x000000000003661c        0x1 build/cooja/mtype62.a(leds-arch.o)
                0x000000000003661c                simLedsValue
 .bss           0x000000000003661d        0x0 build/cooja/mtype62.a(moteid.o)
 .bss           0x000000000003661d        0x1 build/cooja/mtype62.a(pir-sensor.o)
                0x000000000003661d                simPirValue
 *fill*         0x000000000003661e        0x2 
 .bss           0x0000000000036620        0x4 build/cooja/mtype62.a(rs232.o)
 .bss           0x0000000000036624        0x1 build/cooja/mtype62.a(vib-sensor.o)
                0x0000000000036624                simVibValue
 .bss           0x0000000000036625        0x0 build/cooja/mtype62.a(clock.o)
 *fill*         0x0000000000036625       0x1b 
 .bss           0x0000000000036640     0x2020 build/cooja/mtype62.a(cooja-log.o)
 .bss           0x0000000000038660      0xfc0 build/cooja/mtype62.a(cfs-cooja.o)
                0x0000000000038660                simCFSData
                0x0000000000039600                simCFSSize
                0x0000000000039604                simCFSChanged
                0x0000000000039608                simCFSRead
                0x000000000003960c                simCFSWritten
 .bss           0x0000000000039620       0x24 build/cooja/mtype62.a(cooja-radio.o)
                0x0000000000039620                simReceiving
                0x0000000000039624                simInSize
                0x0000000000039628                simLastPacketTimestamp
                0x0000000000039630                simOutSize
 .bss           0x0000000000039644        0xc build/cooja/mtype62.a(eeprom.o)
                0x0000000000039644                simEEPROMChanged
                0x0000000000039648                simEEPROMRead
                0x000000000003964c                simEEPROMWritten
 .bss           0x0000000000039650        0x0 build/cooja/mtype62.a(random.o)
 .bss           0x0000000000039650        0xc build/cooja/mtype62.a(sensors.o)
 .bss           0x000000000003965c        0x0 build/cooja/mtype62.a(leds.o)
 .bss           0x000000000003965c       0x24 build/cooja/mtype62.a(gpio-hal-arch.o)
 .bss           0x0000000000039680        0x0 build/cooja/mtype62.a(buttons.o)
 .bss           0x0000000000039680        0x4 build/cooja/mtype62.a(presence_sensor)
 .bss           0x0000000000039684        0x0 build/cooja/mtype62.a(coap-blocking-a)
 *fill*         0x0000000000039684       0x1c 
 .bss           0x00000000000396a0      0x190 build/cooja/mtype62.a(coap-engine.o)
 .bss           0x0000000000039830        0x0 build/cooja/mtype62.a(coap-res-well-k)
 *fill*         0x0000000000039830       0x10 
 .bss           0x0000000000039840      0x120 build/cooja/mtype62.a(coap-observe.o)
 .bss           0x0000000000039960       0x18 build/cooja/mtype62.a(coap-uip.o)
 .bss           0x0000000000039978        0x5 build/cooja/mtype62.a(coap-timer.o)
 *fill*         0x000000000003997d        0x3 
 .bss           0x0000000000039980      0x334 build/cooja/mtype62.a(coap-transactio)
 .bss           0x0000000000039cb4        0x6 build/cooja/mtype62.a(coap.o)
                0x0000000000039cb4                coap_status_code
 .bss           0x0000000000039cba        0x0 build/cooja/mtype62.a(contiki-main.o)
 .bss           0x0000000000039cba        0x0 build/cooja/mtype62.a(autostart.o)
 *fill*         0x0000000000039cba        0x2 
 .bss           0x0000000000039cbc        0x5 build/cooja/mtype62.a(ctimer.o)
 *fill*         0x0000000000039cc1        0x3 
 .bss           0x0000000000039cc4       0x2c build/cooja/mtype62.a(log.o)
                0x0000000000039cc4                curr_log_level_rpl
                0x0000000000039cc8                curr_log_level_tcpip
                0x0000000000039ccc                curr_log_level_ipv6
                0x0000000000039cd0                curr_log_level_6lowpan
                0x0000000000039cd4                curr_log_level_nullnet
                0x0000000000039cd8                curr_log_level_mac
                0x0000000000039cdc                curr_log_level_framer
                0x0000000000039ce0                curr_log_level_6top
                0x0000000000039ce4                curr_log_level_coap
                0x0000000000039ce8                curr_log_level_snmp
                0x0000000000039cec                curr_log_level_lwm2m
 .bss           0x0000000000039cf0        0x0 build/cooja/mtype62.a(energest.o)
 .bss           0x0000000000039cf0        0x8 build/cooja/mtype62.a(etimer.o)
 .bss           0x0000000000039cf8        0x2 build/cooja/mtype62.a(node-id.o)
                0x0000000000039cf8                node_id
 *fill*         0x0000000000039cfa        0x2 
 .bss           0x0000000000039cfc        0x4 build/cooja/mtype62.a(rtimer.o)
 .bss           0x0000000000039d00      0x1a1 build/cooja/mtype62.a(process.o)
                0x0000000000039d00                process_list
                0x0000000000039d04                process_current
 .bss           0x0000000000039ea1        0x0 build/cooja/mtype62.a(timer.o)
 .bss           0x0000000000039ea1        0x0 build/cooja/mtype62.a(list.o)
 .bss           0x0000000000039ea1        0x0 build/cooja/mtype62.a(memb.o)
 *fill*         0x0000000000039ea1        0x3 
 .bss           0x0000000000039ea4       0x10 build/cooja/mtype62.a(button-hal.o)
 *fill*         0x0000000000039eb4        0xc 
 .bss           0x0000000000039ec0      0x140 build/cooja/mtype62.a(serial-line.o)
 .bss           0x000000000003a000        0x4 build/cooja/mtype62.a(gpio-hal.o)
 *fill*         0x000000000003a004       0x1c 
 .bss           0x000000000003a020     0x2c80 build/cooja/mtype62.a(queuebuf.o)
 .bss           0x000000000003cca0       0xa0 build/cooja/mtype62.a(packetbuf.o)
 .bss           0x000000000003cd40        0x4 build/cooja/mtype62.a(netstack.o)
 .bss           0x000000000003cd44        0x0 build/cooja/mtype62.a(linkaddr.o)
 .bss           0x000000000003cd44        0x0 build/cooja/mtype62.a(csma.o)
 *fill*         0x000000000003cd44       0x1c 
 .bss           0x000000000003cd60      0x726 build/cooja/mtype62.a(csma-output.o)
 *fill*         0x000000000003d486        0x2 
 .bss           0x000000000003d488       0x30 build/cooja/mtype62.a(uip-ds6.o)
 .bss           0x000000000003d4b8        0x0 build/cooja/mtype62.a(uip-udp-packet.)
 *fill*         0x000000000003d4b8        0x8 
 .bss           0x000000000003d4c0       0x60 build/cooja/mtype62.a(uip-ds6-route.o)
 .bss           0x000000000003d520       0x10 build/cooja/mtype62.a(tcpip.o)
 .bss           0x000000000003d530        0x8 build/cooja/mtype62.a(uip6.o)
                0x000000000003d530                uip_ext_bitmap
                0x000000000003d532                uip_ext_len
                0x000000000003d534                uip_last_proto
 *fill*         0x000000000003d538        0x8 
 .bss           0x000000000003d540     0x1c20 build/cooja/mtype62.a(uip-ds6-nbr.o)
 .bss           0x000000000003f160       0x10 build/cooja/mtype62.a(uip-nd6.o)
 *fill*         0x000000000003f170       0x10 
 .bss           0x000000000003f180      0x724 build/cooja/mtype62.a(sicslowpan.o)
 .bss           0x000000000003f8a4        0x0 build/cooja/mtype62.a(uiplib.o)
 .bss           0x000000000003f8a4        0x1 build/cooja/mtype62.a(rpl.o)
 .bss           0x000000000003f8a5        0x0 build/cooja/mtype62.a(rpl-icmp6.o)
 *fill*         0x000000000003f8a5        0x3 
 .bss           0x000000000003f8a8       0x11 build/cooja/mtype62.a(rpl-dag-root.o)
 .bss           0x000000000003f8b9        0x0 build/cooja/mtype62.a(watchdog.o)
 *fill*         0x000000000003f8b9        0x3 
 .bss           0x000000000003f8bc        0x4 build/cooja/mtype62.a(int-master.o)
 .bss           0x000000000003f8c0       0x1c build/cooja/mtype62.a(coap-timer-defa)