Archive member included to satisfy reference by file (symbol)

build/cooja/mtype95.a(simEnvChange.o)
                              build/cooja/mtype95.o (simDontFallAsleep)
build/cooja/mtype95.a(cooja_mt.o)
                              build/cooja/mtype95.o (cooja_mt_start)
build/cooja/mtype95.a(cooja_mtarch.o)
                              build/cooja/mtype95.a(cooja_mt.o) (cooja_mtarch_start)
build/cooja/mtype95.a(rtimer-arch.o)
                              build/cooja/mtype95.o (rtimer_arch_check)
build/cooja/mtype95.a(beep.o)
                              build/cooja/mtype95.o (beep_interface)
build/cooja/mtype95.a(leds-arch.o)
                              build/cooja/mtype95.o (leds_interface)
build/cooja/mtype95.a(moteid.o)
                              build/cooja/mtype95.o (moteid_interface)
build/cooja/mtype95.a(pir-sensor.o)
                              build/cooja/mtype95.o (pir_interface)
build/cooja/mtype95.a(rs232.o)
                              build/cooja/mtype95.o (rs232_interface)
build/cooja/mtype95.a(vib-sensor.o)
                              build/cooja/mtype95.o (vib_interface)
build/cooja/mtype95.a(clock.o)
                              build/cooja/mtype95.o (clock_interface)
build/cooja/mtype95.a(cooja-log.o)
                              build/cooja/mtype95.o (simlog_interface)
build/cooja/mtype95.a(cfs-cooja.o)
                              build/cooja/mtype95.o (cfs_interface)
build/cooja/mtype95.a(cooja-radio.o)
                              build/cooja/mtype95.o (radio_interface)
build/cooja/mtype95.a(eeprom.o)
                              build/cooja/mtype95.o (eeprom_interface)
build/cooja/mtype95.a(random.o)
                              build/cooja/mtype95.a(moteid.o) (random_init)
build/cooja/mtype95.a(sensors.o)
                              build/cooja/mtype95.a(pir-sensor.o) (sensors_changed)
build/cooja/mtype95.a(leds.o)
                              presence_server.o (leds_on)
build/cooja/mtype95.a(gpio-hal-arch.o)
                              build/cooja/mtype95.a(leds-arch.o) (gpio_hal_arch_register_pin_callback)
build/cooja/mtype95.a(buttons.o)
                              build/cooja/mtype95.o (button_interface)
build/cooja/mtype95.a(presence_sensor)
                              presence_server.o (presence_sensor)
build/cooja/mtype95.a(coap-blocking-a)
                              presence_server.o (coap_blocking_request)
build/cooja/mtype95.a(coap-engine.o)
                              presence_server.o (coap_activate_resource)
build/cooja/mtype95.a(coap-res-well-k)
                              build/cooja/mtype95.a(coap-engine.o) (res_well_known_core)
build/cooja/mtype95.a(coap-observe.o)
                              build/cooja/mtype95.a(coap-engine.o) (coap_remove_observer_by_mid)
build/cooja/mtype95.a(coap-uip.o)
                              build/cooja/mtype95.a(coap-observe.o) (coap_endpoint_copy)
build/cooja/mtype95.a(coap-timer.o)
                              build/cooja/mtype95.a(coap-engine.o) (coap_timer_set)
build/cooja/mtype95.a(coap-transactio)
                              build/cooja/mtype95.a(coap-blocking-a) (coap_send_transaction)
build/cooja/mtype95.a(coap.o)
                              build/cooja/mtype95.a(coap-engine.o) (coap_status_code)
build/cooja/mtype95.a(contiki-main.o)
                              build/cooja/mtype95.o (main)
build/cooja/mtype95.a(autostart.o)
                              build/cooja/mtype95.a(contiki-main.o) (autostart_start)
build/cooja/mtype95.a(ctimer.o)
                              build/cooja/mtype95.a(contiki-main.o) (ctimer_init)
build/cooja/mtype95.a(log.o)  build/cooja/mtype95.a(contiki-main.o) (curr_log_level_main)
build/cooja/mtype95.a(energest.o)
                              build/cooja/mtype95.a(contiki-main.o) (energest_init)
build/cooja/mtype95.a(etimer.o)
                              build/cooja/mtype95.a(contiki-main.o) (etimer_process)
build/cooja/mtype95.a(node-id.o)
                              build/cooja/mtype95.a(contiki-main.o) (node_id)
build/cooja/mtype95.a(rtimer.o)
                              build/cooja/mtype95.a(contiki-main.o) (rtimer_init)
build/cooja/mtype95.a(process.o)
                              build/cooja/mtype95.a(coap-blocking-a) (process_current)
build/cooja/mtype95.a(timer.o)
                              build/cooja/mtype95.a(etimer.o) (timer_set)
build/cooja/mtype95.a(list.o)
                              build/cooja/mtype95.a(coap-engine.o) (list_init)
build/cooja/mtype95.a(memb.o)
                              build/cooja/mtype95.a(coap-observe.o) (memb_alloc)
build/cooja/mtype95.a(button-hal.o)
                              build/cooja/mtype95.o (button_hal_init)
build/cooja/mtype95.a(serial-line.o)
                              build/cooja/mtype95.a(rs232.o) (serial_line_input_byte)
build/cooja/mtype95.a(gpio-hal.o)
                              build/cooja/mtype95.a(button-hal.o) (gpio_hal_register_handler)
build/cooja/mtype95.a(queuebuf.o)
[...]
Memory Configuration

Name             Origin             Length             Attributes
*default*        0x0000000000000000 0xffffffffffffffff

Linker script and memory map

LOAD /usr/lib/gcc/i686-linux-gnu/5/../../../i386-linux-gnu/crti.o
LOAD /usr/lib/gcc/i686-linux-gnu/5/crtbeginS.o
LOAD presence_server.o
LOAD build/cooja/mtype95.o
LOAD build/cooja/mtype95.a
LOAD /usr/lib/gcc/i686-linux-gnu/5/libgcc.a
LOAD /usr/lib/gcc/i686-linux-gnu/5/libgcc_s.so
LOAD /usr/lib/gcc/i686-linux-gnu/5/../../../i386-linux-gnu/libc.so
START GROUP
LOAD /lib/i386-linux-gnu/libc.so.6
LOAD /usr/lib/i386-linux-gnu/libc_nonshared.a
LOAD /lib/i386-linux-gnu/ld-linux.so.2
END GROUP
LOAD /usr/lib/gcc/i686-linux-gnu/5/libgcc.a
LOAD /usr/lib/gcc/i686-linux-gnu/5/libgcc_s.so
LOAD /usr/lib/gcc/i686-linux-gnu/5/crtendS.o
LOAD /usr/lib/gcc/i686-linux-gnu/5/../../../i386-linux-gnu/crtn.o
                0x0000000000000114                . = (0x0 + SIZEOF_HEADERS)

.note.gnu.build-id
                0x0000000000000114       0x24
 *(.note.gnu.build-id)
 .note.gnu.build-id
                0x0000000000000114       0x24 /usr/lib/gcc/i686-linux-gnu/5/../../../i386-linux-gnu/crti.o

.hash
 *(.hash)

.gnu.hash       0x0000000000000138     0x1590
 *(.gnu.hash)
 .gnu.hash      0x0000000000000138     0x1590 /usr/lib/gcc/i686-linux-gnu/5/../../../i386-linux-gnu/crti.o

.dynsym         0x00000000000016c8     0x2ed0
 *(.dynsym)
 .dynsym        0x00000000000016c8     0x2ed0 /usr/lib/gcc/i686-linux-gnu/5/../../../i386-linux-gnu/crti.o

.dynstr         0x0000000000004598     0x3692
 *(.dynstr)
 .dynstr        0x0000000000004598     0x3692 /usr/lib/gcc/i686-linux-gnu/5/../../../i386-linux-gnu/crti.o

.gnu.version    0x0000000000007c2a      0x5da
 *(.gnu.version)
 .gnu.version   0x0000000000007c2a      0x5da /usr/lib/gcc/i686-linux-gnu/5/../../../i386-linux-gnu/crti.o

.gnu.version_d  0x0000000000008204        0x0
 *(.gnu.version_d)
 .gnu.version_d
                0x0000000000008204        0x0 /usr/lib/gcc/i686-linux-gnu/5/../../../i386-linux-gnu/crti.o

.gnu.version_r  0x0000000000008204       0x40
 *(.gnu.version_r)
 .gnu.version_r
                0x0000000000008204       0x40 /usr/lib/gcc/i686-linux-gnu/5/../../../i386-linux-gnu/crti.o

.rel.dyn        0x0000000000008244     0x91b8
 *(.rel.init)
 .rel.init      0x0000000000008244        0x0 /usr/lib/gcc/i686-linux-gnu/5/../../../i386-linux-gnu/crti.o
 *(.rel.text .rel.text.* .rel.gnu.linkonce.t.*)
 .rel.text      0x0000000000008244     0x8800 /usr/lib/gcc/i686-linux-gnu/5/../../../i386-linux-gnu/crti.o
 *(.rel.fini)
 .rel.fini      0x0000000000010a44        0x0 /usr/lib/gcc/i686-linux-gnu/5/../../../i386-linux-gnu/crti.o
 *(.rel.rodata .rel.rodata.* .rel.gnu.linkonce.r.*)
 .rel.rodata    0x0000000000010a44      0x588 /usr/lib/gcc/i686-linux-gnu/5/../../../i386-linux-gnu/crti.o
 *(.rel.data.rel.ro .rel.data.rel.ro.* .rel.gnu.linkonce.d.rel.ro.*)
 *(.rel.data .rel.data.* .rel.gnu.linkonce.d.*)
 .rel.data.rel.local
                0x0000000000010fcc        0x8 /usr/lib/gcc/i686-linux-gnu/5/../../../i386-linux-gnu/crti.o
 .rel.data      0x0000000000010fd4      0x3f0 /usr/lib/gcc/i686-linux-gnu/5/../../../i386-linux-gnu/crti.o
 *(.rel.tdata .rel.tdata.* .rel.gnu.linkonce.td.*)
 *(.rel.tbss .rel.tbss.* .rel.gnu.linkonce.tb.*)
 *(.rel.ctors)
 *(.rel.dtors)
 *(.rel.got)
 .rel.got       0x00000000000113c4       0x28 /usr/lib/gcc/i686-linux-gnu/5/../../../i386-linux-gnu/crti.o
 *(.rel.bss .rel.bss.* .rel.gnu.linkonce.b.*)
 *(.rel.ifunc)
 .rel.ifunc     0x00000000000113ec        0x0 /usr/lib/gcc/i686-linux-gnu/5/../../../i386-linux-gnu/crti.o
 .rel.fini_array
                0x00000000000113ec        0x8 /usr/lib/gcc/i686-linux-gnu/5/../../../i386-linux-gnu/crti.o
 .rel.init_array
                0x00000000000113f4        0x8 /usr/lib/gcc/i686-linux-gnu/5/../../../i386-linux-gnu/crti.o

.rel.plt        0x00000000000113fc        0x0
 *(.rel.plt)
 .rel.plt       0x00000000000113fc        0x0 /usr/lib/gcc/i686-linux-gnu/5/../../../i386-linux-gnu/crti.o
 *(.rel.iplt)

.init           0x00000000000113fc       0x23
 *(SORT(.init))
 .init          0x00000000000113fc       0x1e /usr/lib/gcc/i686-linux-gnu/5/../../../i386-linux-gnu/crti.o
                0x00000000000113fc                _init
 .init          0x000000000001141a        0x5 /usr/lib/gcc/i686-linux-gnu/5/../../../i386-linux-gnu/crtn.o

.plt            0x0000000000011420       0x10
 *(.plt)
 .plt           0x0000000000011420       0x10 /usr/lib/gcc/i686-linux-gnu/5/../../../i386-linux-gnu/crti.o
 *(.iplt)

.plt.got        0x0000000000011430       0x10
 *(.plt.got)
 .plt.got       0x0000000000011430       0x10 /usr/lib/gcc/i686-linux-gnu/5/../../../i386-linux-gnu/crti.o

.text           0x0000000000011440    0x18672
 *(.text.unlikely .text.*_unlikely .text.unlikely.*)
 .text.unlikely
                0x0000000000011440        0x0 /usr/lib/gcc/i686-linux-gnu/5/crtbeginS.o
 .text.unlikely
                0x0000000000011440        0x0 /usr/lib/gcc/i686-linux-gnu/5/libgcc.a(_udivdi3.o)
 *(.text.exit .text.exit.*)
 *(.text.startup .text.startup.*)
 *(.text.hot .text.hot.*)
 *(.text .stub .text.* .gnu.linkonce.t.*)
 .text          0x0000000000011440        0x0 /usr/lib/gcc/i686-linux-gnu/5/../../../i386-linux-gnu/crti.o
 .gnu.linkonce.t.__x86.get_pc_thunk.bx
                0x0000000000011440        0x4 /usr/lib/gcc/i686-linux-gnu/5/../../../i386-linux-gnu/crti.o
                0x0000000000011440                __x86.get_pc_thunk.bx
 *fill*         0x0000000000011444        0xc 
 .text          0x0000000000011450      0x11c /usr/lib/gcc/i686-linux-gnu/5/crtbeginS.o
 .text.__x86.get_pc_thunk.dx
                0x000000000001156c        0x4 /usr/lib/gcc/i686-linux-gnu/5/crtbeginS.o
                0x000000000001156c                __x86.get_pc_thunk.dx
 .text          0x0000000000011570      0x474 presence_server.o
                0x00000000000115fe                client_chunk_handler
 .text          0x00000000000119e4      0x283 build/cooja/mtype95.o
                0x0000000000011a76                platform_init_stage_one
                0x0000000000011a89                platform_init_stage_two
                0x0000000000011a9c                platform_init_stage_three
                0x0000000000011aaf                platform_main_loop
                0x0000000000011b22                Java_org_contikios_cooja_corecomm_Lib18_init
                0x0000000000011b59                Java_org_contikios_cooja_corecomm_Lib18_getMemory
                0x0000000000011b8c                Java_org_contikios_cooja_corecomm_Lib18_setMemory
                0x0000000000011bec                Java_org_contikios_cooja_corecomm_Lib18_tick
                0x0000000000011c54                Java_org_contikios_cooja_corecomm_Lib18_setReferenceAddress
 .text          0x0000000000011c67       0x65 build/cooja/mtype95.a(simEnvChange.o)
                0x0000000000011c67                doActionsBeforeTick
                0x0000000000011c99                doActionsAfterTick
 .text          0x0000000000011ccc       0x83 build/cooja/mtype95.a(cooja_mt.o)
                0x0000000000011ccc                cooja_mt_start
                0x0000000000011cf6                cooja_mt_exec
                0x0000000000011d2c                cooja_mt_yield
 .text          0x0000000000011d4f       0xbe build/cooja/mtype95.a(cooja_mtarch.o)
                0x0000000000011d4f                cooja_mtarch_start
                0x0000000000011dc2                cooja_sw
                0x0000000000011de5                cooja_mtarch_exec
                0x0000000000011e02                cooja_mtarch_yield
 .text          0x0000000000011e0d       0xc5 build/cooja/mtype95.a(rtimer-arch.o)
                0x0000000000011e0d                rtimer_arch_init
                0x0000000000011e31                rtimer_arch_schedule
                0x0000000000011e61                rtimer_arch_next
                0x0000000000011e71                rtimer_arch_pending
                0x0000000000011e7b                rtimer_arch_check
                0x0000000000011ec2                rtimer_arch_now
 .text          0x0000000000011ed2       0x81 build/cooja/mtype95.a(beep.o)
                0x0000000000011ed2                beep_alarm
                0x0000000000011edf                beep_beep
                0x0000000000011eec                beep
                0x0000000000011ef9                beep_down
                0x0000000000011f06                beep_on
                0x0000000000011f13                beep_off
                0x0000000000011f20                beep_spinup
                0x0000000000011f2d                beep_quick
                0x0000000000011f3a                beep_long
 .text          0x0000000000011f53       0x65 build/cooja/mtype95.a(leds-arch.o)
                0x0000000000011f66                leds_arch_init
 .text          0x0000000000011fb8       0x35 build/cooja/mtype95.a(moteid.o)
 .text          0x0000000000011fed       0xb7 build/cooja/mtype95.a(pir-sensor.o)
 .text          0x00000000000120a4      0x148 build/cooja/mtype95.a(rs232.o)
                0x00000000000120a4                rs232_init
                0x00000000000120aa                rs232_set_speed
                0x00000000000120b9                rs232_set_input
                0x00000000000120c7                rs232_send
                0x00000000000120eb                rs232_print
                0x0000000000012107                slip_arch_writeb
 .text          0x00000000000121ec       0xb7 build/cooja/mtype95.a(vib-sensor.o)
 .text          0x00000000000122a3       0x38 build/cooja/mtype95.a(clock.o)
                0x00000000000122a3                clock_init
                0x00000000000122a9                clock_time
                0x00000000000122b3                clock_seconds
                0x00000000000122c9                clock_delay
 .text          0x00000000000122db      0x219 build/cooja/mtype95.a(cooja-log.o)
                0x00000000000122db                simlog_char
                0x000000000001231e                simlog
                0x0000000000012394                log_message
                0x00000000000123c5                log_set_putchar_with_slip
                0x00000000000123d3                log_putchar
                0x000000000001244e                log_puts
                0x0000000000012476                log_printf
 .text          0x00000000000124f4      0x2b9 build/cooja/mtype95.a(cfs-cooja.o)
                0x00000000000124f4                cfs_open
                0x000000000001255d                cfs_close
                0x000000000001256a                cfs_read
                0x00000000000125ff                cfs_write
                0x00000000000126db                cfs_seek
                0x0000000000012763                cfs_remove
                0x0000000000012787                cfs_opendir
                0x0000000000012791                cfs_readdir
                0x000000000001279b                cfs_closedir
 .text          0x00000000000127ad      0x620 build/cooja/mtype95.a(cooja-radio.o)
                0x00000000000127ef                radio_set_channel
                0x00000000000127fd                radio_set_txpower
                0x0000000000012815                radio_signal_strength_last
                0x000000000001281f                radio_signal_strength_current
                0x0000000000012829                radio_LQI
 .text          0x0000000000012dcd       0xee build/cooja/mtype95.a(eeprom.o)
                0x0000000000012dcd                eeprom_init
                0x0000000000012dd3                eeprom_read
                0x0000000000012e41                eeprom_write
 .text          0x0000000000012ebb       0x2d build/cooja/mtype95.a(random.o)
                0x0000000000012ebb                random_init
                0x0000000000012edb                random_rand
 .text          0x0000000000012ee8      0x29c build/cooja/mtype95.a(sensors.o)
                0x0000000000012f23                sensors_first
                0x0000000000012f2d                sensors_next
                0x0000000000012f47                sensors_changed
                0x0000000000012f7b                sensors_find
 .text          0x0000000000013184      0x349 build/cooja/mtype95.a(leds.o)
                0x0000000000013184                leds_init
                0x00000000000131cb                leds_single_on
                0x000000000001322a                leds_single_off
                0x0000000000013289                leds_single_toggle
                0x00000000000132bb                leds_on
                0x000000000001333d                leds_off
                0x00000000000133bf                leds_toggle
                0x0000000000013414                leds_set
                0x0000000000013440                leds_get
 .text          0x00000000000134cd      0x343 build/cooja/mtype95.a(gpio-hal-arch.o)
                0x00000000000134cd                gpio_hal_arch_register_pin_callback
                0x0000000000013539                gpio_hal_arch_init
                0x000000000001357e                gpio_hal_arch_no_port_interrupt_enable
                0x00000000000135ae                gpio_hal_arch_no_port_interrupt_disable
                0x00000000000135de                gpio_hal_arch_no_port_pin_cfg_set
                0x0000000000013603                gpio_hal_arch_no_port_pin_cfg_get
                0x0000000000013629                gpio_hal_arch_no_port_pin_set_input
                0x000000000001363b                gpio_hal_arch_no_port_pin_set_output
                0x000000000001364d                gpio_hal_arch_no_port_set_pin
                0x000000000001366e                gpio_hal_arch_no_port_clear_pin
                0x000000000001368f                gpio_hal_arch_no_port_read_pin
                0x00000000000136b5                gpio_hal_arch_no_port_write_pin
                0x00000000000136df                gpio_hal_arch_no_port_set_pins
                0x0000000000013726                gpio_hal_arch_no_port_clear_pins
                0x000000000001376d                gpio_hal_arch_no_port_read_pins
                0x00000000000137b0                gpio_hal_arch_no_port_write_pins
 .text          0x0000000000013810       0x89 build/cooja/mtype95.a(buttons.o)
 .text          0x0000000000013899      0x148 build/cooja/mtype95.a(presence_sensor)
 .text          0x00000000000139e1      0x27b build/cooja/mtype95.a(coap-blocking-a)
                0x00000000000139e1                coap_blocking_request_callback
                0x0000000000013a0b                coap_blocking_request
 .text          0x0000000000013c5c      0xbea build/cooja/mtype95.a(coap-engine.o)
                0x0000000000013cf1                coap_add_handler
                0x0000000000013d0e                coap_remove_handler
                0x0000000000013d2b                coap_call_handlers
                0x0000000000013e33                coap_receive
                0x000000000001442e                coap_engine_init
                0x000000000001448c                coap_activate_resource
                0x0000000000014537                coap_get_first_resource
                0x0000000000014550                coap_get_next_resource
 .text          0x0000000000014846      0x2d9 build/cooja/mtype95.a(coap-res-well-k)
 .text          0x0000000000014b1f      0x96a build/cooja/mtype95.a(coap-observe.o)
                0x0000000000014c34                coap_remove_observer
                0x0000000000014c64                coap_remove_observer_by_client
                0x0000000000014ccc                coap_remove_observer_by_token
                0x0000000000014d5f                coap_remove_observer_by_uri
                0x0000000000014e06                coap_remove_observer_by_mid
                0x0000000000014e82                coap_notify_observers
                0x0000000000014e9b                coap_notify_observers_sub
                0x0000000000015305                coap_observe_handler
                0x0000000000015420                coap_has_observers
 .text          0x0000000000015489      0x733 build/cooja/mtype95.a(coap-uip.o)
                0x0000000000015489                coap_endpoint_log
                0x000000000001550f                coap_endpoint_print
                0x0000000000015595                coap_endpoint_snprint
                0x00000000000156c8                coap_endpoint_copy
                0x0000000000015705                coap_endpoint_cmp
                0x0000000000015813                coap_endpoint_parse
                0x00000000000159fe                coap_endpoint_is_secure
                0x0000000000015a0d                coap_endpoint_is_connected
                0x0000000000015a41                coap_endpoint_connect
                0x0000000000015a5d                coap_endpoint_disconnect
                0x0000000000015a63                coap_databuf
                0x0000000000015a6d                coap_transport_init
                0x0000000000015abd                coap_sendto
 .text          0x0000000000015bbc      0x324 build/cooja/mtype95.a(coap-timer.o)
                0x0000000000015cb9                coap_timer_stop
                0x0000000000015ce4                coap_timer_set
                0x0000000000015d27                coap_timer_reset
                0x0000000000015d6a                coap_timer_time_to_next_expiration
                0x0000000000015dd6                coap_timer_run
                0x0000000000015ea2                coap_timer_init
 .text          0x0000000000015ee0      0x2c6 build/cooja/mtype95.a(coap-transactio)
                0x0000000000015f46                coap_new_transaction
                0x0000000000015fac                coap_send_transaction
                0x000000000001610d                coap_clear_transaction
                0x0000000000016155                coap_get_transaction_by_mid
 .text          0x00000000000161a6     0x1c53 build/cooja/mtype95.a(coap.o)
                0x0000000000016713                coap_init_connection
                0x0000000000016727                coap_get_mid
                0x0000000000016743                coap_init_message
                0x000000000001678c                coap_serialize_message
                0x0000000000016e0e                coap_parse_message
                0x0000000000017475                coap_get_query_variable
                0x00000000000174b7                coap_get_post_variable
                0x00000000000174fb                coap_set_status_code
                0x0000000000017520                coap_set_token
                0x0000000000017567                coap_get_header_content_format
                0x0000000000017598                coap_set_header_content_format
                0x00000000000175bb                coap_get_header_accept
                0x00000000000175ec                coap_set_header_accept
                0x000000000001760f                coap_get_header_max_age
                0x0000000000017640                coap_set_header_max_age
                0x0000000000017660                coap_get_header_etag
                0x0000000000017692                coap_set_header_etag
                0x00000000000176e9                coap_get_header_if_match
                0x000000000001771b                coap_set_header_if_match
                0x0000000000017772                coap_get_header_if_none_match
                0x000000000001778c                coap_set_header_if_none_match
                0x00000000000177a3                coap_get_header_proxy_uri
                0x00000000000177d1                coap_set_header_proxy_uri
                0x000000000001780e                coap_get_header_uri_host
                0x000000000001783c                coap_set_header_uri_host
                0x0000000000017879                coap_get_header_uri_path
                0x00000000000178a7                coap_set_header_uri_path
                0x00000000000178f4                coap_get_header_uri_query
                0x0000000000017928                coap_set_header_uri_query
                0x000000000001797e                coap_get_header_location_path
                0x00000000000179ac                coap_set_header_location_path
                0x0000000000017a45                coap_get_header_location_query
                0x0000000000017a73                coap_set_header_location_query
                0x0000000000017ac0                coap_get_header_observe
                0x0000000000017aef                coap_set_header_observe
                0x0000000000017b0f                coap_get_header_block2
                0x0000000000017b7b                coap_set_header_block2
                0x0000000000017bf2                coap_get_header_block1
                0x0000000000017c67                coap_set_header_block1
                0x0000000000017ce2                coap_get_header_size2
                0x0000000000017d12                coap_set_header_size2
                0x0000000000017d35                coap_get_header_size1
                0x0000000000017d65                coap_set_header_size1
                0x0000000000017d88                coap_get_payload
                0x0000000000017dc2                coap_set_payload
 .text          0x0000000000017df9      0x332 build/cooja/mtype95.a(contiki-main.o)
                0x0000000000017df9                main
 .text          0x000000000001812b       0x92 build/cooja/mtype95.a(autostart.o)
                0x000000000001812b                autostart_start
                0x0000000000018175                autostart_exit
 .text          0x00000000000181bd      0x355 build/cooja/mtype95.a(ctimer.o)
                0x00000000000182e5                ctimer_init
                0x0000000000018318                ctimer_set
                0x000000000001833e                ctimer_set_with_process
                0x00000000000183bb                ctimer_reset
                0x000000000001840f                ctimer_restart
                0x0000000000018463                ctimer_stop
                0x00000000000184b3                ctimer_expired
 .text          0x0000000000018512      0x394 build/cooja/mtype95.a(log.o)
                0x0000000000018512                log_6addr
                0x0000000000018565                log_6addr_compact_snprint
                0x0000000000018603                log_6addr_compact
                0x0000000000018656                log_lladdr
                0x00000000000186c8                log_lladdr_compact
                0x0000000000018730                log_set_level
                0x00000000000187eb                log_get_level
                0x0000000000018864                log_level_to_str
 .text          0x00000000000188a6       0x1b build/cooja/mtype95.a(energest.o)
                0x00000000000188a6                energest_init
                0x00000000000188ac                energest_flush
                0x00000000000188b2                energest_get_total_time
 .text          0x00000000000188c1      0x43f build/cooja/mtype95.a(etimer.o)
                0x0000000000018ae5                etimer_request_poll
                0x0000000000018b6e                etimer_set
                0x0000000000018b97                etimer_reset_with_new_interval
                0x0000000000018bc6                etimer_reset
                0x0000000000018bec                etimer_restart
                0x0000000000018c12                etimer_adjust
                0x0000000000018c2f                etimer_expired
                0x0000000000018c42                etimer_expiration_time
                0x0000000000018c54                etimer_start_time
                0x0000000000018c5e                etimer_pending
                0x0000000000018c70                etimer_next_expiration_time
                0x0000000000018c8a                etimer_stop
 .text          0x0000000000018d00       0x25 build/cooja/mtype95.a(node-id.o)
                0x0000000000018d00                node_id_init
 .text          0x0000000000018d25       0xeb build/cooja/mtype95.a(rtimer.o)
                0x0000000000018d25                rtimer_init
                0x0000000000018d33                rtimer_set
                0x0000000000018dae                rtimer_run_next
 .text          0x0000000000018e10      0x4fb build/cooja/mtype95.a(process.o)
                0x0000000000018e10                process_alloc_event
                0x0000000000018e25                process_start
                0x0000000000018fff                process_exit
                0x000000000001901c                process_init
                0x00000000000191b1                process_run
                0x00000000000191e4                process_nevents
                0x00000000000191ff                process_post
                0x0000000000019292                process_post_synch
                0x00000000000192c7                process_poll
                0x00000000000192f7                process_is_running
 .text          0x000000000001930b       0xb1 build/cooja/mtype95.a(timer.o)
                0x000000000001930b                timer_set
                0x0000000000019329                timer_reset
                0x0000000000019356                timer_restart
                0x000000000001936b                timer_expired
                0x0000000000019398                timer_remaining
 .text          0x00000000000193bc      0x28f build/cooja/mtype95.a(list.o)
                0x00000000000193bc                list_init
                0x00000000000193cb                list_head
                0x00000000000193d5                list_copy
                0x00000000000193e5                list_tail
                0x000000000001941b                list_add
                0x0000000000019467                list_push
                0x0000000000019493                list_chop
                0x00000000000194fd                list_pop
                0x0000000000019525                list_remove
                0x000000000001958d                list_length
                0x00000000000195bb                list_insert
                0x0000000000019600                list_item_next
                0x0000000000019617                list_contains
 .text          0x000000000001964b      0x1b5 build/cooja/mtype95.a(memb.o)
                0x000000000001964b                memb_init
                0x00000000000196a0                memb_alloc
                0x0000000000019703                memb_free
                0x000000000001977a                memb_inmemb
                0x00000000000197b9                memb_numfree
 .text          0x0000000000019800      0x41c build/cooja/mtype95.a(button-hal.o)
                0x0000000000019979                button_hal_get_by_id
                0x00000000000199b7                button_hal_get_by_index
                0x00000000000199e3                button_hal_get_state
                0x0000000000019a35                button_hal_init
 .text          0x0000000000019c1c      0x1f3 build/cooja/mtype95.a(serial-line.o)
                0x0000000000019c1c                serial_line_input_byte
                0x0000000000019dda                serial_line_init
 .text          0x0000000000019e0f      0x168 build/cooja/mtype95.a(gpio-hal.o)
                0x0000000000019e0f                gpio_hal_register_handler
                0x0000000000019e2c                gpio_hal_event_handler
                0x0000000000019e88                gpio_hal_init
                0x0000000000019ea7                gpio_hal_arch_port_toggle_pin
                0x0000000000019ee3                gpio_hal_arch_port_toggle_pins
                0x0000000000019f11                gpio_hal_arch_no_port_toggle_pin
                0x0000000000019f4f                gpio_hal_arch_no_port_toggle_pins
 .text          0x0000000000019f77      0x2e7 build/cooja/mtype95.a(queuebuf.o)
                0x0000000000019f81                queuebuf_init
                0x0000000000019faa                queuebuf_numfree
                0x0000000000019fc2                queuebuf_new_from_packetbuf
                0x000000000001a061                queuebuf_update_attr_from_packetbuf
                0x000000000001a096                queuebuf_update_from_packetbuf
                0x000000000001a0e6                queuebuf_free
                0x000000000001a12f                queuebuf_to_packetbuf
                0x000000000001a19b                queuebuf_dataptr
                0x000000000001a1d5                queuebuf_datalen
                0x000000000001a1f8                queuebuf_addr
                0x000000000001a22d                queuebuf_attr
                0x000000000001a258                queuebuf_debug_print
 .text          0x000000000001a25e      0x407 build/cooja/mtype95.a(packetbuf.o)
                0x000000000001a25e                packetbuf_clear
                0x000000000001a289                packetbuf_copyfrom
                0x000000000001a2d8                packetbuf_copyto
                0x000000000001a36b                packetbuf_hdralloc
                0x000000000001a3e7                packetbuf_hdrreduce
                0x000000000001a42d                packetbuf_set_datalen
                0x000000000001a447                packetbuf_dataptr
                0x000000000001a464                packetbuf_hdrptr
                0x000000000001a46e                packetbuf_datalen
                0x000000000001a47a                packetbuf_hdrlen
                0x000000000001a491                packetbuf_totlen
                0x000000000001a4a7                packetbuf_remaininglen
                0x000000000001a4ba                packetbuf_attr_clear
                0x000000000001a506                packetbuf_attr_copyto
                0x000000000001a55e                packetbuf_attr_copyfrom
                0x000000000001a5b6                packetbuf_set_attr
                0x000000000001a5e0                packetbuf_attr
                0x000000000001a5fa                packetbuf_set_addr
                0x000000000001a62b                packetbuf_addr
                0x000000000001a648                packetbuf_holds_broadcast
 .text          0x000000000001a665       0xef build/cooja/mtype95.a(netstack.o)
                0x000000000001a665                netstack_process_ip_callback
                0x000000000001a6f6                netstack_ip_packet_processor_add
                0x000000000001a719                uip_ds6_ip_packet_processor_rm
                0x000000000001a736                netstack_init
 .text          0x000000000001a754       0x4f build/cooja/mtype95.a(linkaddr.o)
                0x000000000001a754                linkaddr_copy
                0x000000000001a76a                linkaddr_cmp
                0x000000000001a78d                linkaddr_set_node_addr
 .text          0x000000000001a7a3      0x1f6 build/cooja/mtype95.a(csma.o)
 .text          0x000000000001a999      0x95d build/cooja/mtype95.a(csma-output.o)
                0x000000000001b030                csma_output_packet
                0x000000000001b2bd                csma_output_init
 .text          0x000000000001b2f6      0xc11 build/cooja/mtype95.a(uip-ds6.o)
                0x000000000001b2f6                uip_ds6_default_prefix
                0x000000000001b300                uip_ds6_set_default_prefix
                0x000000000001b32b                uip_ds6_init
                0x000000000001b58d                uip_ds6_periodic
                0x000000000001b614                uip_ds6_list_loop
                0x000000000001b6d4                uip_ds6_prefix_add
                0x000000000001b780                uip_ds6_prefix_rm
                0x000000000001b793                uip_ds6_prefix_lookup
                0x000000000001b7d2                uip_ds6_is_addr_onlink
                0x000000000001b845                uip_ds6_addr_add
                0x000000000001b965                uip_ds6_addr_rm
                0x000000000001ba0e                uip_ds6_addr_lookup
                0x000000000001ba47                uip_ds6_get_link_local
                0x000000000001bac8                uip_ds6_get_global
                0x000000000001bb49                uip_ds6_maddr_add
                0x000000000001bba9                uip_ds6_maddr_rm
                0x000000000001bbbc                uip_ds6_maddr_lookup
                0x000000000001bbf5                uip_ds6_aaddr_add
                0x000000000001bc55                uip_ds6_aaddr_rm
                0x000000000001bc68                uip_ds6_aaddr_lookup
                0x000000000001bca1                uip_ds6_select_src
                0x000000000001bdea                uip_ds6_set_addr_iid
                0x000000000001be15                uip_ds6_set_lladdr_from_iid
                0x000000000001be3e                get_match_length
                0x000000000001becf                uip_ds6_compute_reachable_time
 .text          0x000000000001bf07      0x128 build/cooja/mtype95.a(uip-udp-packet.)
                0x000000000001bf07                uip_udp_packet_send
                0x000000000001bf62                uip_udp_packet_sendto
 .text          0x000000000001c02f      0x35b build/cooja/mtype95.a(uip-ds6-route.o)
                0x000000000001c080                uip_ds6_route_init
                0x000000000001c0aa                uip_ds6_route_nexthop
                0x000000000001c0b4                uip_ds6_route_head
                0x000000000001c0be                uip_ds6_route_next
                0x000000000001c0c8                uip_ds6_route_is_nexthop
                0x000000000001c0d2                uip_ds6_route_num_routes
                0x000000000001c0dc                uip_ds6_route_lookup
                0x000000000001c0e6                uip_ds6_route_add
                0x000000000001c0f9                uip_ds6_route_rm
                0x000000000001c0ff                uip_ds6_route_rm_by_nexthop
                0x000000000001c105                uip_ds6_defrt_head
                0x000000000001c11e                uip_ds6_defrt_add
                0x000000000001c1cc                uip_ds6_defrt_rm
                0x000000000001c232                uip_ds6_defrt_lookup
                0x000000000001c299                uip_ds6_defrt_choose
                0x000000000001c30f                uip_ds6_defrt_periodic
 .text          0x000000000001c38a      0x6f7 build/cooja/mtype95.a(tcpip.o)
                0x000000000001c3a4                tcpip_output
                0x000000000001c423                udp_attach
                0x000000000001c43b                udp_new
                0x000000000001c485                udp_broadcast_new
                0x000000000001c5f7                tcpip_input
                0x000000000001c787                tcpip_ipv6_output
                0x000000000001c97b                tcpip_poll_udp
                0x000000000001c999                tcpip_uipcall
 .text          0x000000000001ca81     0x1205 build/cooja/mtype95.a(uip6.o)
                0x000000000001cb30                uip_chksum
                0x000000000001cc07                uip_icmp6chksum
                0x000000000001cc1c                uip_udpchksum
                0x000000000001cc31                uip_init
                0x000000000001cc7a                uip_remove_ext_hdr
                0x000000000001cd54                uip_udp_new
                0x000000000001d068                uip_process
                0x000000000001db60                uip_htons
                0x000000000001db82                uip_htonl
                0x000000000001dbc0                uip_send
 .text          0x000000000001dc86      0x369 build/cooja/mtype95.a(uip-ds6-nbr.o)
                0x000000000001dc86                uip_ds6_neighbors_init
                0x000000000001dcaa                uip_ds6_nbr_add
                0x000000000001dd30                uip_ds6_nbr_rm
                0x000000000001dd7b                uip_ds6_nbr_update_ll
                0x000000000001de69                uip_ds6_nbr_get_ipaddr
                0x000000000001de7e                uip_ds6_nbr_get_ll
                0x000000000001de9a                uip_ds6_nbr_num
                0x000000000001dee3                uip_ds6_nbr_head
                0x000000000001defc                uip_ds6_nbr_next
                0x000000000001df18                uip_ds6_nbr_lookup
                0x000000000001df70                uip_ds6_nbr_ll_lookup
                0x000000000001df8c                uip_ds6_nbr_ipaddr_from_lladdr
                0x000000000001dfb5                uip_ds6_nbr_lladdr_from_ipaddr
                0x000000000001dfe9                uip_ds6_link_callback
 .text          0x000000000001dfef      0x6a7 build/cooja/mtype95.a(uip-nd6.o)
                0x000000000001e67d                uip_nd6_init
 .text          0x000000000001e696     0x2c17 build/cooja/mtype95.a(sicslowpan.o)
                0x000000000001ec9d                netstack_sniffer_add
                0x000000000001ecab                netstack_sniffer_remove
                0x0000000000021281                sicslowpan_init
                0x00000000000212a3                sicslowpan_get_last_rssi
 .text          0x00000000000212ad      0x4d1 build/cooja/mtype95.a(uiplib.o)
                0x00000000000212ad                uiplib_ip6addrconv
                0x0000000000021465                uiplib_ip4addrconv
                0x0000000000021528                uiplib_ipaddr_print
                0x000000000002157b                uiplib_ipaddr_snprint
 .text          0x000000000002177e      0x4c9 build/cooja/mtype95.a(rpl.o)
                0x000000000002177e                rpl_lollipop_greater_than
                0x00000000000217d8                rpl_get_global_address
                0x00000000000218d0                rpl_link_callback
                0x0000000000021914                rpl_has_joined
                0x0000000000021939                rpl_is_reachable
                0x00000000000219ba                rpl_reset_prefix
                0x0000000000021a24                rpl_set_prefix_from_addr
                0x0000000000021b09                rpl_set_prefix
                0x0000000000021c23                rpl_set_leaf_only
                0x0000000000021c3b                rpl_get_leaf_only
 .text          0x0000000000021c47     0x138c build/cooja/mtype95.a(rpl-icmp6.o)
                0x0000000000021d6c                rpl_icmp6_update_nbr_table
                0x0000000000021df5                rpl_icmp6_dis_output
                0x000000000002243b                rpl_icmp6_dio_output
                0x0000000000022c39                rpl_icmp6_dao_output
                0x0000000000022f1a                rpl_icmp6_dao_ack_output
                0x0000000000022f8a                rpl_icmp6_init
 .text          0x0000000000022fd3      0x264 build/cooja/mtype95.a(rpl-dag-root.o)
                0x0000000000022fd3                rpl_dag_root_print_links
                0x00000000000230ff                rpl_dag_root_set_prefix
                0x000000000002312b                rpl_dag_root_start
                0x0000000000023208                rpl_dag_root_is_root
 .text          0x0000000000023237       0x30 build/cooja/mtype95.a(watchdog.o)
                0x0000000000023237                watchdog_init
                0x000000000002323d                watchdog_start
                0x0000000000023243                watchdog_periodic
                0x000000000002325b                watchdog_stop
                0x0000000000023261                watchdog_reboot
 .text          0x0000000000023267       0x4a build/cooja/mtype95.a(int-master.o)
                0x0000000000023267                int_master_enable
                0x0000000000023277                int_master_read_and_disable
                0x0000000000023294                int_master_status_set
                0x00000000000232a2                int_master_is_enabled
 .text          0x00000000000232b1      0x226 build/cooja/mtype95.a(coap-timer-defa)
 .text          0x00000000000234d7       0xc7 build/cooja/mtype95.a(stimer.o)
                0x00000000000234d7                stimer_set
                0x00000000000234f5                stimer_reset
                0x0000000000023522                stimer_restart
                0x0000000000023537                stimer_expired
                0x0000000000023562                stimer_remaining
                0x0000000000023586                stimer_elapsed
 .text          0x000000000002359e      0x156 build/cooja/mtype95.a(ringbuf.o)
                0x000000000002359e                ringbuf_init
                0x00000000000235d0                ringbuf_put
                0x000000000002364e                ringbuf_get
                0x00000000000236bb                ringbuf_size
                0x00000000000236cd                ringbuf_elements
 .text          0x00000000000236f4       0x1f build/cooja/mtype95.a(assert.o)
                0x00000000000236f4                _xassert
 .text          0x0000000000023713      0x79b build/cooja/mtype95.a(nbr-table.o)
                0x0000000000023b8c                nbr_table_register
                0x0000000000023bf9                nbr_table_is_registered
                0x0000000000023c34                nbr_table_head
                0x0000000000023c8f                nbr_table_next
                0x0000000000023cf0                nbr_table_add_lladdr
                0x0000000000023dca                nbr_table_get_from_lladdr
                0x0000000000023e16                nbr_table_remove
                0x0000000000023e4e                nbr_table_lock
                0x0000000000023e68                nbr_table_unlock
                0x0000000000023e82                nbr_table_get_lladdr
 .text          0x0000000000023eae      0x3a5 build/cooja/mtype95.a(link-stats.o)
                0x0000000000023eae                link_stats_from_lladdr
                0x0000000000023eca                link_stats_get_lladdr
                0x0000000000023ee6                link_stats_is_fresh
                0x0000000000023f22                guess_etx_from_rssi
                0x0000000000023f9e                link_stats_packet_sent
                0x00000000000240be                link_stats_input_callback
                0x00000000000241ce                link_stats_reset
                0x000000000002421e                link_stats_init
 .text          0x0000000000024253      0x187 build/cooja/mtype95.a(mac-sequence.o)
                0x0000000000024253                mac_sequence_is_duplicate
                0x00000000000242f3                mac_sequence_register_seqno
 .text          0x00000000000243da       0x23 build/cooja/mtype95.a(mac.o)
                0x00000000000243da                mac_call_sent_callback
 .text          0x00000000000243fd      0x432 build/cooja/mtype95.a(framer-802154.o)
                0x000000000002458c                framer_802154_setup_params
 .text          0x000000000002482f      0xb6f build/cooja/mtype95.a(frame802154.o)
                0x0000000000024860                frame802154_get_pan_id
                0x000000000002486c                frame802154_set_pan_id
                0x0000000000024886                frame802154_has_panid
                0x0000000000024a35                frame802154_check_dest_panid
                0x0000000000024abd                frame802154_is_broadcast_addr
                0x0000000000024b0a                frame802154_extract_linkaddr
                0x0000000000024d6f                frame802154_hdrlen
                0x0000000000024de2                frame802154_create_fcf
                0x0000000000024e9a                frame802154_create
                0x000000000002500f                frame802154_parse_fcf
                0x00000000000250f1                frame802154_parse
 .text          0x000000000002539e       0x2d build/cooja/mtype95.a(csma-security.o)
                0x000000000002539e                csma_security_create_frame
                0x00000000000253bc                csma_security_parse_frame
 .text          0x00000000000253cb      0x4e4 build/cooja/mtype95.a(uipbuf.o)
                0x00000000000253cb                uipbuf_clear
                0x00000000000253f2                uipbuf_add_ext_hdr
                0x0000000000025472                uipbuf_set_len
                0x000000000002549f                uipbuf_set_len_field
                0x00000000000254cb                uipbuf_get_len_field
                0x00000000000254eb                uipbuf_get_next_header
                0x000000000002561d                uipbuf_get_last_header
                0x0000000000025696                uipbuf_search_header
                0x000000000002574c                uipbuf_get_attr
                0x0000000000025773                uipbuf_set_attr
                0x00000000000257aa                uipbuf_set_default_attr
                0x00000000000257e1                uipbuf_clear_attr
                0x0000000000025805                uipbuf_set_attr_flag
                0x0000000000025826                uipbuf_clr_attr_flag
                0x000000000002584d                uipbuf_is_attr_flag
                0x0000000000025871                uipbuf_init
 .text          0x00000000000258af      0x73f build/cooja/mtype95.a(uip-icmp6.o)
                0x0000000000025924                uip_icmp6_input
                0x000000000002597b                uip_icmp6_register_input_handler
                0x0000000000025ace                uip_icmp6_error_output
                0x0000000000025d7f                uip_icmp6_send
                0x0000000000025f76                uip_icmp6_echo_reply_callback_add
                0x0000000000025fa8                uip_icmp6_echo_reply_callback_rm
                0x0000000000025fc5                uip_icmp6_init
 .text          0x0000000000025fee      0x69b build/cooja/mtype95.a(uip-sr.o)
                0x0000000000025fee                uip_sr_num_nodes
                0x000000000002607c                uip_sr_get_node
                0x00000000000260d3                uip_sr_is_addr_reachable
                0x0000000000026181                uip_sr_expire_parent
                0x00000000000261ca                uip_sr_update_node
                0x00000000000262fa                uip_sr_init
                0x000000000002632e                uip_sr_node_head
                0x0000000000026347                uip_sr_node_next
                0x000000000002635d                uip_sr_periodic
                0x0000000000026463                uip_sr_free_all
                0x00000000000264d3                uip_sr_link_snprint
 .text          0x0000000000026689      0x146 build/cooja/mtype95.a(uip-packetqueue)
                0x00000000000266b7                uip_packetqueue_new
                0x00000000000266c6                uip_packetqueue_alloc
                0x0000000000026721                uip_packetqueue_free
                0x0000000000026768                uip_packetqueue_buf
                0x0000000000026785                uip_packetqueue_buflen
                0x00000000000267a6                uip_packetqueue_set_buflen
 .text          0x00000000000267cf      0x1b0 build/cooja/mtype95.a(rpl-nbr-policy.)
                0x000000000002693c                rpl_nbr_policy_find_removable
 .text          0x000000000002697f      0x915 build/cooja/mtype95.a(rpl-neighbor.o)
                0x00000000000269fb                rpl_neighbor_snprint
                0x0000000000026cae                rpl_neighbor_print_list
                0x0000000000026d63                rpl_neighbor_count
                0x0000000000026e0a                rpl_neighbor_get_from_lladdr
                0x0000000000026e26                rpl_neighbor_is_acceptable_parent
                0x0000000000026e5a                rpl_neighbor_get_link_metric
                0x0000000000026e8e                rpl_neighbor_rank_via_nbr
                0x0000000000026ec2                rpl_neighbor_get_lladdr
                0x0000000000026ede                rpl_neighbor_get_ipaddr
                0x0000000000026f05                rpl_neighbor_get_link_stats
                0x0000000000026f2c                rpl_neighbor_is_fresh
                0x0000000000026f53                rpl_neighbor_is_reachable
                0x0000000000026f9e                rpl_neighbor_is_parent
                0x0000000000026fc8                rpl_neighbor_set_preferred_parent
                0x000000000002705f                rpl_neighbor_remove_all
                0x00000000000270bb                rpl_neighbor_get_from_ipaddr
                0x00000000000271c9                rpl_neighbor_select_best
                0x0000000000027275                rpl_neighbor_init
 .text          0x0000000000027294      0xe69 build/cooja/mtype95.a(rpl-dag.o)
                0x0000000000027294                rpl_dag_state_to_str
                0x00000000000272d3                rpl_dag_get_root_ipaddr
                0x000000000002731b                rpl_dag_leave
                0x00000000000273a4                rpl_dag_poison_and_leave
                0x00000000000273bc                rpl_dag_periodic
                0x0000000000027444                rpl_is_addr_in_our_dag
                0x0000000000027488                rpl_get_default_instance
                0x00000000000274a4                rpl_get_any_dag
                0x00000000000274fd                rpl_refresh_routes
                0x000000000002753d                rpl_global_repair
                0x00000000000275d6                rpl_local_repair
                0x0000000000027620                rpl_dag_ready_to_advertise
                0x0000000000027663                rpl_dag_update_state
                0x0000000000027d90                rpl_process_dio
                0x0000000000027e0e                rpl_process_dis
                0x0000000000027e53                rpl_process_dao
                0x0000000000027ee2                rpl_process_dao_ack
                0x0000000000027f79                rpl_process_hbh
                0x0000000000027fc9                rpl_dag_init_root
                0x00000000000280dd                rpl_dag_init
 .text          0x00000000000280fd      0x9e7 build/cooja/mtype95.a(rpl-timers.o)
                0x00000000000280fd                rpl_timers_schedule_periodic_dis
                0x000000000002824b                rpl_timers_dio_reset
                0x0000000000028359                rpl_timers_schedule_unicast_dio
                0x00000000000284ad                rpl_timers_schedule_dao
                0x000000000002856c                rpl_timers_schedule_dao_ack
                0x00000000000285f2                rpl_timers_notify_dao_ack
                0x0000000000028650                get_probing_delay
                0x0000000000028684                get_probing_target
                0x000000000002886e                rpl_schedule_probing
                0x000000000002889c                rpl_schedule_probing_now
                0x0000000000028906                rpl_timers_unschedule_leaving
                0x000000000002893e                rpl_timers_schedule_leaving
                0x000000000002897f                rpl_timers_init
                0x0000000000028a0f                rpl_timers_stop_dag_timers
                0x0000000000028a88                rpl_timers_unschedule_state_update
                0x0000000000028aac                rpl_timers_schedule_state_update
 .text          0x0000000000028ae4      0xb8e build/cooja/mtype95.a(rpl-ext-header.)
                0x0000000000028ae4                rpl_ext_header_srh_get_next_hop
                0x0000000000028bcb                rpl_ext_header_srh_update
                0x0000000000029137                rpl_ext_header_hbh_update
                0x0000000000029437                rpl_ext_header_update
                0x00000000000294c0                rpl_ext_header_remove
 .text          0x0000000000029672      0x31b build/cooja/mtype95.a(rpl-mrhof.o)
 *fill*         0x000000000002998d        0x3 
 .text          0x0000000000029990      0x122 /usr/lib/gcc/i686-linux-gnu/5/libgcc.a(_udivdi3.o)
                0x0000000000029990                __udivdi3
 .text          0x0000000000029ab2        0x0 /usr/lib/gcc/i686-linux-gnu/5/crtendS.o
 .text          0x0000000000029ab2        0x0 /usr/lib/gcc/i686-linux-gnu/5/../../../i386-linux-gnu/crtn.o
 *(.gnu.warning)

.fini           0x0000000000029ab4       0x14
 *(SORT(.fini))
 .fini          0x0000000000029ab4        0xf /usr/lib/gcc/i686-linux-gnu/5/../../../i386-linux-gnu/crti.o
                0x0000000000029ab4                _fini
 .fini          0x0000000000029ac3        0x5 /usr/lib/gcc/i686-linux-gnu/5/../../../i386-linux-gnu/crtn.o
                [!provide]                        PROVIDE (__etext, .)
                [!provide]                        PROVIDE (_etext, .)
                [!provide]                        PROVIDE (etext, .)

.rodata         0x0000000000029ae0      0xb0b
 *(.rodata .rodata.* .gnu.linkonce.r.*)
 .rodata        0x0000000000029ae0      0x158 presence_server.o
                0x0000000000029afc                autostart_processes
 .rodata        0x0000000000029c38        0x8 build/cooja/mtype95.a(beep.o)
                0x0000000000029c38                beep_interface
 .rodata        0x0000000000029c40        0xe build/cooja/mtype95.a(leds-arch.o)
                0x0000000000029c40                leds_interface
                0x0000000000029c48                leds_arch_leds
 *fill*         0x0000000000029c4e        0x2 
 .rodata        0x0000000000029c50        0x8 build/cooja/mtype95.a(moteid.o)
                0x0000000000029c50                moteid_interface
 .rodata        0x0000000000029c58       0x1c build/cooja/mtype95.a(pir-sensor.o)
                0x0000000000029c58                pir_interface
                0x0000000000029c64                pir_sensor
 .rodata        0x0000000000029c74        0xe build/cooja/mtype95.a(rs232.o)
                0x0000000000029c74                rs232_interface
 *fill*         0x0000000000029c82        0x2 
 .rodata        0x0000000000029c84       0x24 build/cooja/mtype95.a(vib-sensor.o)
                0x0000000000029c84                vib_interface
                0x0000000000029c98                vib_sensor
 .rodata        0x0000000000029ca8        0x8 build/cooja/mtype95.a(clock.o)
                0x0000000000029ca8                clock_interface
 .rodata        0x0000000000029cb0        0x8 build/cooja/mtype95.a(cooja-log.o)
                0x0000000000029cb0                simlog_interface
 .rodata        0x0000000000029cb8       0x2f build/cooja/mtype95.a(cfs-cooja.o)
                0x0000000000029cb8                cfs_interface
 *fill*         0x0000000000029ce7       0x19 
 .rodata        0x0000000000029d00       0xb8 build/cooja/mtype95.a(cooja-radio.o)
                0x0000000000029d00                radio_interface
                0x0000000000029d80                cooja_radio_driver
 .rodata        0x0000000000029db8        0x8 build/cooja/mtype95.a(eeprom.o)
                0x0000000000029db8                eeprom_interface
 .rodata        0x0000000000029dc0        0x8 build/cooja/mtype95.a(sensors.o)
 .rodata        0x0000000000029dc8       0x2c build/cooja/mtype95.a(buttons.o)
                0x0000000000029dc8                button_interface
                0x0000000000029ddc                button_hal_button_count
                0x0000000000029de4                button_sensor
 .rodata        0x0000000000029df4       0x49 build/cooja/mtype95.a(presence_sensor)
 .rodata        0x0000000000029e3d       0x41 build/cooja/mtype95.a(coap-engine.o)
 .rodata        0x0000000000029e7e       0x19 build/cooja/mtype95.a(coap-res-well-k)
 .rodata        0x0000000000029e97       0x11 build/cooja/mtype95.a(coap-observe.o)
 .rodata        0x0000000000029ea8       0x35 build/cooja/mtype95.a(coap-uip.o)
 *fill*         0x0000000000029edd        0x3 
 .rodata        0x0000000000029ee0      0x1ac build/cooja/mtype95.a(coap.o)
 .rodata        0x000000000002a08c       0xf8 build/cooja/mtype95.a(contiki-main.o)
 .rodata        0x000000000002a184        0xf build/cooja/mtype95.a(ctimer.o)
 *fill*         0x000000000002a193        0x1 
 .rodata        0x000000000002a194       0xc4 build/cooja/mtype95.a(log.o)
 .rodata        0x000000000002a258        0xc build/cooja/mtype95.a(etimer.o)
 .rodata        0x000000000002a264       0x13 build/cooja/mtype95.a(button-hal.o)
 .rodata        0x000000000002a277        0xe build/cooja/mtype95.a(serial-line.o)
 *fill*         0x000000000002a285        0x3 
 .rodata        0x000000000002a288        0x8 build/cooja/mtype95.a(linkaddr.o)
                0x000000000002a288                linkaddr_null
 .rodata        0x000000000002a290       0x24 build/cooja/mtype95.a(csma.o)
                0x000000000002a298                csma_driver
 .rodata        0x000000000002a2b4       0x27 build/cooja/mtype95.a(csma-output.o)
 *fill*         0x000000000002a2db        0x1 
 .rodata        0x000000000002a2dc       0x4d build/cooja/mtype95.a(uip-ds6-route.o)
 .rodata        0x000000000002a329        0xd build/cooja/mtype95.a(tcpip.o)
 *fill*         0x000000000002a336        0x2 
 .rodata        0x000000000002a338       0x30 build/cooja/mtype95.a(sicslowpan.o)
                0x000000000002a338                unc_llconf
                0x000000000002a33c                unc_ctxconf
                0x000000000002a340                unc_mxconf
                0x000000000002a344                llprefix
                0x000000000002a358                sicslowpan_driver
 .rodata        0x000000000002a368       0x2d build/cooja/mtype95.a(uiplib.o)
 *fill*         0x000000000002a395        0xb 
 .rodata        0x000000000002a3a0       0x74 build/cooja/mtype95.a(rpl.o)
                0x000000000002a3c0                rpl_lite_driver
 .rodata        0x000000000002a414       0x20 build/cooja/mtype95.a(coap-timer-defa)
                0x000000000002a428                coap_timer_default_driver
 .rodata        0x000000000002a434       0x25 build/cooja/mtype95.a(assert.o)
 *fill*         0x000000000002a459        0x3 
 .rodata        0x000000000002a45c        0xc build/cooja/mtype95.a(framer-802154.o)
                0x000000000002a45c                framer_802154
 .rodata        0x000000000002a468       0x44 build/cooja/mtype95.a(uip-sr.o)
 .rodata        0x000000000002a4ac       0x58 build/cooja/mtype95.a(rpl-neighbor.o)
 .rodata        0x000000000002a504       0xdb build/cooja/mtype95.a(rpl-dag.o)
 .rodata        0x000000000002a5df        0xc build/cooja/mtype95.a(rpl-timers.o)

.rodata1
 *(.rodata1)

.eh_frame_hdr   0x000000000002a5ec     0x19e4
 *(.eh_frame_hdr)
 .eh_frame_hdr  0x000000000002a5ec     0x19e4 presence_server.o
                0x000000000002a5ec                __GNU_EH_FRAME_HDR
 *(.eh_frame_entry .eh_frame_entry.*)

.eh_frame       0x000000000002bfd0     0x6908
 *(.eh_frame)
 .eh_frame      0x000000000002bfd0       0x3c /usr/lib/gcc/i686-linux-gnu/5/../../../i386-linux-gnu/crti.o
                                         0x40 (size before relaxing)
 .eh_frame      0x000000000002c00c       0x60 presence_server.o
                                         0x78 (size before relaxing)
 .eh_frame      0x000000000002c06c      0x178 build/cooja/mtype95.o
                                        0x190 (size before relaxing)
 .eh_frame      0x000000000002c1e4       0x40 build/cooja/mtype95.a(simEnvChange.o)
                                         0x58 (size before relaxing)
 .eh_frame      0x000000000002c224       0x60 build/cooja/mtype95.a(cooja_mt.o)
                                         0x78 (size before relaxing)
 .eh_frame      0x000000000002c284       0x80 build/cooja/mtype95.a(cooja_mtarch.o)
                                         0x98 (size before relaxing)
 .eh_frame      0x000000000002c304       0xc8 build/cooja/mtype95.a(rtimer-arch.o)
                                         0xe0 (size before relaxing)
 .eh_frame      0x000000000002c3cc      0x160 build/cooja/mtype95.a(beep.o)
                                        0x178 (size before relaxing)
 .eh_frame      0x000000000002c52c       0x80 build/cooja/mtype95.a(leds-arch.o)
                                         0x98 (size before relaxing)
 .eh_frame      0x000000000002c5ac       0x40 build/cooja/mtype95.a(moteid.o)
                                         0x58 (size before relaxing)
 .eh_frame      0x000000000002c5ec       0xa0 build/cooja/mtype95.a(pir-sensor.o)
                                         0xb8 (size before relaxing)
 .eh_frame      0x000000000002c68c      0x100 build/cooja/mtype95.a(rs232.o)
                                        0x118 (size before relaxing)
 .eh_frame      0x000000000002c78c       0xa0 build/cooja/mtype95.a(vib-sensor.o)
                                         0xb8 (size before relaxing)
 .eh_frame      0x000000000002c82c       0xc0 build/cooja/mtype95.a(clock.o)
                                         0xd8 (size before relaxing)
 .eh_frame      0x000000000002c8ec      0x120 build/cooja/mtype95.a(cooja-log.o)
                                        0x138 (size before relaxing)
 .eh_frame      0x000000000002ca0c      0x160 build/cooja/mtype95.a(cfs-cooja.o)
                                        0x178 (size before relaxing)
 .eh_frame      0x000000000002cb6c      0x340 build/cooja/mtype95.a(cooja-radio.o)
                                        0x358 (size before relaxing)
 .eh_frame      0x000000000002ceac       0xa0 build/cooja/mtype95.a(eeprom.o)
                                         0xb8 (size before relaxing)
 .eh_frame      0x000000000002cf4c       0x40 build/cooja/mtype95.a(random.o)
                                         0x58 (size before relaxing)
 .eh_frame      0x000000000002cf8c       0xc0 build/cooja/mtype95.a(sensors.o)
                                         0xd8 (size before relaxing)
 .eh_frame      0x000000000002d04c      0x120 build/cooja/mtype95.a(leds.o)
                                        0x138 (size before relaxing)
 .eh_frame      0x000000000002d16c      0x220 build/cooja/mtype95.a(gpio-hal-arch.o)
                                        0x238 (size before relaxing)
 .eh_frame      0x000000000002d38c       0xa0 build/cooja/mtype95.a(buttons.o)
                                         0xb8 (size before relaxing)
 .eh_frame      0x000000000002d42c       0x60 build/cooja/mtype95.a(presence_sensor)
                                         0x78 (size before relaxing)
 .eh_frame      0x000000000002d48c       0x44 build/cooja/mtype95.a(coap-blocking-a)
                                         0x5c (size before relaxing)
 .eh_frame      0x000000000002d4d0      0x220 build/cooja/mtype95.a(coap-engine.o)
                                        0x238 (size before relaxing)
 .eh_frame      0x000000000002d6f0       0x24 build/cooja/mtype95.a(coap-res-well-k)
                                         0x3c (size before relaxing)
 .eh_frame      0x000000000002d714      0x188 build/cooja/mtype95.a(coap-observe.o)
                                        0x1a0 (size before relaxing)
 .eh_frame      0x000000000002d89c      0x250 build/cooja/mtype95.a(coap-uip.o)
                                        0x268 (size before relaxing)
 .eh_frame      0x000000000002daec      0x114 build/cooja/mtype95.a(coap-timer.o)
                                        0x12c (size before relaxing)
 .eh_frame      0x000000000002dc00      0x100 build/cooja/mtype95.a(coap-transactio)
                                        0x118 (size before relaxing)
 .eh_frame      0x000000000002dd00      0x6ec build/cooja/mtype95.a(coap.o)
                                        0x704 (size before relaxing)
 .eh_frame      0x000000000002e3ec       0x30 build/cooja/mtype95.a(contiki-main.o)
                                         0x48 (size before relaxing)
 .eh_frame      0x000000000002e41c       0x40 build/cooja/mtype95.a(autostart.o)
                                         0x58 (size before relaxing)
 .eh_frame      0x000000000002e45c      0x100 build/cooja/mtype95.a(ctimer.o)
                                        0x118 (size before relaxing)
 .eh_frame      0x000000000002e55c      0x100 build/cooja/mtype95.a(log.o)
                                        0x118 (size before relaxing)
 .eh_frame      0x000000000002e65c       0x60 build/cooja/mtype95.a(energest.o)
                                         0x78 (size before relaxing)
 .eh_frame      0x000000000002e6bc      0x1e0 build/cooja/mtype95.a(etimer.o)
                                        0x1f8 (size before relaxing)
 .eh_frame      0x000000000002e89c       0x20 build/cooja/mtype95.a(node-id.o)
                                         0x38 (size before relaxing)
 .eh_frame      0x000000000002e8bc       0x60 build/cooja/mtype95.a(rtimer.o)
                                         0x78 (size before relaxing)
 .eh_frame      0x000000000002e91c      0x1c4 build/cooja/mtype95.a(process.o)
                                        0x1dc (size before relaxing)
 .eh_frame      0x000000000002eae0       0xa4 build/cooja/mtype95.a(timer.o)
                                         0xbc (size before relaxing)
 .eh_frame      0x000000000002eb84      0x1a0 build/cooja/mtype95.a(list.o)
                                        0x1b8 (size before relaxing)
 .eh_frame      0x000000000002ed24       0xa0 build/cooja/mtype95.a(memb.o)
                                         0xb8 (size before relaxing)
 .eh_frame      0x000000000002edc4      0x144 build/cooja/mtype95.a(button-hal.o)
                                        0x15c (size before relaxing)
 .eh_frame      0x000000000002ef08       0x60 build/cooja/mtype95.a(serial-line.o)
                                         0x78 (size before relaxing)
 .eh_frame      0x000000000002ef68       0xe0 build/cooja/mtype95.a(gpio-hal.o)
                                         0xf8 (size before relaxing)
 .eh_frame      0x000000000002f048      0x1a0 build/cooja/mtype95.a(queuebuf.o)
                                        0x1b8 (size before relaxing)
 .eh_frame      0x000000000002f1e8      0x28c build/cooja/mtype95.a(packetbuf.o)
                                        0x2a4 (size before relaxing)
 .eh_frame      0x000000000002f474       0x80 build/cooja/mtype95.a(netstack.o)
                                         0x98 (size before relaxing)
 .eh_frame      0x000000000002f4f4       0x60 build/cooja/mtype95.a(linkaddr.o)
                                         0x78 (size before relaxing)
 .eh_frame      0x000000000002f554       0xe0 build/cooja/mtype95.a(csma.o)
                                         0xf8 (size before relaxing)
 .eh_frame      0x000000000002f634      0x1d0 build/cooja/mtype95.a(csma-output.o)
                                        0x1e8 (size before relaxing)
 .eh_frame      0x000000000002f804      0x328 build/cooja/mtype95.a(uip-ds6.o)
                                        0x340 (size before relaxing)
 .eh_frame      0x000000000002fb2c       0x40 build/cooja/mtype95.a(uip-udp-packet.)
                                         0x58 (size before relaxing)
 .eh_frame      0x000000000002fb6c      0x220 build/cooja/mtype95.a(uip-ds6-route.o)
                                        0x238 (size before relaxing)
 .eh_frame      0x000000000002fd8c      0x244 build/cooja/mtype95.a(tcpip.o)
                                        0x25c (size before relaxing)
 .eh_frame      0x000000000002ffd0      0x1e8 build/cooja/mtype95.a(uip6.o)
                                        0x200 (size before relaxing)
 .eh_frame      0x00000000000301b8      0x1c0 build/cooja/mtype95.a(uip-ds6-nbr.o)
                                        0x1d8 (size before relaxing)
 .eh_frame      0x0000000000030378       0x84 build/cooja/mtype95.a(uip-nd6.o)
                                         0x9c (size before relaxing)
 .eh_frame      0x00000000000303fc      0x2f8 build/cooja/mtype95.a(sicslowpan.o)
                                        0x310 (size before relaxing)
 .eh_frame      0x00000000000306f4       0x88 build/cooja/mtype95.a(uiplib.o)
                                         0xa0 (size before relaxing)
 .eh_frame      0x000000000003077c      0x1e0 build/cooja/mtype95.a(rpl.o)
                                        0x1f8 (size before relaxing)
 .eh_frame      0x000000000003095c      0x1c4 build/cooja/mtype95.a(rpl-icmp6.o)
                                        0x1dc (size before relaxing)
 .eh_frame      0x0000000000030b20       0xa0 build/cooja/mtype95.a(rpl-dag-root.o)
                                         0xb8 (size before relaxing)
 .eh_frame      0x0000000000030bc0       0xa0 build/cooja/mtype95.a(watchdog.o)
                                         0xb8 (size before relaxing)
 .eh_frame      0x0000000000030c60       0x80 build/cooja/mtype95.a(int-master.o)
                                         0x98 (size before relaxing)
 .eh_frame      0x0000000000030ce0       0xa4 build/cooja/mtype95.a(coap-timer-defa)
                                         0xbc (size before relaxing)
 .eh_frame      0x0000000000030d84       0xc4 build/cooja/mtype95.a(stimer.o)
                                         0xdc (size before relaxing)
 .eh_frame      0x0000000000030e48       0xa0 build/cooja/mtype95.a(ringbuf.o)
                                         0xb8 (size before relaxing)
 .eh_frame      0x0000000000030ee8       0x20 build/cooja/mtype95.a(assert.o)
                                         0x38 (size before relaxing)
 .eh_frame      0x0000000000030f08      0x2ac build/cooja/mtype95.a(nbr-table.o)
                                        0x2c4 (size before relaxing)
 .eh_frame      0x00000000000311b4      0x120 build/cooja/mtype95.a(link-stats.o)
                                        0x138 (size before relaxing)
 .eh_frame      0x00000000000312d4       0x48 build/cooja/mtype95.a(mac-sequence.o)
                                         0x60 (size before relaxing)
 .eh_frame      0x000000000003131c       0x20 build/cooja/mtype95.a(mac.o)
                                         0x38 (size before relaxing)
 .eh_frame      0x000000000003133c       0xa4 build/cooja/mtype95.a(framer-802154.o)
                                         0xbc (size before relaxing)
 .eh_frame      0x00000000000313e0      0x1a4 build/cooja/mtype95.a(frame802154.o)
                                        0x1bc (size before relaxing)
 .eh_frame      0x0000000000031584       0x40 build/cooja/mtype95.a(csma-security.o)
                                         0x58 (size before relaxing)
 .eh_frame      0x00000000000315c4      0x200 build/cooja/mtype95.a(uipbuf.o)
                                        0x218 (size before relaxing)
 .eh_frame      0x00000000000317c4      0x150 build/cooja/mtype95.a(uip-icmp6.o)
                                        0x168 (size before relaxing)
 .eh_frame      0x0000000000031914      0x184 build/cooja/mtype95.a(uip-sr.o)
                                        0x19c (size before relaxing)
 .eh_frame      0x0000000000031a98       0xe0 build/cooja/mtype95.a(uip-packetqueue)
                                         0xf8 (size before relaxing)
 .eh_frame      0x0000000000031b78       0x80 build/cooja/mtype95.a(rpl-nbr-policy.)
                                         0x98 (size before relaxing)
 .eh_frame      0x0000000000031bf8      0x2d4 build/cooja/mtype95.a(rpl-neighbor.o)
                                        0x2ec (size before relaxing)
 .eh_frame      0x0000000000031ecc      0x370 build/cooja/mtype95.a(rpl-dag.o)
                                        0x388 (size before relaxing)
 .eh_frame      0x000000000003223c      0x3a8 build/cooja/mtype95.a(rpl-timers.o)
                                        0x3c0 (size before relaxing)
 .eh_frame      0x00000000000325e4      0x124 build/cooja/mtype95.a(rpl-ext-header.)
                                        0x13c (size before relaxing)
 .eh_frame      0x0000000000032708      0x148 build/cooja/mtype95.a(rpl-mrhof.o)
                                        0x160 (size before relaxing)
 .eh_frame      0x0000000000032850       0x84 /usr/lib/gcc/i686-linux-gnu/5/libgcc.a(_udivdi3.o)
                                         0x9c (size before relaxing)
 .eh_frame      0x00000000000328d4        0x4 /usr/lib/gcc/i686-linux-gnu/5/crtendS.o
 *(.eh_frame.*)

.gcc_except_table
 *(.gcc_except_table .gcc_except_table.*)

.gnu_extab
 *(.gnu_extab*)

.exception_ranges
 *(.exception_ranges .exception_ranges*)
                0x0000000000033f10                . = DATA_SEGMENT_ALIGN (0x1000, 0x1000)

.eh_frame
 *(.eh_frame)
 *(.eh_frame.*)

.gnu_extab
 *(.gnu_extab)

.gcc_except_table
 *(.gcc_except_table .gcc_except_table.*)

.exception_ranges
 *(.exception_ranges .exception_ranges*)

.tdata
 *(.tdata .tdata.* .gnu.linkonce.td.*)

.tbss
 *(.tbss .tbss.* .gnu.linkonce.tb.*)
 *(.tcommon)

.preinit_array
 *(.preinit_array)

.init_array     0x0000000000033f10        0x4
 *(SORT(.init_array.*) SORT(.ctors.*))
 *(.init_array EXCLUDE_FILE(*crtend?.o *crtend.o *crtbegin?.o *crtbegin.o) .ctors)
 .init_array    0x0000000000033f10        0x4 /usr/lib/gcc/i686-linux-gnu/5/crtbeginS.o

.fini_array     0x0000000000033f14        0x4
 *(SORT(.fini_array.*) SORT(.dtors.*))
 *(.fini_array EXCLUDE_FILE(*crtend?.o *crtend.o *crtbegin?.o *crtbegin.o) .dtors)
 .fini_array    0x0000000000033f14        0x4 /usr/lib/gcc/i686-linux-gnu/5/crtbeginS.o

.ctors
 *crtbegin.o(.ctors)
 *crtbegin?.o(.ctors)
 *(EXCLUDE_FILE(*crtend?.o *crtend.o) .ctors)
 *(SORT(.ctors.*))
 *(.ctors)

.dtors
 *crtbegin.o(.dtors)
 *crtbegin?.o(.dtors)
 *(EXCLUDE_FILE(*crtend?.o *crtend.o) .dtors)
 *(SORT(.dtors.*))
 *(.dtors)

.jcr            0x0000000000033f18        0x4
 *(.jcr)
 .jcr           0x0000000000033f18        0x0 /usr/lib/gcc/i686-linux-gnu/5/crtbeginS.o
 .jcr           0x0000000000033f18        0x4 /usr/lib/gcc/i686-linux-gnu/5/crtendS.o

.data.rel.ro
 *(.data.rel.ro.local* .gnu.linkonce.d.rel.ro.local.*)
 *(.data.rel.ro .data.rel.ro.* .gnu.linkonce.d.rel.ro.*)

.dynamic        0x0000000000033f1c       0xd0
 *(.dynamic)
 .dynamic       0x0000000000033f1c       0xd0 /usr/lib/gcc/i686-linux-gnu/5/../../../i386-linux-gnu/crti.o
                0x0000000000033f1c                _DYNAMIC

.got            0x0000000000033fec       0x14
 *(.got)
 .got           0x0000000000033fec       0x14 /usr/lib/gcc/i686-linux-gnu/5/../../../i386-linux-gnu/crti.o
 *(.igot)
                0x0000000000034ff4                . = DATA_SEGMENT_RELRO_END (., (SIZEOF (.got.plt) >= 0xc)?0xc:0x0)

.got.plt        0x0000000000034000        0xc
 *(.got.plt)
 .got.plt       0x0000000000034000        0xc /usr/lib/gcc/i686-linux-gnu/5/../../../i386-linux-gnu/crti.o
                0x0000000000034000                _GLOBAL_OFFSET_TABLE_
 *(.igot.plt)

.data           0x0000000000034020      0x444
 *(.data .data.* .gnu.linkonce.d.*)
 .data          0x0000000000034020        0x0 /usr/lib/gcc/i686-linux-gnu/5/../../../i386-linux-gnu/crti.o
 .data          0x0000000000034020        0x0 /usr/lib/gcc/i686-linux-gnu/5/crtbeginS.o
 .data.rel.local
                0x0000000000034020        0x4 /usr/lib/gcc/i686-linux-gnu/5/crtbeginS.o
                0x0000000000034020                __dso_handle
 .data          0x0000000000034024       0x14 presence_server.o
                0x0000000000034024                presence_server
                0x0000000000034034                service_url
 *fill*         0x0000000000034038        0x8 
 .data          0x0000000000034040       0x44 build/cooja/mtype95.o
                0x0000000000034040                simInterfaces
                0x0000000000034074                sensors
 .data          0x0000000000034084        0x0 build/cooja/mtype95.a(simEnvChange.o)
 .data          0x0000000000034084        0x0 build/cooja/mtype95.a(cooja_mt.o)
 .data          0x0000000000034084        0x0 build/cooja/mtype95.a(cooja_mtarch.o)
 .data          0x0000000000034084        0x0 build/cooja/mtype95.a(rtimer-arch.o)
 .data          0x0000000000034084        0x0 build/cooja/mtype95.a(beep.o)
 .data          0x0000000000034084        0x0 build/cooja/mtype95.a(leds-arch.o)
 .data          0x0000000000034084        0x0 build/cooja/mtype95.a(moteid.o)
 .data          0x0000000000034084        0x0 build/cooja/mtype95.a(pir-sensor.o)
 .data          0x0000000000034084        0x0 build/cooja/mtype95.a(rs232.o)
 .data          0x0000000000034084        0x0 build/cooja/mtype95.a(vib-sensor.o)
 .data          0x0000000000034084        0x0 build/cooja/mtype95.a(clock.o)
 .data          0x0000000000034084        0x0 build/cooja/mtype95.a(cooja-log.o)
 .data          0x0000000000034084        0x0 build/cooja/mtype95.a(cfs-cooja.o)
 .data          0x0000000000034084       0x2c build/cooja/mtype95.a(cooja-radio.o)
                0x0000000000034084                simRadioHWOn
                0x0000000000034088                simSignalStrength
                0x000000000003408c                simLastSignalStrength
                0x0000000000034090                simPower
                0x0000000000034094                simRadioChannel
                0x0000000000034098                simLQI
                0x00000000000340a0                cooja_radio_process
 .data          0x00000000000340b0        0x0 build/cooja/mtype95.a(eeprom.o)
 .data          0x00000000000340b0        0x0 build/cooja/mtype95.a(random.o)
 .data          0x00000000000340b0       0x10 build/cooja/mtype95.a(sensors.o)
                0x00000000000340b0                sensors_process
 .data          0x00000000000340c0        0x0 build/cooja/mtype95.a(leds.o)
 .data          0x00000000000340c0        0x0 build/cooja/mtype95.a(gpio-hal-arch.o)
 .data          0x00000000000340c0       0x78 build/cooja/mtype95.a(buttons.o)
                0x00000000000340c0                simButtonIsActive
                0x0000000000034130                button_hal_buttons
 *fill*         0x0000000000034138        0x8 
 .data          0x0000000000034140       0x24 build/cooja/mtype95.a(presence_sensor)
                0x0000000000034140                presence_sensor
 .data          0x0000000000034164        0x0 build/cooja/mtype95.a(coap-blocking-a)
 .data          0x0000000000034164        0x8 build/cooja/mtype95.a(coap-engine.o)
 *fill*         0x000000000003416c       0x14 
 .data          0x0000000000034180       0x24 build/cooja/mtype95.a(coap-res-well-k)
                0x0000000000034180                res_well_known_core
 .data          0x00000000000341a4       0x10 build/cooja/mtype95.a(coap-observe.o)
 .data          0x00000000000341b4       0x10 build/cooja/mtype95.a(coap-uip.o)
                0x00000000000341b4                coap_engine
 .data          0x00000000000341c4        0x4 build/cooja/mtype95.a(coap-timer.o)
 .data          0x00000000000341c8       0x10 build/cooja/mtype95.a(coap-transactio)
 .data          0x00000000000341d8        0x4 build/cooja/mtype95.a(coap.o)
                0x00000000000341d8                coap_error_message
 .data          0x00000000000341dc        0x0 build/cooja/mtype95.a(contiki-main.o)
 .data          0x00000000000341dc        0x0 build/cooja/mtype95.a(autostart.o)
 .data          0x00000000000341dc       0x14 build/cooja/mtype95.a(ctimer.o)
                0x00000000000341e0                ctimer_process
 *fill*         0x00000000000341f0       0x10 
 .data          0x0000000000034200       0xbc build/cooja/mtype95.a(log.o)
                0x0000000000034200                curr_log_level_main
                0x0000000000034220                all_modules
 .data          0x00000000000342bc        0x0 build/cooja/mtype95.a(energest.o)
 .data          0x00000000000342bc       0x10 build/cooja/mtype95.a(etimer.o)
                0x00000000000342bc                etimer_process
 .data          0x00000000000342cc        0x0 build/cooja/mtype95.a(node-id.o)
 .data          0x00000000000342cc        0x0 build/cooja/mtype95.a(rtimer.o)
 .data          0x00000000000342cc        0x0 build/cooja/mtype95.a(process.o)
 .data          0x00000000000342cc        0x0 build/cooja/mtype95.a(timer.o)
 .data          0x00000000000342cc        0x0 build/cooja/mtype95.a(list.o)
 .data          0x00000000000342cc        0x0 build/cooja/mtype95.a(memb.o)
 .data          0x00000000000342cc       0x10 build/cooja/mtype95.a(button-hal.o)
                0x00000000000342cc                button_hal_process
 .data          0x00000000000342dc       0x10 build/cooja/mtype95.a(serial-line.o)
                0x00000000000342dc                serial_line_process
 .data          0x00000000000342ec        0x4 build/cooja/mtype95.a(gpio-hal.o)
 .data          0x00000000000342f0       0x18 build/cooja/mtype95.a(queuebuf.o)
 .data          0x0000000000034308        0x4 build/cooja/mtype95.a(packetbuf.o)
 .data          0x000000000003430c        0x4 build/cooja/mtype95.a(netstack.o)
 .data          0x0000000000034310        0x0 build/cooja/mtype95.a(linkaddr.o)
 .data          0x0000000000034310        0x0 build/cooja/mtype95.a(csma.o)
 .data          0x0000000000034310       0x28 build/cooja/mtype95.a(csma-output.o)
 .data          0x0000000000034338        0x0 build/cooja/mtype95.a(uip-ds6.o)
 .data          0x0000000000034338        0x0 build/cooja/mtype95.a(uip-udp-packet.)
 .data          0x0000000000034338       0x10 build/cooja/mtype95.a(uip-ds6-route.o)
 .data          0x0000000000034348       0x10 build/cooja/mtype95.a(tcpip.o)
                0x0000000000034348                tcpip_process
 .data          0x0000000000034358        0x0 build/cooja/mtype95.a(uip6.o)
 .data          0x0000000000034358       0x14 build/cooja/mtype95.a(uip-ds6-nbr.o)
 .data          0x000000000003436c        0xc build/cooja/mtype95.a(uip-nd6.o)
 .data          0x0000000000034378        0x0 build/cooja/mtype95.a(sicslowpan.o)
 .data          0x0000000000034378        0x0 build/cooja/mtype95.a(uiplib.o)
 .data          0x0000000000034378        0x0 build/cooja/mtype95.a(rpl.o)
 .data          0x0000000000034378       0x30 build/cooja/mtype95.a(rpl-icmp6.o)
 .data          0x00000000000343a8        0x0 build/cooja/mtype95.a(rpl-dag-root.o)
 .data          0x00000000000343a8        0x0 build/cooja/mtype95.a(watchdog.o)
 .data          0x00000000000343a8        0x0 build/cooja/mtype95.a(int-master.o)
 .data          0x00000000000343a8       0x10 build/cooja/mtype95.a(coap-timer-defa)
                0x00000000000343a8                coap_timer_process
 .data          0x00000000000343b8        0x0 build/cooja/mtype95.a(stimer.o)
 .data          0x00000000000343b8        0x0 build/cooja/mtype95.a(ringbuf.o)
 .data          0x00000000000343b8        0x0 build/cooja/mtype95.a(assert.o)
 .data          0x00000000000343b8       0x10 build/cooja/mtype95.a(nbr-table.o)
 .data          0x00000000000343c8       0x14 build/cooja/mtype95.a(link-stats.o)
 .data          0x00000000000343dc        0x0 build/cooja/mtype95.a(mac-sequence.o)
 .data          0x00000000000343dc        0x0 build/cooja/mtype95.a(mac.o)
 .data          0x00000000000343dc        0x0 build/cooja/mtype95.a(framer-802154.o)
 .data          0x00000000000343dc        0x2 build/cooja/mtype95.a(frame802154.o)
 .data          0x00000000000343de        0x0 build/cooja/mtype95.a(csma-security.o)
 .data          0x00000000000343de        0x0 build/cooja/mtype95.a(uipbuf.o)
 *fill*         0x00000000000343de        0x2 
 .data          0x00000000000343e0       0x20 build/cooja/mtype95.a(uip-icmp6.o)
 .data          0x0000000000034400       0x10 build/cooja/mtype95.a(uip-sr.o)
 .data          0x0000000000034410        0xc build/cooja/mtype95.a(uip-packetqueue)
 .data          0x000000000003441c        0x0 build/cooja/mtype95.a(rpl-nbr-policy.)
 .data          0x000000000003441c       0x14 build/cooja/mtype95.a(rpl-neighbor.o)
                0x000000000003442c                rpl_neighbors
 .data          0x0000000000034430        0x0 build/cooja/mtype95.a(rpl-dag.o)
 .data          0x0000000000034430        0x0 build/cooja/mtype95.a(rpl-timers.o)
 .data          0x0000000000034430        0x0 build/cooja/mtype95.a(rpl-ext-header.)
 *fill*         0x0000000000034430       0x10 
 .data          0x0000000000034440       0x24 build/cooja/mtype95.a(rpl-mrhof.o)
                0x0000000000034440                rpl_mrhof
 .data          0x0000000000034464        0x0 /usr/lib/gcc/i686-linux-gnu/5/libgcc.a(_udivdi3.o)
 .data          0x0000000000034464        0x0 /usr/lib/gcc/i686-linux-gnu/5/crtendS.o
 .data          0x0000000000034464        0x0 /usr/lib/gcc/i686-linux-gnu/5/../../../i386-linux-gnu/crtn.o

.tm_clone_table
                0x0000000000034464        0x0
 .tm_clone_table
                0x0000000000034464        0x0 /usr/lib/gcc/i686-linux-gnu/5/crtbeginS.o
 .tm_clone_table
                0x0000000000034464        0x0 /usr/lib/gcc/i686-linux-gnu/5/crtendS.o

.data1
 *(.data1)
                0x0000000000034464                _edata = .
                [!provide]                        PROVIDE (edata, .)
                0x0000000000034464                . = .
                0x0000000000034464                __bss_start = .

.bss            0x0000000000034480    0x13fa4
 *(.dynbss)
 .dynbss        0x0000000000034480        0x0 /usr/lib/gcc/i686-linux-gnu/5/../../../i386-linux-gnu/crti.o
 *(.bss .bss.* .gnu.linkonce.b.*)
 .bss           0x0000000000034480        0x0 /usr/lib/gcc/i686-linux-gnu/5/../../../i386-linux-gnu/crti.o
 .bss           0x0000000000034480        0x1 /usr/lib/gcc/i686-linux-gnu/5/crtbeginS.o
 *fill*         0x0000000000034481       0x1f 
 .bss           0x00000000000344a0      0x14c presence_server.o
 *fill*         0x00000000000345ec       0x14 
 .bss           0x0000000000034600     0x2030 build/cooja/mtype95.o
 .bss           0x0000000000036630        0x1 build/cooja/mtype95.a(simEnvChange.o)
                0x0000000000036630                simDontFallAsleep
 *fill*         0x0000000000036631        0x3 
 .bss           0x0000000000036634        0x4 build/cooja/mtype95.a(cooja_mt.o)
 .bss           0x0000000000036638        0x4 build/cooja/mtype95.a(cooja_mtarch.o)
 .bss           0x000000000003663c        0x0 build/cooja/mtype95.a(rtimer-arch.o)
 .bss           0x000000000003663c        0x0 build/cooja/mtype95.a(beep.o)
 .bss           0x000000000003663c        0x1 build/cooja/mtype95.a(leds-arch.o)
                0x000000000003663c                simLedsValue
 .bss           0x000000000003663d        0x0 build/cooja/mtype95.a(moteid.o)
 .bss           0x000000000003663d        0x1 build/cooja/mtype95.a(pir-sensor.o)
                0x000000000003663d                simPirValue
 *fill*         0x000000000003663e        0x2 
 .bss           0x0000000000036640        0x4 build/cooja/mtype95.a(rs232.o)
 .bss           0x0000000000036644        0x1 build/cooja/mtype95.a(vib-sensor.o)
                0x0000000000036644                simVibValue
 .bss           0x0000000000036645        0x0 build/cooja/mtype95.a(clock.o)
 *fill*         0x0000000000036645       0x1b 
 .bss           0x0000000000036660     0x2020 build/cooja/mtype95.a(cooja-log.o)
 .bss           0x0000000000038680      0xfc0 build/cooja/mtype95.a(cfs-cooja.o)
                0x0000000000038680                simCFSData
                0x0000000000039620                simCFSSize
                0x0000000000039624                simCFSChanged
                0x0000000000039628                simCFSRead
                0x000000000003962c                simCFSWritten
 .bss           0x0000000000039640       0x24 build/cooja/mtype95.a(cooja-radio.o)
                0x0000000000039640                simReceiving
                0x0000000000039644                simInSize
                0x0000000000039648                simLastPacketTimestamp
                0x0000000000039650                simOutSize
 .bss           0x0000000000039664        0xc build/cooja/mtype95.a(eeprom.o)
                0x0000000000039664                simEEPROMChanged
                0x0000000000039668                simEEPROMRead
                0x000000000003966c                simEEPROMWritten
 .bss           0x0000000000039670        0x0 build/cooja/mtype95.a(random.o)
 .bss           0x0000000000039670        0xc build/cooja/mtype95.a(sensors.o)
 .bss           0x000000000003967c        0x0 build/cooja/mtype95.a(leds.o)
 .bss           0x000000000003967c       0x24 build/cooja/mtype95.a(gpio-hal-arch.o)
 .bss           0x00000000000396a0        0x0 build/cooja/mtype95.a(buttons.o)
 .bss           0x00000000000396a0        0x1 build/cooja/mtype95.a(presence_sensor)
 .bss           0x00000000000396a1        0x0 build/cooja/mtype95.a(coap-blocking-a)
 *fill*         0x00000000000396a1       0x1f 
 .bss           0x00000000000396c0      0x190 build/cooja/mtype95.a(coap-engine.o)
 .bss           0x0000000000039850        0x0 build/cooja/mtype95.a(coap-res-well-k)
 *fill*         0x0000000000039850       0x10 
 .bss           0x0000000000039860      0x120 build/cooja/mtype95.a(coap-observe.o)
 .bss           0x0000000000039980       0x18 build/cooja/mtype95.a(coap-uip.o)
 .bss           0x0000000000039998        0x5 build/cooja/mtype95.a(coap-timer.o)
 *fill*         0x000000000003999d        0x3 
 .bss           0x00000000000399a0      0x334 build/cooja/mtype95.a(coap-transactio)
 .bss           0x0000000000039cd4        0x6 build/cooja/mtype95.a(coap.o)
                0x0000000000039cd4                coap_status_code
 .bss           0x0000000000039cda        0x0 build/cooja/mtype95.a(contiki-main.o)
 .bss           0x0000000000039cda        0x0 build/cooja/mtype95.a(autostart.o)
 *fill*         0x0000000000039cda        0x2 
 .bss           0x0000000000039cdc        0x5 build/cooja/mtype95.a(ctimer.o)
 *fill*         0x0000000000039ce1        0x3 
 .bss           0x0000000000039ce4       0x2c build/cooja/mtype95.a(log.o)
                0x0000000000039ce4                curr_log_level_rpl
                0x0000000000039ce8                curr_log_level_tcpip
                0x0000000000039cec                curr_log_level_ipv6
                0x0000000000039cf0                curr_log_level_6lowpan
                0x0000000000039cf4                curr_log_level_nullnet
                0x0000000000039cf8                curr_log_level_mac
                0x0000000000039cfc                curr_log_level_framer
                0x0000000000039d00                curr_log_level_6top
                0x0000000000039d04                curr_log_level_coap
                0x0000000000039d08                curr_log_level_snmp
                0x0000000000039d0c                curr_log_level_lwm2m
 .bss           0x0000000000039d10        0x0 build/cooja/mtype95.a(energest.o)
 .bss           0x0000000000039d10        0x8 build/cooja/mtype95.a(etimer.o)
 .bss           0x0000000000039d18        0x2 build/cooja/mtype95.a(node-id.o)
                0x0000000000039d18                node_id
 *fill*         0x0000000000039d1a        0x2 
 .bss           0x0000000000039d1c        0x4 build/cooja/mtype95.a(rtimer.o)
 .bss           0x0000000000039d20      0x1a1 build/cooja/mtype95.a(process.o)
                0x0000000000039d20                process_list
                0x0000000000039d24                process_current
 .bss           0x0000000000039ec1        0x0 build/cooja/mtype95.a(timer.o)
 .bss           0x0000000000039ec1        0x0 build/cooja/mtype95.a(list.o)
 .bss           0x0000000000039ec1        0x0 build/cooja/mtype95.a(memb.o)
 *fill*         0x0000000000039ec1        0x3 
 .bss           0x0000000000039ec4       0x10 build/cooja/mtype95.a(button-hal.o)
 *fill*         0x0000000000039ed4        0xc 
 .bss           0x0000000000039ee0      0x140 build/cooja/mtype95.a(serial-line.o)
 .bss           0x000000000003a020        0x4 build/cooja/mtype95.a(gpio-hal.o)
 *fill*         0x000000000003a024       0x1c 
 .bss           0x000000000003a040     0x2c80 build/cooja/mtype95.a(queuebuf.o)
 .bss           0x000000000003ccc0       0xa0 build/cooja/mtype95.a(packetbuf.o)
 .bss           0x000000000003cd60        0x4 build/cooja/mtype95.a(netstack.o)
 .bss           0x000000000003cd64        0x0 build/cooja/mtype95.a(linkaddr.o)
 .bss           0x000000000003cd64        0x0 build/cooja/mtype95.a(csma.o)
 *fill*         0x000000000003cd64       0x1c 
 .bss           0x000000000003cd80      0x726 build/cooja/mtype95.a(csma-output.o)
 *fill*         0x000000000003d4a6        0x2 
 .bss           0x000000000003d4a8       0x30 build/cooja/mtype95.a(uip-ds6.o)
 .bss           0x000000000003d4d8        0x0 build/cooja/mtype95.a(uip-udp-packet.)
 *fill*         0x000000000003d4d8        0x8 
 .bss           0x000000000003d4e0       0x60 build/cooja/mtype95.a(uip-ds6-route.o)
 .bss           0x000000000003d540       0x10 build/cooja/mtype95.a(tcpip.o)
 .bss           0x000000000003d550        0x8 build/cooja/mtype95.a(uip6.o)
                0x000000000003d550                uip_ext_bitmap
                0x000000000003d552                uip_ext_len
                0x000000000003d554                uip_last_proto
 *fill*         0x000000000003d558        0x8 
 .bss           0x000000000003d560     0x1c20 build/cooja/mtype95.a(uip-ds6-nbr.o)
 .bss           0x000000000003f180       0x10 build/cooja/mtype95.a(uip-nd6.o)
 *fill*         0x000000000003f190       0x10 
 .bss           0x000000000003f1a0      0x724 build/cooja/mtype95.a(sicslowpan.o)
 .bss           0x000000000003f8c4        0x0 build/cooja/mtype95.a(uiplib.o)
 .bss           0x000000000003f8c4        0x1 build/cooja/mtype95.a(rpl.o)
 .bss           0x000000000003f8c5        0x0 build/cooja/mtype95.a(rpl-icmp6.o)
 *fill*         0x000000000003f8c5        0x3 
 .bss           0x000000000003f8c8       0x11 build/cooja/mtype95.a(rpl-dag-root.o)
 .bss           0x000000000003f8d9        0x0 build/cooja/mtype95.a(watchdog.o)
 *fill*         0x000000000003f8d9        0x3 
 .bss           0x000000000003f8dc        0x4 build/cooja/mtype95.a(int-master.o)
 .bss           0x000000000003f8e0       0x1c build/cooja/mtype95.a(coap-timer-defa)
 .bss           0x000000000003f8fc        0x0 build/cooja/mtype95.a(stimer.o)