Archive member included to satisfy reference by file (symbol)

build/cooja/mtype506.a(simEnvChange.o)
                              build/cooja/mtype506.o (simDontFallAsleep)
build/cooja/mtype506.a(cooja_mt.o)
                              build/cooja/mtype506.o (cooja_mt_start)
build/cooja/mtype506.a(cooja_mtarch.o)
                              build/cooja/mtype506.a(cooja_mt.o) (cooja_mtarch_start)
build/cooja/mtype506.a(rtimer-arch.o)
                              build/cooja/mtype506.o (rtimer_arch_check)
build/cooja/mtype506.a(beep.o)
                              build/cooja/mtype506.o (beep_interface)
build/cooja/mtype506.a(leds-arch.o)
                              build/cooja/mtype506.o (leds_interface)
build/cooja/mtype506.a(moteid.o)
                              build/cooja/mtype506.o (moteid_interface)
build/cooja/mtype506.a(pir-sensor.o)
                              build/cooja/mtype506.o (pir_interface)
build/cooja/mtype506.a(rs232.o)
                              build/cooja/mtype506.o (rs232_interface)
build/cooja/mtype506.a(vib-sensor.o)
                              build/cooja/mtype506.o (vib_interface)
build/cooja/mtype506.a(clock.o)
                              build/cooja/mtype506.o (clock_interface)
build/cooja/mtype506.a(cooja-log.o)
                              build/cooja/mtype506.o (simlog_interface)
build/cooja/mtype506.a(cfs-cooja.o)
                              build/cooja/mtype506.o (cfs_interface)
build/cooja/mtype506.a(cooja-radio.o)
                              build/cooja/mtype506.o (radio_interface)
build/cooja/mtype506.a(eeprom.o)
                              build/cooja/mtype506.o (eeprom_interface)
build/cooja/mtype506.a(random.o)
                              build/cooja/mtype506.a(moteid.o) (random_init)
build/cooja/mtype506.a(sensors.o)
                              build/cooja/mtype506.a(pir-sensor.o) (sensors_changed)
build/cooja/mtype506.a(leds.o)
                              build/cooja/mtype506.a(leds-arch.o) (leds_get)
build/cooja/mtype506.a(gpio-hal-arch.o)
                              build/cooja/mtype506.a(leds-arch.o) (gpio_hal_arch_register_pin_callback)
build/cooja/mtype506.a(buttons.o)
                              build/cooja/mtype506.o (button_interface)
build/cooja/mtype506.a(presence_sensor)
                              sensor_server.o (presence_sensor)
build/cooja/mtype506.a(coap-engine.o)
                              sensor_server.o (coap_activate_resource)
build/cooja/mtype506.a(coap-res-well-k)
                              build/cooja/mtype506.a(coap-engine.o) (res_well_known_core)
build/cooja/mtype506.a(coap-observe.o)
                              build/cooja/mtype506.a(coap-engine.o) (coap_remove_observer_by_mid)
build/cooja/mtype506.a(coap-uip.o)
                              build/cooja/mtype506.a(coap-observe.o) (coap_endpoint_copy)
build/cooja/mtype506.a(coap-timer.o)
                              build/cooja/mtype506.a(coap-engine.o) (coap_timer_set)
build/cooja/mtype506.a(coap-transactio)
                              build/cooja/mtype506.a(coap-engine.o) (coap_send_transaction)
build/cooja/mtype506.a(coap.o)
                              build/cooja/mtype506.a(coap-engine.o) (coap_status_code)
build/cooja/mtype506.a(contiki-main.o)
                              build/cooja/mtype506.o (main)
build/cooja/mtype506.a(autostart.o)
                              build/cooja/mtype506.a(contiki-main.o) (autostart_start)
build/cooja/mtype506.a(ctimer.o)
                              build/cooja/mtype506.a(contiki-main.o) (ctimer_init)
build/cooja/mtype506.a(log.o)
                              build/cooja/mtype506.a(contiki-main.o) (curr_log_level_main)
build/cooja/mtype506.a(energest.o)
                              build/cooja/mtype506.a(contiki-main.o) (energest_init)
build/cooja/mtype506.a(etimer.o)
                              build/cooja/mtype506.a(contiki-main.o) (etimer_process)
build/cooja/mtype506.a(node-id.o)
                              build/cooja/mtype506.a(contiki-main.o) (node_id)
build/cooja/mtype506.a(rtimer.o)
                              build/cooja/mtype506.a(contiki-main.o) (rtimer_init)
build/cooja/mtype506.a(process.o)
                              sensor_server.o (process_current)
build/cooja/mtype506.a(timer.o)
                              build/cooja/mtype506.a(etimer.o) (timer_set)
build/cooja/mtype506.a(list.o)
                              build/cooja/mtype506.a(coap-engine.o) (list_init)
build/cooja/mtype506.a(memb.o)
                              build/cooja/mtype506.a(coap-observe.o) (memb_alloc)
build/cooja/mtype506.a(button-hal.o)
                              build/cooja/mtype506.o (button_hal_init)
build/cooja/mtype506.a(serial-line.o)
                              build/cooja/mtype506.a(rs232.o) (serial_line_input_byte)
build/cooja/mtype506.a(gpio-hal.o)
                              build/cooja/mtype506.a(button-hal.o) (gpio_hal_register_handler)
build/cooja/mtype506.a(queuebuf.o)
[...]
Memory Configuration

Name             Origin             Length             Attributes
*default*        0x0000000000000000 0xffffffffffffffff

Linker script and memory map

LOAD /usr/lib/gcc/i686-linux-gnu/5/../../../i386-linux-gnu/crti.o
LOAD /usr/lib/gcc/i686-linux-gnu/5/crtbeginS.o
LOAD sensor_server.o
LOAD build/cooja/mtype506.o
LOAD build/cooja/mtype506.a
LOAD /usr/lib/gcc/i686-linux-gnu/5/libgcc.a
LOAD /usr/lib/gcc/i686-linux-gnu/5/libgcc_s.so
LOAD /usr/lib/gcc/i686-linux-gnu/5/../../../i386-linux-gnu/libc.so
START GROUP
LOAD /lib/i386-linux-gnu/libc.so.6
LOAD /usr/lib/i386-linux-gnu/libc_nonshared.a
LOAD /lib/i386-linux-gnu/ld-linux.so.2
END GROUP
LOAD /usr/lib/gcc/i686-linux-gnu/5/libgcc.a
LOAD /usr/lib/gcc/i686-linux-gnu/5/libgcc_s.so
LOAD /usr/lib/gcc/i686-linux-gnu/5/crtendS.o
LOAD /usr/lib/gcc/i686-linux-gnu/5/../../../i386-linux-gnu/crtn.o
                0x0000000000000114                . = (0x0 + SIZEOF_HEADERS)

.note.gnu.build-id
                0x0000000000000114       0x24
 *(.note.gnu.build-id)
 .note.gnu.build-id
                0x0000000000000114       0x24 /usr/lib/gcc/i686-linux-gnu/5/../../../i386-linux-gnu/crti.o

.hash
 *(.hash)

.gnu.hash       0x0000000000000138     0x1580
 *(.gnu.hash)
 .gnu.hash      0x0000000000000138     0x1580 /usr/lib/gcc/i686-linux-gnu/5/../../../i386-linux-gnu/crti.o

.dynsym         0x00000000000016b8     0x2e90
 *(.dynsym)
 .dynsym        0x00000000000016b8     0x2e90 /usr/lib/gcc/i686-linux-gnu/5/../../../i386-linux-gnu/crti.o

.dynstr         0x0000000000004548     0x3637
 *(.dynstr)
 .dynstr        0x0000000000004548     0x3637 /usr/lib/gcc/i686-linux-gnu/5/../../../i386-linux-gnu/crti.o

.gnu.version    0x0000000000007b80      0x5d2
 *(.gnu.version)
 .gnu.version   0x0000000000007b80      0x5d2 /usr/lib/gcc/i686-linux-gnu/5/../../../i386-linux-gnu/crti.o

.gnu.version_d  0x0000000000008154        0x0
 *(.gnu.version_d)
 .gnu.version_d
                0x0000000000008154        0x0 /usr/lib/gcc/i686-linux-gnu/5/../../../i386-linux-gnu/crti.o

.gnu.version_r  0x0000000000008154       0x40
 *(.gnu.version_r)
 .gnu.version_r
                0x0000000000008154       0x40 /usr/lib/gcc/i686-linux-gnu/5/../../../i386-linux-gnu/crti.o

.rel.dyn        0x0000000000008194     0x8eb0
 *(.rel.init)
 .rel.init      0x0000000000008194        0x0 /usr/lib/gcc/i686-linux-gnu/5/../../../i386-linux-gnu/crti.o
 *(.rel.text .rel.text.* .rel.gnu.linkonce.t.*)
 .rel.text      0x0000000000008194     0x8500 /usr/lib/gcc/i686-linux-gnu/5/../../../i386-linux-gnu/crti.o
 *(.rel.fini)
 .rel.fini      0x0000000000010694        0x0 /usr/lib/gcc/i686-linux-gnu/5/../../../i386-linux-gnu/crti.o
 *(.rel.rodata .rel.rodata.* .rel.gnu.linkonce.r.*)
 .rel.rodata    0x0000000000010694      0x588 /usr/lib/gcc/i686-linux-gnu/5/../../../i386-linux-gnu/crti.o
 *(.rel.data.rel.ro .rel.data.rel.ro.* .rel.gnu.linkonce.d.rel.ro.*)
 *(.rel.data .rel.data.* .rel.gnu.linkonce.d.*)
 .rel.data.rel.local
                0x0000000000010c1c        0x8 /usr/lib/gcc/i686-linux-gnu/5/../../../i386-linux-gnu/crti.o
 .rel.data      0x0000000000010c24      0x3e8 /usr/lib/gcc/i686-linux-gnu/5/../../../i386-linux-gnu/crti.o
 *(.rel.tdata .rel.tdata.* .rel.gnu.linkonce.td.*)
 *(.rel.tbss .rel.tbss.* .rel.gnu.linkonce.tb.*)
 *(.rel.ctors)
 *(.rel.dtors)
 *(.rel.got)
 .rel.got       0x000000000001100c       0x28 /usr/lib/gcc/i686-linux-gnu/5/../../../i386-linux-gnu/crti.o
 *(.rel.bss .rel.bss.* .rel.gnu.linkonce.b.*)
 *(.rel.ifunc)
 .rel.ifunc     0x0000000000011034        0x0 /usr/lib/gcc/i686-linux-gnu/5/../../../i386-linux-gnu/crti.o
 .rel.fini_array
                0x0000000000011034        0x8 /usr/lib/gcc/i686-linux-gnu/5/../../../i386-linux-gnu/crti.o
 .rel.init_array
                0x000000000001103c        0x8 /usr/lib/gcc/i686-linux-gnu/5/../../../i386-linux-gnu/crti.o

.rel.plt        0x0000000000011044        0x0
 *(.rel.plt)
 .rel.plt       0x0000000000011044        0x0 /usr/lib/gcc/i686-linux-gnu/5/../../../i386-linux-gnu/crti.o
 *(.rel.iplt)

.init           0x0000000000011044       0x23
 *(SORT(.init))
 .init          0x0000000000011044       0x1e /usr/lib/gcc/i686-linux-gnu/5/../../../i386-linux-gnu/crti.o
                0x0000000000011044                _init
 .init          0x0000000000011062        0x5 /usr/lib/gcc/i686-linux-gnu/5/../../../i386-linux-gnu/crtn.o

.plt            0x0000000000011070       0x10
 *(.plt)
 .plt           0x0000000000011070       0x10 /usr/lib/gcc/i686-linux-gnu/5/../../../i386-linux-gnu/crti.o
 *(.iplt)

.plt.got        0x0000000000011080       0x10
 *(.plt.got)
 .plt.got       0x0000000000011080       0x10 /usr/lib/gcc/i686-linux-gnu/5/../../../i386-linux-gnu/crti.o

.text           0x0000000000011090    0x18092
 *(.text.unlikely .text.*_unlikely .text.unlikely.*)
 .text.unlikely
                0x0000000000011090        0x0 /usr/lib/gcc/i686-linux-gnu/5/crtbeginS.o
 .text.unlikely
                0x0000000000011090        0x0 /usr/lib/gcc/i686-linux-gnu/5/libgcc.a(_udivdi3.o)
 *(.text.exit .text.exit.*)
 *(.text.startup .text.startup.*)
 *(.text.hot .text.hot.*)
 *(.text .stub .text.* .gnu.linkonce.t.*)
 .text          0x0000000000011090        0x0 /usr/lib/gcc/i686-linux-gnu/5/../../../i386-linux-gnu/crti.o
 .gnu.linkonce.t.__x86.get_pc_thunk.bx
                0x0000000000011090        0x4 /usr/lib/gcc/i686-linux-gnu/5/../../../i386-linux-gnu/crti.o
                0x0000000000011090                __x86.get_pc_thunk.bx
 *fill*         0x0000000000011094        0xc 
 .text          0x00000000000110a0      0x11c /usr/lib/gcc/i686-linux-gnu/5/crtbeginS.o
 .text.__x86.get_pc_thunk.dx
                0x00000000000111bc        0x4 /usr/lib/gcc/i686-linux-gnu/5/crtbeginS.o
                0x00000000000111bc                __x86.get_pc_thunk.dx
 .text          0x00000000000111c0      0x129 sensor_server.o
 .text          0x00000000000112e9      0x283 build/cooja/mtype506.o
                0x000000000001137b                platform_init_stage_one
                0x000000000001138e                platform_init_stage_two
                0x00000000000113a1                platform_init_stage_three
                0x00000000000113b4                platform_main_loop
                0x0000000000011427                Java_org_contikios_cooja_corecomm_Lib5_init
                0x000000000001145e                Java_org_contikios_cooja_corecomm_Lib5_getMemory
                0x0000000000011491                Java_org_contikios_cooja_corecomm_Lib5_setMemory
                0x00000000000114f1                Java_org_contikios_cooja_corecomm_Lib5_tick
                0x0000000000011559                Java_org_contikios_cooja_corecomm_Lib5_setReferenceAddress
 .text          0x000000000001156c       0x65 build/cooja/mtype506.a(simEnvChange.o)
                0x000000000001156c                doActionsBeforeTick
                0x000000000001159e                doActionsAfterTick
 .text          0x00000000000115d1       0x83 build/cooja/mtype506.a(cooja_mt.o)
                0x00000000000115d1                cooja_mt_start
                0x00000000000115fb                cooja_mt_exec
                0x0000000000011631                cooja_mt_yield
 .text          0x0000000000011654       0xbe build/cooja/mtype506.a(cooja_mtarch.o)
                0x0000000000011654                cooja_mtarch_start
                0x00000000000116c7                cooja_sw
                0x00000000000116ea                cooja_mtarch_exec
                0x0000000000011707                cooja_mtarch_yield
 .text          0x0000000000011712       0xc5 build/cooja/mtype506.a(rtimer-arch.o)
                0x0000000000011712                rtimer_arch_init
                0x0000000000011736                rtimer_arch_schedule
                0x0000000000011766                rtimer_arch_next
                0x0000000000011776                rtimer_arch_pending
                0x0000000000011780                rtimer_arch_check
                0x00000000000117c7                rtimer_arch_now
 .text          0x00000000000117d7       0x81 build/cooja/mtype506.a(beep.o)
                0x00000000000117d7                beep_alarm
                0x00000000000117e4                beep_beep
                0x00000000000117f1                beep
                0x00000000000117fe                beep_down
                0x000000000001180b                beep_on
                0x0000000000011818                beep_off
                0x0000000000011825                beep_spinup
                0x0000000000011832                beep_quick
                0x000000000001183f                beep_long
 .text          0x0000000000011858       0x65 build/cooja/mtype506.a(leds-arch.o)
                0x000000000001186b                leds_arch_init
 .text          0x00000000000118bd       0x35 build/cooja/mtype506.a(moteid.o)
 .text          0x00000000000118f2       0xb7 build/cooja/mtype506.a(pir-sensor.o)
 .text          0x00000000000119a9      0x148 build/cooja/mtype506.a(rs232.o)
                0x00000000000119a9                rs232_init
                0x00000000000119af                rs232_set_speed
                0x00000000000119be                rs232_set_input
                0x00000000000119cc                rs232_send
                0x00000000000119f0                rs232_print
                0x0000000000011a0c                slip_arch_writeb
 .text          0x0000000000011af1       0xb7 build/cooja/mtype506.a(vib-sensor.o)
 .text          0x0000000000011ba8       0x38 build/cooja/mtype506.a(clock.o)
                0x0000000000011ba8                clock_init
                0x0000000000011bae                clock_time
                0x0000000000011bb8                clock_seconds
                0x0000000000011bce                clock_delay
 .text          0x0000000000011be0      0x219 build/cooja/mtype506.a(cooja-log.o)
                0x0000000000011be0                simlog_char
                0x0000000000011c23                simlog
                0x0000000000011c99                log_message
                0x0000000000011cca                log_set_putchar_with_slip
                0x0000000000011cd8                log_putchar
                0x0000000000011d53                log_puts
                0x0000000000011d7b                log_printf
 .text          0x0000000000011df9      0x2b9 build/cooja/mtype506.a(cfs-cooja.o)
                0x0000000000011df9                cfs_open
                0x0000000000011e62                cfs_close
                0x0000000000011e6f                cfs_read
                0x0000000000011f04                cfs_write
                0x0000000000011fe0                cfs_seek
                0x0000000000012068                cfs_remove
                0x000000000001208c                cfs_opendir
                0x0000000000012096                cfs_readdir
                0x00000000000120a0                cfs_closedir
 .text          0x00000000000120b2      0x620 build/cooja/mtype506.a(cooja-radio.o)
                0x00000000000120f4                radio_set_channel
                0x0000000000012102                radio_set_txpower
                0x000000000001211a                radio_signal_strength_last
                0x0000000000012124                radio_signal_strength_current
                0x000000000001212e                radio_LQI
 .text          0x00000000000126d2       0xee build/cooja/mtype506.a(eeprom.o)
                0x00000000000126d2                eeprom_init
                0x00000000000126d8                eeprom_read
                0x0000000000012746                eeprom_write
 .text          0x00000000000127c0       0x2d build/cooja/mtype506.a(random.o)
                0x00000000000127c0                random_init
                0x00000000000127e0                random_rand
 .text          0x00000000000127ed      0x29c build/cooja/mtype506.a(sensors.o)
                0x0000000000012828                sensors_first
                0x0000000000012832                sensors_next
                0x000000000001284c                sensors_changed
                0x0000000000012880                sensors_find
 .text          0x0000000000012a89      0x349 build/cooja/mtype506.a(leds.o)
                0x0000000000012a89                leds_init
                0x0000000000012ad0                leds_single_on
                0x0000000000012b2f                leds_single_off
                0x0000000000012b8e                leds_single_toggle
                0x0000000000012bc0                leds_on
                0x0000000000012c42                leds_off
                0x0000000000012cc4                leds_toggle
                0x0000000000012d19                leds_set
                0x0000000000012d45                leds_get
 .text          0x0000000000012dd2      0x343 build/cooja/mtype506.a(gpio-hal-arch.o)
                0x0000000000012dd2                gpio_hal_arch_register_pin_callback
                0x0000000000012e3e                gpio_hal_arch_init
                0x0000000000012e83                gpio_hal_arch_no_port_interrupt_enable
                0x0000000000012eb3                gpio_hal_arch_no_port_interrupt_disable
                0x0000000000012ee3                gpio_hal_arch_no_port_pin_cfg_set
                0x0000000000012f08                gpio_hal_arch_no_port_pin_cfg_get
                0x0000000000012f2e                gpio_hal_arch_no_port_pin_set_input
                0x0000000000012f40                gpio_hal_arch_no_port_pin_set_output
                0x0000000000012f52                gpio_hal_arch_no_port_set_pin
                0x0000000000012f73                gpio_hal_arch_no_port_clear_pin
                0x0000000000012f94                gpio_hal_arch_no_port_read_pin
                0x0000000000012fba                gpio_hal_arch_no_port_write_pin
                0x0000000000012fe4                gpio_hal_arch_no_port_set_pins
                0x000000000001302b                gpio_hal_arch_no_port_clear_pins
                0x0000000000013072                gpio_hal_arch_no_port_read_pins
                0x00000000000130b5                gpio_hal_arch_no_port_write_pins
 .text          0x0000000000013115       0x89 build/cooja/mtype506.a(buttons.o)
 .text          0x000000000001319e      0x128 build/cooja/mtype506.a(presence_sensor)
 .text          0x00000000000132c6      0xbea build/cooja/mtype506.a(coap-engine.o)
                0x000000000001335b                coap_add_handler
                0x0000000000013378                coap_remove_handler
                0x0000000000013395                coap_call_handlers
                0x000000000001349d                coap_receive
                0x0000000000013a98                coap_engine_init
                0x0000000000013af6                coap_activate_resource
                0x0000000000013ba1                coap_get_first_resource
                0x0000000000013bba                coap_get_next_resource
 .text          0x0000000000013eb0      0x2d9 build/cooja/mtype506.a(coap-res-well-k)
 .text          0x0000000000014189      0x96a build/cooja/mtype506.a(coap-observe.o)
                0x000000000001429e                coap_remove_observer
                0x00000000000142ce                coap_remove_observer_by_client
                0x0000000000014336                coap_remove_observer_by_token
                0x00000000000143c9                coap_remove_observer_by_uri
                0x0000000000014470                coap_remove_observer_by_mid
                0x00000000000144ec                coap_notify_observers
                0x0000000000014505                coap_notify_observers_sub
                0x000000000001496f                coap_observe_handler
                0x0000000000014a8a                coap_has_observers
 .text          0x0000000000014af3      0x733 build/cooja/mtype506.a(coap-uip.o)
                0x0000000000014af3                coap_endpoint_log
                0x0000000000014b79                coap_endpoint_print
                0x0000000000014bff                coap_endpoint_snprint
                0x0000000000014d32                coap_endpoint_copy
                0x0000000000014d6f                coap_endpoint_cmp
                0x0000000000014e7d                coap_endpoint_parse
                0x0000000000015068                coap_endpoint_is_secure
                0x0000000000015077                coap_endpoint_is_connected
                0x00000000000150ab                coap_endpoint_connect
                0x00000000000150c7                coap_endpoint_disconnect
                0x00000000000150cd                coap_databuf
                0x00000000000150d7                coap_transport_init
                0x0000000000015127                coap_sendto
 .text          0x0000000000015226      0x324 build/cooja/mtype506.a(coap-timer.o)
                0x0000000000015323                coap_timer_stop
                0x000000000001534e                coap_timer_set
                0x0000000000015391                coap_timer_reset
                0x00000000000153d4                coap_timer_time_to_next_expiration
                0x0000000000015440                coap_timer_run
                0x000000000001550c                coap_timer_init
 .text          0x000000000001554a      0x2c6 build/cooja/mtype506.a(coap-transactio)
                0x00000000000155b0                coap_new_transaction
                0x0000000000015616                coap_send_transaction
                0x0000000000015777                coap_clear_transaction
                0x00000000000157bf                coap_get_transaction_by_mid
 .text          0x0000000000015810     0x1c53 build/cooja/mtype506.a(coap.o)
                0x0000000000015d7d                coap_init_connection
                0x0000000000015d91                coap_get_mid
                0x0000000000015dad                coap_init_message
                0x0000000000015df6                coap_serialize_message
                0x0000000000016478                coap_parse_message
                0x0000000000016adf                coap_get_query_variable
                0x0000000000016b21                coap_get_post_variable
                0x0000000000016b65                coap_set_status_code
                0x0000000000016b8a                coap_set_token
                0x0000000000016bd1                coap_get_header_content_format
                0x0000000000016c02                coap_set_header_content_format
                0x0000000000016c25                coap_get_header_accept
                0x0000000000016c56                coap_set_header_accept
                0x0000000000016c79                coap_get_header_max_age
                0x0000000000016caa                coap_set_header_max_age
                0x0000000000016cca                coap_get_header_etag
                0x0000000000016cfc                coap_set_header_etag
                0x0000000000016d53                coap_get_header_if_match
                0x0000000000016d85                coap_set_header_if_match
                0x0000000000016ddc                coap_get_header_if_none_match
                0x0000000000016df6                coap_set_header_if_none_match
                0x0000000000016e0d                coap_get_header_proxy_uri
                0x0000000000016e3b                coap_set_header_proxy_uri
                0x0000000000016e78                coap_get_header_uri_host
                0x0000000000016ea6                coap_set_header_uri_host
                0x0000000000016ee3                coap_get_header_uri_path
                0x0000000000016f11                coap_set_header_uri_path
                0x0000000000016f5e                coap_get_header_uri_query
                0x0000000000016f92                coap_set_header_uri_query
                0x0000000000016fe8                coap_get_header_location_path
                0x0000000000017016                coap_set_header_location_path
                0x00000000000170af                coap_get_header_location_query
                0x00000000000170dd                coap_set_header_location_query
                0x000000000001712a                coap_get_header_observe
                0x0000000000017159                coap_set_header_observe
                0x0000000000017179                coap_get_header_block2
                0x00000000000171e5                coap_set_header_block2
                0x000000000001725c                coap_get_header_block1
                0x00000000000172d1                coap_set_header_block1
                0x000000000001734c                coap_get_header_size2
                0x000000000001737c                coap_set_header_size2
                0x000000000001739f                coap_get_header_size1
                0x00000000000173cf                coap_set_header_size1
                0x00000000000173f2                coap_get_payload
                0x000000000001742c                coap_set_payload
 .text          0x0000000000017463      0x332 build/cooja/mtype506.a(contiki-main.o)
                0x0000000000017463                main
 .text          0x0000000000017795       0x92 build/cooja/mtype506.a(autostart.o)
                0x0000000000017795                autostart_start
                0x00000000000177df                autostart_exit
 .text          0x0000000000017827      0x355 build/cooja/mtype506.a(ctimer.o)
                0x000000000001794f                ctimer_init
                0x0000000000017982                ctimer_set
                0x00000000000179a8                ctimer_set_with_process
                0x0000000000017a25                ctimer_reset
                0x0000000000017a79                ctimer_restart
                0x0000000000017acd                ctimer_stop
                0x0000000000017b1d                ctimer_expired
 .text          0x0000000000017b7c      0x394 build/cooja/mtype506.a(log.o)
                0x0000000000017b7c                log_6addr
                0x0000000000017bcf                log_6addr_compact_snprint
                0x0000000000017c6d                log_6addr_compact
                0x0000000000017cc0                log_lladdr
                0x0000000000017d32                log_lladdr_compact
                0x0000000000017d9a                log_set_level
                0x0000000000017e55                log_get_level
                0x0000000000017ece                log_level_to_str
 .text          0x0000000000017f10       0x1b build/cooja/mtype506.a(energest.o)
                0x0000000000017f10                energest_init
                0x0000000000017f16                energest_flush
                0x0000000000017f1c                energest_get_total_time
 .text          0x0000000000017f2b      0x43f build/cooja/mtype506.a(etimer.o)
                0x000000000001814f                etimer_request_poll
                0x00000000000181d8                etimer_set
                0x0000000000018201                etimer_reset_with_new_interval
                0x0000000000018230                etimer_reset
                0x0000000000018256                etimer_restart
                0x000000000001827c                etimer_adjust
                0x0000000000018299                etimer_expired
                0x00000000000182ac                etimer_expiration_time
                0x00000000000182be                etimer_start_time
                0x00000000000182c8                etimer_pending
                0x00000000000182da                etimer_next_expiration_time
                0x00000000000182f4                etimer_stop
 .text          0x000000000001836a       0x25 build/cooja/mtype506.a(node-id.o)
                0x000000000001836a                node_id_init
 .text          0x000000000001838f       0xeb build/cooja/mtype506.a(rtimer.o)
                0x000000000001838f                rtimer_init
                0x000000000001839d                rtimer_set
                0x0000000000018418                rtimer_run_next
 .text          0x000000000001847a      0x4fb build/cooja/mtype506.a(process.o)
                0x000000000001847a                process_alloc_event
                0x000000000001848f                process_start
                0x0000000000018669                process_exit
                0x0000000000018686                process_init
                0x000000000001881b                process_run
                0x000000000001884e                process_nevents
                0x0000000000018869                process_post
                0x00000000000188fc                process_post_synch
                0x0000000000018931                process_poll
                0x0000000000018961                process_is_running
 .text          0x0000000000018975       0xb1 build/cooja/mtype506.a(timer.o)
                0x0000000000018975                timer_set
                0x0000000000018993                timer_reset
                0x00000000000189c0                timer_restart
                0x00000000000189d5                timer_expired
                0x0000000000018a02                timer_remaining
 .text          0x0000000000018a26      0x28f build/cooja/mtype506.a(list.o)
                0x0000000000018a26                list_init
                0x0000000000018a35                list_head
                0x0000000000018a3f                list_copy
                0x0000000000018a4f                list_tail
                0x0000000000018a85                list_add
                0x0000000000018ad1                list_push
                0x0000000000018afd                list_chop
                0x0000000000018b67                list_pop
                0x0000000000018b8f                list_remove
                0x0000000000018bf7                list_length
                0x0000000000018c25                list_insert
                0x0000000000018c6a                list_item_next
                0x0000000000018c81                list_contains
 .text          0x0000000000018cb5      0x1b5 build/cooja/mtype506.a(memb.o)
                0x0000000000018cb5                memb_init
                0x0000000000018d0a                memb_alloc
                0x0000000000018d6d                memb_free
                0x0000000000018de4                memb_inmemb
                0x0000000000018e23                memb_numfree
 .text          0x0000000000018e6a      0x41c build/cooja/mtype506.a(button-hal.o)
                0x0000000000018fe3                button_hal_get_by_id
                0x0000000000019021                button_hal_get_by_index
                0x000000000001904d                button_hal_get_state
                0x000000000001909f                button_hal_init
 .text          0x0000000000019286      0x1f3 build/cooja/mtype506.a(serial-line.o)
                0x0000000000019286                serial_line_input_byte
                0x0000000000019444                serial_line_init
 .text          0x0000000000019479      0x168 build/cooja/mtype506.a(gpio-hal.o)
                0x0000000000019479                gpio_hal_register_handler
                0x0000000000019496                gpio_hal_event_handler
                0x00000000000194f2                gpio_hal_init
                0x0000000000019511                gpio_hal_arch_port_toggle_pin
                0x000000000001954d                gpio_hal_arch_port_toggle_pins
                0x000000000001957b                gpio_hal_arch_no_port_toggle_pin
                0x00000000000195b9                gpio_hal_arch_no_port_toggle_pins
 .text          0x00000000000195e1      0x2e7 build/cooja/mtype506.a(queuebuf.o)
                0x00000000000195eb                queuebuf_init
                0x0000000000019614                queuebuf_numfree
                0x000000000001962c                queuebuf_new_from_packetbuf
                0x00000000000196cb                queuebuf_update_attr_from_packetbuf
                0x0000000000019700                queuebuf_update_from_packetbuf
                0x0000000000019750                queuebuf_free
                0x0000000000019799                queuebuf_to_packetbuf
                0x0000000000019805                queuebuf_dataptr
                0x000000000001983f                queuebuf_datalen
                0x0000000000019862                queuebuf_addr
                0x0000000000019897                queuebuf_attr
                0x00000000000198c2                queuebuf_debug_print
 .text          0x00000000000198c8      0x407 build/cooja/mtype506.a(packetbuf.o)
                0x00000000000198c8                packetbuf_clear
                0x00000000000198f3                packetbuf_copyfrom
                0x0000000000019942                packetbuf_copyto
                0x00000000000199d5                packetbuf_hdralloc
                0x0000000000019a51                packetbuf_hdrreduce
                0x0000000000019a97                packetbuf_set_datalen
                0x0000000000019ab1                packetbuf_dataptr
                0x0000000000019ace                packetbuf_hdrptr
                0x0000000000019ad8                packetbuf_datalen
                0x0000000000019ae4                packetbuf_hdrlen
                0x0000000000019afb                packetbuf_totlen
                0x0000000000019b11                packetbuf_remaininglen
                0x0000000000019b24                packetbuf_attr_clear
                0x0000000000019b70                packetbuf_attr_copyto
                0x0000000000019bc8                packetbuf_attr_copyfrom
                0x0000000000019c20                packetbuf_set_attr
                0x0000000000019c4a                packetbuf_attr
                0x0000000000019c64                packetbuf_set_addr
                0x0000000000019c95                packetbuf_addr
                0x0000000000019cb2                packetbuf_holds_broadcast
 .text          0x0000000000019ccf       0xef build/cooja/mtype506.a(netstack.o)
                0x0000000000019ccf                netstack_process_ip_callback
                0x0000000000019d60                netstack_ip_packet_processor_add
                0x0000000000019d83                uip_ds6_ip_packet_processor_rm
                0x0000000000019da0                netstack_init
 .text          0x0000000000019dbe       0x4f build/cooja/mtype506.a(linkaddr.o)
                0x0000000000019dbe                linkaddr_copy
                0x0000000000019dd4                linkaddr_cmp
                0x0000000000019df7                linkaddr_set_node_addr
 .text          0x0000000000019e0d      0x1f6 build/cooja/mtype506.a(csma.o)
 .text          0x000000000001a003      0x95d build/cooja/mtype506.a(csma-output.o)
                0x000000000001a69a                csma_output_packet
                0x000000000001a927                csma_output_init
 .text          0x000000000001a960      0xc11 build/cooja/mtype506.a(uip-ds6.o)
                0x000000000001a960                uip_ds6_default_prefix
                0x000000000001a96a                uip_ds6_set_default_prefix
                0x000000000001a995                uip_ds6_init
                0x000000000001abf7                uip_ds6_periodic
                0x000000000001ac7e                uip_ds6_list_loop
                0x000000000001ad3e                uip_ds6_prefix_add
                0x000000000001adea                uip_ds6_prefix_rm
                0x000000000001adfd                uip_ds6_prefix_lookup
                0x000000000001ae3c                uip_ds6_is_addr_onlink
                0x000000000001aeaf                uip_ds6_addr_add
                0x000000000001afcf                uip_ds6_addr_rm
                0x000000000001b078                uip_ds6_addr_lookup
                0x000000000001b0b1                uip_ds6_get_link_local
                0x000000000001b132                uip_ds6_get_global
                0x000000000001b1b3                uip_ds6_maddr_add
                0x000000000001b213                uip_ds6_maddr_rm
                0x000000000001b226                uip_ds6_maddr_lookup
                0x000000000001b25f                uip_ds6_aaddr_add
                0x000000000001b2bf                uip_ds6_aaddr_rm
                0x000000000001b2d2                uip_ds6_aaddr_lookup
                0x000000000001b30b                uip_ds6_select_src
                0x000000000001b454                uip_ds6_set_addr_iid
                0x000000000001b47f                uip_ds6_set_lladdr_from_iid
                0x000000000001b4a8                get_match_length
                0x000000000001b539                uip_ds6_compute_reachable_time
 .text          0x000000000001b571      0x128 build/cooja/mtype506.a(uip-udp-packet.)
                0x000000000001b571                uip_udp_packet_send
                0x000000000001b5cc                uip_udp_packet_sendto
 .text          0x000000000001b699      0x35b build/cooja/mtype506.a(uip-ds6-route.o)
                0x000000000001b6ea                uip_ds6_route_init
                0x000000000001b714                uip_ds6_route_nexthop
                0x000000000001b71e                uip_ds6_route_head
                0x000000000001b728                uip_ds6_route_next
                0x000000000001b732                uip_ds6_route_is_nexthop
                0x000000000001b73c                uip_ds6_route_num_routes
                0x000000000001b746                uip_ds6_route_lookup
                0x000000000001b750                uip_ds6_route_add
                0x000000000001b763                uip_ds6_route_rm
                0x000000000001b769                uip_ds6_route_rm_by_nexthop
                0x000000000001b76f                uip_ds6_defrt_head
                0x000000000001b788                uip_ds6_defrt_add
                0x000000000001b836                uip_ds6_defrt_rm
                0x000000000001b89c                uip_ds6_defrt_lookup
                0x000000000001b903                uip_ds6_defrt_choose
                0x000000000001b979                uip_ds6_defrt_periodic
 .text          0x000000000001b9f4      0x6f7 build/cooja/mtype506.a(tcpip.o)
                0x000000000001ba0e                tcpip_output
                0x000000000001ba8d                udp_attach
                0x000000000001baa5                udp_new
                0x000000000001baef                udp_broadcast_new
                0x000000000001bc61                tcpip_input
                0x000000000001bdf1                tcpip_ipv6_output
                0x000000000001bfe5                tcpip_poll_udp
                0x000000000001c003                tcpip_uipcall
 .text          0x000000000001c0eb     0x1205 build/cooja/mtype506.a(uip6.o)
                0x000000000001c19a                uip_chksum
                0x000000000001c271                uip_icmp6chksum
                0x000000000001c286                uip_udpchksum
                0x000000000001c29b                uip_init
                0x000000000001c2e4                uip_remove_ext_hdr
                0x000000000001c3be                uip_udp_new
                0x000000000001c6d2                uip_process
                0x000000000001d1ca                uip_htons
                0x000000000001d1ec                uip_htonl
                0x000000000001d22a                uip_send
 .text          0x000000000001d2f0      0x369 build/cooja/mtype506.a(uip-ds6-nbr.o)
                0x000000000001d2f0                uip_ds6_neighbors_init
                0x000000000001d314                uip_ds6_nbr_add
                0x000000000001d39a                uip_ds6_nbr_rm
                0x000000000001d3e5                uip_ds6_nbr_update_ll
                0x000000000001d4d3                uip_ds6_nbr_get_ipaddr
                0x000000000001d4e8                uip_ds6_nbr_get_ll
                0x000000000001d504                uip_ds6_nbr_num
                0x000000000001d54d                uip_ds6_nbr_head
                0x000000000001d566                uip_ds6_nbr_next
                0x000000000001d582                uip_ds6_nbr_lookup
                0x000000000001d5da                uip_ds6_nbr_ll_lookup
                0x000000000001d5f6                uip_ds6_nbr_ipaddr_from_lladdr
                0x000000000001d61f                uip_ds6_nbr_lladdr_from_ipaddr
                0x000000000001d653                uip_ds6_link_callback
 .text          0x000000000001d659      0x6a7 build/cooja/mtype506.a(uip-nd6.o)
                0x000000000001dce7                uip_nd6_init
 .text          0x000000000001dd00     0x2c17 build/cooja/mtype506.a(sicslowpan.o)
                0x000000000001e307                netstack_sniffer_add
                0x000000000001e315                netstack_sniffer_remove
                0x00000000000208eb                sicslowpan_init
                0x000000000002090d                sicslowpan_get_last_rssi
 .text          0x0000000000020917      0x4d1 build/cooja/mtype506.a(uiplib.o)
                0x0000000000020917                uiplib_ip6addrconv
                0x0000000000020acf                uiplib_ip4addrconv
                0x0000000000020b92                uiplib_ipaddr_print
                0x0000000000020be5                uiplib_ipaddr_snprint
 .text          0x0000000000020de8      0x4c9 build/cooja/mtype506.a(rpl.o)
                0x0000000000020de8                rpl_lollipop_greater_than
                0x0000000000020e42                rpl_get_global_address
                0x0000000000020f3a                rpl_link_callback
                0x0000000000020f7e                rpl_has_joined
                0x0000000000020fa3                rpl_is_reachable
                0x0000000000021024                rpl_reset_prefix
                0x000000000002108e                rpl_set_prefix_from_addr
                0x0000000000021173                rpl_set_prefix
                0x000000000002128d                rpl_set_leaf_only
                0x00000000000212a5                rpl_get_leaf_only
 .text          0x00000000000212b1     0x138c build/cooja/mtype506.a(rpl-icmp6.o)
                0x00000000000213d6                rpl_icmp6_update_nbr_table
                0x000000000002145f                rpl_icmp6_dis_output
                0x0000000000021aa5                rpl_icmp6_dio_output
                0x00000000000222a3                rpl_icmp6_dao_output
                0x0000000000022584                rpl_icmp6_dao_ack_output
                0x00000000000225f4                rpl_icmp6_init
 .text          0x000000000002263d      0x264 build/cooja/mtype506.a(rpl-dag-root.o)
                0x000000000002263d                rpl_dag_root_print_links
                0x0000000000022769                rpl_dag_root_set_prefix
                0x0000000000022795                rpl_dag_root_start
                0x0000000000022872                rpl_dag_root_is_root
 .text          0x00000000000228a1       0x30 build/cooja/mtype506.a(watchdog.o)
                0x00000000000228a1                watchdog_init
                0x00000000000228a7                watchdog_start
                0x00000000000228ad                watchdog_periodic
                0x00000000000228c5                watchdog_stop
                0x00000000000228cb                watchdog_reboot
 .text          0x00000000000228d1       0x4a build/cooja/mtype506.a(int-master.o)
                0x00000000000228d1                int_master_enable
                0x00000000000228e1                int_master_read_and_disable
                0x00000000000228fe                int_master_status_set
                0x000000000002290c                int_master_is_enabled
 .text          0x000000000002291b      0x226 build/cooja/mtype506.a(coap-timer-defa)
 .text          0x0000000000022b41       0xc7 build/cooja/mtype506.a(stimer.o)
                0x0000000000022b41                stimer_set
                0x0000000000022b5f                stimer_reset
                0x0000000000022b8c                stimer_restart
                0x0000000000022ba1                stimer_expired
                0x0000000000022bcc                stimer_remaining
                0x0000000000022bf0                stimer_elapsed
 .text          0x0000000000022c08      0x156 build/cooja/mtype506.a(ringbuf.o)
                0x0000000000022c08                ringbuf_init
                0x0000000000022c3a                ringbuf_put
                0x0000000000022cb8                ringbuf_get
                0x0000000000022d25                ringbuf_size
                0x0000000000022d37                ringbuf_elements
 .text          0x0000000000022d5e       0x1f build/cooja/mtype506.a(assert.o)
                0x0000000000022d5e                _xassert
 .text          0x0000000000022d7d      0x79b build/cooja/mtype506.a(nbr-table.o)
                0x00000000000231f6                nbr_table_register
                0x0000000000023263                nbr_table_is_registered
                0x000000000002329e                nbr_table_head
                0x00000000000232f9                nbr_table_next
                0x000000000002335a                nbr_table_add_lladdr
                0x0000000000023434                nbr_table_get_from_lladdr
                0x0000000000023480                nbr_table_remove
                0x00000000000234b8                nbr_table_lock
                0x00000000000234d2                nbr_table_unlock
                0x00000000000234ec                nbr_table_get_lladdr
 .text          0x0000000000023518      0x3a5 build/cooja/mtype506.a(link-stats.o)
                0x0000000000023518                link_stats_from_lladdr
                0x0000000000023534                link_stats_get_lladdr
                0x0000000000023550                link_stats_is_fresh
                0x000000000002358c                guess_etx_from_rssi
                0x0000000000023608                link_stats_packet_sent
                0x0000000000023728                link_stats_input_callback
                0x0000000000023838                link_stats_reset
                0x0000000000023888                link_stats_init
 .text          0x00000000000238bd      0x187 build/cooja/mtype506.a(mac-sequence.o)
                0x00000000000238bd                mac_sequence_is_duplicate
                0x000000000002395d                mac_sequence_register_seqno
 .text          0x0000000000023a44       0x23 build/cooja/mtype506.a(mac.o)
                0x0000000000023a44                mac_call_sent_callback
 .text          0x0000000000023a67      0x432 build/cooja/mtype506.a(framer-802154.o)
                0x0000000000023bf6                framer_802154_setup_params
 .text          0x0000000000023e99      0xb6f build/cooja/mtype506.a(frame802154.o)
                0x0000000000023eca                frame802154_get_pan_id
                0x0000000000023ed6                frame802154_set_pan_id
                0x0000000000023ef0                frame802154_has_panid
                0x000000000002409f                frame802154_check_dest_panid
                0x0000000000024127                frame802154_is_broadcast_addr
                0x0000000000024174                frame802154_extract_linkaddr
                0x00000000000243d9                frame802154_hdrlen
                0x000000000002444c                frame802154_create_fcf
                0x0000000000024504                frame802154_create
                0x0000000000024679                frame802154_parse_fcf
                0x000000000002475b                frame802154_parse
 .text          0x0000000000024a08       0x2d build/cooja/mtype506.a(csma-security.o)
                0x0000000000024a08                csma_security_create_frame
                0x0000000000024a26                csma_security_parse_frame
 .text          0x0000000000024a35      0x4e4 build/cooja/mtype506.a(uipbuf.o)
                0x0000000000024a35                uipbuf_clear
                0x0000000000024a5c                uipbuf_add_ext_hdr
                0x0000000000024adc                uipbuf_set_len
                0x0000000000024b09                uipbuf_set_len_field
                0x0000000000024b35                uipbuf_get_len_field
                0x0000000000024b55                uipbuf_get_next_header
                0x0000000000024c87                uipbuf_get_last_header
                0x0000000000024d00                uipbuf_search_header
                0x0000000000024db6                uipbuf_get_attr
                0x0000000000024ddd                uipbuf_set_attr
                0x0000000000024e14                uipbuf_set_default_attr
                0x0000000000024e4b                uipbuf_clear_attr
                0x0000000000024e6f                uipbuf_set_attr_flag
                0x0000000000024e90                uipbuf_clr_attr_flag
                0x0000000000024eb7                uipbuf_is_attr_flag
                0x0000000000024edb                uipbuf_init
 .text          0x0000000000024f19      0x73f build/cooja/mtype506.a(uip-icmp6.o)
                0x0000000000024f8e                uip_icmp6_input
                0x0000000000024fe5                uip_icmp6_register_input_handler
                0x0000000000025138                uip_icmp6_error_output
                0x00000000000253e9                uip_icmp6_send
                0x00000000000255e0                uip_icmp6_echo_reply_callback_add
                0x0000000000025612                uip_icmp6_echo_reply_callback_rm
                0x000000000002562f                uip_icmp6_init
 .text          0x0000000000025658      0x69b build/cooja/mtype506.a(uip-sr.o)
                0x0000000000025658                uip_sr_num_nodes
                0x00000000000256e6                uip_sr_get_node
                0x000000000002573d                uip_sr_is_addr_reachable
                0x00000000000257eb                uip_sr_expire_parent
                0x0000000000025834                uip_sr_update_node
                0x0000000000025964                uip_sr_init
                0x0000000000025998                uip_sr_node_head
                0x00000000000259b1                uip_sr_node_next
                0x00000000000259c7                uip_sr_periodic
                0x0000000000025acd                uip_sr_free_all
                0x0000000000025b3d                uip_sr_link_snprint
 .text          0x0000000000025cf3      0x146 build/cooja/mtype506.a(uip-packetqueue)
                0x0000000000025d21                uip_packetqueue_new
                0x0000000000025d30                uip_packetqueue_alloc
                0x0000000000025d8b                uip_packetqueue_free
                0x0000000000025dd2                uip_packetqueue_buf
                0x0000000000025def                uip_packetqueue_buflen
                0x0000000000025e10                uip_packetqueue_set_buflen
 .text          0x0000000000025e39      0x1b0 build/cooja/mtype506.a(rpl-nbr-policy.)
                0x0000000000025fa6                rpl_nbr_policy_find_removable
 .text          0x0000000000025fe9      0x915 build/cooja/mtype506.a(rpl-neighbor.o)
                0x0000000000026065                rpl_neighbor_snprint
                0x0000000000026318                rpl_neighbor_print_list
                0x00000000000263cd                rpl_neighbor_count
                0x0000000000026474                rpl_neighbor_get_from_lladdr
                0x0000000000026490                rpl_neighbor_is_acceptable_parent
                0x00000000000264c4                rpl_neighbor_get_link_metric
                0x00000000000264f8                rpl_neighbor_rank_via_nbr
                0x000000000002652c                rpl_neighbor_get_lladdr
                0x0000000000026548                rpl_neighbor_get_ipaddr
                0x000000000002656f                rpl_neighbor_get_link_stats
                0x0000000000026596                rpl_neighbor_is_fresh
                0x00000000000265bd                rpl_neighbor_is_reachable
                0x0000000000026608                rpl_neighbor_is_parent
                0x0000000000026632                rpl_neighbor_set_preferred_parent
                0x00000000000266c9                rpl_neighbor_remove_all
                0x0000000000026725                rpl_neighbor_get_from_ipaddr
                0x0000000000026833                rpl_neighbor_select_best
                0x00000000000268df                rpl_neighbor_init
 .text          0x00000000000268fe      0xe69 build/cooja/mtype506.a(rpl-dag.o)
                0x00000000000268fe                rpl_dag_state_to_str
                0x000000000002693d                rpl_dag_get_root_ipaddr
                0x0000000000026985                rpl_dag_leave
                0x0000000000026a0e                rpl_dag_poison_and_leave
                0x0000000000026a26                rpl_dag_periodic
                0x0000000000026aae                rpl_is_addr_in_our_dag
                0x0000000000026af2                rpl_get_default_instance
                0x0000000000026b0e                rpl_get_any_dag
                0x0000000000026b67                rpl_refresh_routes
                0x0000000000026ba7                rpl_global_repair
                0x0000000000026c40                rpl_local_repair
                0x0000000000026c8a                rpl_dag_ready_to_advertise
                0x0000000000026ccd                rpl_dag_update_state
                0x00000000000273fa                rpl_process_dio
                0x0000000000027478                rpl_process_dis
                0x00000000000274bd                rpl_process_dao
                0x000000000002754c                rpl_process_dao_ack
                0x00000000000275e3                rpl_process_hbh
                0x0000000000027633                rpl_dag_init_root
                0x0000000000027747                rpl_dag_init
 .text          0x0000000000027767      0x9e7 build/cooja/mtype506.a(rpl-timers.o)
                0x0000000000027767                rpl_timers_schedule_periodic_dis
                0x00000000000278b5                rpl_timers_dio_reset
                0x00000000000279c3                rpl_timers_schedule_unicast_dio
                0x0000000000027b17                rpl_timers_schedule_dao
                0x0000000000027bd6                rpl_timers_schedule_dao_ack
                0x0000000000027c5c                rpl_timers_notify_dao_ack
                0x0000000000027cba                get_probing_delay
                0x0000000000027cee                get_probing_target
                0x0000000000027ed8                rpl_schedule_probing
                0x0000000000027f06                rpl_schedule_probing_now
                0x0000000000027f70                rpl_timers_unschedule_leaving
                0x0000000000027fa8                rpl_timers_schedule_leaving
                0x0000000000027fe9                rpl_timers_init
                0x0000000000028079                rpl_timers_stop_dag_timers
                0x00000000000280f2                rpl_timers_unschedule_state_update
                0x0000000000028116                rpl_timers_schedule_state_update
 .text          0x000000000002814e      0xb8e build/cooja/mtype506.a(rpl-ext-header.)
                0x000000000002814e                rpl_ext_header_srh_get_next_hop
                0x0000000000028235                rpl_ext_header_srh_update
                0x00000000000287a1                rpl_ext_header_hbh_update
                0x0000000000028aa1                rpl_ext_header_update
                0x0000000000028b2a                rpl_ext_header_remove
 .text          0x0000000000028cdc      0x31b build/cooja/mtype506.a(rpl-mrhof.o)
 *fill*         0x0000000000028ff7        0x9 
 .text          0x0000000000029000      0x122 /usr/lib/gcc/i686-linux-gnu/5/libgcc.a(_udivdi3.o)
                0x0000000000029000                __udivdi3
 .text          0x0000000000029122        0x0 /usr/lib/gcc/i686-linux-gnu/5/crtendS.o
 .text          0x0000000000029122        0x0 /usr/lib/gcc/i686-linux-gnu/5/../../../i386-linux-gnu/crtn.o
 *(.gnu.warning)

.fini           0x0000000000029124       0x14
 *(SORT(.fini))
 .fini          0x0000000000029124        0xf /usr/lib/gcc/i686-linux-gnu/5/../../../i386-linux-gnu/crti.o
                0x0000000000029124                _fini
 .fini          0x0000000000029133        0x5 /usr/lib/gcc/i686-linux-gnu/5/../../../i386-linux-gnu/crtn.o
                [!provide]                        PROVIDE (__etext, .)
                [!provide]                        PROVIDE (_etext, .)
                [!provide]                        PROVIDE (etext, .)

.rodata         0x0000000000029140      0xa2b
 *(.rodata .rodata.* .gnu.linkonce.r.*)
 .rodata        0x0000000000029140       0x6c sensor_server.o
                0x000000000002915c                autostart_processes
 .rodata        0x00000000000291ac        0x8 build/cooja/mtype506.a(beep.o)
                0x00000000000291ac                beep_interface
 .rodata        0x00000000000291b4        0xe build/cooja/mtype506.a(leds-arch.o)
                0x00000000000291b4                leds_interface
                0x00000000000291bc                leds_arch_leds
 *fill*         0x00000000000291c2        0x2 
 .rodata        0x00000000000291c4        0x8 build/cooja/mtype506.a(moteid.o)
                0x00000000000291c4                moteid_interface
 .rodata        0x00000000000291cc       0x1c build/cooja/mtype506.a(pir-sensor.o)
                0x00000000000291cc                pir_interface
                0x00000000000291d8                pir_sensor
 .rodata        0x00000000000291e8        0xe build/cooja/mtype506.a(rs232.o)
                0x00000000000291e8                rs232_interface
 *fill*         0x00000000000291f6        0x2 
 .rodata        0x00000000000291f8       0x24 build/cooja/mtype506.a(vib-sensor.o)
                0x00000000000291f8                vib_interface
                0x000000000002920c                vib_sensor
 .rodata        0x000000000002921c        0x8 build/cooja/mtype506.a(clock.o)
                0x000000000002921c                clock_interface
 .rodata        0x0000000000029224        0x8 build/cooja/mtype506.a(cooja-log.o)
                0x0000000000029224                simlog_interface
 .rodata        0x000000000002922c       0x2f build/cooja/mtype506.a(cfs-cooja.o)
                0x000000000002922c                cfs_interface
 *fill*         0x000000000002925b        0x5 
 .rodata        0x0000000000029260       0xb8 build/cooja/mtype506.a(cooja-radio.o)
                0x0000000000029260                radio_interface
                0x00000000000292e0                cooja_radio_driver
 .rodata        0x0000000000029318        0x8 build/cooja/mtype506.a(eeprom.o)
                0x0000000000029318                eeprom_interface
 .rodata        0x0000000000029320        0x8 build/cooja/mtype506.a(sensors.o)
 .rodata        0x0000000000029328       0x2c build/cooja/mtype506.a(buttons.o)
                0x0000000000029328                button_interface
                0x000000000002933c                button_hal_button_count
                0x0000000000029344                button_sensor
 .rodata        0x0000000000029354       0x66 build/cooja/mtype506.a(presence_sensor)
 .rodata        0x00000000000293ba       0x41 build/cooja/mtype506.a(coap-engine.o)
 .rodata        0x00000000000293fb       0x19 build/cooja/mtype506.a(coap-res-well-k)
 .rodata        0x0000000000029414       0x11 build/cooja/mtype506.a(coap-observe.o)
 .rodata        0x0000000000029425       0x35 build/cooja/mtype506.a(coap-uip.o)
 *fill*         0x000000000002945a        0x2 
 .rodata        0x000000000002945c      0x1ac build/cooja/mtype506.a(coap.o)
 .rodata        0x0000000000029608       0xf8 build/cooja/mtype506.a(contiki-main.o)
 .rodata        0x0000000000029700        0xf build/cooja/mtype506.a(ctimer.o)
 *fill*         0x000000000002970f        0x1 
 .rodata        0x0000000000029710       0xc4 build/cooja/mtype506.a(log.o)
 .rodata        0x00000000000297d4        0xc build/cooja/mtype506.a(etimer.o)
 .rodata        0x00000000000297e0       0x13 build/cooja/mtype506.a(button-hal.o)
 .rodata        0x00000000000297f3        0xe build/cooja/mtype506.a(serial-line.o)
 *fill*         0x0000000000029801        0x3 
 .rodata        0x0000000000029804        0x8 build/cooja/mtype506.a(linkaddr.o)
                0x0000000000029804                linkaddr_null
 .rodata        0x000000000002980c       0x24 build/cooja/mtype506.a(csma.o)
                0x0000000000029814                csma_driver
 .rodata        0x0000000000029830       0x27 build/cooja/mtype506.a(csma-output.o)
 *fill*         0x0000000000029857        0x1 
 .rodata        0x0000000000029858       0x4d build/cooja/mtype506.a(uip-ds6-route.o)
 .rodata        0x00000000000298a5        0xd build/cooja/mtype506.a(tcpip.o)
 *fill*         0x00000000000298b2        0x2 
 .rodata        0x00000000000298b4       0x30 build/cooja/mtype506.a(sicslowpan.o)
                0x00000000000298b4                unc_llconf
                0x00000000000298b8                unc_ctxconf
                0x00000000000298bc                unc_mxconf
                0x00000000000298c0                llprefix
                0x00000000000298d4                sicslowpan_driver
 .rodata        0x00000000000298e4       0x2d build/cooja/mtype506.a(uiplib.o)
 *fill*         0x0000000000029911        0xf 
 .rodata        0x0000000000029920       0x74 build/cooja/mtype506.a(rpl.o)
                0x0000000000029940                rpl_lite_driver
 .rodata        0x0000000000029994       0x20 build/cooja/mtype506.a(coap-timer-defa)
                0x00000000000299a8                coap_timer_default_driver
 .rodata        0x00000000000299b4       0x25 build/cooja/mtype506.a(assert.o)
 *fill*         0x00000000000299d9        0x3 
 .rodata        0x00000000000299dc        0xc build/cooja/mtype506.a(framer-802154.o)
                0x00000000000299dc                framer_802154
 .rodata        0x00000000000299e8       0x44 build/cooja/mtype506.a(uip-sr.o)
 .rodata        0x0000000000029a2c       0x58 build/cooja/mtype506.a(rpl-neighbor.o)
 .rodata        0x0000000000029a84       0xdb build/cooja/mtype506.a(rpl-dag.o)
 .rodata        0x0000000000029b5f        0xc build/cooja/mtype506.a(rpl-timers.o)

.rodata1
 *(.rodata1)

.eh_frame_hdr   0x0000000000029b6c     0x19c4
 *(.eh_frame_hdr)
 .eh_frame_hdr  0x0000000000029b6c     0x19c4 sensor_server.o
                0x0000000000029b6c                __GNU_EH_FRAME_HDR
 *(.eh_frame_entry .eh_frame_entry.*)

.eh_frame       0x000000000002b530     0x6884
 *(.eh_frame)
 .eh_frame      0x000000000002b530       0x3c /usr/lib/gcc/i686-linux-gnu/5/../../../i386-linux-gnu/crti.o
                                         0x40 (size before relaxing)
 .eh_frame      0x000000000002b56c       0x20 sensor_server.o
                                         0x38 (size before relaxing)
 .eh_frame      0x000000000002b58c      0x178 build/cooja/mtype506.o
                                        0x190 (size before relaxing)
 .eh_frame      0x000000000002b704       0x40 build/cooja/mtype506.a(simEnvChange.o)
                                         0x58 (size before relaxing)
 .eh_frame      0x000000000002b744       0x60 build/cooja/mtype506.a(cooja_mt.o)
                                         0x78 (size before relaxing)
 .eh_frame      0x000000000002b7a4       0x80 build/cooja/mtype506.a(cooja_mtarch.o)
                                         0x98 (size before relaxing)
 .eh_frame      0x000000000002b824       0xc8 build/cooja/mtype506.a(rtimer-arch.o)
                                         0xe0 (size before relaxing)
 .eh_frame      0x000000000002b8ec      0x160 build/cooja/mtype506.a(beep.o)
                                        0x178 (size before relaxing)
 .eh_frame      0x000000000002ba4c       0x80 build/cooja/mtype506.a(leds-arch.o)
                                         0x98 (size before relaxing)
 .eh_frame      0x000000000002bacc       0x40 build/cooja/mtype506.a(moteid.o)
                                         0x58 (size before relaxing)
 .eh_frame      0x000000000002bb0c       0xa0 build/cooja/mtype506.a(pir-sensor.o)
                                         0xb8 (size before relaxing)
 .eh_frame      0x000000000002bbac      0x100 build/cooja/mtype506.a(rs232.o)
                                        0x118 (size before relaxing)
 .eh_frame      0x000000000002bcac       0xa0 build/cooja/mtype506.a(vib-sensor.o)
                                         0xb8 (size before relaxing)
 .eh_frame      0x000000000002bd4c       0xc0 build/cooja/mtype506.a(clock.o)
                                         0xd8 (size before relaxing)
 .eh_frame      0x000000000002be0c      0x120 build/cooja/mtype506.a(cooja-log.o)
                                        0x138 (size before relaxing)
 .eh_frame      0x000000000002bf2c      0x160 build/cooja/mtype506.a(cfs-cooja.o)
                                        0x178 (size before relaxing)
 .eh_frame      0x000000000002c08c      0x340 build/cooja/mtype506.a(cooja-radio.o)
                                        0x358 (size before relaxing)
 .eh_frame      0x000000000002c3cc       0xa0 build/cooja/mtype506.a(eeprom.o)
                                         0xb8 (size before relaxing)
 .eh_frame      0x000000000002c46c       0x40 build/cooja/mtype506.a(random.o)
                                         0x58 (size before relaxing)
 .eh_frame      0x000000000002c4ac       0xc0 build/cooja/mtype506.a(sensors.o)
                                         0xd8 (size before relaxing)
 .eh_frame      0x000000000002c56c      0x120 build/cooja/mtype506.a(leds.o)
                                        0x138 (size before relaxing)
 .eh_frame      0x000000000002c68c      0x220 build/cooja/mtype506.a(gpio-hal-arch.o)
                                        0x238 (size before relaxing)
 .eh_frame      0x000000000002c8ac       0xa0 build/cooja/mtype506.a(buttons.o)
                                         0xb8 (size before relaxing)
 .eh_frame      0x000000000002c94c       0x60 build/cooja/mtype506.a(presence_sensor)
                                         0x78 (size before relaxing)
 .eh_frame      0x000000000002c9ac      0x220 build/cooja/mtype506.a(coap-engine.o)
                                        0x238 (size before relaxing)
 .eh_frame      0x000000000002cbcc       0x24 build/cooja/mtype506.a(coap-res-well-k)
                                         0x3c (size before relaxing)
 .eh_frame      0x000000000002cbf0      0x188 build/cooja/mtype506.a(coap-observe.o)
                                        0x1a0 (size before relaxing)
 .eh_frame      0x000000000002cd78      0x250 build/cooja/mtype506.a(coap-uip.o)
                                        0x268 (size before relaxing)
 .eh_frame      0x000000000002cfc8      0x114 build/cooja/mtype506.a(coap-timer.o)
                                        0x12c (size before relaxing)
 .eh_frame      0x000000000002d0dc      0x100 build/cooja/mtype506.a(coap-transactio)
                                        0x118 (size before relaxing)
 .eh_frame      0x000000000002d1dc      0x6ec build/cooja/mtype506.a(coap.o)
                                        0x704 (size before relaxing)
 .eh_frame      0x000000000002d8c8       0x30 build/cooja/mtype506.a(contiki-main.o)
                                         0x48 (size before relaxing)
 .eh_frame      0x000000000002d8f8       0x40 build/cooja/mtype506.a(autostart.o)
                                         0x58 (size before relaxing)
 .eh_frame      0x000000000002d938      0x100 build/cooja/mtype506.a(ctimer.o)
                                        0x118 (size before relaxing)
 .eh_frame      0x000000000002da38      0x100 build/cooja/mtype506.a(log.o)
                                        0x118 (size before relaxing)
 .eh_frame      0x000000000002db38       0x60 build/cooja/mtype506.a(energest.o)
                                         0x78 (size before relaxing)
 .eh_frame      0x000000000002db98      0x1e0 build/cooja/mtype506.a(etimer.o)
                                        0x1f8 (size before relaxing)
 .eh_frame      0x000000000002dd78       0x20 build/cooja/mtype506.a(node-id.o)
                                         0x38 (size before relaxing)
 .eh_frame      0x000000000002dd98       0x60 build/cooja/mtype506.a(rtimer.o)
                                         0x78 (size before relaxing)
 .eh_frame      0x000000000002ddf8      0x1c4 build/cooja/mtype506.a(process.o)
                                        0x1dc (size before relaxing)
 .eh_frame      0x000000000002dfbc       0xa4 build/cooja/mtype506.a(timer.o)
                                         0xbc (size before relaxing)
 .eh_frame      0x000000000002e060      0x1a0 build/cooja/mtype506.a(list.o)
                                        0x1b8 (size before relaxing)
 .eh_frame      0x000000000002e200       0xa0 build/cooja/mtype506.a(memb.o)
                                         0xb8 (size before relaxing)
 .eh_frame      0x000000000002e2a0      0x144 build/cooja/mtype506.a(button-hal.o)
                                        0x15c (size before relaxing)
 .eh_frame      0x000000000002e3e4       0x60 build/cooja/mtype506.a(serial-line.o)
                                         0x78 (size before relaxing)
 .eh_frame      0x000000000002e444       0xe0 build/cooja/mtype506.a(gpio-hal.o)
                                         0xf8 (size before relaxing)
 .eh_frame      0x000000000002e524      0x1a0 build/cooja/mtype506.a(queuebuf.o)
                                        0x1b8 (size before relaxing)
 .eh_frame      0x000000000002e6c4      0x28c build/cooja/mtype506.a(packetbuf.o)
                                        0x2a4 (size before relaxing)
 .eh_frame      0x000000000002e950       0x80 build/cooja/mtype506.a(netstack.o)
                                         0x98 (size before relaxing)
 .eh_frame      0x000000000002e9d0       0x60 build/cooja/mtype506.a(linkaddr.o)
                                         0x78 (size before relaxing)
 .eh_frame      0x000000000002ea30       0xe0 build/cooja/mtype506.a(csma.o)
                                         0xf8 (size before relaxing)
 .eh_frame      0x000000000002eb10      0x1d0 build/cooja/mtype506.a(csma-output.o)
                                        0x1e8 (size before relaxing)
 .eh_frame      0x000000000002ece0      0x328 build/cooja/mtype506.a(uip-ds6.o)
                                        0x340 (size before relaxing)
 .eh_frame      0x000000000002f008       0x40 build/cooja/mtype506.a(uip-udp-packet.)
                                         0x58 (size before relaxing)
 .eh_frame      0x000000000002f048      0x220 build/cooja/mtype506.a(uip-ds6-route.o)
                                        0x238 (size before relaxing)
 .eh_frame      0x000000000002f268      0x244 build/cooja/mtype506.a(tcpip.o)
                                        0x25c (size before relaxing)
 .eh_frame      0x000000000002f4ac      0x1e8 build/cooja/mtype506.a(uip6.o)
                                        0x200 (size before relaxing)
 .eh_frame      0x000000000002f694      0x1c0 build/cooja/mtype506.a(uip-ds6-nbr.o)
                                        0x1d8 (size before relaxing)
 .eh_frame      0x000000000002f854       0x84 build/cooja/mtype506.a(uip-nd6.o)
                                         0x9c (size before relaxing)
 .eh_frame      0x000000000002f8d8      0x2f8 build/cooja/mtype506.a(sicslowpan.o)
                                        0x310 (size before relaxing)
 .eh_frame      0x000000000002fbd0       0x88 build/cooja/mtype506.a(uiplib.o)
                                         0xa0 (size before relaxing)
 .eh_frame      0x000000000002fc58      0x1e0 build/cooja/mtype506.a(rpl.o)
                                        0x1f8 (size before relaxing)
 .eh_frame      0x000000000002fe38      0x1c4 build/cooja/mtype506.a(rpl-icmp6.o)
                                        0x1dc (size before relaxing)
 .eh_frame      0x000000000002fffc       0xa0 build/cooja/mtype506.a(rpl-dag-root.o)
                                         0xb8 (size before relaxing)
 .eh_frame      0x000000000003009c       0xa0 build/cooja/mtype506.a(watchdog.o)
                                         0xb8 (size before relaxing)
 .eh_frame      0x000000000003013c       0x80 build/cooja/mtype506.a(int-master.o)
                                         0x98 (size before relaxing)
 .eh_frame      0x00000000000301bc       0xa4 build/cooja/mtype506.a(coap-timer-defa)
                                         0xbc (size before relaxing)
 .eh_frame      0x0000000000030260       0xc4 build/cooja/mtype506.a(stimer.o)
                                         0xdc (size before relaxing)
 .eh_frame      0x0000000000030324       0xa0 build/cooja/mtype506.a(ringbuf.o)
                                         0xb8 (size before relaxing)
 .eh_frame      0x00000000000303c4       0x20 build/cooja/mtype506.a(assert.o)
                                         0x38 (size before relaxing)
 .eh_frame      0x00000000000303e4      0x2ac build/cooja/mtype506.a(nbr-table.o)
                                        0x2c4 (size before relaxing)
 .eh_frame      0x0000000000030690      0x120 build/cooja/mtype506.a(link-stats.o)
                                        0x138 (size before relaxing)
 .eh_frame      0x00000000000307b0       0x48 build/cooja/mtype506.a(mac-sequence.o)
                                         0x60 (size before relaxing)
 .eh_frame      0x00000000000307f8       0x20 build/cooja/mtype506.a(mac.o)
                                         0x38 (size before relaxing)
 .eh_frame      0x0000000000030818       0xa4 build/cooja/mtype506.a(framer-802154.o)
                                         0xbc (size before relaxing)
 .eh_frame      0x00000000000308bc      0x1a4 build/cooja/mtype506.a(frame802154.o)
                                        0x1bc (size before relaxing)
 .eh_frame      0x0000000000030a60       0x40 build/cooja/mtype506.a(csma-security.o)
                                         0x58 (size before relaxing)
 .eh_frame      0x0000000000030aa0      0x200 build/cooja/mtype506.a(uipbuf.o)
                                        0x218 (size before relaxing)
 .eh_frame      0x0000000000030ca0      0x150 build/cooja/mtype506.a(uip-icmp6.o)
                                        0x168 (size before relaxing)
 .eh_frame      0x0000000000030df0      0x184 build/cooja/mtype506.a(uip-sr.o)
                                        0x19c (size before relaxing)
 .eh_frame      0x0000000000030f74       0xe0 build/cooja/mtype506.a(uip-packetqueue)
                                         0xf8 (size before relaxing)
 .eh_frame      0x0000000000031054       0x80 build/cooja/mtype506.a(rpl-nbr-policy.)
                                         0x98 (size before relaxing)
 .eh_frame      0x00000000000310d4      0x2d4 build/cooja/mtype506.a(rpl-neighbor.o)
                                        0x2ec (size before relaxing)
 .eh_frame      0x00000000000313a8      0x370 build/cooja/mtype506.a(rpl-dag.o)
                                        0x388 (size before relaxing)
 .eh_frame      0x0000000000031718      0x3a8 build/cooja/mtype506.a(rpl-timers.o)
                                        0x3c0 (size before relaxing)
 .eh_frame      0x0000000000031ac0      0x124 build/cooja/mtype506.a(rpl-ext-header.)
                                        0x13c (size before relaxing)
 .eh_frame      0x0000000000031be4      0x148 build/cooja/mtype506.a(rpl-mrhof.o)
                                        0x160 (size before relaxing)
 .eh_frame      0x0000000000031d2c       0x84 /usr/lib/gcc/i686-linux-gnu/5/libgcc.a(_udivdi3.o)
                                         0x9c (size before relaxing)
 .eh_frame      0x0000000000031db0        0x4 /usr/lib/gcc/i686-linux-gnu/5/crtendS.o
 *(.eh_frame.*)

.gcc_except_table
 *(.gcc_except_table .gcc_except_table.*)

.gnu_extab
 *(.gnu_extab*)

.exception_ranges
 *(.exception_ranges .exception_ranges*)
                0x0000000000032f10                . = DATA_SEGMENT_ALIGN (0x1000, 0x1000)

.eh_frame
 *(.eh_frame)
 *(.eh_frame.*)

.gnu_extab
 *(.gnu_extab)

.gcc_except_table
 *(.gcc_except_table .gcc_except_table.*)

.exception_ranges
 *(.exception_ranges .exception_ranges*)

.tdata
 *(.tdata .tdata.* .gnu.linkonce.td.*)

.tbss
 *(.tbss .tbss.* .gnu.linkonce.tb.*)
 *(.tcommon)

.preinit_array
 *(.preinit_array)

.init_array     0x0000000000032f10        0x4
 *(SORT(.init_array.*) SORT(.ctors.*))
 *(.init_array EXCLUDE_FILE(*crtend?.o *crtend.o *crtbegin?.o *crtbegin.o) .ctors)
 .init_array    0x0000000000032f10        0x4 /usr/lib/gcc/i686-linux-gnu/5/crtbeginS.o

.fini_array     0x0000000000032f14        0x4
 *(SORT(.fini_array.*) SORT(.dtors.*))
 *(.fini_array EXCLUDE_FILE(*crtend?.o *crtend.o *crtbegin?.o *crtbegin.o) .dtors)
 .fini_array    0x0000000000032f14        0x4 /usr/lib/gcc/i686-linux-gnu/5/crtbeginS.o

.ctors
 *crtbegin.o(.ctors)
 *crtbegin?.o(.ctors)
 *(EXCLUDE_FILE(*crtend?.o *crtend.o) .ctors)
 *(SORT(.ctors.*))
 *(.ctors)

.dtors
 *crtbegin.o(.dtors)
 *crtbegin?.o(.dtors)
 *(EXCLUDE_FILE(*crtend?.o *crtend.o) .dtors)
 *(SORT(.dtors.*))
 *(.dtors)

.jcr            0x0000000000032f18        0x4
 *(.jcr)
 .jcr           0x0000000000032f18        0x0 /usr/lib/gcc/i686-linux-gnu/5/crtbeginS.o
 .jcr           0x0000000000032f18        0x4 /usr/lib/gcc/i686-linux-gnu/5/crtendS.o

.data.rel.ro
 *(.data.rel.ro.local* .gnu.linkonce.d.rel.ro.local.*)
 *(.data.rel.ro .data.rel.ro.* .gnu.linkonce.d.rel.ro.*)

.dynamic        0x0000000000032f1c       0xd0
 *(.dynamic)
 .dynamic       0x0000000000032f1c       0xd0 /usr/lib/gcc/i686-linux-gnu/5/../../../i386-linux-gnu/crti.o
                0x0000000000032f1c                _DYNAMIC

.got            0x0000000000032fec       0x14
 *(.got)
 .got           0x0000000000032fec       0x14 /usr/lib/gcc/i686-linux-gnu/5/../../../i386-linux-gnu/crti.o
 *(.igot)
                0x0000000000033ff4                . = DATA_SEGMENT_RELRO_END (., (SIZEOF (.got.plt) >= 0xc)?0xc:0x0)

.got.plt        0x0000000000033000        0xc
 *(.got.plt)
 .got.plt       0x0000000000033000        0xc /usr/lib/gcc/i686-linux-gnu/5/../../../i386-linux-gnu/crti.o
                0x0000000000033000                _GLOBAL_OFFSET_TABLE_
 *(.igot.plt)

.data           0x0000000000033020      0x444
 *(.data .data.* .gnu.linkonce.d.*)
 .data          0x0000000000033020        0x0 /usr/lib/gcc/i686-linux-gnu/5/../../../i386-linux-gnu/crti.o
 .data          0x0000000000033020        0x0 /usr/lib/gcc/i686-linux-gnu/5/crtbeginS.o
 .data.rel.local
                0x0000000000033020        0x4 /usr/lib/gcc/i686-linux-gnu/5/crtbeginS.o
                0x0000000000033020                __dso_handle
 .data          0x0000000000033024       0x10 sensor_server.o
                0x0000000000033024                presence_server
 *fill*         0x0000000000033034        0xc 
 .data          0x0000000000033040       0x44 build/cooja/mtype506.o
                0x0000000000033040                simInterfaces
                0x0000000000033074                sensors
 .data          0x0000000000033084        0x0 build/cooja/mtype506.a(simEnvChange.o)
 .data          0x0000000000033084        0x0 build/cooja/mtype506.a(cooja_mt.o)
 .data          0x0000000000033084        0x0 build/cooja/mtype506.a(cooja_mtarch.o)
 .data          0x0000000000033084        0x0 build/cooja/mtype506.a(rtimer-arch.o)
 .data          0x0000000000033084        0x0 build/cooja/mtype506.a(beep.o)
 .data          0x0000000000033084        0x0 build/cooja/mtype506.a(leds-arch.o)
 .data          0x0000000000033084        0x0 build/cooja/mtype506.a(moteid.o)
 .data          0x0000000000033084        0x0 build/cooja/mtype506.a(pir-sensor.o)
 .data          0x0000000000033084        0x0 build/cooja/mtype506.a(rs232.o)
 .data          0x0000000000033084        0x0 build/cooja/mtype506.a(vib-sensor.o)
 .data          0x0000000000033084        0x0 build/cooja/mtype506.a(clock.o)
 .data          0x0000000000033084        0x0 build/cooja/mtype506.a(cooja-log.o)
 .data          0x0000000000033084        0x0 build/cooja/mtype506.a(cfs-cooja.o)
 .data          0x0000000000033084       0x2c build/cooja/mtype506.a(cooja-radio.o)
                0x0000000000033084                simRadioHWOn
                0x0000000000033088                simSignalStrength
                0x000000000003308c                simLastSignalStrength
                0x0000000000033090                simPower
                0x0000000000033094                simRadioChannel
                0x0000000000033098                simLQI
                0x00000000000330a0                cooja_radio_process
 .data          0x00000000000330b0        0x0 build/cooja/mtype506.a(eeprom.o)
 .data          0x00000000000330b0        0x0 build/cooja/mtype506.a(random.o)
 .data          0x00000000000330b0       0x10 build/cooja/mtype506.a(sensors.o)
                0x00000000000330b0                sensors_process
 .data          0x00000000000330c0        0x0 build/cooja/mtype506.a(leds.o)
 .data          0x00000000000330c0        0x0 build/cooja/mtype506.a(gpio-hal-arch.o)
 .data          0x00000000000330c0       0x78 build/cooja/mtype506.a(buttons.o)
                0x00000000000330c0                simButtonIsActive
                0x0000000000033130                button_hal_buttons
 *fill*         0x0000000000033138        0x8 
 .data          0x0000000000033140       0x24 build/cooja/mtype506.a(presence_sensor)
                0x0000000000033140                presence_sensor
 .data          0x0000000000033164        0x8 build/cooja/mtype506.a(coap-engine.o)
 *fill*         0x000000000003316c       0x14 
 .data          0x0000000000033180       0x24 build/cooja/mtype506.a(coap-res-well-k)
                0x0000000000033180                res_well_known_core
 .data          0x00000000000331a4       0x10 build/cooja/mtype506.a(coap-observe.o)
 .data          0x00000000000331b4       0x10 build/cooja/mtype506.a(coap-uip.o)
                0x00000000000331b4                coap_engine
 .data          0x00000000000331c4        0x4 build/cooja/mtype506.a(coap-timer.o)
 .data          0x00000000000331c8       0x10 build/cooja/mtype506.a(coap-transactio)
 .data          0x00000000000331d8        0x4 build/cooja/mtype506.a(coap.o)
                0x00000000000331d8                coap_error_message
 .data          0x00000000000331dc        0x0 build/cooja/mtype506.a(contiki-main.o)
 .data          0x00000000000331dc        0x0 build/cooja/mtype506.a(autostart.o)
 .data          0x00000000000331dc       0x14 build/cooja/mtype506.a(ctimer.o)
                0x00000000000331e0                ctimer_process
 *fill*         0x00000000000331f0       0x10 
 .data          0x0000000000033200       0xbc build/cooja/mtype506.a(log.o)
                0x0000000000033200                curr_log_level_main
                0x0000000000033220                all_modules
 .data          0x00000000000332bc        0x0 build/cooja/mtype506.a(energest.o)
 .data          0x00000000000332bc       0x10 build/cooja/mtype506.a(etimer.o)
                0x00000000000332bc                etimer_process
 .data          0x00000000000332cc        0x0 build/cooja/mtype506.a(node-id.o)
 .data          0x00000000000332cc        0x0 build/cooja/mtype506.a(rtimer.o)
 .data          0x00000000000332cc        0x0 build/cooja/mtype506.a(process.o)
 .data          0x00000000000332cc        0x0 build/cooja/mtype506.a(timer.o)
 .data          0x00000000000332cc        0x0 build/cooja/mtype506.a(list.o)
 .data          0x00000000000332cc        0x0 build/cooja/mtype506.a(memb.o)
 .data          0x00000000000332cc       0x10 build/cooja/mtype506.a(button-hal.o)
                0x00000000000332cc                button_hal_process
 .data          0x00000000000332dc       0x10 build/cooja/mtype506.a(serial-line.o)
                0x00000000000332dc                serial_line_process
 .data          0x00000000000332ec        0x4 build/cooja/mtype506.a(gpio-hal.o)
 .data          0x00000000000332f0       0x18 build/cooja/mtype506.a(queuebuf.o)
 .data          0x0000000000033308        0x4 build/cooja/mtype506.a(packetbuf.o)
 .data          0x000000000003330c        0x4 build/cooja/mtype506.a(netstack.o)
 .data          0x0000000000033310        0x0 build/cooja/mtype506.a(linkaddr.o)
 .data          0x0000000000033310        0x0 build/cooja/mtype506.a(csma.o)
 .data          0x0000000000033310       0x28 build/cooja/mtype506.a(csma-output.o)
 .data          0x0000000000033338        0x0 build/cooja/mtype506.a(uip-ds6.o)
 .data          0x0000000000033338        0x0 build/cooja/mtype506.a(uip-udp-packet.)
 .data          0x0000000000033338       0x10 build/cooja/mtype506.a(uip-ds6-route.o)
 .data          0x0000000000033348       0x10 build/cooja/mtype506.a(tcpip.o)
                0x0000000000033348                tcpip_process
 .data          0x0000000000033358        0x0 build/cooja/mtype506.a(uip6.o)
 .data          0x0000000000033358       0x14 build/cooja/mtype506.a(uip-ds6-nbr.o)
 .data          0x000000000003336c        0xc build/cooja/mtype506.a(uip-nd6.o)
 .data          0x0000000000033378        0x0 build/cooja/mtype506.a(sicslowpan.o)
 .data          0x0000000000033378        0x0 build/cooja/mtype506.a(uiplib.o)
 .data          0x0000000000033378        0x0 build/cooja/mtype506.a(rpl.o)
 .data          0x0000000000033378       0x30 build/cooja/mtype506.a(rpl-icmp6.o)
 .data          0x00000000000333a8        0x0 build/cooja/mtype506.a(rpl-dag-root.o)
 .data          0x00000000000333a8        0x0 build/cooja/mtype506.a(watchdog.o)
 .data          0x00000000000333a8        0x0 build/cooja/mtype506.a(int-master.o)
 .data          0x00000000000333a8       0x10 build/cooja/mtype506.a(coap-timer-defa)
                0x00000000000333a8                coap_timer_process
 .data          0x00000000000333b8        0x0 build/cooja/mtype506.a(stimer.o)
 .data          0x00000000000333b8        0x0 build/cooja/mtype506.a(ringbuf.o)
 .data          0x00000000000333b8        0x0 build/cooja/mtype506.a(assert.o)
 .data          0x00000000000333b8       0x10 build/cooja/mtype506.a(nbr-table.o)
 .data          0x00000000000333c8       0x14 build/cooja/mtype506.a(link-stats.o)
 .data          0x00000000000333dc        0x0 build/cooja/mtype506.a(mac-sequence.o)
 .data          0x00000000000333dc        0x0 build/cooja/mtype506.a(mac.o)
 .data          0x00000000000333dc        0x0 build/cooja/mtype506.a(framer-802154.o)
 .data          0x00000000000333dc        0x2 build/cooja/mtype506.a(frame802154.o)
 .data          0x00000000000333de        0x0 build/cooja/mtype506.a(csma-security.o)
 .data          0x00000000000333de        0x0 build/cooja/mtype506.a(uipbuf.o)
 *fill*         0x00000000000333de        0x2 
 .data          0x00000000000333e0       0x20 build/cooja/mtype506.a(uip-icmp6.o)
 .data          0x0000000000033400       0x10 build/cooja/mtype506.a(uip-sr.o)
 .data          0x0000000000033410        0xc build/cooja/mtype506.a(uip-packetqueue)
 .data          0x000000000003341c        0x0 build/cooja/mtype506.a(rpl-nbr-policy.)
 .data          0x000000000003341c       0x14 build/cooja/mtype506.a(rpl-neighbor.o)
                0x000000000003342c                rpl_neighbors
 .data          0x0000000000033430        0x0 build/cooja/mtype506.a(rpl-dag.o)
 .data          0x0000000000033430        0x0 build/cooja/mtype506.a(rpl-timers.o)
 .data          0x0000000000033430        0x0 build/cooja/mtype506.a(rpl-ext-header.)
 *fill*         0x0000000000033430       0x10 
 .data          0x0000000000033440       0x24 build/cooja/mtype506.a(rpl-mrhof.o)
                0x0000000000033440                rpl_mrhof
 .data          0x0000000000033464        0x0 /usr/lib/gcc/i686-linux-gnu/5/libgcc.a(_udivdi3.o)
 .data          0x0000000000033464        0x0 /usr/lib/gcc/i686-linux-gnu/5/crtendS.o
 .data          0x0000000000033464        0x0 /usr/lib/gcc/i686-linux-gnu/5/../../../i386-linux-gnu/crtn.o

.tm_clone_table
                0x0000000000033464        0x0
 .tm_clone_table
                0x0000000000033464        0x0 /usr/lib/gcc/i686-linux-gnu/5/crtbeginS.o
 .tm_clone_table
                0x0000000000033464        0x0 /usr/lib/gcc/i686-linux-gnu/5/crtendS.o

.data1
 *(.data1)
                0x0000000000033464                _edata = .
                [!provide]                        PROVIDE (edata, .)
                0x0000000000033464                . = .
                0x0000000000033464                __bss_start = .

.bss            0x0000000000033480    0x13e44
 *(.dynbss)
 .dynbss        0x0000000000033480        0x0 /usr/lib/gcc/i686-linux-gnu/5/../../../i386-linux-gnu/crti.o
 *(.bss .bss.* .gnu.linkonce.b.*)
 .bss           0x0000000000033480        0x0 /usr/lib/gcc/i686-linux-gnu/5/../../../i386-linux-gnu/crti.o
 .bss           0x0000000000033480        0x1 /usr/lib/gcc/i686-linux-gnu/5/crtbeginS.o
 *fill*         0x0000000000033481        0x3 
 .bss           0x0000000000033484       0x10 sensor_server.o
 *fill*         0x0000000000033494        0xc 
 .bss           0x00000000000334a0     0x2030 build/cooja/mtype506.o
 .bss           0x00000000000354d0        0x1 build/cooja/mtype506.a(simEnvChange.o)
                0x00000000000354d0                simDontFallAsleep
 *fill*         0x00000000000354d1        0x3 
 .bss           0x00000000000354d4        0x4 build/cooja/mtype506.a(cooja_mt.o)
 .bss           0x00000000000354d8        0x4 build/cooja/mtype506.a(cooja_mtarch.o)
 .bss           0x00000000000354dc        0x0 build/cooja/mtype506.a(rtimer-arch.o)
 .bss           0x00000000000354dc        0x0 build/cooja/mtype506.a(beep.o)
 .bss           0x00000000000354dc        0x1 build/cooja/mtype506.a(leds-arch.o)
                0x00000000000354dc                simLedsValue
 .bss           0x00000000000354dd        0x0 build/cooja/mtype506.a(moteid.o)
 .bss           0x00000000000354dd        0x1 build/cooja/mtype506.a(pir-sensor.o)
                0x00000000000354dd                simPirValue
 *fill*         0x00000000000354de        0x2 
 .bss           0x00000000000354e0        0x4 build/cooja/mtype506.a(rs232.o)
 .bss           0x00000000000354e4        0x1 build/cooja/mtype506.a(vib-sensor.o)
                0x00000000000354e4                simVibValue
 .bss           0x00000000000354e5        0x0 build/cooja/mtype506.a(clock.o)
 *fill*         0x00000000000354e5       0x1b 
 .bss           0x0000000000035500     0x2020 build/cooja/mtype506.a(cooja-log.o)
 .bss           0x0000000000037520      0xfc0 build/cooja/mtype506.a(cfs-cooja.o)
                0x0000000000037520                simCFSData
                0x00000000000384c0                simCFSSize
                0x00000000000384c4                simCFSChanged
                0x00000000000384c8                simCFSRead
                0x00000000000384cc                simCFSWritten
 .bss           0x00000000000384e0       0x24 build/cooja/mtype506.a(cooja-radio.o)
                0x00000000000384e0                simReceiving
                0x00000000000384e4                simInSize
                0x00000000000384e8                simLastPacketTimestamp
                0x00000000000384f0                simOutSize
 .bss           0x0000000000038504        0xc build/cooja/mtype506.a(eeprom.o)
                0x0000000000038504                simEEPROMChanged
                0x0000000000038508                simEEPROMRead
                0x000000000003850c                simEEPROMWritten
 .bss           0x0000000000038510        0x0 build/cooja/mtype506.a(random.o)
 .bss           0x0000000000038510        0xc build/cooja/mtype506.a(sensors.o)
 .bss           0x000000000003851c        0x0 build/cooja/mtype506.a(leds.o)
 .bss           0x000000000003851c       0x24 build/cooja/mtype506.a(gpio-hal-arch.o)
 .bss           0x0000000000038540        0x0 build/cooja/mtype506.a(buttons.o)
 .bss           0x0000000000038540        0x4 build/cooja/mtype506.a(presence_sensor)
 *fill*         0x0000000000038544       0x1c 
 .bss           0x0000000000038560      0x190 build/cooja/mtype506.a(coap-engine.o)
 .bss           0x00000000000386f0        0x0 build/cooja/mtype506.a(coap-res-well-k)
 *fill*         0x00000000000386f0       0x10 
 .bss           0x0000000000038700      0x120 build/cooja/mtype506.a(coap-observe.o)
 .bss           0x0000000000038820       0x18 build/cooja/mtype506.a(coap-uip.o)
 .bss           0x0000000000038838        0x5 build/cooja/mtype506.a(coap-timer.o)
 *fill*         0x000000000003883d        0x3 
 .bss           0x0000000000038840      0x334 build/cooja/mtype506.a(coap-transactio)
 .bss           0x0000000000038b74        0x6 build/cooja/mtype506.a(coap.o)
                0x0000000000038b74                coap_status_code
 .bss           0x0000000000038b7a        0x0 build/cooja/mtype506.a(contiki-main.o)
 .bss           0x0000000000038b7a        0x0 build/cooja/mtype506.a(autostart.o)
 *fill*         0x0000000000038b7a        0x2 
 .bss           0x0000000000038b7c        0x5 build/cooja/mtype506.a(ctimer.o)
 *fill*         0x0000000000038b81        0x3 
 .bss           0x0000000000038b84       0x2c build/cooja/mtype506.a(log.o)
                0x0000000000038b84                curr_log_level_rpl
                0x0000000000038b88                curr_log_level_tcpip
                0x0000000000038b8c                curr_log_level_ipv6
                0x0000000000038b90                curr_log_level_6lowpan
                0x0000000000038b94                curr_log_level_nullnet
                0x0000000000038b98                curr_log_level_mac
                0x0000000000038b9c                curr_log_level_framer
                0x0000000000038ba0                curr_log_level_6top
                0x0000000000038ba4                curr_log_level_coap
                0x0000000000038ba8                curr_log_level_snmp
                0x0000000000038bac                curr_log_level_lwm2m
 .bss           0x0000000000038bb0        0x0 build/cooja/mtype506.a(energest.o)
 .bss           0x0000000000038bb0        0x8 build/cooja/mtype506.a(etimer.o)
 .bss           0x0000000000038bb8        0x2 build/cooja/mtype506.a(node-id.o)
                0x0000000000038bb8                node_id
 *fill*         0x0000000000038bba        0x2 
 .bss           0x0000000000038bbc        0x4 build/cooja/mtype506.a(rtimer.o)
 .bss           0x0000000000038bc0      0x1a1 build/cooja/mtype506.a(process.o)
                0x0000000000038bc0                process_list
                0x0000000000038bc4                process_current
 .bss           0x0000000000038d61        0x0 build/cooja/mtype506.a(timer.o)
 .bss           0x0000000000038d61        0x0 build/cooja/mtype506.a(list.o)
 .bss           0x0000000000038d61        0x0 build/cooja/mtype506.a(memb.o)
 *fill*         0x0000000000038d61        0x3 
 .bss           0x0000000000038d64       0x10 build/cooja/mtype506.a(button-hal.o)
 *fill*         0x0000000000038d74        0xc 
 .bss           0x0000000000038d80      0x140 build/cooja/mtype506.a(serial-line.o)
 .bss           0x0000000000038ec0        0x4 build/cooja/mtype506.a(gpio-hal.o)
 *fill*         0x0000000000038ec4       0x1c 
 .bss           0x0000000000038ee0     0x2c80 build/cooja/mtype506.a(queuebuf.o)
 .bss           0x000000000003bb60       0xa0 build/cooja/mtype506.a(packetbuf.o)
 .bss           0x000000000003bc00        0x4 build/cooja/mtype506.a(netstack.o)
 .bss           0x000000000003bc04        0x0 build/cooja/mtype506.a(linkaddr.o)
 .bss           0x000000000003bc04        0x0 build/cooja/mtype506.a(csma.o)
 *fill*         0x000000000003bc04       0x1c 
 .bss           0x000000000003bc20      0x726 build/cooja/mtype506.a(csma-output.o)
 *fill*         0x000000000003c346        0x2 
 .bss           0x000000000003c348       0x30 build/cooja/mtype506.a(uip-ds6.o)
 .bss           0x000000000003c378        0x0 build/cooja/mtype506.a(uip-udp-packet.)
 *fill*         0x000000000003c378        0x8 
 .bss           0x000000000003c380       0x60 build/cooja/mtype506.a(uip-ds6-route.o)
 .bss           0x000000000003c3e0       0x10 build/cooja/mtype506.a(tcpip.o)
 .bss           0x000000000003c3f0        0x8 build/cooja/mtype506.a(uip6.o)
                0x000000000003c3f0                uip_ext_bitmap
                0x000000000003c3f2                uip_ext_len
                0x000000000003c3f4                uip_last_proto
 *fill*         0x000000000003c3f8        0x8 
 .bss           0x000000000003c400     0x1c20 build/cooja/mtype506.a(uip-ds6-nbr.o)
 .bss           0x000000000003e020       0x10 build/cooja/mtype506.a(uip-nd6.o)
 *fill*         0x000000000003e030       0x10 
 .bss           0x000000000003e040      0x724 build/cooja/mtype506.a(sicslowpan.o)
 .bss           0x000000000003e764        0x0 build/cooja/mtype506.a(uiplib.o)
 .bss           0x000000000003e764        0x1 build/cooja/mtype506.a(rpl.o)
 .bss           0x000000000003e765        0x0 build/cooja/mtype506.a(rpl-icmp6.o)
 *fill*         0x000000000003e765        0x3 
 .bss           0x000000000003e768       0x11 build/cooja/mtype506.a(rpl-dag-root.o)
 .bss           0x000000000003e779        0x0 build/cooja/mtype506.a(watchdog.o)
 *fill*         0x000000000003e779        0x3 
 .bss           0x000000000003e77c        0x4 build/cooja/mtype506.a(int-master.o)
 .bss           0x000000000003e780       0x1c build/cooja/mtype506.a(coap-timer-defa)
 .bss           0x000000000003e79c        0x0 build/cooja/mtype506.a(stimer.o)
 .bss           0x000000000003e79c        0x0 build/cooja/mtype506.a(ringbuf.o)
 .bss           0x000000000003e79c        0x0 build/cooja/mtype506.a(assert.o)
 *fill*         0x000000000003e79c        0x4 
 .bss           0x000000000003e7a0     0x1214 build/cooja/mtype506.a(nbr-table.o)
 *fill*         0x000000000003f9b4        0xc 