Archive member included to satisfy reference by file (symbol)

build/cooja/mtype141.a(simEnvChange.o)
                              build/cooja/mtype141.o (simDontFallAsleep)
build/cooja/mtype141.a(cooja_mt.o)
                              build/cooja/mtype141.o (cooja_mt_start)
build/cooja/mtype141.a(cooja_mtarch.o)
                              build/cooja/mtype141.a(cooja_mt.o) (cooja_mtarch_start)
build/cooja/mtype141.a(rtimer-arch.o)
                              build/cooja/mtype141.o (rtimer_arch_check)
build/cooja/mtype141.a(beep.o)
                              build/cooja/mtype141.o (beep_interface)
build/cooja/mtype141.a(leds-arch.o)
                              build/cooja/mtype141.o (leds_interface)
build/cooja/mtype141.a(moteid.o)
                              build/cooja/mtype141.o (moteid_interface)
build/cooja/mtype141.a(pir-sensor.o)
                              build/cooja/mtype141.o (pir_interface)
build/cooja/mtype141.a(rs232.o)
                              build/cooja/mtype141.o (rs232_interface)
build/cooja/mtype141.a(vib-sensor.o)
                              build/cooja/mtype141.o (vib_interface)
build/cooja/mtype141.a(clock.o)
                              build/cooja/mtype141.o (clock_interface)
build/cooja/mtype141.a(cooja-log.o)
                              build/cooja/mtype141.o (simlog_interface)
build/cooja/mtype141.a(cfs-cooja.o)
                              build/cooja/mtype141.o (cfs_interface)
build/cooja/mtype141.a(cooja-radio.o)
                              build/cooja/mtype141.o (radio_interface)
build/cooja/mtype141.a(eeprom.o)
                              build/cooja/mtype141.o (eeprom_interface)
build/cooja/mtype141.a(random.o)
                              build/cooja/mtype141.a(moteid.o) (random_init)
build/cooja/mtype141.a(sensors.o)
                              build/cooja/mtype141.a(pir-sensor.o) (sensors_changed)
build/cooja/mtype141.a(leds.o)
                              build/cooja/mtype141.a(leds-arch.o) (leds_get)
build/cooja/mtype141.a(gpio-hal-arch.o)
                              build/cooja/mtype141.a(leds-arch.o) (gpio_hal_arch_register_pin_callback)
build/cooja/mtype141.a(buttons.o)
                              build/cooja/mtype141.o (button_interface)
build/cooja/mtype141.a(presence_sensor)
                              sensor_server.o (presence_sensor)
build/cooja/mtype141.a(coap-engine.o)
                              sensor_server.o (coap_activate_resource)
build/cooja/mtype141.a(coap-res-well-k)
                              build/cooja/mtype141.a(coap-engine.o) (res_well_known_core)
build/cooja/mtype141.a(coap-observe.o)
                              build/cooja/mtype141.a(coap-engine.o) (coap_remove_observer_by_mid)
build/cooja/mtype141.a(coap-uip.o)
                              build/cooja/mtype141.a(coap-observe.o) (coap_endpoint_copy)
build/cooja/mtype141.a(coap-timer.o)
                              build/cooja/mtype141.a(coap-engine.o) (coap_timer_set)
build/cooja/mtype141.a(coap-transactio)
                              build/cooja/mtype141.a(coap-engine.o) (coap_send_transaction)
build/cooja/mtype141.a(coap.o)
                              build/cooja/mtype141.a(coap-engine.o) (coap_status_code)
build/cooja/mtype141.a(contiki-main.o)
                              build/cooja/mtype141.o (main)
build/cooja/mtype141.a(autostart.o)
                              build/cooja/mtype141.a(contiki-main.o) (autostart_start)
build/cooja/mtype141.a(ctimer.o)
                              build/cooja/mtype141.a(contiki-main.o) (ctimer_init)
build/cooja/mtype141.a(log.o)
                              build/cooja/mtype141.a(contiki-main.o) (curr_log_level_main)
build/cooja/mtype141.a(energest.o)
                              build/cooja/mtype141.a(contiki-main.o) (energest_init)
build/cooja/mtype141.a(etimer.o)
                              build/cooja/mtype141.a(contiki-main.o) (etimer_process)
build/cooja/mtype141.a(node-id.o)
                              build/cooja/mtype141.a(contiki-main.o) (node_id)
build/cooja/mtype141.a(rtimer.o)
                              build/cooja/mtype141.a(contiki-main.o) (rtimer_init)
build/cooja/mtype141.a(process.o)
                              sensor_server.o (process_current)
build/cooja/mtype141.a(timer.o)
                              build/cooja/mtype141.a(etimer.o) (timer_set)
build/cooja/mtype141.a(list.o)
                              build/cooja/mtype141.a(coap-engine.o) (list_init)
build/cooja/mtype141.a(memb.o)
                              build/cooja/mtype141.a(coap-observe.o) (memb_alloc)
build/cooja/mtype141.a(button-hal.o)
                              build/cooja/mtype141.o (button_hal_init)
build/cooja/mtype141.a(serial-line.o)
                              build/cooja/mtype141.a(rs232.o) (serial_line_input_byte)
build/cooja/mtype141.a(gpio-hal.o)
                              build/cooja/mtype141.a(button-hal.o) (gpio_hal_register_handler)
build/cooja/mtype141.a(queuebuf.o)
[...]
Memory Configuration

Name             Origin             Length             Attributes
*default*        0x0000000000000000 0xffffffffffffffff

Linker script and memory map

LOAD /usr/lib/gcc/i686-linux-gnu/5/../../../i386-linux-gnu/crti.o
LOAD /usr/lib/gcc/i686-linux-gnu/5/crtbeginS.o
LOAD sensor_server.o
LOAD build/cooja/mtype141.o
LOAD build/cooja/mtype141.a
LOAD /usr/lib/gcc/i686-linux-gnu/5/libgcc.a
LOAD /usr/lib/gcc/i686-linux-gnu/5/libgcc_s.so
LOAD /usr/lib/gcc/i686-linux-gnu/5/../../../i386-linux-gnu/libc.so
START GROUP
LOAD /lib/i386-linux-gnu/libc.so.6
LOAD /usr/lib/i386-linux-gnu/libc_nonshared.a
LOAD /lib/i386-linux-gnu/ld-linux.so.2
END GROUP
LOAD /usr/lib/gcc/i686-linux-gnu/5/libgcc.a
LOAD /usr/lib/gcc/i686-linux-gnu/5/libgcc_s.so
LOAD /usr/lib/gcc/i686-linux-gnu/5/crtendS.o
LOAD /usr/lib/gcc/i686-linux-gnu/5/../../../i386-linux-gnu/crtn.o
                0x0000000000000114                . = (0x0 + SIZEOF_HEADERS)

.note.gnu.build-id
                0x0000000000000114       0x24
 *(.note.gnu.build-id)
 .note.gnu.build-id
                0x0000000000000114       0x24 /usr/lib/gcc/i686-linux-gnu/5/../../../i386-linux-gnu/crti.o

.hash
 *(.hash)

.gnu.hash       0x0000000000000138     0x1580
 *(.gnu.hash)
 .gnu.hash      0x0000000000000138     0x1580 /usr/lib/gcc/i686-linux-gnu/5/../../../i386-linux-gnu/crti.o

.dynsym         0x00000000000016b8     0x2e80
 *(.dynsym)
 .dynsym        0x00000000000016b8     0x2e80 /usr/lib/gcc/i686-linux-gnu/5/../../../i386-linux-gnu/crti.o

.dynstr         0x0000000000004538     0x3637
 *(.dynstr)
 .dynstr        0x0000000000004538     0x3637 /usr/lib/gcc/i686-linux-gnu/5/../../../i386-linux-gnu/crti.o

.gnu.version    0x0000000000007b70      0x5d0
 *(.gnu.version)
 .gnu.version   0x0000000000007b70      0x5d0 /usr/lib/gcc/i686-linux-gnu/5/../../../i386-linux-gnu/crti.o

.gnu.version_d  0x0000000000008140        0x0
 *(.gnu.version_d)
 .gnu.version_d
                0x0000000000008140        0x0 /usr/lib/gcc/i686-linux-gnu/5/../../../i386-linux-gnu/crti.o

.gnu.version_r  0x0000000000008140       0x40
 *(.gnu.version_r)
 .gnu.version_r
                0x0000000000008140       0x40 /usr/lib/gcc/i686-linux-gnu/5/../../../i386-linux-gnu/crti.o

.rel.dyn        0x0000000000008180     0x8e70
 *(.rel.init)
 .rel.init      0x0000000000008180        0x0 /usr/lib/gcc/i686-linux-gnu/5/../../../i386-linux-gnu/crti.o
 *(.rel.text .rel.text.* .rel.gnu.linkonce.t.*)
 .rel.text      0x0000000000008180     0x84c0 /usr/lib/gcc/i686-linux-gnu/5/../../../i386-linux-gnu/crti.o
 *(.rel.fini)
 .rel.fini      0x0000000000010640        0x0 /usr/lib/gcc/i686-linux-gnu/5/../../../i386-linux-gnu/crti.o
 *(.rel.rodata .rel.rodata.* .rel.gnu.linkonce.r.*)
 .rel.rodata    0x0000000000010640      0x588 /usr/lib/gcc/i686-linux-gnu/5/../../../i386-linux-gnu/crti.o
 *(.rel.data.rel.ro .rel.data.rel.ro.* .rel.gnu.linkonce.d.rel.ro.*)
 *(.rel.data .rel.data.* .rel.gnu.linkonce.d.*)
 .rel.data.rel.local
                0x0000000000010bc8        0x8 /usr/lib/gcc/i686-linux-gnu/5/../../../i386-linux-gnu/crti.o
 .rel.data      0x0000000000010bd0      0x3e8 /usr/lib/gcc/i686-linux-gnu/5/../../../i386-linux-gnu/crti.o
 *(.rel.tdata .rel.tdata.* .rel.gnu.linkonce.td.*)
 *(.rel.tbss .rel.tbss.* .rel.gnu.linkonce.tb.*)
 *(.rel.ctors)
 *(.rel.dtors)
 *(.rel.got)
 .rel.got       0x0000000000010fb8       0x28 /usr/lib/gcc/i686-linux-gnu/5/../../../i386-linux-gnu/crti.o
 *(.rel.bss .rel.bss.* .rel.gnu.linkonce.b.*)
 *(.rel.ifunc)
 .rel.ifunc     0x0000000000010fe0        0x0 /usr/lib/gcc/i686-linux-gnu/5/../../../i386-linux-gnu/crti.o
 .rel.fini_array
                0x0000000000010fe0        0x8 /usr/lib/gcc/i686-linux-gnu/5/../../../i386-linux-gnu/crti.o
 .rel.init_array
                0x0000000000010fe8        0x8 /usr/lib/gcc/i686-linux-gnu/5/../../../i386-linux-gnu/crti.o

.rel.plt        0x0000000000010ff0        0x0
 *(.rel.plt)
 .rel.plt       0x0000000000010ff0        0x0 /usr/lib/gcc/i686-linux-gnu/5/../../../i386-linux-gnu/crti.o
 *(.rel.iplt)

.init           0x0000000000010ff0       0x23
 *(SORT(.init))
 .init          0x0000000000010ff0       0x1e /usr/lib/gcc/i686-linux-gnu/5/../../../i386-linux-gnu/crti.o
                0x0000000000010ff0                _init
 .init          0x000000000001100e        0x5 /usr/lib/gcc/i686-linux-gnu/5/../../../i386-linux-gnu/crtn.o

.plt            0x0000000000011020       0x10
 *(.plt)
 .plt           0x0000000000011020       0x10 /usr/lib/gcc/i686-linux-gnu/5/../../../i386-linux-gnu/crti.o
 *(.iplt)

.plt.got        0x0000000000011030       0x10
 *(.plt.got)
 .plt.got       0x0000000000011030       0x10 /usr/lib/gcc/i686-linux-gnu/5/../../../i386-linux-gnu/crti.o

.text           0x0000000000011040    0x18012
 *(.text.unlikely .text.*_unlikely .text.unlikely.*)
 .text.unlikely
                0x0000000000011040        0x0 /usr/lib/gcc/i686-linux-gnu/5/crtbeginS.o
 .text.unlikely
                0x0000000000011040        0x0 /usr/lib/gcc/i686-linux-gnu/5/libgcc.a(_udivdi3.o)
 *(.text.exit .text.exit.*)
 *(.text.startup .text.startup.*)
 *(.text.hot .text.hot.*)
 *(.text .stub .text.* .gnu.linkonce.t.*)
 .text          0x0000000000011040        0x0 /usr/lib/gcc/i686-linux-gnu/5/../../../i386-linux-gnu/crti.o
 .gnu.linkonce.t.__x86.get_pc_thunk.bx
                0x0000000000011040        0x4 /usr/lib/gcc/i686-linux-gnu/5/../../../i386-linux-gnu/crti.o
                0x0000000000011040                __x86.get_pc_thunk.bx
 *fill*         0x0000000000011044        0xc 
 .text          0x0000000000011050      0x11c /usr/lib/gcc/i686-linux-gnu/5/crtbeginS.o
 .text.__x86.get_pc_thunk.dx
                0x000000000001116c        0x4 /usr/lib/gcc/i686-linux-gnu/5/crtbeginS.o
                0x000000000001116c                __x86.get_pc_thunk.dx
 .text          0x0000000000011170      0x139 sensor_server.o
 .text          0x00000000000112a9      0x283 build/cooja/mtype141.o
                0x000000000001133b                platform_init_stage_one
                0x000000000001134e                platform_init_stage_two
                0x0000000000011361                platform_init_stage_three
                0x0000000000011374                platform_main_loop
                0x00000000000113e7                Java_org_contikios_cooja_corecomm_Lib4_init
                0x000000000001141e                Java_org_contikios_cooja_corecomm_Lib4_getMemory
                0x0000000000011451                Java_org_contikios_cooja_corecomm_Lib4_setMemory
                0x00000000000114b1                Java_org_contikios_cooja_corecomm_Lib4_tick
                0x0000000000011519                Java_org_contikios_cooja_corecomm_Lib4_setReferenceAddress
 .text          0x000000000001152c       0x65 build/cooja/mtype141.a(simEnvChange.o)
                0x000000000001152c                doActionsBeforeTick
                0x000000000001155e                doActionsAfterTick
 .text          0x0000000000011591       0x83 build/cooja/mtype141.a(cooja_mt.o)
                0x0000000000011591                cooja_mt_start
                0x00000000000115bb                cooja_mt_exec
                0x00000000000115f1                cooja_mt_yield
 .text          0x0000000000011614       0xbe build/cooja/mtype141.a(cooja_mtarch.o)
                0x0000000000011614                cooja_mtarch_start
                0x0000000000011687                cooja_sw
                0x00000000000116aa                cooja_mtarch_exec
                0x00000000000116c7                cooja_mtarch_yield
 .text          0x00000000000116d2       0xc5 build/cooja/mtype141.a(rtimer-arch.o)
                0x00000000000116d2                rtimer_arch_init
                0x00000000000116f6                rtimer_arch_schedule
                0x0000000000011726                rtimer_arch_next
                0x0000000000011736                rtimer_arch_pending
                0x0000000000011740                rtimer_arch_check
                0x0000000000011787                rtimer_arch_now
 .text          0x0000000000011797       0x81 build/cooja/mtype141.a(beep.o)
                0x0000000000011797                beep_alarm
                0x00000000000117a4                beep_beep
                0x00000000000117b1                beep
                0x00000000000117be                beep_down
                0x00000000000117cb                beep_on
                0x00000000000117d8                beep_off
                0x00000000000117e5                beep_spinup
                0x00000000000117f2                beep_quick
                0x00000000000117ff                beep_long
 .text          0x0000000000011818       0x65 build/cooja/mtype141.a(leds-arch.o)
                0x000000000001182b                leds_arch_init
 .text          0x000000000001187d       0x35 build/cooja/mtype141.a(moteid.o)
 .text          0x00000000000118b2       0xb7 build/cooja/mtype141.a(pir-sensor.o)
 .text          0x0000000000011969      0x148 build/cooja/mtype141.a(rs232.o)
                0x0000000000011969                rs232_init
                0x000000000001196f                rs232_set_speed
                0x000000000001197e                rs232_set_input
                0x000000000001198c                rs232_send
                0x00000000000119b0                rs232_print
                0x00000000000119cc                slip_arch_writeb
 .text          0x0000000000011ab1       0xb7 build/cooja/mtype141.a(vib-sensor.o)
 .text          0x0000000000011b68       0x38 build/cooja/mtype141.a(clock.o)
                0x0000000000011b68                clock_init
                0x0000000000011b6e                clock_time
                0x0000000000011b78                clock_seconds
                0x0000000000011b8e                clock_delay
 .text          0x0000000000011ba0      0x219 build/cooja/mtype141.a(cooja-log.o)
                0x0000000000011ba0                simlog_char
                0x0000000000011be3                simlog
                0x0000000000011c59                log_message
                0x0000000000011c8a                log_set_putchar_with_slip
                0x0000000000011c98                log_putchar
                0x0000000000011d13                log_puts
                0x0000000000011d3b                log_printf
 .text          0x0000000000011db9      0x2b9 build/cooja/mtype141.a(cfs-cooja.o)
                0x0000000000011db9                cfs_open
                0x0000000000011e22                cfs_close
                0x0000000000011e2f                cfs_read
                0x0000000000011ec4                cfs_write
                0x0000000000011fa0                cfs_seek
                0x0000000000012028                cfs_remove
                0x000000000001204c                cfs_opendir
                0x0000000000012056                cfs_readdir
                0x0000000000012060                cfs_closedir
 .text          0x0000000000012072      0x620 build/cooja/mtype141.a(cooja-radio.o)
                0x00000000000120b4                radio_set_channel
                0x00000000000120c2                radio_set_txpower
                0x00000000000120da                radio_signal_strength_last
                0x00000000000120e4                radio_signal_strength_current
                0x00000000000120ee                radio_LQI
 .text          0x0000000000012692       0xee build/cooja/mtype141.a(eeprom.o)
                0x0000000000012692                eeprom_init
                0x0000000000012698                eeprom_read
                0x0000000000012706                eeprom_write
 .text          0x0000000000012780       0x2d build/cooja/mtype141.a(random.o)
                0x0000000000012780                random_init
                0x00000000000127a0                random_rand
 .text          0x00000000000127ad      0x29c build/cooja/mtype141.a(sensors.o)
                0x00000000000127e8                sensors_first
                0x00000000000127f2                sensors_next
                0x000000000001280c                sensors_changed
                0x0000000000012840                sensors_find
 .text          0x0000000000012a49      0x349 build/cooja/mtype141.a(leds.o)
                0x0000000000012a49                leds_init
                0x0000000000012a90                leds_single_on
                0x0000000000012aef                leds_single_off
                0x0000000000012b4e                leds_single_toggle
                0x0000000000012b80                leds_on
                0x0000000000012c02                leds_off
                0x0000000000012c84                leds_toggle
                0x0000000000012cd9                leds_set
                0x0000000000012d05                leds_get
 .text          0x0000000000012d92      0x343 build/cooja/mtype141.a(gpio-hal-arch.o)
                0x0000000000012d92                gpio_hal_arch_register_pin_callback
                0x0000000000012dfe                gpio_hal_arch_init
                0x0000000000012e43                gpio_hal_arch_no_port_interrupt_enable
                0x0000000000012e73                gpio_hal_arch_no_port_interrupt_disable
                0x0000000000012ea3                gpio_hal_arch_no_port_pin_cfg_set
                0x0000000000012ec8                gpio_hal_arch_no_port_pin_cfg_get
                0x0000000000012eee                gpio_hal_arch_no_port_pin_set_input
                0x0000000000012f00                gpio_hal_arch_no_port_pin_set_output
                0x0000000000012f12                gpio_hal_arch_no_port_set_pin
                0x0000000000012f33                gpio_hal_arch_no_port_clear_pin
                0x0000000000012f54                gpio_hal_arch_no_port_read_pin
                0x0000000000012f7a                gpio_hal_arch_no_port_write_pin
                0x0000000000012fa4                gpio_hal_arch_no_port_set_pins
                0x0000000000012feb                gpio_hal_arch_no_port_clear_pins
                0x0000000000013032                gpio_hal_arch_no_port_read_pins
                0x0000000000013075                gpio_hal_arch_no_port_write_pins
 .text          0x00000000000130d5       0x89 build/cooja/mtype141.a(buttons.o)
 .text          0x000000000001315e       0xa0 build/cooja/mtype141.a(presence_sensor)
 .text          0x00000000000131fe      0xbea build/cooja/mtype141.a(coap-engine.o)
                0x0000000000013293                coap_add_handler
                0x00000000000132b0                coap_remove_handler
                0x00000000000132cd                coap_call_handlers
                0x00000000000133d5                coap_receive
                0x00000000000139d0                coap_engine_init
                0x0000000000013a2e                coap_activate_resource
                0x0000000000013ad9                coap_get_first_resource
                0x0000000000013af2                coap_get_next_resource
 .text          0x0000000000013de8      0x2d9 build/cooja/mtype141.a(coap-res-well-k)
 .text          0x00000000000140c1      0x96a build/cooja/mtype141.a(coap-observe.o)
                0x00000000000141d6                coap_remove_observer
                0x0000000000014206                coap_remove_observer_by_client
                0x000000000001426e                coap_remove_observer_by_token
                0x0000000000014301                coap_remove_observer_by_uri
                0x00000000000143a8                coap_remove_observer_by_mid
                0x0000000000014424                coap_notify_observers
                0x000000000001443d                coap_notify_observers_sub
                0x00000000000148a7                coap_observe_handler
                0x00000000000149c2                coap_has_observers
 .text          0x0000000000014a2b      0x733 build/cooja/mtype141.a(coap-uip.o)
                0x0000000000014a2b                coap_endpoint_log
                0x0000000000014ab1                coap_endpoint_print
                0x0000000000014b37                coap_endpoint_snprint
                0x0000000000014c6a                coap_endpoint_copy
                0x0000000000014ca7                coap_endpoint_cmp
                0x0000000000014db5                coap_endpoint_parse
                0x0000000000014fa0                coap_endpoint_is_secure
                0x0000000000014faf                coap_endpoint_is_connected
                0x0000000000014fe3                coap_endpoint_connect
                0x0000000000014fff                coap_endpoint_disconnect
                0x0000000000015005                coap_databuf
                0x000000000001500f                coap_transport_init
                0x000000000001505f                coap_sendto
 .text          0x000000000001515e      0x324 build/cooja/mtype141.a(coap-timer.o)
                0x000000000001525b                coap_timer_stop
                0x0000000000015286                coap_timer_set
                0x00000000000152c9                coap_timer_reset
                0x000000000001530c                coap_timer_time_to_next_expiration
                0x0000000000015378                coap_timer_run
                0x0000000000015444                coap_timer_init
 .text          0x0000000000015482      0x2c6 build/cooja/mtype141.a(coap-transactio)
                0x00000000000154e8                coap_new_transaction
                0x000000000001554e                coap_send_transaction
                0x00000000000156af                coap_clear_transaction
                0x00000000000156f7                coap_get_transaction_by_mid
 .text          0x0000000000015748     0x1c53 build/cooja/mtype141.a(coap.o)
                0x0000000000015cb5                coap_init_connection
                0x0000000000015cc9                coap_get_mid
                0x0000000000015ce5                coap_init_message
                0x0000000000015d2e                coap_serialize_message
                0x00000000000163b0                coap_parse_message
                0x0000000000016a17                coap_get_query_variable
                0x0000000000016a59                coap_get_post_variable
                0x0000000000016a9d                coap_set_status_code
                0x0000000000016ac2                coap_set_token
                0x0000000000016b09                coap_get_header_content_format
                0x0000000000016b3a                coap_set_header_content_format
                0x0000000000016b5d                coap_get_header_accept
                0x0000000000016b8e                coap_set_header_accept
                0x0000000000016bb1                coap_get_header_max_age
                0x0000000000016be2                coap_set_header_max_age
                0x0000000000016c02                coap_get_header_etag
                0x0000000000016c34                coap_set_header_etag
                0x0000000000016c8b                coap_get_header_if_match
                0x0000000000016cbd                coap_set_header_if_match
                0x0000000000016d14                coap_get_header_if_none_match
                0x0000000000016d2e                coap_set_header_if_none_match
                0x0000000000016d45                coap_get_header_proxy_uri
                0x0000000000016d73                coap_set_header_proxy_uri
                0x0000000000016db0                coap_get_header_uri_host
                0x0000000000016dde                coap_set_header_uri_host
                0x0000000000016e1b                coap_get_header_uri_path
                0x0000000000016e49                coap_set_header_uri_path
                0x0000000000016e96                coap_get_header_uri_query
                0x0000000000016eca                coap_set_header_uri_query
                0x0000000000016f20                coap_get_header_location_path
                0x0000000000016f4e                coap_set_header_location_path
                0x0000000000016fe7                coap_get_header_location_query
                0x0000000000017015                coap_set_header_location_query
                0x0000000000017062                coap_get_header_observe
                0x0000000000017091                coap_set_header_observe
                0x00000000000170b1                coap_get_header_block2
                0x000000000001711d                coap_set_header_block2
                0x0000000000017194                coap_get_header_block1
                0x0000000000017209                coap_set_header_block1
                0x0000000000017284                coap_get_header_size2
                0x00000000000172b4                coap_set_header_size2
                0x00000000000172d7                coap_get_header_size1
                0x0000000000017307                coap_set_header_size1
                0x000000000001732a                coap_get_payload
                0x0000000000017364                coap_set_payload
 .text          0x000000000001739b      0x332 build/cooja/mtype141.a(contiki-main.o)
                0x000000000001739b                main
 .text          0x00000000000176cd       0x92 build/cooja/mtype141.a(autostart.o)
                0x00000000000176cd                autostart_start
                0x0000000000017717                autostart_exit
 .text          0x000000000001775f      0x355 build/cooja/mtype141.a(ctimer.o)
                0x0000000000017887                ctimer_init
                0x00000000000178ba                ctimer_set
                0x00000000000178e0                ctimer_set_with_process
                0x000000000001795d                ctimer_reset
                0x00000000000179b1                ctimer_restart
                0x0000000000017a05                ctimer_stop
                0x0000000000017a55                ctimer_expired
 .text          0x0000000000017ab4      0x394 build/cooja/mtype141.a(log.o)
                0x0000000000017ab4                log_6addr
                0x0000000000017b07                log_6addr_compact_snprint
                0x0000000000017ba5                log_6addr_compact
                0x0000000000017bf8                log_lladdr
                0x0000000000017c6a                log_lladdr_compact
                0x0000000000017cd2                log_set_level
                0x0000000000017d8d                log_get_level
                0x0000000000017e06                log_level_to_str
 .text          0x0000000000017e48       0x1b build/cooja/mtype141.a(energest.o)
                0x0000000000017e48                energest_init
                0x0000000000017e4e                energest_flush
                0x0000000000017e54                energest_get_total_time
 .text          0x0000000000017e63      0x43f build/cooja/mtype141.a(etimer.o)
                0x0000000000018087                etimer_request_poll
                0x0000000000018110                etimer_set
                0x0000000000018139                etimer_reset_with_new_interval
                0x0000000000018168                etimer_reset
                0x000000000001818e                etimer_restart
                0x00000000000181b4                etimer_adjust
                0x00000000000181d1                etimer_expired
                0x00000000000181e4                etimer_expiration_time
                0x00000000000181f6                etimer_start_time
                0x0000000000018200                etimer_pending
                0x0000000000018212                etimer_next_expiration_time
                0x000000000001822c                etimer_stop
 .text          0x00000000000182a2       0x25 build/cooja/mtype141.a(node-id.o)
                0x00000000000182a2                node_id_init
 .text          0x00000000000182c7       0xeb build/cooja/mtype141.a(rtimer.o)
                0x00000000000182c7                rtimer_init
                0x00000000000182d5                rtimer_set
                0x0000000000018350                rtimer_run_next
 .text          0x00000000000183b2      0x4fb build/cooja/mtype141.a(process.o)
                0x00000000000183b2                process_alloc_event
                0x00000000000183c7                process_start
                0x00000000000185a1                process_exit
                0x00000000000185be                process_init
                0x0000000000018753                process_run
                0x0000000000018786                process_nevents
                0x00000000000187a1                process_post
                0x0000000000018834                process_post_synch
                0x0000000000018869                process_poll
                0x0000000000018899                process_is_running
 .text          0x00000000000188ad       0xb1 build/cooja/mtype141.a(timer.o)
                0x00000000000188ad                timer_set
                0x00000000000188cb                timer_reset
                0x00000000000188f8                timer_restart
                0x000000000001890d                timer_expired
                0x000000000001893a                timer_remaining
 .text          0x000000000001895e      0x28f build/cooja/mtype141.a(list.o)
                0x000000000001895e                list_init
                0x000000000001896d                list_head
                0x0000000000018977                list_copy
                0x0000000000018987                list_tail
                0x00000000000189bd                list_add
                0x0000000000018a09                list_push
                0x0000000000018a35                list_chop
                0x0000000000018a9f                list_pop
                0x0000000000018ac7                list_remove
                0x0000000000018b2f                list_length
                0x0000000000018b5d                list_insert
                0x0000000000018ba2                list_item_next
                0x0000000000018bb9                list_contains
 .text          0x0000000000018bed      0x1b5 build/cooja/mtype141.a(memb.o)
                0x0000000000018bed                memb_init
                0x0000000000018c42                memb_alloc
                0x0000000000018ca5                memb_free
                0x0000000000018d1c                memb_inmemb
                0x0000000000018d5b                memb_numfree
 .text          0x0000000000018da2      0x41c build/cooja/mtype141.a(button-hal.o)
                0x0000000000018f1b                button_hal_get_by_id
                0x0000000000018f59                button_hal_get_by_index
                0x0000000000018f85                button_hal_get_state
                0x0000000000018fd7                button_hal_init
 .text          0x00000000000191be      0x1f3 build/cooja/mtype141.a(serial-line.o)
                0x00000000000191be                serial_line_input_byte
                0x000000000001937c                serial_line_init
 .text          0x00000000000193b1      0x168 build/cooja/mtype141.a(gpio-hal.o)
                0x00000000000193b1                gpio_hal_register_handler
                0x00000000000193ce                gpio_hal_event_handler
                0x000000000001942a                gpio_hal_init
                0x0000000000019449                gpio_hal_arch_port_toggle_pin
                0x0000000000019485                gpio_hal_arch_port_toggle_pins
                0x00000000000194b3                gpio_hal_arch_no_port_toggle_pin
                0x00000000000194f1                gpio_hal_arch_no_port_toggle_pins
 .text          0x0000000000019519      0x2e7 build/cooja/mtype141.a(queuebuf.o)
                0x0000000000019523                queuebuf_init
                0x000000000001954c                queuebuf_numfree
                0x0000000000019564                queuebuf_new_from_packetbuf
                0x0000000000019603                queuebuf_update_attr_from_packetbuf
                0x0000000000019638                queuebuf_update_from_packetbuf
                0x0000000000019688                queuebuf_free
                0x00000000000196d1                queuebuf_to_packetbuf
                0x000000000001973d                queuebuf_dataptr
                0x0000000000019777                queuebuf_datalen
                0x000000000001979a                queuebuf_addr
                0x00000000000197cf                queuebuf_attr
                0x00000000000197fa                queuebuf_debug_print
 .text          0x0000000000019800      0x407 build/cooja/mtype141.a(packetbuf.o)
                0x0000000000019800                packetbuf_clear
                0x000000000001982b                packetbuf_copyfrom
                0x000000000001987a                packetbuf_copyto
                0x000000000001990d                packetbuf_hdralloc
                0x0000000000019989                packetbuf_hdrreduce
                0x00000000000199cf                packetbuf_set_datalen
                0x00000000000199e9                packetbuf_dataptr
                0x0000000000019a06                packetbuf_hdrptr
                0x0000000000019a10                packetbuf_datalen
                0x0000000000019a1c                packetbuf_hdrlen
                0x0000000000019a33                packetbuf_totlen
                0x0000000000019a49                packetbuf_remaininglen
                0x0000000000019a5c                packetbuf_attr_clear
                0x0000000000019aa8                packetbuf_attr_copyto
                0x0000000000019b00                packetbuf_attr_copyfrom
                0x0000000000019b58                packetbuf_set_attr
                0x0000000000019b82                packetbuf_attr
                0x0000000000019b9c                packetbuf_set_addr
                0x0000000000019bcd                packetbuf_addr
                0x0000000000019bea                packetbuf_holds_broadcast
 .text          0x0000000000019c07       0xef build/cooja/mtype141.a(netstack.o)
                0x0000000000019c07                netstack_process_ip_callback
                0x0000000000019c98                netstack_ip_packet_processor_add
                0x0000000000019cbb                uip_ds6_ip_packet_processor_rm
                0x0000000000019cd8                netstack_init
 .text          0x0000000000019cf6       0x4f build/cooja/mtype141.a(linkaddr.o)
                0x0000000000019cf6                linkaddr_copy
                0x0000000000019d0c                linkaddr_cmp
                0x0000000000019d2f                linkaddr_set_node_addr
 .text          0x0000000000019d45      0x1f6 build/cooja/mtype141.a(csma.o)
 .text          0x0000000000019f3b      0x95d build/cooja/mtype141.a(csma-output.o)
                0x000000000001a5d2                csma_output_packet
                0x000000000001a85f                csma_output_init
 .text          0x000000000001a898      0xc11 build/cooja/mtype141.a(uip-ds6.o)
                0x000000000001a898                uip_ds6_default_prefix
                0x000000000001a8a2                uip_ds6_set_default_prefix
                0x000000000001a8cd                uip_ds6_init
                0x000000000001ab2f                uip_ds6_periodic
                0x000000000001abb6                uip_ds6_list_loop
                0x000000000001ac76                uip_ds6_prefix_add
                0x000000000001ad22                uip_ds6_prefix_rm
                0x000000000001ad35                uip_ds6_prefix_lookup
                0x000000000001ad74                uip_ds6_is_addr_onlink
                0x000000000001ade7                uip_ds6_addr_add
                0x000000000001af07                uip_ds6_addr_rm
                0x000000000001afb0                uip_ds6_addr_lookup
                0x000000000001afe9                uip_ds6_get_link_local
                0x000000000001b06a                uip_ds6_get_global
                0x000000000001b0eb                uip_ds6_maddr_add
                0x000000000001b14b                uip_ds6_maddr_rm
                0x000000000001b15e                uip_ds6_maddr_lookup
                0x000000000001b197                uip_ds6_aaddr_add
                0x000000000001b1f7                uip_ds6_aaddr_rm
                0x000000000001b20a                uip_ds6_aaddr_lookup
                0x000000000001b243                uip_ds6_select_src
                0x000000000001b38c                uip_ds6_set_addr_iid
                0x000000000001b3b7                uip_ds6_set_lladdr_from_iid
                0x000000000001b3e0                get_match_length
                0x000000000001b471                uip_ds6_compute_reachable_time
 .text          0x000000000001b4a9      0x128 build/cooja/mtype141.a(uip-udp-packet.)
                0x000000000001b4a9                uip_udp_packet_send
                0x000000000001b504                uip_udp_packet_sendto
 .text          0x000000000001b5d1      0x35b build/cooja/mtype141.a(uip-ds6-route.o)
                0x000000000001b622                uip_ds6_route_init
                0x000000000001b64c                uip_ds6_route_nexthop
                0x000000000001b656                uip_ds6_route_head
                0x000000000001b660                uip_ds6_route_next
                0x000000000001b66a                uip_ds6_route_is_nexthop
                0x000000000001b674                uip_ds6_route_num_routes
                0x000000000001b67e                uip_ds6_route_lookup
                0x000000000001b688                uip_ds6_route_add
                0x000000000001b69b                uip_ds6_route_rm
                0x000000000001b6a1                uip_ds6_route_rm_by_nexthop
                0x000000000001b6a7                uip_ds6_defrt_head
                0x000000000001b6c0                uip_ds6_defrt_add
                0x000000000001b76e                uip_ds6_defrt_rm
                0x000000000001b7d4                uip_ds6_defrt_lookup
                0x000000000001b83b                uip_ds6_defrt_choose
                0x000000000001b8b1                uip_ds6_defrt_periodic
 .text          0x000000000001b92c      0x6f7 build/cooja/mtype141.a(tcpip.o)
                0x000000000001b946                tcpip_output
                0x000000000001b9c5                udp_attach
                0x000000000001b9dd                udp_new
                0x000000000001ba27                udp_broadcast_new
                0x000000000001bb99                tcpip_input
                0x000000000001bd29                tcpip_ipv6_output
                0x000000000001bf1d                tcpip_poll_udp
                0x000000000001bf3b                tcpip_uipcall
 .text          0x000000000001c023     0x1205 build/cooja/mtype141.a(uip6.o)
                0x000000000001c0d2                uip_chksum
                0x000000000001c1a9                uip_icmp6chksum
                0x000000000001c1be                uip_udpchksum
                0x000000000001c1d3                uip_init
                0x000000000001c21c                uip_remove_ext_hdr
                0x000000000001c2f6                uip_udp_new
                0x000000000001c60a                uip_process
                0x000000000001d102                uip_htons
                0x000000000001d124                uip_htonl
                0x000000000001d162                uip_send
 .text          0x000000000001d228      0x369 build/cooja/mtype141.a(uip-ds6-nbr.o)
                0x000000000001d228                uip_ds6_neighbors_init
                0x000000000001d24c                uip_ds6_nbr_add
                0x000000000001d2d2                uip_ds6_nbr_rm
                0x000000000001d31d                uip_ds6_nbr_update_ll
                0x000000000001d40b                uip_ds6_nbr_get_ipaddr
                0x000000000001d420                uip_ds6_nbr_get_ll
                0x000000000001d43c                uip_ds6_nbr_num
                0x000000000001d485                uip_ds6_nbr_head
                0x000000000001d49e                uip_ds6_nbr_next
                0x000000000001d4ba                uip_ds6_nbr_lookup
                0x000000000001d512                uip_ds6_nbr_ll_lookup
                0x000000000001d52e                uip_ds6_nbr_ipaddr_from_lladdr
                0x000000000001d557                uip_ds6_nbr_lladdr_from_ipaddr
                0x000000000001d58b                uip_ds6_link_callback
 .text          0x000000000001d591      0x6a7 build/cooja/mtype141.a(uip-nd6.o)
                0x000000000001dc1f                uip_nd6_init
 .text          0x000000000001dc38     0x2c17 build/cooja/mtype141.a(sicslowpan.o)
                0x000000000001e23f                netstack_sniffer_add
                0x000000000001e24d                netstack_sniffer_remove
                0x0000000000020823                sicslowpan_init
                0x0000000000020845                sicslowpan_get_last_rssi
 .text          0x000000000002084f      0x4d1 build/cooja/mtype141.a(uiplib.o)
                0x000000000002084f                uiplib_ip6addrconv
                0x0000000000020a07                uiplib_ip4addrconv
                0x0000000000020aca                uiplib_ipaddr_print
                0x0000000000020b1d                uiplib_ipaddr_snprint
 .text          0x0000000000020d20      0x4c9 build/cooja/mtype141.a(rpl.o)
                0x0000000000020d20                rpl_lollipop_greater_than
                0x0000000000020d7a                rpl_get_global_address
                0x0000000000020e72                rpl_link_callback
                0x0000000000020eb6                rpl_has_joined
                0x0000000000020edb                rpl_is_reachable
                0x0000000000020f5c                rpl_reset_prefix
                0x0000000000020fc6                rpl_set_prefix_from_addr
                0x00000000000210ab                rpl_set_prefix
                0x00000000000211c5                rpl_set_leaf_only
                0x00000000000211dd                rpl_get_leaf_only
 .text          0x00000000000211e9     0x138c build/cooja/mtype141.a(rpl-icmp6.o)
                0x000000000002130e                rpl_icmp6_update_nbr_table
                0x0000000000021397                rpl_icmp6_dis_output
                0x00000000000219dd                rpl_icmp6_dio_output
                0x00000000000221db                rpl_icmp6_dao_output
                0x00000000000224bc                rpl_icmp6_dao_ack_output
                0x000000000002252c                rpl_icmp6_init
 .text          0x0000000000022575      0x264 build/cooja/mtype141.a(rpl-dag-root.o)
                0x0000000000022575                rpl_dag_root_print_links
                0x00000000000226a1                rpl_dag_root_set_prefix
                0x00000000000226cd                rpl_dag_root_start
                0x00000000000227aa                rpl_dag_root_is_root
 .text          0x00000000000227d9       0x30 build/cooja/mtype141.a(watchdog.o)
                0x00000000000227d9                watchdog_init
                0x00000000000227df                watchdog_start
                0x00000000000227e5                watchdog_periodic
                0x00000000000227fd                watchdog_stop
                0x0000000000022803                watchdog_reboot
 .text          0x0000000000022809       0x4a build/cooja/mtype141.a(int-master.o)
                0x0000000000022809                int_master_enable
                0x0000000000022819                int_master_read_and_disable
                0x0000000000022836                int_master_status_set
                0x0000000000022844                int_master_is_enabled
 .text          0x0000000000022853      0x226 build/cooja/mtype141.a(coap-timer-defa)
 .text          0x0000000000022a79       0xc7 build/cooja/mtype141.a(stimer.o)
                0x0000000000022a79                stimer_set
                0x0000000000022a97                stimer_reset
                0x0000000000022ac4                stimer_restart
                0x0000000000022ad9                stimer_expired
                0x0000000000022b04                stimer_remaining
                0x0000000000022b28                stimer_elapsed
 .text          0x0000000000022b40      0x156 build/cooja/mtype141.a(ringbuf.o)
                0x0000000000022b40                ringbuf_init
                0x0000000000022b72                ringbuf_put
                0x0000000000022bf0                ringbuf_get
                0x0000000000022c5d                ringbuf_size
                0x0000000000022c6f                ringbuf_elements
 .text          0x0000000000022c96       0x1f build/cooja/mtype141.a(assert.o)
                0x0000000000022c96                _xassert
 .text          0x0000000000022cb5      0x79b build/cooja/mtype141.a(nbr-table.o)
                0x000000000002312e                nbr_table_register
                0x000000000002319b                nbr_table_is_registered
                0x00000000000231d6                nbr_table_head
                0x0000000000023231                nbr_table_next
                0x0000000000023292                nbr_table_add_lladdr
                0x000000000002336c                nbr_table_get_from_lladdr
                0x00000000000233b8                nbr_table_remove
                0x00000000000233f0                nbr_table_lock
                0x000000000002340a                nbr_table_unlock
                0x0000000000023424                nbr_table_get_lladdr
 .text          0x0000000000023450      0x3a5 build/cooja/mtype141.a(link-stats.o)
                0x0000000000023450                link_stats_from_lladdr
                0x000000000002346c                link_stats_get_lladdr
                0x0000000000023488                link_stats_is_fresh
                0x00000000000234c4                guess_etx_from_rssi
                0x0000000000023540                link_stats_packet_sent
                0x0000000000023660                link_stats_input_callback
                0x0000000000023770                link_stats_reset
                0x00000000000237c0                link_stats_init
 .text          0x00000000000237f5      0x187 build/cooja/mtype141.a(mac-sequence.o)
                0x00000000000237f5                mac_sequence_is_duplicate
                0x0000000000023895                mac_sequence_register_seqno
 .text          0x000000000002397c       0x23 build/cooja/mtype141.a(mac.o)
                0x000000000002397c                mac_call_sent_callback
 .text          0x000000000002399f      0x432 build/cooja/mtype141.a(framer-802154.o)
                0x0000000000023b2e                framer_802154_setup_params
 .text          0x0000000000023dd1      0xb6f build/cooja/mtype141.a(frame802154.o)
                0x0000000000023e02                frame802154_get_pan_id
                0x0000000000023e0e                frame802154_set_pan_id
                0x0000000000023e28                frame802154_has_panid
                0x0000000000023fd7                frame802154_check_dest_panid
                0x000000000002405f                frame802154_is_broadcast_addr
                0x00000000000240ac                frame802154_extract_linkaddr
                0x0000000000024311                frame802154_hdrlen
                0x0000000000024384                frame802154_create_fcf
                0x000000000002443c                frame802154_create
                0x00000000000245b1                frame802154_parse_fcf
                0x0000000000024693                frame802154_parse
 .text          0x0000000000024940       0x2d build/cooja/mtype141.a(csma-security.o)
                0x0000000000024940                csma_security_create_frame
                0x000000000002495e                csma_security_parse_frame
 .text          0x000000000002496d      0x4e4 build/cooja/mtype141.a(uipbuf.o)
                0x000000000002496d                uipbuf_clear
                0x0000000000024994                uipbuf_add_ext_hdr
                0x0000000000024a14                uipbuf_set_len
                0x0000000000024a41                uipbuf_set_len_field
                0x0000000000024a6d                uipbuf_get_len_field
                0x0000000000024a8d                uipbuf_get_next_header
                0x0000000000024bbf                uipbuf_get_last_header
                0x0000000000024c38                uipbuf_search_header
                0x0000000000024cee                uipbuf_get_attr
                0x0000000000024d15                uipbuf_set_attr
                0x0000000000024d4c                uipbuf_set_default_attr
                0x0000000000024d83                uipbuf_clear_attr
                0x0000000000024da7                uipbuf_set_attr_flag
                0x0000000000024dc8                uipbuf_clr_attr_flag
                0x0000000000024def                uipbuf_is_attr_flag
                0x0000000000024e13                uipbuf_init
 .text          0x0000000000024e51      0x73f build/cooja/mtype141.a(uip-icmp6.o)
                0x0000000000024ec6                uip_icmp6_input
                0x0000000000024f1d                uip_icmp6_register_input_handler
                0x0000000000025070                uip_icmp6_error_output
                0x0000000000025321                uip_icmp6_send
                0x0000000000025518                uip_icmp6_echo_reply_callback_add
                0x000000000002554a                uip_icmp6_echo_reply_callback_rm
                0x0000000000025567                uip_icmp6_init
 .text          0x0000000000025590      0x69b build/cooja/mtype141.a(uip-sr.o)
                0x0000000000025590                uip_sr_num_nodes
                0x000000000002561e                uip_sr_get_node
                0x0000000000025675                uip_sr_is_addr_reachable
                0x0000000000025723                uip_sr_expire_parent
                0x000000000002576c                uip_sr_update_node
                0x000000000002589c                uip_sr_init
                0x00000000000258d0                uip_sr_node_head
                0x00000000000258e9                uip_sr_node_next
                0x00000000000258ff                uip_sr_periodic
                0x0000000000025a05                uip_sr_free_all
                0x0000000000025a75                uip_sr_link_snprint
 .text          0x0000000000025c2b      0x146 build/cooja/mtype141.a(uip-packetqueue)
                0x0000000000025c59                uip_packetqueue_new
                0x0000000000025c68                uip_packetqueue_alloc
                0x0000000000025cc3                uip_packetqueue_free
                0x0000000000025d0a                uip_packetqueue_buf
                0x0000000000025d27                uip_packetqueue_buflen
                0x0000000000025d48                uip_packetqueue_set_buflen
 .text          0x0000000000025d71      0x1b0 build/cooja/mtype141.a(rpl-nbr-policy.)
                0x0000000000025ede                rpl_nbr_policy_find_removable
 .text          0x0000000000025f21      0x915 build/cooja/mtype141.a(rpl-neighbor.o)
                0x0000000000025f9d                rpl_neighbor_snprint
                0x0000000000026250                rpl_neighbor_print_list
                0x0000000000026305                rpl_neighbor_count
                0x00000000000263ac                rpl_neighbor_get_from_lladdr
                0x00000000000263c8                rpl_neighbor_is_acceptable_parent
                0x00000000000263fc                rpl_neighbor_get_link_metric
                0x0000000000026430                rpl_neighbor_rank_via_nbr
                0x0000000000026464                rpl_neighbor_get_lladdr
                0x0000000000026480                rpl_neighbor_get_ipaddr
                0x00000000000264a7                rpl_neighbor_get_link_stats
                0x00000000000264ce                rpl_neighbor_is_fresh
                0x00000000000264f5                rpl_neighbor_is_reachable
                0x0000000000026540                rpl_neighbor_is_parent
                0x000000000002656a                rpl_neighbor_set_preferred_parent
                0x0000000000026601                rpl_neighbor_remove_all
                0x000000000002665d                rpl_neighbor_get_from_ipaddr
                0x000000000002676b                rpl_neighbor_select_best
                0x0000000000026817                rpl_neighbor_init
 .text          0x0000000000026836      0xe69 build/cooja/mtype141.a(rpl-dag.o)
                0x0000000000026836                rpl_dag_state_to_str
                0x0000000000026875                rpl_dag_get_root_ipaddr
                0x00000000000268bd                rpl_dag_leave
                0x0000000000026946                rpl_dag_poison_and_leave
                0x000000000002695e                rpl_dag_periodic
                0x00000000000269e6                rpl_is_addr_in_our_dag
                0x0000000000026a2a                rpl_get_default_instance
                0x0000000000026a46                rpl_get_any_dag
                0x0000000000026a9f                rpl_refresh_routes
                0x0000000000026adf                rpl_global_repair
                0x0000000000026b78                rpl_local_repair
                0x0000000000026bc2                rpl_dag_ready_to_advertise
                0x0000000000026c05                rpl_dag_update_state
                0x0000000000027332                rpl_process_dio
                0x00000000000273b0                rpl_process_dis
                0x00000000000273f5                rpl_process_dao
                0x0000000000027484                rpl_process_dao_ack
                0x000000000002751b                rpl_process_hbh
                0x000000000002756b                rpl_dag_init_root
                0x000000000002767f                rpl_dag_init
 .text          0x000000000002769f      0x9e7 build/cooja/mtype141.a(rpl-timers.o)
                0x000000000002769f                rpl_timers_schedule_periodic_dis
                0x00000000000277ed                rpl_timers_dio_reset
                0x00000000000278fb                rpl_timers_schedule_unicast_dio
                0x0000000000027a4f                rpl_timers_schedule_dao
                0x0000000000027b0e                rpl_timers_schedule_dao_ack
                0x0000000000027b94                rpl_timers_notify_dao_ack
                0x0000000000027bf2                get_probing_delay
                0x0000000000027c26                get_probing_target
                0x0000000000027e10                rpl_schedule_probing
                0x0000000000027e3e                rpl_schedule_probing_now
                0x0000000000027ea8                rpl_timers_unschedule_leaving
                0x0000000000027ee0                rpl_timers_schedule_leaving
                0x0000000000027f21                rpl_timers_init
                0x0000000000027fb1                rpl_timers_stop_dag_timers
                0x000000000002802a                rpl_timers_unschedule_state_update
                0x000000000002804e                rpl_timers_schedule_state_update
 .text          0x0000000000028086      0xb8e build/cooja/mtype141.a(rpl-ext-header.)
                0x0000000000028086                rpl_ext_header_srh_get_next_hop
                0x000000000002816d                rpl_ext_header_srh_update
                0x00000000000286d9                rpl_ext_header_hbh_update
                0x00000000000289d9                rpl_ext_header_update
                0x0000000000028a62                rpl_ext_header_remove
 .text          0x0000000000028c14      0x31b build/cooja/mtype141.a(rpl-mrhof.o)
 *fill*         0x0000000000028f2f        0x1 
 .text          0x0000000000028f30      0x122 /usr/lib/gcc/i686-linux-gnu/5/libgcc.a(_udivdi3.o)
                0x0000000000028f30                __udivdi3
 .text          0x0000000000029052        0x0 /usr/lib/gcc/i686-linux-gnu/5/crtendS.o
 .text          0x0000000000029052        0x0 /usr/lib/gcc/i686-linux-gnu/5/../../../i386-linux-gnu/crtn.o
 *(.gnu.warning)

.fini           0x0000000000029054       0x14
 *(SORT(.fini))
 .fini          0x0000000000029054        0xf /usr/lib/gcc/i686-linux-gnu/5/../../../i386-linux-gnu/crti.o
                0x0000000000029054                _fini
 .fini          0x0000000000029063        0x5 /usr/lib/gcc/i686-linux-gnu/5/../../../i386-linux-gnu/crtn.o
                [!provide]                        PROVIDE (__etext, .)
                [!provide]                        PROVIDE (_etext, .)
                [!provide]                        PROVIDE (etext, .)

.rodata         0x0000000000029080      0xa2b
 *(.rodata .rodata.* .gnu.linkonce.r.*)
 .rodata        0x0000000000029080       0x85 sensor_server.o
                0x000000000002909c                autostart_processes
 *fill*         0x0000000000029105        0x3 
 .rodata        0x0000000000029108        0x8 build/cooja/mtype141.a(beep.o)
                0x0000000000029108                beep_interface
 .rodata        0x0000000000029110        0xe build/cooja/mtype141.a(leds-arch.o)
                0x0000000000029110                leds_interface
                0x0000000000029118                leds_arch_leds
 *fill*         0x000000000002911e        0x2 
 .rodata        0x0000000000029120        0x8 build/cooja/mtype141.a(moteid.o)
                0x0000000000029120                moteid_interface
 .rodata        0x0000000000029128       0x1c build/cooja/mtype141.a(pir-sensor.o)
                0x0000000000029128                pir_interface
                0x0000000000029134                pir_sensor
 .rodata        0x0000000000029144        0xe build/cooja/mtype141.a(rs232.o)
                0x0000000000029144                rs232_interface
 *fill*         0x0000000000029152        0x2 
 .rodata        0x0000000000029154       0x24 build/cooja/mtype141.a(vib-sensor.o)
                0x0000000000029154                vib_interface
                0x0000000000029168                vib_sensor
 .rodata        0x0000000000029178        0x8 build/cooja/mtype141.a(clock.o)
                0x0000000000029178                clock_interface
 .rodata        0x0000000000029180        0x8 build/cooja/mtype141.a(cooja-log.o)
                0x0000000000029180                simlog_interface
 .rodata        0x0000000000029188       0x2f build/cooja/mtype141.a(cfs-cooja.o)
                0x0000000000029188                cfs_interface
 *fill*         0x00000000000291b7        0x9 
 .rodata        0x00000000000291c0       0xb8 build/cooja/mtype141.a(cooja-radio.o)
                0x00000000000291c0                radio_interface
                0x0000000000029240                cooja_radio_driver
 .rodata        0x0000000000029278        0x8 build/cooja/mtype141.a(eeprom.o)
                0x0000000000029278                eeprom_interface
 .rodata        0x0000000000029280        0x8 build/cooja/mtype141.a(sensors.o)
 .rodata        0x0000000000029288       0x2c build/cooja/mtype141.a(buttons.o)
                0x0000000000029288                button_interface
                0x000000000002929c                button_hal_button_count
                0x00000000000292a4                button_sensor
 .rodata        0x00000000000292b4       0x40 build/cooja/mtype141.a(presence_sensor)
 .rodata        0x00000000000292f4       0x41 build/cooja/mtype141.a(coap-engine.o)
 .rodata        0x0000000000029335       0x19 build/cooja/mtype141.a(coap-res-well-k)
 .rodata        0x000000000002934e       0x11 build/cooja/mtype141.a(coap-observe.o)
 .rodata        0x000000000002935f       0x35 build/cooja/mtype141.a(coap-uip.o)
 .rodata        0x0000000000029394      0x1ac build/cooja/mtype141.a(coap.o)
 .rodata        0x0000000000029540       0xf8 build/cooja/mtype141.a(contiki-main.o)
 .rodata        0x0000000000029638        0xf build/cooja/mtype141.a(ctimer.o)
 *fill*         0x0000000000029647        0x1 
 .rodata        0x0000000000029648       0xc4 build/cooja/mtype141.a(log.o)
 .rodata        0x000000000002970c        0xc build/cooja/mtype141.a(etimer.o)
 .rodata        0x0000000000029718       0x13 build/cooja/mtype141.a(button-hal.o)
 .rodata        0x000000000002972b        0xe build/cooja/mtype141.a(serial-line.o)
 *fill*         0x0000000000029739        0x3 
 .rodata        0x000000000002973c        0x8 build/cooja/mtype141.a(linkaddr.o)
                0x000000000002973c                linkaddr_null
 .rodata        0x0000000000029744       0x24 build/cooja/mtype141.a(csma.o)
                0x000000000002974c                csma_driver
 .rodata        0x0000000000029768       0x27 build/cooja/mtype141.a(csma-output.o)
 *fill*         0x000000000002978f        0x1 
 .rodata        0x0000000000029790       0x4d build/cooja/mtype141.a(uip-ds6-route.o)
 .rodata        0x00000000000297dd        0xd build/cooja/mtype141.a(tcpip.o)
 *fill*         0x00000000000297ea        0x2 
 .rodata        0x00000000000297ec       0x30 build/cooja/mtype141.a(sicslowpan.o)
                0x00000000000297ec                unc_llconf
                0x00000000000297f0                unc_ctxconf
                0x00000000000297f4                unc_mxconf
                0x00000000000297f8                llprefix
                0x000000000002980c                sicslowpan_driver
 .rodata        0x000000000002981c       0x2d build/cooja/mtype141.a(uiplib.o)
 *fill*         0x0000000000029849       0x17 
 .rodata        0x0000000000029860       0x74 build/cooja/mtype141.a(rpl.o)
                0x0000000000029880                rpl_lite_driver
 .rodata        0x00000000000298d4       0x20 build/cooja/mtype141.a(coap-timer-defa)
                0x00000000000298e8                coap_timer_default_driver
 .rodata        0x00000000000298f4       0x25 build/cooja/mtype141.a(assert.o)
 *fill*         0x0000000000029919        0x3 
 .rodata        0x000000000002991c        0xc build/cooja/mtype141.a(framer-802154.o)
                0x000000000002991c                framer_802154
 .rodata        0x0000000000029928       0x44 build/cooja/mtype141.a(uip-sr.o)
 .rodata        0x000000000002996c       0x58 build/cooja/mtype141.a(rpl-neighbor.o)
 .rodata        0x00000000000299c4       0xdb build/cooja/mtype141.a(rpl-dag.o)
 .rodata        0x0000000000029a9f        0xc build/cooja/mtype141.a(rpl-timers.o)

.rodata1
 *(.rodata1)

.eh_frame_hdr   0x0000000000029aac     0x19c4
 *(.eh_frame_hdr)
 .eh_frame_hdr  0x0000000000029aac     0x19c4 sensor_server.o
                0x0000000000029aac                __GNU_EH_FRAME_HDR
 *(.eh_frame_entry .eh_frame_entry.*)

.eh_frame       0x000000000002b470     0x6884
 *(.eh_frame)
 .eh_frame      0x000000000002b470       0x3c /usr/lib/gcc/i686-linux-gnu/5/../../../i386-linux-gnu/crti.o
                                         0x40 (size before relaxing)
 .eh_frame      0x000000000002b4ac       0x20 sensor_server.o
                                         0x38 (size before relaxing)
 .eh_frame      0x000000000002b4cc      0x178 build/cooja/mtype141.o
                                        0x190 (size before relaxing)
 .eh_frame      0x000000000002b644       0x40 build/cooja/mtype141.a(simEnvChange.o)
                                         0x58 (size before relaxing)
 .eh_frame      0x000000000002b684       0x60 build/cooja/mtype141.a(cooja_mt.o)
                                         0x78 (size before relaxing)
 .eh_frame      0x000000000002b6e4       0x80 build/cooja/mtype141.a(cooja_mtarch.o)
                                         0x98 (size before relaxing)
 .eh_frame      0x000000000002b764       0xc8 build/cooja/mtype141.a(rtimer-arch.o)
                                         0xe0 (size before relaxing)
 .eh_frame      0x000000000002b82c      0x160 build/cooja/mtype141.a(beep.o)
                                        0x178 (size before relaxing)
 .eh_frame      0x000000000002b98c       0x80 build/cooja/mtype141.a(leds-arch.o)
                                         0x98 (size before relaxing)
 .eh_frame      0x000000000002ba0c       0x40 build/cooja/mtype141.a(moteid.o)
                                         0x58 (size before relaxing)
 .eh_frame      0x000000000002ba4c       0xa0 build/cooja/mtype141.a(pir-sensor.o)
                                         0xb8 (size before relaxing)
 .eh_frame      0x000000000002baec      0x100 build/cooja/mtype141.a(rs232.o)
                                        0x118 (size before relaxing)
 .eh_frame      0x000000000002bbec       0xa0 build/cooja/mtype141.a(vib-sensor.o)
                                         0xb8 (size before relaxing)
 .eh_frame      0x000000000002bc8c       0xc0 build/cooja/mtype141.a(clock.o)
                                         0xd8 (size before relaxing)
 .eh_frame      0x000000000002bd4c      0x120 build/cooja/mtype141.a(cooja-log.o)
                                        0x138 (size before relaxing)
 .eh_frame      0x000000000002be6c      0x160 build/cooja/mtype141.a(cfs-cooja.o)
                                        0x178 (size before relaxing)
 .eh_frame      0x000000000002bfcc      0x340 build/cooja/mtype141.a(cooja-radio.o)
                                        0x358 (size before relaxing)
 .eh_frame      0x000000000002c30c       0xa0 build/cooja/mtype141.a(eeprom.o)
                                         0xb8 (size before relaxing)
 .eh_frame      0x000000000002c3ac       0x40 build/cooja/mtype141.a(random.o)
                                         0x58 (size before relaxing)
 .eh_frame      0x000000000002c3ec       0xc0 build/cooja/mtype141.a(sensors.o)
                                         0xd8 (size before relaxing)
 .eh_frame      0x000000000002c4ac      0x120 build/cooja/mtype141.a(leds.o)
                                        0x138 (size before relaxing)
 .eh_frame      0x000000000002c5cc      0x220 build/cooja/mtype141.a(gpio-hal-arch.o)
                                        0x238 (size before relaxing)
 .eh_frame      0x000000000002c7ec       0xa0 build/cooja/mtype141.a(buttons.o)
                                         0xb8 (size before relaxing)
 .eh_frame      0x000000000002c88c       0x60 build/cooja/mtype141.a(presence_sensor)
                                         0x78 (size before relaxing)
 .eh_frame      0x000000000002c8ec      0x220 build/cooja/mtype141.a(coap-engine.o)
                                        0x238 (size before relaxing)
 .eh_frame      0x000000000002cb0c       0x24 build/cooja/mtype141.a(coap-res-well-k)
                                         0x3c (size before relaxing)
 .eh_frame      0x000000000002cb30      0x188 build/cooja/mtype141.a(coap-observe.o)
                                        0x1a0 (size before relaxing)
 .eh_frame      0x000000000002ccb8      0x250 build/cooja/mtype141.a(coap-uip.o)
                                        0x268 (size before relaxing)
 .eh_frame      0x000000000002cf08      0x114 build/cooja/mtype141.a(coap-timer.o)
                                        0x12c (size before relaxing)
 .eh_frame      0x000000000002d01c      0x100 build/cooja/mtype141.a(coap-transactio)
                                        0x118 (size before relaxing)
 .eh_frame      0x000000000002d11c      0x6ec build/cooja/mtype141.a(coap.o)
                                        0x704 (size before relaxing)
 .eh_frame      0x000000000002d808       0x30 build/cooja/mtype141.a(contiki-main.o)
                                         0x48 (size before relaxing)
 .eh_frame      0x000000000002d838       0x40 build/cooja/mtype141.a(autostart.o)
                                         0x58 (size before relaxing)
 .eh_frame      0x000000000002d878      0x100 build/cooja/mtype141.a(ctimer.o)
                                        0x118 (size before relaxing)
 .eh_frame      0x000000000002d978      0x100 build/cooja/mtype141.a(log.o)
                                        0x118 (size before relaxing)
 .eh_frame      0x000000000002da78       0x60 build/cooja/mtype141.a(energest.o)
                                         0x78 (size before relaxing)
 .eh_frame      0x000000000002dad8      0x1e0 build/cooja/mtype141.a(etimer.o)
                                        0x1f8 (size before relaxing)
 .eh_frame      0x000000000002dcb8       0x20 build/cooja/mtype141.a(node-id.o)
                                         0x38 (size before relaxing)
 .eh_frame      0x000000000002dcd8       0x60 build/cooja/mtype141.a(rtimer.o)
                                         0x78 (size before relaxing)
 .eh_frame      0x000000000002dd38      0x1c4 build/cooja/mtype141.a(process.o)
                                        0x1dc (size before relaxing)
 .eh_frame      0x000000000002defc       0xa4 build/cooja/mtype141.a(timer.o)
                                         0xbc (size before relaxing)
 .eh_frame      0x000000000002dfa0      0x1a0 build/cooja/mtype141.a(list.o)
                                        0x1b8 (size before relaxing)
 .eh_frame      0x000000000002e140       0xa0 build/cooja/mtype141.a(memb.o)
                                         0xb8 (size before relaxing)
 .eh_frame      0x000000000002e1e0      0x144 build/cooja/mtype141.a(button-hal.o)
                                        0x15c (size before relaxing)
 .eh_frame      0x000000000002e324       0x60 build/cooja/mtype141.a(serial-line.o)
                                         0x78 (size before relaxing)
 .eh_frame      0x000000000002e384       0xe0 build/cooja/mtype141.a(gpio-hal.o)
                                         0xf8 (size before relaxing)
 .eh_frame      0x000000000002e464      0x1a0 build/cooja/mtype141.a(queuebuf.o)
                                        0x1b8 (size before relaxing)
 .eh_frame      0x000000000002e604      0x28c build/cooja/mtype141.a(packetbuf.o)
                                        0x2a4 (size before relaxing)
 .eh_frame      0x000000000002e890       0x80 build/cooja/mtype141.a(netstack.o)
                                         0x98 (size before relaxing)
 .eh_frame      0x000000000002e910       0x60 build/cooja/mtype141.a(linkaddr.o)
                                         0x78 (size before relaxing)
 .eh_frame      0x000000000002e970       0xe0 build/cooja/mtype141.a(csma.o)
                                         0xf8 (size before relaxing)
 .eh_frame      0x000000000002ea50      0x1d0 build/cooja/mtype141.a(csma-output.o)
                                        0x1e8 (size before relaxing)
 .eh_frame      0x000000000002ec20      0x328 build/cooja/mtype141.a(uip-ds6.o)
                                        0x340 (size before relaxing)
 .eh_frame      0x000000000002ef48       0x40 build/cooja/mtype141.a(uip-udp-packet.)
                                         0x58 (size before relaxing)
 .eh_frame      0x000000000002ef88      0x220 build/cooja/mtype141.a(uip-ds6-route.o)
                                        0x238 (size before relaxing)
 .eh_frame      0x000000000002f1a8      0x244 build/cooja/mtype141.a(tcpip.o)
                                        0x25c (size before relaxing)
 .eh_frame      0x000000000002f3ec      0x1e8 build/cooja/mtype141.a(uip6.o)
                                        0x200 (size before relaxing)
 .eh_frame      0x000000000002f5d4      0x1c0 build/cooja/mtype141.a(uip-ds6-nbr.o)
                                        0x1d8 (size before relaxing)
 .eh_frame      0x000000000002f794       0x84 build/cooja/mtype141.a(uip-nd6.o)
                                         0x9c (size before relaxing)
 .eh_frame      0x000000000002f818      0x2f8 build/cooja/mtype141.a(sicslowpan.o)
                                        0x310 (size before relaxing)
 .eh_frame      0x000000000002fb10       0x88 build/cooja/mtype141.a(uiplib.o)
                                         0xa0 (size before relaxing)
 .eh_frame      0x000000000002fb98      0x1e0 build/cooja/mtype141.a(rpl.o)
                                        0x1f8 (size before relaxing)
 .eh_frame      0x000000000002fd78      0x1c4 build/cooja/mtype141.a(rpl-icmp6.o)
                                        0x1dc (size before relaxing)
 .eh_frame      0x000000000002ff3c       0xa0 build/cooja/mtype141.a(rpl-dag-root.o)
                                         0xb8 (size before relaxing)
 .eh_frame      0x000000000002ffdc       0xa0 build/cooja/mtype141.a(watchdog.o)
                                         0xb8 (size before relaxing)
 .eh_frame      0x000000000003007c       0x80 build/cooja/mtype141.a(int-master.o)
                                         0x98 (size before relaxing)
 .eh_frame      0x00000000000300fc       0xa4 build/cooja/mtype141.a(coap-timer-defa)
                                         0xbc (size before relaxing)
 .eh_frame      0x00000000000301a0       0xc4 build/cooja/mtype141.a(stimer.o)
                                         0xdc (size before relaxing)
 .eh_frame      0x0000000000030264       0xa0 build/cooja/mtype141.a(ringbuf.o)
                                         0xb8 (size before relaxing)
 .eh_frame      0x0000000000030304       0x20 build/cooja/mtype141.a(assert.o)
                                         0x38 (size before relaxing)
 .eh_frame      0x0000000000030324      0x2ac build/cooja/mtype141.a(nbr-table.o)
                                        0x2c4 (size before relaxing)
 .eh_frame      0x00000000000305d0      0x120 build/cooja/mtype141.a(link-stats.o)
                                        0x138 (size before relaxing)
 .eh_frame      0x00000000000306f0       0x48 build/cooja/mtype141.a(mac-sequence.o)
                                         0x60 (size before relaxing)
 .eh_frame      0x0000000000030738       0x20 build/cooja/mtype141.a(mac.o)
                                         0x38 (size before relaxing)
 .eh_frame      0x0000000000030758       0xa4 build/cooja/mtype141.a(framer-802154.o)
                                         0xbc (size before relaxing)
 .eh_frame      0x00000000000307fc      0x1a4 build/cooja/mtype141.a(frame802154.o)
                                        0x1bc (size before relaxing)
 .eh_frame      0x00000000000309a0       0x40 build/cooja/mtype141.a(csma-security.o)
                                         0x58 (size before relaxing)
 .eh_frame      0x00000000000309e0      0x200 build/cooja/mtype141.a(uipbuf.o)
                                        0x218 (size before relaxing)
 .eh_frame      0x0000000000030be0      0x150 build/cooja/mtype141.a(uip-icmp6.o)
                                        0x168 (size before relaxing)
 .eh_frame      0x0000000000030d30      0x184 build/cooja/mtype141.a(uip-sr.o)
                                        0x19c (size before relaxing)
 .eh_frame      0x0000000000030eb4       0xe0 build/cooja/mtype141.a(uip-packetqueue)
                                         0xf8 (size before relaxing)
 .eh_frame      0x0000000000030f94       0x80 build/cooja/mtype141.a(rpl-nbr-policy.)
                                         0x98 (size before relaxing)
 .eh_frame      0x0000000000031014      0x2d4 build/cooja/mtype141.a(rpl-neighbor.o)
                                        0x2ec (size before relaxing)
 .eh_frame      0x00000000000312e8      0x370 build/cooja/mtype141.a(rpl-dag.o)
                                        0x388 (size before relaxing)
 .eh_frame      0x0000000000031658      0x3a8 build/cooja/mtype141.a(rpl-timers.o)
                                        0x3c0 (size before relaxing)
 .eh_frame      0x0000000000031a00      0x124 build/cooja/mtype141.a(rpl-ext-header.)
                                        0x13c (size before relaxing)
 .eh_frame      0x0000000000031b24      0x148 build/cooja/mtype141.a(rpl-mrhof.o)
                                        0x160 (size before relaxing)
 .eh_frame      0x0000000000031c6c       0x84 /usr/lib/gcc/i686-linux-gnu/5/libgcc.a(_udivdi3.o)
                                         0x9c (size before relaxing)
 .eh_frame      0x0000000000031cf0        0x4 /usr/lib/gcc/i686-linux-gnu/5/crtendS.o
 *(.eh_frame.*)

.gcc_except_table
 *(.gcc_except_table .gcc_except_table.*)

.gnu_extab
 *(.gnu_extab*)

.exception_ranges
 *(.exception_ranges .exception_ranges*)
                0x0000000000032f10                . = DATA_SEGMENT_ALIGN (0x1000, 0x1000)

.eh_frame
 *(.eh_frame)
 *(.eh_frame.*)

.gnu_extab
 *(.gnu_extab)

.gcc_except_table
 *(.gcc_except_table .gcc_except_table.*)

.exception_ranges
 *(.exception_ranges .exception_ranges*)

.tdata
 *(.tdata .tdata.* .gnu.linkonce.td.*)

.tbss
 *(.tbss .tbss.* .gnu.linkonce.tb.*)
 *(.tcommon)

.preinit_array
 *(.preinit_array)

.init_array     0x0000000000032f10        0x4
 *(SORT(.init_array.*) SORT(.ctors.*))
 *(.init_array EXCLUDE_FILE(*crtend?.o *crtend.o *crtbegin?.o *crtbegin.o) .ctors)
 .init_array    0x0000000000032f10        0x4 /usr/lib/gcc/i686-linux-gnu/5/crtbeginS.o

.fini_array     0x0000000000032f14        0x4
 *(SORT(.fini_array.*) SORT(.dtors.*))
 *(.fini_array EXCLUDE_FILE(*crtend?.o *crtend.o *crtbegin?.o *crtbegin.o) .dtors)
 .fini_array    0x0000000000032f14        0x4 /usr/lib/gcc/i686-linux-gnu/5/crtbeginS.o

.ctors
 *crtbegin.o(.ctors)
 *crtbegin?.o(.ctors)
 *(EXCLUDE_FILE(*crtend?.o *crtend.o) .ctors)
 *(SORT(.ctors.*))
 *(.ctors)

.dtors
 *crtbegin.o(.dtors)
 *crtbegin?.o(.dtors)
 *(EXCLUDE_FILE(*crtend?.o *crtend.o) .dtors)
 *(SORT(.dtors.*))
 *(.dtors)

.jcr            0x0000000000032f18        0x4
 *(.jcr)
 .jcr           0x0000000000032f18        0x0 /usr/lib/gcc/i686-linux-gnu/5/crtbeginS.o
 .jcr           0x0000000000032f18        0x4 /usr/lib/gcc/i686-linux-gnu/5/crtendS.o

.data.rel.ro
 *(.data.rel.ro.local* .gnu.linkonce.d.rel.ro.local.*)
 *(.data.rel.ro .data.rel.ro.* .gnu.linkonce.d.rel.ro.*)

.dynamic        0x0000000000032f1c       0xd0
 *(.dynamic)
 .dynamic       0x0000000000032f1c       0xd0 /usr/lib/gcc/i686-linux-gnu/5/../../../i386-linux-gnu/crti.o
                0x0000000000032f1c                _DYNAMIC

.got            0x0000000000032fec       0x14
 *(.got)
 .got           0x0000000000032fec       0x14 /usr/lib/gcc/i686-linux-gnu/5/../../../i386-linux-gnu/crti.o
 *(.igot)
                0x0000000000033ff4                . = DATA_SEGMENT_RELRO_END (., (SIZEOF (.got.plt) >= 0xc)?0xc:0x0)

.got.plt        0x0000000000033000        0xc
 *(.got.plt)
 .got.plt       0x0000000000033000        0xc /usr/lib/gcc/i686-linux-gnu/5/../../../i386-linux-gnu/crti.o
                0x0000000000033000                _GLOBAL_OFFSET_TABLE_
 *(.igot.plt)

.data           0x0000000000033020      0x444
 *(.data .data.* .gnu.linkonce.d.*)
 .data          0x0000000000033020        0x0 /usr/lib/gcc/i686-linux-gnu/5/../../../i386-linux-gnu/crti.o
 .data          0x0000000000033020        0x0 /usr/lib/gcc/i686-linux-gnu/5/crtbeginS.o
 .data.rel.local
                0x0000000000033020        0x4 /usr/lib/gcc/i686-linux-gnu/5/crtbeginS.o
                0x0000000000033020                __dso_handle
 .data          0x0000000000033024       0x10 sensor_server.o
                0x0000000000033024                presence_server
 *fill*         0x0000000000033034        0xc 
 .data          0x0000000000033040       0x44 build/cooja/mtype141.o
                0x0000000000033040                simInterfaces
                0x0000000000033074                sensors
 .data          0x0000000000033084        0x0 build/cooja/mtype141.a(simEnvChange.o)
 .data          0x0000000000033084        0x0 build/cooja/mtype141.a(cooja_mt.o)
 .data          0x0000000000033084        0x0 build/cooja/mtype141.a(cooja_mtarch.o)
 .data          0x0000000000033084        0x0 build/cooja/mtype141.a(rtimer-arch.o)
 .data          0x0000000000033084        0x0 build/cooja/mtype141.a(beep.o)
 .data          0x0000000000033084        0x0 build/cooja/mtype141.a(leds-arch.o)
 .data          0x0000000000033084        0x0 build/cooja/mtype141.a(moteid.o)
 .data          0x0000000000033084        0x0 build/cooja/mtype141.a(pir-sensor.o)
 .data          0x0000000000033084        0x0 build/cooja/mtype141.a(rs232.o)
 .data          0x0000000000033084        0x0 build/cooja/mtype141.a(vib-sensor.o)
 .data          0x0000000000033084        0x0 build/cooja/mtype141.a(clock.o)
 .data          0x0000000000033084        0x0 build/cooja/mtype141.a(cooja-log.o)
 .data          0x0000000000033084        0x0 build/cooja/mtype141.a(cfs-cooja.o)
 .data          0x0000000000033084       0x2c build/cooja/mtype141.a(cooja-radio.o)
                0x0000000000033084                simRadioHWOn
                0x0000000000033088                simSignalStrength
                0x000000000003308c                simLastSignalStrength
                0x0000000000033090                simPower
                0x0000000000033094                simRadioChannel
                0x0000000000033098                simLQI
                0x00000000000330a0                cooja_radio_process
 .data          0x00000000000330b0        0x0 build/cooja/mtype141.a(eeprom.o)
 .data          0x00000000000330b0        0x0 build/cooja/mtype141.a(random.o)
 .data          0x00000000000330b0       0x10 build/cooja/mtype141.a(sensors.o)
                0x00000000000330b0                sensors_process
 .data          0x00000000000330c0        0x0 build/cooja/mtype141.a(leds.o)
 .data          0x00000000000330c0        0x0 build/cooja/mtype141.a(gpio-hal-arch.o)
 .data          0x00000000000330c0       0x78 build/cooja/mtype141.a(buttons.o)
                0x00000000000330c0                simButtonIsActive
                0x0000000000033130                button_hal_buttons
 *fill*         0x0000000000033138        0x8 
 .data          0x0000000000033140       0x24 build/cooja/mtype141.a(presence_sensor)
                0x0000000000033140                presence_sensor
 .data          0x0000000000033164        0x8 build/cooja/mtype141.a(coap-engine.o)
 *fill*         0x000000000003316c       0x14 
 .data          0x0000000000033180       0x24 build/cooja/mtype141.a(coap-res-well-k)
                0x0000000000033180                res_well_known_core
 .data          0x00000000000331a4       0x10 build/cooja/mtype141.a(coap-observe.o)
 .data          0x00000000000331b4       0x10 build/cooja/mtype141.a(coap-uip.o)
                0x00000000000331b4                coap_engine
 .data          0x00000000000331c4        0x4 build/cooja/mtype141.a(coap-timer.o)
 .data          0x00000000000331c8       0x10 build/cooja/mtype141.a(coap-transactio)
 .data          0x00000000000331d8        0x4 build/cooja/mtype141.a(coap.o)
                0x00000000000331d8                coap_error_message
 .data          0x00000000000331dc        0x0 build/cooja/mtype141.a(contiki-main.o)
 .data          0x00000000000331dc        0x0 build/cooja/mtype141.a(autostart.o)
 .data          0x00000000000331dc       0x14 build/cooja/mtype141.a(ctimer.o)
                0x00000000000331e0                ctimer_process
 *fill*         0x00000000000331f0       0x10 
 .data          0x0000000000033200       0xbc build/cooja/mtype141.a(log.o)
                0x0000000000033200                curr_log_level_main
                0x0000000000033220                all_modules
 .data          0x00000000000332bc        0x0 build/cooja/mtype141.a(energest.o)
 .data          0x00000000000332bc       0x10 build/cooja/mtype141.a(etimer.o)
                0x00000000000332bc                etimer_process
 .data          0x00000000000332cc        0x0 build/cooja/mtype141.a(node-id.o)
 .data          0x00000000000332cc        0x0 build/cooja/mtype141.a(rtimer.o)
 .data          0x00000000000332cc        0x0 build/cooja/mtype141.a(process.o)
 .data          0x00000000000332cc        0x0 build/cooja/mtype141.a(timer.o)
 .data          0x00000000000332cc        0x0 build/cooja/mtype141.a(list.o)
 .data          0x00000000000332cc        0x0 build/cooja/mtype141.a(memb.o)
 .data          0x00000000000332cc       0x10 build/cooja/mtype141.a(button-hal.o)
                0x00000000000332cc                button_hal_process
 .data          0x00000000000332dc       0x10 build/cooja/mtype141.a(serial-line.o)
                0x00000000000332dc                serial_line_process
 .data          0x00000000000332ec        0x4 build/cooja/mtype141.a(gpio-hal.o)
 .data          0x00000000000332f0       0x18 build/cooja/mtype141.a(queuebuf.o)
 .data          0x0000000000033308        0x4 build/cooja/mtype141.a(packetbuf.o)
 .data          0x000000000003330c        0x4 build/cooja/mtype141.a(netstack.o)
 .data          0x0000000000033310        0x0 build/cooja/mtype141.a(linkaddr.o)
 .data          0x0000000000033310        0x0 build/cooja/mtype141.a(csma.o)
 .data          0x0000000000033310       0x28 build/cooja/mtype141.a(csma-output.o)
 .data          0x0000000000033338        0x0 build/cooja/mtype141.a(uip-ds6.o)
 .data          0x0000000000033338        0x0 build/cooja/mtype141.a(uip-udp-packet.)
 .data          0x0000000000033338       0x10 build/cooja/mtype141.a(uip-ds6-route.o)
 .data          0x0000000000033348       0x10 build/cooja/mtype141.a(tcpip.o)
                0x0000000000033348                tcpip_process
 .data          0x0000000000033358        0x0 build/cooja/mtype141.a(uip6.o)
 .data          0x0000000000033358       0x14 build/cooja/mtype141.a(uip-ds6-nbr.o)
 .data          0x000000000003336c        0xc build/cooja/mtype141.a(uip-nd6.o)
 .data          0x0000000000033378        0x0 build/cooja/mtype141.a(sicslowpan.o)
 .data          0x0000000000033378        0x0 build/cooja/mtype141.a(uiplib.o)
 .data          0x0000000000033378        0x0 build/cooja/mtype141.a(rpl.o)
 .data          0x0000000000033378       0x30 build/cooja/mtype141.a(rpl-icmp6.o)
 .data          0x00000000000333a8        0x0 build/cooja/mtype141.a(rpl-dag-root.o)
 .data          0x00000000000333a8        0x0 build/cooja/mtype141.a(watchdog.o)
 .data          0x00000000000333a8        0x0 build/cooja/mtype141.a(int-master.o)
 .data          0x00000000000333a8       0x10 build/cooja/mtype141.a(coap-timer-defa)
                0x00000000000333a8                coap_timer_process
 .data          0x00000000000333b8        0x0 build/cooja/mtype141.a(stimer.o)
 .data          0x00000000000333b8        0x0 build/cooja/mtype141.a(ringbuf.o)
 .data          0x00000000000333b8        0x0 build/cooja/mtype141.a(assert.o)
 .data          0x00000000000333b8       0x10 build/cooja/mtype141.a(nbr-table.o)
 .data          0x00000000000333c8       0x14 build/cooja/mtype141.a(link-stats.o)
 .data          0x00000000000333dc        0x0 build/cooja/mtype141.a(mac-sequence.o)
 .data          0x00000000000333dc        0x0 build/cooja/mtype141.a(mac.o)
 .data          0x00000000000333dc        0x0 build/cooja/mtype141.a(framer-802154.o)
 .data          0x00000000000333dc        0x2 build/cooja/mtype141.a(frame802154.o)
 .data          0x00000000000333de        0x0 build/cooja/mtype141.a(csma-security.o)
 .data          0x00000000000333de        0x0 build/cooja/mtype141.a(uipbuf.o)
 *fill*         0x00000000000333de        0x2 
 .data          0x00000000000333e0       0x20 build/cooja/mtype141.a(uip-icmp6.o)
 .data          0x0000000000033400       0x10 build/cooja/mtype141.a(uip-sr.o)
 .data          0x0000000000033410        0xc build/cooja/mtype141.a(uip-packetqueue)
 .data          0x000000000003341c        0x0 build/cooja/mtype141.a(rpl-nbr-policy.)
 .data          0x000000000003341c       0x14 build/cooja/mtype141.a(rpl-neighbor.o)
                0x000000000003342c                rpl_neighbors
 .data          0x0000000000033430        0x0 build/cooja/mtype141.a(rpl-dag.o)
 .data          0x0000000000033430        0x0 build/cooja/mtype141.a(rpl-timers.o)
 .data          0x0000000000033430        0x0 build/cooja/mtype141.a(rpl-ext-header.)
 *fill*         0x0000000000033430       0x10 
 .data          0x0000000000033440       0x24 build/cooja/mtype141.a(rpl-mrhof.o)
                0x0000000000033440                rpl_mrhof
 .data          0x0000000000033464        0x0 /usr/lib/gcc/i686-linux-gnu/5/libgcc.a(_udivdi3.o)
 .data          0x0000000000033464        0x0 /usr/lib/gcc/i686-linux-gnu/5/crtendS.o
 .data          0x0000000000033464        0x0 /usr/lib/gcc/i686-linux-gnu/5/../../../i386-linux-gnu/crtn.o

.tm_clone_table
                0x0000000000033464        0x0
 .tm_clone_table
                0x0000000000033464        0x0 /usr/lib/gcc/i686-linux-gnu/5/crtbeginS.o
 .tm_clone_table
                0x0000000000033464        0x0 /usr/lib/gcc/i686-linux-gnu/5/crtendS.o

.data1
 *(.data1)
                0x0000000000033464                _edata = .
                [!provide]                        PROVIDE (edata, .)
                0x0000000000033464                . = .
                0x0000000000033464                __bss_start = .

.bss            0x0000000000033480    0x13e44
 *(.dynbss)
 .dynbss        0x0000000000033480        0x0 /usr/lib/gcc/i686-linux-gnu/5/../../../i386-linux-gnu/crti.o
 *(.bss .bss.* .gnu.linkonce.b.*)
 .bss           0x0000000000033480        0x0 /usr/lib/gcc/i686-linux-gnu/5/../../../i386-linux-gnu/crti.o
 .bss           0x0000000000033480        0x1 /usr/lib/gcc/i686-linux-gnu/5/crtbeginS.o
 *fill*         0x0000000000033481        0x3 
 .bss           0x0000000000033484       0x10 sensor_server.o
 *fill*         0x0000000000033494        0xc 
 .bss           0x00000000000334a0     0x2030 build/cooja/mtype141.o
 .bss           0x00000000000354d0        0x1 build/cooja/mtype141.a(simEnvChange.o)
                0x00000000000354d0                simDontFallAsleep
 *fill*         0x00000000000354d1        0x3 
 .bss           0x00000000000354d4        0x4 build/cooja/mtype141.a(cooja_mt.o)
 .bss           0x00000000000354d8        0x4 build/cooja/mtype141.a(cooja_mtarch.o)
 .bss           0x00000000000354dc        0x0 build/cooja/mtype141.a(rtimer-arch.o)
 .bss           0x00000000000354dc        0x0 build/cooja/mtype141.a(beep.o)
 .bss           0x00000000000354dc        0x1 build/cooja/mtype141.a(leds-arch.o)
                0x00000000000354dc                simLedsValue
 .bss           0x00000000000354dd        0x0 build/cooja/mtype141.a(moteid.o)
 .bss           0x00000000000354dd        0x1 build/cooja/mtype141.a(pir-sensor.o)
                0x00000000000354dd                simPirValue
 *fill*         0x00000000000354de        0x2 
 .bss           0x00000000000354e0        0x4 build/cooja/mtype141.a(rs232.o)
 .bss           0x00000000000354e4        0x1 build/cooja/mtype141.a(vib-sensor.o)
                0x00000000000354e4                simVibValue
 .bss           0x00000000000354e5        0x0 build/cooja/mtype141.a(clock.o)
 *fill*         0x00000000000354e5       0x1b 
 .bss           0x0000000000035500     0x2020 build/cooja/mtype141.a(cooja-log.o)
 .bss           0x0000000000037520      0xfc0 build/cooja/mtype141.a(cfs-cooja.o)
                0x0000000000037520                simCFSData
                0x00000000000384c0                simCFSSize
                0x00000000000384c4                simCFSChanged
                0x00000000000384c8                simCFSRead
                0x00000000000384cc                simCFSWritten
 .bss           0x00000000000384e0       0x24 build/cooja/mtype141.a(cooja-radio.o)
                0x00000000000384e0                simReceiving
                0x00000000000384e4                simInSize
                0x00000000000384e8                simLastPacketTimestamp
                0x00000000000384f0                simOutSize
 .bss           0x0000000000038504        0xc build/cooja/mtype141.a(eeprom.o)
                0x0000000000038504                simEEPROMChanged
                0x0000000000038508                simEEPROMRead
                0x000000000003850c                simEEPROMWritten
 .bss           0x0000000000038510        0x0 build/cooja/mtype141.a(random.o)
 .bss           0x0000000000038510        0xc build/cooja/mtype141.a(sensors.o)
 .bss           0x000000000003851c        0x0 build/cooja/mtype141.a(leds.o)
 .bss           0x000000000003851c       0x24 build/cooja/mtype141.a(gpio-hal-arch.o)
 .bss           0x0000000000038540        0x0 build/cooja/mtype141.a(buttons.o)
 .bss           0x0000000000038540        0x4 build/cooja/mtype141.a(presence_sensor)
 *fill*         0x0000000000038544       0x1c 
 .bss           0x0000000000038560      0x190 build/cooja/mtype141.a(coap-engine.o)
 .bss           0x00000000000386f0        0x0 build/cooja/mtype141.a(coap-res-well-k)
 *fill*         0x00000000000386f0       0x10 
 .bss           0x0000000000038700      0x120 build/cooja/mtype141.a(coap-observe.o)
 .bss           0x0000000000038820       0x18 build/cooja/mtype141.a(coap-uip.o)
 .bss           0x0000000000038838        0x5 build/cooja/mtype141.a(coap-timer.o)
 *fill*         0x000000000003883d        0x3 
 .bss           0x0000000000038840      0x334 build/cooja/mtype141.a(coap-transactio)
 .bss           0x0000000000038b74        0x6 build/cooja/mtype141.a(coap.o)
                0x0000000000038b74                coap_status_code
 .bss           0x0000000000038b7a        0x0 build/cooja/mtype141.a(contiki-main.o)
 .bss           0x0000000000038b7a        0x0 build/cooja/mtype141.a(autostart.o)
 *fill*         0x0000000000038b7a        0x2 
 .bss           0x0000000000038b7c        0x5 build/cooja/mtype141.a(ctimer.o)
 *fill*         0x0000000000038b81        0x3 
 .bss           0x0000000000038b84       0x2c build/cooja/mtype141.a(log.o)
                0x0000000000038b84                curr_log_level_rpl
                0x0000000000038b88                curr_log_level_tcpip
                0x0000000000038b8c                curr_log_level_ipv6
                0x0000000000038b90                curr_log_level_6lowpan
                0x0000000000038b94                curr_log_level_nullnet
                0x0000000000038b98                curr_log_level_mac
                0x0000000000038b9c                curr_log_level_framer
                0x0000000000038ba0                curr_log_level_6top
                0x0000000000038ba4                curr_log_level_coap
                0x0000000000038ba8                curr_log_level_snmp
                0x0000000000038bac                curr_log_level_lwm2m
 .bss           0x0000000000038bb0        0x0 build/cooja/mtype141.a(energest.o)
 .bss           0x0000000000038bb0        0x8 build/cooja/mtype141.a(etimer.o)
 .bss           0x0000000000038bb8        0x2 build/cooja/mtype141.a(node-id.o)
                0x0000000000038bb8                node_id
 *fill*         0x0000000000038bba        0x2 
 .bss           0x0000000000038bbc        0x4 build/cooja/mtype141.a(rtimer.o)
 .bss           0x0000000000038bc0      0x1a1 build/cooja/mtype141.a(process.o)
                0x0000000000038bc0                process_list
                0x0000000000038bc4                process_current
 .bss           0x0000000000038d61        0x0 build/cooja/mtype141.a(timer.o)
 .bss           0x0000000000038d61        0x0 build/cooja/mtype141.a(list.o)
 .bss           0x0000000000038d61        0x0 build/cooja/mtype141.a(memb.o)
 *fill*         0x0000000000038d61        0x3 
 .bss           0x0000000000038d64       0x10 build/cooja/mtype141.a(button-hal.o)
 *fill*         0x0000000000038d74        0xc 
 .bss           0x0000000000038d80      0x140 build/cooja/mtype141.a(serial-line.o)
 .bss           0x0000000000038ec0        0x4 build/cooja/mtype141.a(gpio-hal.o)
 *fill*         0x0000000000038ec4       0x1c 
 .bss           0x0000000000038ee0     0x2c80 build/cooja/mtype141.a(queuebuf.o)
 .bss           0x000000000003bb60       0xa0 build/cooja/mtype141.a(packetbuf.o)
 .bss           0x000000000003bc00        0x4 build/cooja/mtype141.a(netstack.o)
 .bss           0x000000000003bc04        0x0 build/cooja/mtype141.a(linkaddr.o)
 .bss           0x000000000003bc04        0x0 build/cooja/mtype141.a(csma.o)
 *fill*         0x000000000003bc04       0x1c 
 .bss           0x000000000003bc20      0x726 build/cooja/mtype141.a(csma-output.o)
 *fill*         0x000000000003c346        0x2 
 .bss           0x000000000003c348       0x30 build/cooja/mtype141.a(uip-ds6.o)
 .bss           0x000000000003c378        0x0 build/cooja/mtype141.a(uip-udp-packet.)
 *fill*         0x000000000003c378        0x8 
 .bss           0x000000000003c380       0x60 build/cooja/mtype141.a(uip-ds6-route.o)
 .bss           0x000000000003c3e0       0x10 build/cooja/mtype141.a(tcpip.o)
 .bss           0x000000000003c3f0        0x8 build/cooja/mtype141.a(uip6.o)
                0x000000000003c3f0                uip_ext_bitmap
                0x000000000003c3f2                uip_ext_len
                0x000000000003c3f4                uip_last_proto
 *fill*         0x000000000003c3f8        0x8 
 .bss           0x000000000003c400     0x1c20 build/cooja/mtype141.a(uip-ds6-nbr.o)
 .bss           0x000000000003e020       0x10 build/cooja/mtype141.a(uip-nd6.o)
 *fill*         0x000000000003e030       0x10 
 .bss           0x000000000003e040      0x724 build/cooja/mtype141.a(sicslowpan.o)
 .bss           0x000000000003e764        0x0 build/cooja/mtype141.a(uiplib.o)
 .bss           0x000000000003e764        0x1 build/cooja/mtype141.a(rpl.o)
 .bss           0x000000000003e765        0x0 build/cooja/mtype141.a(rpl-icmp6.o)
 *fill*         0x000000000003e765        0x3 
 .bss           0x000000000003e768       0x11 build/cooja/mtype141.a(rpl-dag-root.o)
 .bss           0x000000000003e779        0x0 build/cooja/mtype141.a(watchdog.o)
 *fill*         0x000000000003e779        0x3 
 .bss           0x000000000003e77c        0x4 build/cooja/mtype141.a(int-master.o)
 .bss           0x000000000003e780       0x1c build/cooja/mtype141.a(coap-timer-defa)
 .bss           0x000000000003e79c        0x0 build/cooja/mtype141.a(stimer.o)
 .bss           0x000000000003e79c        0x0 build/cooja/mtype141.a(ringbuf.o)
 .bss           0x000000000003e79c        0x0 build/cooja/mtype141.a(assert.o)
 *fill*         0x000000000003e79c        0x4 
 .bss           0x000000000003e7a0     0x1214 build/cooja/mtype141.a(nbr-table.o)
 *fill*         0x000000000003f9b4        0xc 