Archive member included to satisfy reference by file (symbol)

build/cooja/mtype449.a(simEnvChange.o)
                              build/cooja/mtype449.o (simDontFallAsleep)
build/cooja/mtype449.a(cooja_mt.o)
                              build/cooja/mtype449.o (cooja_mt_start)
build/cooja/mtype449.a(cooja_mtarch.o)
                              build/cooja/mtype449.a(cooja_mt.o) (cooja_mtarch_start)
build/cooja/mtype449.a(rtimer-arch.o)
                              build/cooja/mtype449.o (rtimer_arch_check)
build/cooja/mtype449.a(beep.o)
                              build/cooja/mtype449.o (beep_interface)
build/cooja/mtype449.a(leds-arch.o)
                              build/cooja/mtype449.o (leds_interface)
build/cooja/mtype449.a(moteid.o)
                              build/cooja/mtype449.o (moteid_interface)
build/cooja/mtype449.a(pir-sensor.o)
                              build/cooja/mtype449.o (pir_interface)
build/cooja/mtype449.a(rs232.o)
                              build/cooja/mtype449.o (rs232_interface)
build/cooja/mtype449.a(vib-sensor.o)
                              build/cooja/mtype449.o (vib_interface)
build/cooja/mtype449.a(clock.o)
                              build/cooja/mtype449.o (clock_interface)
build/cooja/mtype449.a(cooja-log.o)
                              build/cooja/mtype449.o (simlog_interface)
build/cooja/mtype449.a(cfs-cooja.o)
                              build/cooja/mtype449.o (cfs_interface)
build/cooja/mtype449.a(cooja-radio.o)
                              build/cooja/mtype449.o (radio_interface)
build/cooja/mtype449.a(eeprom.o)
                              build/cooja/mtype449.o (eeprom_interface)
build/cooja/mtype449.a(random.o)
                              build/cooja/mtype449.a(moteid.o) (random_init)
build/cooja/mtype449.a(sensors.o)
                              build/cooja/mtype449.a(pir-sensor.o) (sensors_changed)
build/cooja/mtype449.a(leds.o)
                              build/cooja/mtype449.a(leds-arch.o) (leds_get)
build/cooja/mtype449.a(gpio-hal-arch.o)
                              build/cooja/mtype449.a(leds-arch.o) (gpio_hal_arch_register_pin_callback)
build/cooja/mtype449.a(buttons.o)
                              build/cooja/mtype449.o (button_interface)
build/cooja/mtype449.a(presence_sensor)
                              sensor_server.o (presence_sensor)
build/cooja/mtype449.a(coap-engine.o)
                              sensor_server.o (coap_activate_resource)
build/cooja/mtype449.a(coap-res-well-k)
                              build/cooja/mtype449.a(coap-engine.o) (res_well_known_core)
build/cooja/mtype449.a(coap-observe.o)
                              build/cooja/mtype449.a(coap-engine.o) (coap_remove_observer_by_mid)
build/cooja/mtype449.a(coap-uip.o)
                              build/cooja/mtype449.a(coap-observe.o) (coap_endpoint_copy)
build/cooja/mtype449.a(coap-timer.o)
                              build/cooja/mtype449.a(coap-engine.o) (coap_timer_set)
build/cooja/mtype449.a(coap-transactio)
                              build/cooja/mtype449.a(coap-engine.o) (coap_send_transaction)
build/cooja/mtype449.a(coap.o)
                              build/cooja/mtype449.a(coap-engine.o) (coap_status_code)
build/cooja/mtype449.a(contiki-main.o)
                              build/cooja/mtype449.o (main)
build/cooja/mtype449.a(autostart.o)
                              build/cooja/mtype449.a(contiki-main.o) (autostart_start)
build/cooja/mtype449.a(ctimer.o)
                              build/cooja/mtype449.a(contiki-main.o) (ctimer_init)
build/cooja/mtype449.a(log.o)
                              build/cooja/mtype449.a(contiki-main.o) (curr_log_level_main)
build/cooja/mtype449.a(energest.o)
                              build/cooja/mtype449.a(contiki-main.o) (energest_init)
build/cooja/mtype449.a(etimer.o)
                              build/cooja/mtype449.a(contiki-main.o) (etimer_process)
build/cooja/mtype449.a(node-id.o)
                              build/cooja/mtype449.a(contiki-main.o) (node_id)
build/cooja/mtype449.a(rtimer.o)
                              build/cooja/mtype449.a(contiki-main.o) (rtimer_init)
build/cooja/mtype449.a(process.o)
                              sensor_server.o (process_current)
build/cooja/mtype449.a(timer.o)
                              build/cooja/mtype449.a(etimer.o) (timer_set)
build/cooja/mtype449.a(list.o)
                              build/cooja/mtype449.a(coap-engine.o) (list_init)
build/cooja/mtype449.a(memb.o)
                              build/cooja/mtype449.a(coap-observe.o) (memb_alloc)
build/cooja/mtype449.a(button-hal.o)
                              build/cooja/mtype449.o (button_hal_init)
build/cooja/mtype449.a(serial-line.o)
                              build/cooja/mtype449.a(rs232.o) (serial_line_input_byte)
build/cooja/mtype449.a(gpio-hal.o)
                              build/cooja/mtype449.a(button-hal.o) (gpio_hal_register_handler)
build/cooja/mtype449.a(queuebuf.o)
[...]
Memory Configuration

Name             Origin             Length             Attributes
*default*        0x0000000000000000 0xffffffffffffffff

Linker script and memory map

LOAD /usr/lib/gcc/i686-linux-gnu/5/../../../i386-linux-gnu/crti.o
LOAD /usr/lib/gcc/i686-linux-gnu/5/crtbeginS.o
LOAD sensor_server.o
LOAD build/cooja/mtype449.o
LOAD build/cooja/mtype449.a
LOAD /usr/lib/gcc/i686-linux-gnu/5/libgcc.a
LOAD /usr/lib/gcc/i686-linux-gnu/5/libgcc_s.so
LOAD /usr/lib/gcc/i686-linux-gnu/5/../../../i386-linux-gnu/libc.so
START GROUP
LOAD /lib/i386-linux-gnu/libc.so.6
LOAD /usr/lib/i386-linux-gnu/libc_nonshared.a
LOAD /lib/i386-linux-gnu/ld-linux.so.2
END GROUP
LOAD /usr/lib/gcc/i686-linux-gnu/5/libgcc.a
LOAD /usr/lib/gcc/i686-linux-gnu/5/libgcc_s.so
LOAD /usr/lib/gcc/i686-linux-gnu/5/crtendS.o
LOAD /usr/lib/gcc/i686-linux-gnu/5/../../../i386-linux-gnu/crtn.o
                0x0000000000000114                . = (0x0 + SIZEOF_HEADERS)

.note.gnu.build-id
                0x0000000000000114       0x24
 *(.note.gnu.build-id)
 .note.gnu.build-id
                0x0000000000000114       0x24 /usr/lib/gcc/i686-linux-gnu/5/../../../i386-linux-gnu/crti.o

.hash
 *(.hash)

.gnu.hash       0x0000000000000138     0x1580
 *(.gnu.hash)
 .gnu.hash      0x0000000000000138     0x1580 /usr/lib/gcc/i686-linux-gnu/5/../../../i386-linux-gnu/crti.o

.dynsym         0x00000000000016b8     0x2e90
 *(.dynsym)
 .dynsym        0x00000000000016b8     0x2e90 /usr/lib/gcc/i686-linux-gnu/5/../../../i386-linux-gnu/crti.o

.dynstr         0x0000000000004548     0x3637
 *(.dynstr)
 .dynstr        0x0000000000004548     0x3637 /usr/lib/gcc/i686-linux-gnu/5/../../../i386-linux-gnu/crti.o

.gnu.version    0x0000000000007b80      0x5d2
 *(.gnu.version)
 .gnu.version   0x0000000000007b80      0x5d2 /usr/lib/gcc/i686-linux-gnu/5/../../../i386-linux-gnu/crti.o

.gnu.version_d  0x0000000000008154        0x0
 *(.gnu.version_d)
 .gnu.version_d
                0x0000000000008154        0x0 /usr/lib/gcc/i686-linux-gnu/5/../../../i386-linux-gnu/crti.o

.gnu.version_r  0x0000000000008154       0x40
 *(.gnu.version_r)
 .gnu.version_r
                0x0000000000008154       0x40 /usr/lib/gcc/i686-linux-gnu/5/../../../i386-linux-gnu/crti.o

.rel.dyn        0x0000000000008194     0x8ec0
 *(.rel.init)
 .rel.init      0x0000000000008194        0x0 /usr/lib/gcc/i686-linux-gnu/5/../../../i386-linux-gnu/crti.o
 *(.rel.text .rel.text.* .rel.gnu.linkonce.t.*)
 .rel.text      0x0000000000008194     0x8510 /usr/lib/gcc/i686-linux-gnu/5/../../../i386-linux-gnu/crti.o
 *(.rel.fini)
 .rel.fini      0x00000000000106a4        0x0 /usr/lib/gcc/i686-linux-gnu/5/../../../i386-linux-gnu/crti.o
 *(.rel.rodata .rel.rodata.* .rel.gnu.linkonce.r.*)
 .rel.rodata    0x00000000000106a4      0x588 /usr/lib/gcc/i686-linux-gnu/5/../../../i386-linux-gnu/crti.o
 *(.rel.data.rel.ro .rel.data.rel.ro.* .rel.gnu.linkonce.d.rel.ro.*)
 *(.rel.data .rel.data.* .rel.gnu.linkonce.d.*)
 .rel.data.rel.local
                0x0000000000010c2c        0x8 /usr/lib/gcc/i686-linux-gnu/5/../../../i386-linux-gnu/crti.o
 .rel.data      0x0000000000010c34      0x3e8 /usr/lib/gcc/i686-linux-gnu/5/../../../i386-linux-gnu/crti.o
 *(.rel.tdata .rel.tdata.* .rel.gnu.linkonce.td.*)
 *(.rel.tbss .rel.tbss.* .rel.gnu.linkonce.tb.*)
 *(.rel.ctors)
 *(.rel.dtors)
 *(.rel.got)
 .rel.got       0x000000000001101c       0x28 /usr/lib/gcc/i686-linux-gnu/5/../../../i386-linux-gnu/crti.o
 *(.rel.bss .rel.bss.* .rel.gnu.linkonce.b.*)
 *(.rel.ifunc)
 .rel.ifunc     0x0000000000011044        0x0 /usr/lib/gcc/i686-linux-gnu/5/../../../i386-linux-gnu/crti.o
 .rel.fini_array
                0x0000000000011044        0x8 /usr/lib/gcc/i686-linux-gnu/5/../../../i386-linux-gnu/crti.o
 .rel.init_array
                0x000000000001104c        0x8 /usr/lib/gcc/i686-linux-gnu/5/../../../i386-linux-gnu/crti.o

.rel.plt        0x0000000000011054        0x0
 *(.rel.plt)
 .rel.plt       0x0000000000011054        0x0 /usr/lib/gcc/i686-linux-gnu/5/../../../i386-linux-gnu/crti.o
 *(.rel.iplt)

.init           0x0000000000011054       0x23
 *(SORT(.init))
 .init          0x0000000000011054       0x1e /usr/lib/gcc/i686-linux-gnu/5/../../../i386-linux-gnu/crti.o
                0x0000000000011054                _init
 .init          0x0000000000011072        0x5 /usr/lib/gcc/i686-linux-gnu/5/../../../i386-linux-gnu/crtn.o

.plt            0x0000000000011080       0x10
 *(.plt)
 .plt           0x0000000000011080       0x10 /usr/lib/gcc/i686-linux-gnu/5/../../../i386-linux-gnu/crti.o
 *(.iplt)

.plt.got        0x0000000000011090       0x10
 *(.plt.got)
 .plt.got       0x0000000000011090       0x10 /usr/lib/gcc/i686-linux-gnu/5/../../../i386-linux-gnu/crti.o

.text           0x00000000000110a0    0x180a2
 *(.text.unlikely .text.*_unlikely .text.unlikely.*)
 .text.unlikely
                0x00000000000110a0        0x0 /usr/lib/gcc/i686-linux-gnu/5/crtbeginS.o
 .text.unlikely
                0x00000000000110a0        0x0 /usr/lib/gcc/i686-linux-gnu/5/libgcc.a(_udivdi3.o)
 *(.text.exit .text.exit.*)
 *(.text.startup .text.startup.*)
 *(.text.hot .text.hot.*)
 *(.text .stub .text.* .gnu.linkonce.t.*)
 .text          0x00000000000110a0        0x0 /usr/lib/gcc/i686-linux-gnu/5/../../../i386-linux-gnu/crti.o
 .gnu.linkonce.t.__x86.get_pc_thunk.bx
                0x00000000000110a0        0x4 /usr/lib/gcc/i686-linux-gnu/5/../../../i386-linux-gnu/crti.o
                0x00000000000110a0                __x86.get_pc_thunk.bx
 *fill*         0x00000000000110a4        0xc 
 .text          0x00000000000110b0      0x11c /usr/lib/gcc/i686-linux-gnu/5/crtbeginS.o
 .text.__x86.get_pc_thunk.dx
                0x00000000000111cc        0x4 /usr/lib/gcc/i686-linux-gnu/5/crtbeginS.o
                0x00000000000111cc                __x86.get_pc_thunk.dx
 .text          0x00000000000111d0      0x139 sensor_server.o
 .text          0x0000000000011309      0x283 build/cooja/mtype449.o
                0x000000000001139b                platform_init_stage_one
                0x00000000000113ae                platform_init_stage_two
                0x00000000000113c1                platform_init_stage_three
                0x00000000000113d4                platform_main_loop
                0x0000000000011447                Java_org_contikios_cooja_corecomm_Lib2_init
                0x000000000001147e                Java_org_contikios_cooja_corecomm_Lib2_getMemory
                0x00000000000114b1                Java_org_contikios_cooja_corecomm_Lib2_setMemory
                0x0000000000011511                Java_org_contikios_cooja_corecomm_Lib2_tick
                0x0000000000011579                Java_org_contikios_cooja_corecomm_Lib2_setReferenceAddress
 .text          0x000000000001158c       0x65 build/cooja/mtype449.a(simEnvChange.o)
                0x000000000001158c                doActionsBeforeTick
                0x00000000000115be                doActionsAfterTick
 .text          0x00000000000115f1       0x83 build/cooja/mtype449.a(cooja_mt.o)
                0x00000000000115f1                cooja_mt_start
                0x000000000001161b                cooja_mt_exec
                0x0000000000011651                cooja_mt_yield
 .text          0x0000000000011674       0xbe build/cooja/mtype449.a(cooja_mtarch.o)
                0x0000000000011674                cooja_mtarch_start
                0x00000000000116e7                cooja_sw
                0x000000000001170a                cooja_mtarch_exec
                0x0000000000011727                cooja_mtarch_yield
 .text          0x0000000000011732       0xc5 build/cooja/mtype449.a(rtimer-arch.o)
                0x0000000000011732                rtimer_arch_init
                0x0000000000011756                rtimer_arch_schedule
                0x0000000000011786                rtimer_arch_next
                0x0000000000011796                rtimer_arch_pending
                0x00000000000117a0                rtimer_arch_check
                0x00000000000117e7                rtimer_arch_now
 .text          0x00000000000117f7       0x81 build/cooja/mtype449.a(beep.o)
                0x00000000000117f7                beep_alarm
                0x0000000000011804                beep_beep
                0x0000000000011811                beep
                0x000000000001181e                beep_down
                0x000000000001182b                beep_on
                0x0000000000011838                beep_off
                0x0000000000011845                beep_spinup
                0x0000000000011852                beep_quick
                0x000000000001185f                beep_long
 .text          0x0000000000011878       0x65 build/cooja/mtype449.a(leds-arch.o)
                0x000000000001188b                leds_arch_init
 .text          0x00000000000118dd       0x35 build/cooja/mtype449.a(moteid.o)
 .text          0x0000000000011912       0xb7 build/cooja/mtype449.a(pir-sensor.o)
 .text          0x00000000000119c9      0x148 build/cooja/mtype449.a(rs232.o)
                0x00000000000119c9                rs232_init
                0x00000000000119cf                rs232_set_speed
                0x00000000000119de                rs232_set_input
                0x00000000000119ec                rs232_send
                0x0000000000011a10                rs232_print
                0x0000000000011a2c                slip_arch_writeb
 .text          0x0000000000011b11       0xb7 build/cooja/mtype449.a(vib-sensor.o)
 .text          0x0000000000011bc8       0x38 build/cooja/mtype449.a(clock.o)
                0x0000000000011bc8                clock_init
                0x0000000000011bce                clock_time
                0x0000000000011bd8                clock_seconds
                0x0000000000011bee                clock_delay
 .text          0x0000000000011c00      0x219 build/cooja/mtype449.a(cooja-log.o)
                0x0000000000011c00                simlog_char
                0x0000000000011c43                simlog
                0x0000000000011cb9                log_message
                0x0000000000011cea                log_set_putchar_with_slip
                0x0000000000011cf8                log_putchar
                0x0000000000011d73                log_puts
                0x0000000000011d9b                log_printf
 .text          0x0000000000011e19      0x2b9 build/cooja/mtype449.a(cfs-cooja.o)
                0x0000000000011e19                cfs_open
                0x0000000000011e82                cfs_close
                0x0000000000011e8f                cfs_read
                0x0000000000011f24                cfs_write
                0x0000000000012000                cfs_seek
                0x0000000000012088                cfs_remove
                0x00000000000120ac                cfs_opendir
                0x00000000000120b6                cfs_readdir
                0x00000000000120c0                cfs_closedir
 .text          0x00000000000120d2      0x620 build/cooja/mtype449.a(cooja-radio.o)
                0x0000000000012114                radio_set_channel
                0x0000000000012122                radio_set_txpower
                0x000000000001213a                radio_signal_strength_last
                0x0000000000012144                radio_signal_strength_current
                0x000000000001214e                radio_LQI
 .text          0x00000000000126f2       0xee build/cooja/mtype449.a(eeprom.o)
                0x00000000000126f2                eeprom_init
                0x00000000000126f8                eeprom_read
                0x0000000000012766                eeprom_write
 .text          0x00000000000127e0       0x2d build/cooja/mtype449.a(random.o)
                0x00000000000127e0                random_init
                0x0000000000012800                random_rand
 .text          0x000000000001280d      0x29c build/cooja/mtype449.a(sensors.o)
                0x0000000000012848                sensors_first
                0x0000000000012852                sensors_next
                0x000000000001286c                sensors_changed
                0x00000000000128a0                sensors_find
 .text          0x0000000000012aa9      0x349 build/cooja/mtype449.a(leds.o)
                0x0000000000012aa9                leds_init
                0x0000000000012af0                leds_single_on
                0x0000000000012b4f                leds_single_off
                0x0000000000012bae                leds_single_toggle
                0x0000000000012be0                leds_on
                0x0000000000012c62                leds_off
                0x0000000000012ce4                leds_toggle
                0x0000000000012d39                leds_set
                0x0000000000012d65                leds_get
 .text          0x0000000000012df2      0x343 build/cooja/mtype449.a(gpio-hal-arch.o)
                0x0000000000012df2                gpio_hal_arch_register_pin_callback
                0x0000000000012e5e                gpio_hal_arch_init
                0x0000000000012ea3                gpio_hal_arch_no_port_interrupt_enable
                0x0000000000012ed3                gpio_hal_arch_no_port_interrupt_disable
                0x0000000000012f03                gpio_hal_arch_no_port_pin_cfg_set
                0x0000000000012f28                gpio_hal_arch_no_port_pin_cfg_get
                0x0000000000012f4e                gpio_hal_arch_no_port_pin_set_input
                0x0000000000012f60                gpio_hal_arch_no_port_pin_set_output
                0x0000000000012f72                gpio_hal_arch_no_port_set_pin
                0x0000000000012f93                gpio_hal_arch_no_port_clear_pin
                0x0000000000012fb4                gpio_hal_arch_no_port_read_pin
                0x0000000000012fda                gpio_hal_arch_no_port_write_pin
                0x0000000000013004                gpio_hal_arch_no_port_set_pins
                0x000000000001304b                gpio_hal_arch_no_port_clear_pins
                0x0000000000013092                gpio_hal_arch_no_port_read_pins
                0x00000000000130d5                gpio_hal_arch_no_port_write_pins
 .text          0x0000000000013135       0x89 build/cooja/mtype449.a(buttons.o)
 .text          0x00000000000131be      0x122 build/cooja/mtype449.a(presence_sensor)
 .text          0x00000000000132e0      0xbea build/cooja/mtype449.a(coap-engine.o)
                0x0000000000013375                coap_add_handler
                0x0000000000013392                coap_remove_handler
                0x00000000000133af                coap_call_handlers
                0x00000000000134b7                coap_receive
                0x0000000000013ab2                coap_engine_init
                0x0000000000013b10                coap_activate_resource
                0x0000000000013bbb                coap_get_first_resource
                0x0000000000013bd4                coap_get_next_resource
 .text          0x0000000000013eca      0x2d9 build/cooja/mtype449.a(coap-res-well-k)
 .text          0x00000000000141a3      0x96a build/cooja/mtype449.a(coap-observe.o)
                0x00000000000142b8                coap_remove_observer
                0x00000000000142e8                coap_remove_observer_by_client
                0x0000000000014350                coap_remove_observer_by_token
                0x00000000000143e3                coap_remove_observer_by_uri
                0x000000000001448a                coap_remove_observer_by_mid
                0x0000000000014506                coap_notify_observers
                0x000000000001451f                coap_notify_observers_sub
                0x0000000000014989                coap_observe_handler
                0x0000000000014aa4                coap_has_observers
 .text          0x0000000000014b0d      0x733 build/cooja/mtype449.a(coap-uip.o)
                0x0000000000014b0d                coap_endpoint_log
                0x0000000000014b93                coap_endpoint_print
                0x0000000000014c19                coap_endpoint_snprint
                0x0000000000014d4c                coap_endpoint_copy
                0x0000000000014d89                coap_endpoint_cmp
                0x0000000000014e97                coap_endpoint_parse
                0x0000000000015082                coap_endpoint_is_secure
                0x0000000000015091                coap_endpoint_is_connected
                0x00000000000150c5                coap_endpoint_connect
                0x00000000000150e1                coap_endpoint_disconnect
                0x00000000000150e7                coap_databuf
                0x00000000000150f1                coap_transport_init
                0x0000000000015141                coap_sendto
 .text          0x0000000000015240      0x324 build/cooja/mtype449.a(coap-timer.o)
                0x000000000001533d                coap_timer_stop
                0x0000000000015368                coap_timer_set
                0x00000000000153ab                coap_timer_reset
                0x00000000000153ee                coap_timer_time_to_next_expiration
                0x000000000001545a                coap_timer_run
                0x0000000000015526                coap_timer_init
 .text          0x0000000000015564      0x2c6 build/cooja/mtype449.a(coap-transactio)
                0x00000000000155ca                coap_new_transaction
                0x0000000000015630                coap_send_transaction
                0x0000000000015791                coap_clear_transaction
                0x00000000000157d9                coap_get_transaction_by_mid
 .text          0x000000000001582a     0x1c53 build/cooja/mtype449.a(coap.o)
                0x0000000000015d97                coap_init_connection
                0x0000000000015dab                coap_get_mid
                0x0000000000015dc7                coap_init_message
                0x0000000000015e10                coap_serialize_message
                0x0000000000016492                coap_parse_message
                0x0000000000016af9                coap_get_query_variable
                0x0000000000016b3b                coap_get_post_variable
                0x0000000000016b7f                coap_set_status_code
                0x0000000000016ba4                coap_set_token
                0x0000000000016beb                coap_get_header_content_format
                0x0000000000016c1c                coap_set_header_content_format
                0x0000000000016c3f                coap_get_header_accept
                0x0000000000016c70                coap_set_header_accept
                0x0000000000016c93                coap_get_header_max_age
                0x0000000000016cc4                coap_set_header_max_age
                0x0000000000016ce4                coap_get_header_etag
                0x0000000000016d16                coap_set_header_etag
                0x0000000000016d6d                coap_get_header_if_match
                0x0000000000016d9f                coap_set_header_if_match
                0x0000000000016df6                coap_get_header_if_none_match
                0x0000000000016e10                coap_set_header_if_none_match
                0x0000000000016e27                coap_get_header_proxy_uri
                0x0000000000016e55                coap_set_header_proxy_uri
                0x0000000000016e92                coap_get_header_uri_host
                0x0000000000016ec0                coap_set_header_uri_host
                0x0000000000016efd                coap_get_header_uri_path
                0x0000000000016f2b                coap_set_header_uri_path
                0x0000000000016f78                coap_get_header_uri_query
                0x0000000000016fac                coap_set_header_uri_query
                0x0000000000017002                coap_get_header_location_path
                0x0000000000017030                coap_set_header_location_path
                0x00000000000170c9                coap_get_header_location_query
                0x00000000000170f7                coap_set_header_location_query
                0x0000000000017144                coap_get_header_observe
                0x0000000000017173                coap_set_header_observe
                0x0000000000017193                coap_get_header_block2
                0x00000000000171ff                coap_set_header_block2
                0x0000000000017276                coap_get_header_block1
                0x00000000000172eb                coap_set_header_block1
                0x0000000000017366                coap_get_header_size2
                0x0000000000017396                coap_set_header_size2
                0x00000000000173b9                coap_get_header_size1
                0x00000000000173e9                coap_set_header_size1
                0x000000000001740c                coap_get_payload
                0x0000000000017446                coap_set_payload
 .text          0x000000000001747d      0x332 build/cooja/mtype449.a(contiki-main.o)
                0x000000000001747d                main
 .text          0x00000000000177af       0x92 build/cooja/mtype449.a(autostart.o)
                0x00000000000177af                autostart_start
                0x00000000000177f9                autostart_exit
 .text          0x0000000000017841      0x355 build/cooja/mtype449.a(ctimer.o)
                0x0000000000017969                ctimer_init
                0x000000000001799c                ctimer_set
                0x00000000000179c2                ctimer_set_with_process
                0x0000000000017a3f                ctimer_reset
                0x0000000000017a93                ctimer_restart
                0x0000000000017ae7                ctimer_stop
                0x0000000000017b37                ctimer_expired
 .text          0x0000000000017b96      0x394 build/cooja/mtype449.a(log.o)
                0x0000000000017b96                log_6addr
                0x0000000000017be9                log_6addr_compact_snprint
                0x0000000000017c87                log_6addr_compact
                0x0000000000017cda                log_lladdr
                0x0000000000017d4c                log_lladdr_compact
                0x0000000000017db4                log_set_level
                0x0000000000017e6f                log_get_level
                0x0000000000017ee8                log_level_to_str
 .text          0x0000000000017f2a       0x1b build/cooja/mtype449.a(energest.o)
                0x0000000000017f2a                energest_init
                0x0000000000017f30                energest_flush
                0x0000000000017f36                energest_get_total_time
 .text          0x0000000000017f45      0x43f build/cooja/mtype449.a(etimer.o)
                0x0000000000018169                etimer_request_poll
                0x00000000000181f2                etimer_set
                0x000000000001821b                etimer_reset_with_new_interval
                0x000000000001824a                etimer_reset
                0x0000000000018270                etimer_restart
                0x0000000000018296                etimer_adjust
                0x00000000000182b3                etimer_expired
                0x00000000000182c6                etimer_expiration_time
                0x00000000000182d8                etimer_start_time
                0x00000000000182e2                etimer_pending
                0x00000000000182f4                etimer_next_expiration_time
                0x000000000001830e                etimer_stop
 .text          0x0000000000018384       0x25 build/cooja/mtype449.a(node-id.o)
                0x0000000000018384                node_id_init
 .text          0x00000000000183a9       0xeb build/cooja/mtype449.a(rtimer.o)
                0x00000000000183a9                rtimer_init
                0x00000000000183b7                rtimer_set
                0x0000000000018432                rtimer_run_next
 .text          0x0000000000018494      0x4fb build/cooja/mtype449.a(process.o)
                0x0000000000018494                process_alloc_event
                0x00000000000184a9                process_start
                0x0000000000018683                process_exit
                0x00000000000186a0                process_init
                0x0000000000018835                process_run
                0x0000000000018868                process_nevents
                0x0000000000018883                process_post
                0x0000000000018916                process_post_synch
                0x000000000001894b                process_poll
                0x000000000001897b                process_is_running
 .text          0x000000000001898f       0xb1 build/cooja/mtype449.a(timer.o)
                0x000000000001898f                timer_set
                0x00000000000189ad                timer_reset
                0x00000000000189da                timer_restart
                0x00000000000189ef                timer_expired
                0x0000000000018a1c                timer_remaining
 .text          0x0000000000018a40      0x28f build/cooja/mtype449.a(list.o)
                0x0000000000018a40                list_init
                0x0000000000018a4f                list_head
                0x0000000000018a59                list_copy
                0x0000000000018a69                list_tail
                0x0000000000018a9f                list_add
                0x0000000000018aeb                list_push
                0x0000000000018b17                list_chop
                0x0000000000018b81                list_pop
                0x0000000000018ba9                list_remove
                0x0000000000018c11                list_length
                0x0000000000018c3f                list_insert
                0x0000000000018c84                list_item_next
                0x0000000000018c9b                list_contains
 .text          0x0000000000018ccf      0x1b5 build/cooja/mtype449.a(memb.o)
                0x0000000000018ccf                memb_init
                0x0000000000018d24                memb_alloc
                0x0000000000018d87                memb_free
                0x0000000000018dfe                memb_inmemb
                0x0000000000018e3d                memb_numfree
 .text          0x0000000000018e84      0x41c build/cooja/mtype449.a(button-hal.o)
                0x0000000000018ffd                button_hal_get_by_id
                0x000000000001903b                button_hal_get_by_index
                0x0000000000019067                button_hal_get_state
                0x00000000000190b9                button_hal_init
 .text          0x00000000000192a0      0x1f3 build/cooja/mtype449.a(serial-line.o)
                0x00000000000192a0                serial_line_input_byte
                0x000000000001945e                serial_line_init
 .text          0x0000000000019493      0x168 build/cooja/mtype449.a(gpio-hal.o)
                0x0000000000019493                gpio_hal_register_handler
                0x00000000000194b0                gpio_hal_event_handler
                0x000000000001950c                gpio_hal_init
                0x000000000001952b                gpio_hal_arch_port_toggle_pin
                0x0000000000019567                gpio_hal_arch_port_toggle_pins
                0x0000000000019595                gpio_hal_arch_no_port_toggle_pin
                0x00000000000195d3                gpio_hal_arch_no_port_toggle_pins
 .text          0x00000000000195fb      0x2e7 build/cooja/mtype449.a(queuebuf.o)
                0x0000000000019605                queuebuf_init
                0x000000000001962e                queuebuf_numfree
                0x0000000000019646                queuebuf_new_from_packetbuf
                0x00000000000196e5                queuebuf_update_attr_from_packetbuf
                0x000000000001971a                queuebuf_update_from_packetbuf
                0x000000000001976a                queuebuf_free
                0x00000000000197b3                queuebuf_to_packetbuf
                0x000000000001981f                queuebuf_dataptr
                0x0000000000019859                queuebuf_datalen
                0x000000000001987c                queuebuf_addr
                0x00000000000198b1                queuebuf_attr
                0x00000000000198dc                queuebuf_debug_print
 .text          0x00000000000198e2      0x407 build/cooja/mtype449.a(packetbuf.o)
                0x00000000000198e2                packetbuf_clear
                0x000000000001990d                packetbuf_copyfrom
                0x000000000001995c                packetbuf_copyto
                0x00000000000199ef                packetbuf_hdralloc
                0x0000000000019a6b                packetbuf_hdrreduce
                0x0000000000019ab1                packetbuf_set_datalen
                0x0000000000019acb                packetbuf_dataptr
                0x0000000000019ae8                packetbuf_hdrptr
                0x0000000000019af2                packetbuf_datalen
                0x0000000000019afe                packetbuf_hdrlen
                0x0000000000019b15                packetbuf_totlen
                0x0000000000019b2b                packetbuf_remaininglen
                0x0000000000019b3e                packetbuf_attr_clear
                0x0000000000019b8a                packetbuf_attr_copyto
                0x0000000000019be2                packetbuf_attr_copyfrom
                0x0000000000019c3a                packetbuf_set_attr
                0x0000000000019c64                packetbuf_attr
                0x0000000000019c7e                packetbuf_set_addr
                0x0000000000019caf                packetbuf_addr
                0x0000000000019ccc                packetbuf_holds_broadcast
 .text          0x0000000000019ce9       0xef build/cooja/mtype449.a(netstack.o)
                0x0000000000019ce9                netstack_process_ip_callback
                0x0000000000019d7a                netstack_ip_packet_processor_add
                0x0000000000019d9d                uip_ds6_ip_packet_processor_rm
                0x0000000000019dba                netstack_init
 .text          0x0000000000019dd8       0x4f build/cooja/mtype449.a(linkaddr.o)
                0x0000000000019dd8                linkaddr_copy
                0x0000000000019dee                linkaddr_cmp
                0x0000000000019e11                linkaddr_set_node_addr
 .text          0x0000000000019e27      0x1f6 build/cooja/mtype449.a(csma.o)
 .text          0x000000000001a01d      0x95d build/cooja/mtype449.a(csma-output.o)
                0x000000000001a6b4                csma_output_packet
                0x000000000001a941                csma_output_init
 .text          0x000000000001a97a      0xc11 build/cooja/mtype449.a(uip-ds6.o)
                0x000000000001a97a                uip_ds6_default_prefix
                0x000000000001a984                uip_ds6_set_default_prefix
                0x000000000001a9af                uip_ds6_init
                0x000000000001ac11                uip_ds6_periodic
                0x000000000001ac98                uip_ds6_list_loop
                0x000000000001ad58                uip_ds6_prefix_add
                0x000000000001ae04                uip_ds6_prefix_rm
                0x000000000001ae17                uip_ds6_prefix_lookup
                0x000000000001ae56                uip_ds6_is_addr_onlink
                0x000000000001aec9                uip_ds6_addr_add
                0x000000000001afe9                uip_ds6_addr_rm
                0x000000000001b092                uip_ds6_addr_lookup
                0x000000000001b0cb                uip_ds6_get_link_local
                0x000000000001b14c                uip_ds6_get_global
                0x000000000001b1cd                uip_ds6_maddr_add
                0x000000000001b22d                uip_ds6_maddr_rm
                0x000000000001b240                uip_ds6_maddr_lookup
                0x000000000001b279                uip_ds6_aaddr_add
                0x000000000001b2d9                uip_ds6_aaddr_rm
                0x000000000001b2ec                uip_ds6_aaddr_lookup
                0x000000000001b325                uip_ds6_select_src
                0x000000000001b46e                uip_ds6_set_addr_iid
                0x000000000001b499                uip_ds6_set_lladdr_from_iid
                0x000000000001b4c2                get_match_length
                0x000000000001b553                uip_ds6_compute_reachable_time
 .text          0x000000000001b58b      0x128 build/cooja/mtype449.a(uip-udp-packet.)
                0x000000000001b58b                uip_udp_packet_send
                0x000000000001b5e6                uip_udp_packet_sendto
 .text          0x000000000001b6b3      0x35b build/cooja/mtype449.a(uip-ds6-route.o)
                0x000000000001b704                uip_ds6_route_init
                0x000000000001b72e                uip_ds6_route_nexthop
                0x000000000001b738                uip_ds6_route_head
                0x000000000001b742                uip_ds6_route_next
                0x000000000001b74c                uip_ds6_route_is_nexthop
                0x000000000001b756                uip_ds6_route_num_routes
                0x000000000001b760                uip_ds6_route_lookup
                0x000000000001b76a                uip_ds6_route_add
                0x000000000001b77d                uip_ds6_route_rm
                0x000000000001b783                uip_ds6_route_rm_by_nexthop
                0x000000000001b789                uip_ds6_defrt_head
                0x000000000001b7a2                uip_ds6_defrt_add
                0x000000000001b850                uip_ds6_defrt_rm
                0x000000000001b8b6                uip_ds6_defrt_lookup
                0x000000000001b91d                uip_ds6_defrt_choose
                0x000000000001b993                uip_ds6_defrt_periodic
 .text          0x000000000001ba0e      0x6f7 build/cooja/mtype449.a(tcpip.o)
                0x000000000001ba28                tcpip_output
                0x000000000001baa7                udp_attach
                0x000000000001babf                udp_new
                0x000000000001bb09                udp_broadcast_new
                0x000000000001bc7b                tcpip_input
                0x000000000001be0b                tcpip_ipv6_output
                0x000000000001bfff                tcpip_poll_udp
                0x000000000001c01d                tcpip_uipcall
 .text          0x000000000001c105     0x1205 build/cooja/mtype449.a(uip6.o)
                0x000000000001c1b4                uip_chksum
                0x000000000001c28b                uip_icmp6chksum
                0x000000000001c2a0                uip_udpchksum
                0x000000000001c2b5                uip_init
                0x000000000001c2fe                uip_remove_ext_hdr
                0x000000000001c3d8                uip_udp_new
                0x000000000001c6ec                uip_process
                0x000000000001d1e4                uip_htons
                0x000000000001d206                uip_htonl
                0x000000000001d244                uip_send
 .text          0x000000000001d30a      0x369 build/cooja/mtype449.a(uip-ds6-nbr.o)
                0x000000000001d30a                uip_ds6_neighbors_init
                0x000000000001d32e                uip_ds6_nbr_add
                0x000000000001d3b4                uip_ds6_nbr_rm
                0x000000000001d3ff                uip_ds6_nbr_update_ll
                0x000000000001d4ed                uip_ds6_nbr_get_ipaddr
                0x000000000001d502                uip_ds6_nbr_get_ll
                0x000000000001d51e                uip_ds6_nbr_num
                0x000000000001d567                uip_ds6_nbr_head
                0x000000000001d580                uip_ds6_nbr_next
                0x000000000001d59c                uip_ds6_nbr_lookup
                0x000000000001d5f4                uip_ds6_nbr_ll_lookup
                0x000000000001d610                uip_ds6_nbr_ipaddr_from_lladdr
                0x000000000001d639                uip_ds6_nbr_lladdr_from_ipaddr
                0x000000000001d66d                uip_ds6_link_callback
 .text          0x000000000001d673      0x6a7 build/cooja/mtype449.a(uip-nd6.o)
                0x000000000001dd01                uip_nd6_init
 .text          0x000000000001dd1a     0x2c17 build/cooja/mtype449.a(sicslowpan.o)
                0x000000000001e321                netstack_sniffer_add
                0x000000000001e32f                netstack_sniffer_remove
                0x0000000000020905                sicslowpan_init
                0x0000000000020927                sicslowpan_get_last_rssi
 .text          0x0000000000020931      0x4d1 build/cooja/mtype449.a(uiplib.o)
                0x0000000000020931                uiplib_ip6addrconv
                0x0000000000020ae9                uiplib_ip4addrconv
                0x0000000000020bac                uiplib_ipaddr_print
                0x0000000000020bff                uiplib_ipaddr_snprint
 .text          0x0000000000020e02      0x4c9 build/cooja/mtype449.a(rpl.o)
                0x0000000000020e02                rpl_lollipop_greater_than
                0x0000000000020e5c                rpl_get_global_address
                0x0000000000020f54                rpl_link_callback
                0x0000000000020f98                rpl_has_joined
                0x0000000000020fbd                rpl_is_reachable
                0x000000000002103e                rpl_reset_prefix
                0x00000000000210a8                rpl_set_prefix_from_addr
                0x000000000002118d                rpl_set_prefix
                0x00000000000212a7                rpl_set_leaf_only
                0x00000000000212bf                rpl_get_leaf_only
 .text          0x00000000000212cb     0x138c build/cooja/mtype449.a(rpl-icmp6.o)
                0x00000000000213f0                rpl_icmp6_update_nbr_table
                0x0000000000021479                rpl_icmp6_dis_output
                0x0000000000021abf                rpl_icmp6_dio_output
                0x00000000000222bd                rpl_icmp6_dao_output
                0x000000000002259e                rpl_icmp6_dao_ack_output
                0x000000000002260e                rpl_icmp6_init
 .text          0x0000000000022657      0x264 build/cooja/mtype449.a(rpl-dag-root.o)
                0x0000000000022657                rpl_dag_root_print_links
                0x0000000000022783                rpl_dag_root_set_prefix
                0x00000000000227af                rpl_dag_root_start
                0x000000000002288c                rpl_dag_root_is_root
 .text          0x00000000000228bb       0x30 build/cooja/mtype449.a(watchdog.o)
                0x00000000000228bb                watchdog_init
                0x00000000000228c1                watchdog_start
                0x00000000000228c7                watchdog_periodic
                0x00000000000228df                watchdog_stop
                0x00000000000228e5                watchdog_reboot
 .text          0x00000000000228eb       0x4a build/cooja/mtype449.a(int-master.o)
                0x00000000000228eb                int_master_enable
                0x00000000000228fb                int_master_read_and_disable
                0x0000000000022918                int_master_status_set
                0x0000000000022926                int_master_is_enabled
 .text          0x0000000000022935      0x226 build/cooja/mtype449.a(coap-timer-defa)
 .text          0x0000000000022b5b       0xc7 build/cooja/mtype449.a(stimer.o)
                0x0000000000022b5b                stimer_set
                0x0000000000022b79                stimer_reset
                0x0000000000022ba6                stimer_restart
                0x0000000000022bbb                stimer_expired
                0x0000000000022be6                stimer_remaining
                0x0000000000022c0a                stimer_elapsed
 .text          0x0000000000022c22      0x156 build/cooja/mtype449.a(ringbuf.o)
                0x0000000000022c22                ringbuf_init
                0x0000000000022c54                ringbuf_put
                0x0000000000022cd2                ringbuf_get
                0x0000000000022d3f                ringbuf_size
                0x0000000000022d51                ringbuf_elements
 .text          0x0000000000022d78       0x1f build/cooja/mtype449.a(assert.o)
                0x0000000000022d78                _xassert
 .text          0x0000000000022d97      0x79b build/cooja/mtype449.a(nbr-table.o)
                0x0000000000023210                nbr_table_register
                0x000000000002327d                nbr_table_is_registered
                0x00000000000232b8                nbr_table_head
                0x0000000000023313                nbr_table_next
                0x0000000000023374                nbr_table_add_lladdr
                0x000000000002344e                nbr_table_get_from_lladdr
                0x000000000002349a                nbr_table_remove
                0x00000000000234d2                nbr_table_lock
                0x00000000000234ec                nbr_table_unlock
                0x0000000000023506                nbr_table_get_lladdr
 .text          0x0000000000023532      0x3a5 build/cooja/mtype449.a(link-stats.o)
                0x0000000000023532                link_stats_from_lladdr
                0x000000000002354e                link_stats_get_lladdr
                0x000000000002356a                link_stats_is_fresh
                0x00000000000235a6                guess_etx_from_rssi
                0x0000000000023622                link_stats_packet_sent
                0x0000000000023742                link_stats_input_callback
                0x0000000000023852                link_stats_reset
                0x00000000000238a2                link_stats_init
 .text          0x00000000000238d7      0x187 build/cooja/mtype449.a(mac-sequence.o)
                0x00000000000238d7                mac_sequence_is_duplicate
                0x0000000000023977                mac_sequence_register_seqno
 .text          0x0000000000023a5e       0x23 build/cooja/mtype449.a(mac.o)
                0x0000000000023a5e                mac_call_sent_callback
 .text          0x0000000000023a81      0x432 build/cooja/mtype449.a(framer-802154.o)
                0x0000000000023c10                framer_802154_setup_params
 .text          0x0000000000023eb3      0xb6f build/cooja/mtype449.a(frame802154.o)
                0x0000000000023ee4                frame802154_get_pan_id
                0x0000000000023ef0                frame802154_set_pan_id
                0x0000000000023f0a                frame802154_has_panid
                0x00000000000240b9                frame802154_check_dest_panid
                0x0000000000024141                frame802154_is_broadcast_addr
                0x000000000002418e                frame802154_extract_linkaddr
                0x00000000000243f3                frame802154_hdrlen
                0x0000000000024466                frame802154_create_fcf
                0x000000000002451e                frame802154_create
                0x0000000000024693                frame802154_parse_fcf
                0x0000000000024775                frame802154_parse
 .text          0x0000000000024a22       0x2d build/cooja/mtype449.a(csma-security.o)
                0x0000000000024a22                csma_security_create_frame
                0x0000000000024a40                csma_security_parse_frame
 .text          0x0000000000024a4f      0x4e4 build/cooja/mtype449.a(uipbuf.o)
                0x0000000000024a4f                uipbuf_clear
                0x0000000000024a76                uipbuf_add_ext_hdr
                0x0000000000024af6                uipbuf_set_len
                0x0000000000024b23                uipbuf_set_len_field
                0x0000000000024b4f                uipbuf_get_len_field
                0x0000000000024b6f                uipbuf_get_next_header
                0x0000000000024ca1                uipbuf_get_last_header
                0x0000000000024d1a                uipbuf_search_header
                0x0000000000024dd0                uipbuf_get_attr
                0x0000000000024df7                uipbuf_set_attr
                0x0000000000024e2e                uipbuf_set_default_attr
                0x0000000000024e65                uipbuf_clear_attr
                0x0000000000024e89                uipbuf_set_attr_flag
                0x0000000000024eaa                uipbuf_clr_attr_flag
                0x0000000000024ed1                uipbuf_is_attr_flag
                0x0000000000024ef5                uipbuf_init
 .text          0x0000000000024f33      0x73f build/cooja/mtype449.a(uip-icmp6.o)
                0x0000000000024fa8                uip_icmp6_input
                0x0000000000024fff                uip_icmp6_register_input_handler
                0x0000000000025152                uip_icmp6_error_output
                0x0000000000025403                uip_icmp6_send
                0x00000000000255fa                uip_icmp6_echo_reply_callback_add
                0x000000000002562c                uip_icmp6_echo_reply_callback_rm
                0x0000000000025649                uip_icmp6_init
 .text          0x0000000000025672      0x69b build/cooja/mtype449.a(uip-sr.o)
                0x0000000000025672                uip_sr_num_nodes
                0x0000000000025700                uip_sr_get_node
                0x0000000000025757                uip_sr_is_addr_reachable
                0x0000000000025805                uip_sr_expire_parent
                0x000000000002584e                uip_sr_update_node
                0x000000000002597e                uip_sr_init
                0x00000000000259b2                uip_sr_node_head
                0x00000000000259cb                uip_sr_node_next
                0x00000000000259e1                uip_sr_periodic
                0x0000000000025ae7                uip_sr_free_all
                0x0000000000025b57                uip_sr_link_snprint
 .text          0x0000000000025d0d      0x146 build/cooja/mtype449.a(uip-packetqueue)
                0x0000000000025d3b                uip_packetqueue_new
                0x0000000000025d4a                uip_packetqueue_alloc
                0x0000000000025da5                uip_packetqueue_free
                0x0000000000025dec                uip_packetqueue_buf
                0x0000000000025e09                uip_packetqueue_buflen
                0x0000000000025e2a                uip_packetqueue_set_buflen
 .text          0x0000000000025e53      0x1b0 build/cooja/mtype449.a(rpl-nbr-policy.)
                0x0000000000025fc0                rpl_nbr_policy_find_removable
 .text          0x0000000000026003      0x915 build/cooja/mtype449.a(rpl-neighbor.o)
                0x000000000002607f                rpl_neighbor_snprint
                0x0000000000026332                rpl_neighbor_print_list
                0x00000000000263e7                rpl_neighbor_count
                0x000000000002648e                rpl_neighbor_get_from_lladdr
                0x00000000000264aa                rpl_neighbor_is_acceptable_parent
                0x00000000000264de                rpl_neighbor_get_link_metric
                0x0000000000026512                rpl_neighbor_rank_via_nbr
                0x0000000000026546                rpl_neighbor_get_lladdr
                0x0000000000026562                rpl_neighbor_get_ipaddr
                0x0000000000026589                rpl_neighbor_get_link_stats
                0x00000000000265b0                rpl_neighbor_is_fresh
                0x00000000000265d7                rpl_neighbor_is_reachable
                0x0000000000026622                rpl_neighbor_is_parent
                0x000000000002664c                rpl_neighbor_set_preferred_parent
                0x00000000000266e3                rpl_neighbor_remove_all
                0x000000000002673f                rpl_neighbor_get_from_ipaddr
                0x000000000002684d                rpl_neighbor_select_best
                0x00000000000268f9                rpl_neighbor_init
 .text          0x0000000000026918      0xe69 build/cooja/mtype449.a(rpl-dag.o)
                0x0000000000026918                rpl_dag_state_to_str
                0x0000000000026957                rpl_dag_get_root_ipaddr
                0x000000000002699f                rpl_dag_leave
                0x0000000000026a28                rpl_dag_poison_and_leave
                0x0000000000026a40                rpl_dag_periodic
                0x0000000000026ac8                rpl_is_addr_in_our_dag
                0x0000000000026b0c                rpl_get_default_instance
                0x0000000000026b28                rpl_get_any_dag
                0x0000000000026b81                rpl_refresh_routes
                0x0000000000026bc1                rpl_global_repair
                0x0000000000026c5a                rpl_local_repair
                0x0000000000026ca4                rpl_dag_ready_to_advertise
                0x0000000000026ce7                rpl_dag_update_state
                0x0000000000027414                rpl_process_dio
                0x0000000000027492                rpl_process_dis
                0x00000000000274d7                rpl_process_dao
                0x0000000000027566                rpl_process_dao_ack
                0x00000000000275fd                rpl_process_hbh
                0x000000000002764d                rpl_dag_init_root
                0x0000000000027761                rpl_dag_init
 .text          0x0000000000027781      0x9e7 build/cooja/mtype449.a(rpl-timers.o)
                0x0000000000027781                rpl_timers_schedule_periodic_dis
                0x00000000000278cf                rpl_timers_dio_reset
                0x00000000000279dd                rpl_timers_schedule_unicast_dio
                0x0000000000027b31                rpl_timers_schedule_dao
                0x0000000000027bf0                rpl_timers_schedule_dao_ack
                0x0000000000027c76                rpl_timers_notify_dao_ack
                0x0000000000027cd4                get_probing_delay
                0x0000000000027d08                get_probing_target
                0x0000000000027ef2                rpl_schedule_probing
                0x0000000000027f20                rpl_schedule_probing_now
                0x0000000000027f8a                rpl_timers_unschedule_leaving
                0x0000000000027fc2                rpl_timers_schedule_leaving
                0x0000000000028003                rpl_timers_init
                0x0000000000028093                rpl_timers_stop_dag_timers
                0x000000000002810c                rpl_timers_unschedule_state_update
                0x0000000000028130                rpl_timers_schedule_state_update
 .text          0x0000000000028168      0xb8e build/cooja/mtype449.a(rpl-ext-header.)
                0x0000000000028168                rpl_ext_header_srh_get_next_hop
                0x000000000002824f                rpl_ext_header_srh_update
                0x00000000000287bb                rpl_ext_header_hbh_update
                0x0000000000028abb                rpl_ext_header_update
                0x0000000000028b44                rpl_ext_header_remove
 .text          0x0000000000028cf6      0x31b build/cooja/mtype449.a(rpl-mrhof.o)
 *fill*         0x0000000000029011        0xf 
 .text          0x0000000000029020      0x122 /usr/lib/gcc/i686-linux-gnu/5/libgcc.a(_udivdi3.o)
                0x0000000000029020                __udivdi3
 .text          0x0000000000029142        0x0 /usr/lib/gcc/i686-linux-gnu/5/crtendS.o
 .text          0x0000000000029142        0x0 /usr/lib/gcc/i686-linux-gnu/5/../../../i386-linux-gnu/crtn.o
 *(.gnu.warning)

.fini           0x0000000000029144       0x14
 *(SORT(.fini))
 .fini          0x0000000000029144        0xf /usr/lib/gcc/i686-linux-gnu/5/../../../i386-linux-gnu/crti.o
                0x0000000000029144                _fini
 .fini          0x0000000000029153        0x5 /usr/lib/gcc/i686-linux-gnu/5/../../../i386-linux-gnu/crtn.o
                [!provide]                        PROVIDE (__etext, .)
                [!provide]                        PROVIDE (_etext, .)
                [!provide]                        PROVIDE (etext, .)

.rodata         0x0000000000029160      0xa4b
 *(.rodata .rodata.* .gnu.linkonce.r.*)
 .rodata        0x0000000000029160       0x7b sensor_server.o
                0x000000000002917c                autostart_processes
 *fill*         0x00000000000291db        0x1 
 .rodata        0x00000000000291dc        0x8 build/cooja/mtype449.a(beep.o)
                0x00000000000291dc                beep_interface
 .rodata        0x00000000000291e4        0xe build/cooja/mtype449.a(leds-arch.o)
                0x00000000000291e4                leds_interface
                0x00000000000291ec                leds_arch_leds
 *fill*         0x00000000000291f2        0x2 
 .rodata        0x00000000000291f4        0x8 build/cooja/mtype449.a(moteid.o)
                0x00000000000291f4                moteid_interface
 .rodata        0x00000000000291fc       0x1c build/cooja/mtype449.a(pir-sensor.o)
                0x00000000000291fc                pir_interface
                0x0000000000029208                pir_sensor
 .rodata        0x0000000000029218        0xe build/cooja/mtype449.a(rs232.o)
                0x0000000000029218                rs232_interface
 *fill*         0x0000000000029226        0x2 
 .rodata        0x0000000000029228       0x24 build/cooja/mtype449.a(vib-sensor.o)
                0x0000000000029228                vib_interface
                0x000000000002923c                vib_sensor
 .rodata        0x000000000002924c        0x8 build/cooja/mtype449.a(clock.o)
                0x000000000002924c                clock_interface
 .rodata        0x0000000000029254        0x8 build/cooja/mtype449.a(cooja-log.o)
                0x0000000000029254                simlog_interface
 .rodata        0x000000000002925c       0x2f build/cooja/mtype449.a(cfs-cooja.o)
                0x000000000002925c                cfs_interface
 *fill*         0x000000000002928b       0x15 
 .rodata        0x00000000000292a0       0xb8 build/cooja/mtype449.a(cooja-radio.o)
                0x00000000000292a0                radio_interface
                0x0000000000029320                cooja_radio_driver
 .rodata        0x0000000000029358        0x8 build/cooja/mtype449.a(eeprom.o)
                0x0000000000029358                eeprom_interface
 .rodata        0x0000000000029360        0x8 build/cooja/mtype449.a(sensors.o)
 .rodata        0x0000000000029368       0x2c build/cooja/mtype449.a(buttons.o)
                0x0000000000029368                button_interface
                0x000000000002937c                button_hal_button_count
                0x0000000000029384                button_sensor
 .rodata        0x0000000000029394       0x66 build/cooja/mtype449.a(presence_sensor)
 .rodata        0x00000000000293fa       0x41 build/cooja/mtype449.a(coap-engine.o)
 .rodata        0x000000000002943b       0x19 build/cooja/mtype449.a(coap-res-well-k)
 .rodata        0x0000000000029454       0x11 build/cooja/mtype449.a(coap-observe.o)
 .rodata        0x0000000000029465       0x35 build/cooja/mtype449.a(coap-uip.o)
 *fill*         0x000000000002949a        0x2 
 .rodata        0x000000000002949c      0x1ac build/cooja/mtype449.a(coap.o)
 .rodata        0x0000000000029648       0xf8 build/cooja/mtype449.a(contiki-main.o)
 .rodata        0x0000000000029740        0xf build/cooja/mtype449.a(ctimer.o)
 *fill*         0x000000000002974f        0x1 
 .rodata        0x0000000000029750       0xc4 build/cooja/mtype449.a(log.o)
 .rodata        0x0000000000029814        0xc build/cooja/mtype449.a(etimer.o)
 .rodata        0x0000000000029820       0x13 build/cooja/mtype449.a(button-hal.o)
 .rodata        0x0000000000029833        0xe build/cooja/mtype449.a(serial-line.o)
 *fill*         0x0000000000029841        0x3 
 .rodata        0x0000000000029844        0x8 build/cooja/mtype449.a(linkaddr.o)
                0x0000000000029844                linkaddr_null
 .rodata        0x000000000002984c       0x24 build/cooja/mtype449.a(csma.o)
                0x0000000000029854                csma_driver
 .rodata        0x0000000000029870       0x27 build/cooja/mtype449.a(csma-output.o)
 *fill*         0x0000000000029897        0x1 
 .rodata        0x0000000000029898       0x4d build/cooja/mtype449.a(uip-ds6-route.o)
 .rodata        0x00000000000298e5        0xd build/cooja/mtype449.a(tcpip.o)
 *fill*         0x00000000000298f2        0x2 
 .rodata        0x00000000000298f4       0x30 build/cooja/mtype449.a(sicslowpan.o)
                0x00000000000298f4                unc_llconf
                0x00000000000298f8                unc_ctxconf
                0x00000000000298fc                unc_mxconf
                0x0000000000029900                llprefix
                0x0000000000029914                sicslowpan_driver
 .rodata        0x0000000000029924       0x2d build/cooja/mtype449.a(uiplib.o)
 *fill*         0x0000000000029951        0xf 
 .rodata        0x0000000000029960       0x74 build/cooja/mtype449.a(rpl.o)
                0x0000000000029980                rpl_lite_driver
 .rodata        0x00000000000299d4       0x20 build/cooja/mtype449.a(coap-timer-defa)
                0x00000000000299e8                coap_timer_default_driver
 .rodata        0x00000000000299f4       0x25 build/cooja/mtype449.a(assert.o)
 *fill*         0x0000000000029a19        0x3 
 .rodata        0x0000000000029a1c        0xc build/cooja/mtype449.a(framer-802154.o)
                0x0000000000029a1c                framer_802154
 .rodata        0x0000000000029a28       0x44 build/cooja/mtype449.a(uip-sr.o)
 .rodata        0x0000000000029a6c       0x58 build/cooja/mtype449.a(rpl-neighbor.o)
 .rodata        0x0000000000029ac4       0xdb build/cooja/mtype449.a(rpl-dag.o)
 .rodata        0x0000000000029b9f        0xc build/cooja/mtype449.a(rpl-timers.o)

.rodata1
 *(.rodata1)

.eh_frame_hdr   0x0000000000029bac     0x19c4
 *(.eh_frame_hdr)
 .eh_frame_hdr  0x0000000000029bac     0x19c4 sensor_server.o
                0x0000000000029bac                __GNU_EH_FRAME_HDR
 *(.eh_frame_entry .eh_frame_entry.*)

.eh_frame       0x000000000002b570     0x6884
 *(.eh_frame)
 .eh_frame      0x000000000002b570       0x3c /usr/lib/gcc/i686-linux-gnu/5/../../../i386-linux-gnu/crti.o
                                         0x40 (size before relaxing)
 .eh_frame      0x000000000002b5ac       0x20 sensor_server.o
                                         0x38 (size before relaxing)
 .eh_frame      0x000000000002b5cc      0x178 build/cooja/mtype449.o
                                        0x190 (size before relaxing)
 .eh_frame      0x000000000002b744       0x40 build/cooja/mtype449.a(simEnvChange.o)
                                         0x58 (size before relaxing)
 .eh_frame      0x000000000002b784       0x60 build/cooja/mtype449.a(cooja_mt.o)
                                         0x78 (size before relaxing)
 .eh_frame      0x000000000002b7e4       0x80 build/cooja/mtype449.a(cooja_mtarch.o)
                                         0x98 (size before relaxing)
 .eh_frame      0x000000000002b864       0xc8 build/cooja/mtype449.a(rtimer-arch.o)
                                         0xe0 (size before relaxing)
 .eh_frame      0x000000000002b92c      0x160 build/cooja/mtype449.a(beep.o)
                                        0x178 (size before relaxing)
 .eh_frame      0x000000000002ba8c       0x80 build/cooja/mtype449.a(leds-arch.o)
                                         0x98 (size before relaxing)
 .eh_frame      0x000000000002bb0c       0x40 build/cooja/mtype449.a(moteid.o)
                                         0x58 (size before relaxing)
 .eh_frame      0x000000000002bb4c       0xa0 build/cooja/mtype449.a(pir-sensor.o)
                                         0xb8 (size before relaxing)
 .eh_frame      0x000000000002bbec      0x100 build/cooja/mtype449.a(rs232.o)
                                        0x118 (size before relaxing)
 .eh_frame      0x000000000002bcec       0xa0 build/cooja/mtype449.a(vib-sensor.o)
                                         0xb8 (size before relaxing)
 .eh_frame      0x000000000002bd8c       0xc0 build/cooja/mtype449.a(clock.o)
                                         0xd8 (size before relaxing)
 .eh_frame      0x000000000002be4c      0x120 build/cooja/mtype449.a(cooja-log.o)
                                        0x138 (size before relaxing)
 .eh_frame      0x000000000002bf6c      0x160 build/cooja/mtype449.a(cfs-cooja.o)
                                        0x178 (size before relaxing)
 .eh_frame      0x000000000002c0cc      0x340 build/cooja/mtype449.a(cooja-radio.o)
                                        0x358 (size before relaxing)
 .eh_frame      0x000000000002c40c       0xa0 build/cooja/mtype449.a(eeprom.o)
                                         0xb8 (size before relaxing)
 .eh_frame      0x000000000002c4ac       0x40 build/cooja/mtype449.a(random.o)
                                         0x58 (size before relaxing)
 .eh_frame      0x000000000002c4ec       0xc0 build/cooja/mtype449.a(sensors.o)
                                         0xd8 (size before relaxing)
 .eh_frame      0x000000000002c5ac      0x120 build/cooja/mtype449.a(leds.o)
                                        0x138 (size before relaxing)
 .eh_frame      0x000000000002c6cc      0x220 build/cooja/mtype449.a(gpio-hal-arch.o)
                                        0x238 (size before relaxing)
 .eh_frame      0x000000000002c8ec       0xa0 build/cooja/mtype449.a(buttons.o)
                                         0xb8 (size before relaxing)
 .eh_frame      0x000000000002c98c       0x60 build/cooja/mtype449.a(presence_sensor)
                                         0x78 (size before relaxing)
 .eh_frame      0x000000000002c9ec      0x220 build/cooja/mtype449.a(coap-engine.o)
                                        0x238 (size before relaxing)
 .eh_frame      0x000000000002cc0c       0x24 build/cooja/mtype449.a(coap-res-well-k)
                                         0x3c (size before relaxing)
 .eh_frame      0x000000000002cc30      0x188 build/cooja/mtype449.a(coap-observe.o)
                                        0x1a0 (size before relaxing)
 .eh_frame      0x000000000002cdb8      0x250 build/cooja/mtype449.a(coap-uip.o)
                                        0x268 (size before relaxing)
 .eh_frame      0x000000000002d008      0x114 build/cooja/mtype449.a(coap-timer.o)
                                        0x12c (size before relaxing)
 .eh_frame      0x000000000002d11c      0x100 build/cooja/mtype449.a(coap-transactio)
                                        0x118 (size before relaxing)
 .eh_frame      0x000000000002d21c      0x6ec build/cooja/mtype449.a(coap.o)
                                        0x704 (size before relaxing)
 .eh_frame      0x000000000002d908       0x30 build/cooja/mtype449.a(contiki-main.o)
                                         0x48 (size before relaxing)
 .eh_frame      0x000000000002d938       0x40 build/cooja/mtype449.a(autostart.o)
                                         0x58 (size before relaxing)
 .eh_frame      0x000000000002d978      0x100 build/cooja/mtype449.a(ctimer.o)
                                        0x118 (size before relaxing)
 .eh_frame      0x000000000002da78      0x100 build/cooja/mtype449.a(log.o)
                                        0x118 (size before relaxing)
 .eh_frame      0x000000000002db78       0x60 build/cooja/mtype449.a(energest.o)
                                         0x78 (size before relaxing)
 .eh_frame      0x000000000002dbd8      0x1e0 build/cooja/mtype449.a(etimer.o)
                                        0x1f8 (size before relaxing)
 .eh_frame      0x000000000002ddb8       0x20 build/cooja/mtype449.a(node-id.o)
                                         0x38 (size before relaxing)
 .eh_frame      0x000000000002ddd8       0x60 build/cooja/mtype449.a(rtimer.o)
                                         0x78 (size before relaxing)
 .eh_frame      0x000000000002de38      0x1c4 build/cooja/mtype449.a(process.o)
                                        0x1dc (size before relaxing)
 .eh_frame      0x000000000002dffc       0xa4 build/cooja/mtype449.a(timer.o)
                                         0xbc (size before relaxing)
 .eh_frame      0x000000000002e0a0      0x1a0 build/cooja/mtype449.a(list.o)
                                        0x1b8 (size before relaxing)
 .eh_frame      0x000000000002e240       0xa0 build/cooja/mtype449.a(memb.o)
                                         0xb8 (size before relaxing)
 .eh_frame      0x000000000002e2e0      0x144 build/cooja/mtype449.a(button-hal.o)
                                        0x15c (size before relaxing)
 .eh_frame      0x000000000002e424       0x60 build/cooja/mtype449.a(serial-line.o)
                                         0x78 (size before relaxing)
 .eh_frame      0x000000000002e484       0xe0 build/cooja/mtype449.a(gpio-hal.o)
                                         0xf8 (size before relaxing)
 .eh_frame      0x000000000002e564      0x1a0 build/cooja/mtype449.a(queuebuf.o)
                                        0x1b8 (size before relaxing)
 .eh_frame      0x000000000002e704      0x28c build/cooja/mtype449.a(packetbuf.o)
                                        0x2a4 (size before relaxing)
 .eh_frame      0x000000000002e990       0x80 build/cooja/mtype449.a(netstack.o)
                                         0x98 (size before relaxing)
 .eh_frame      0x000000000002ea10       0x60 build/cooja/mtype449.a(linkaddr.o)
                                         0x78 (size before relaxing)
 .eh_frame      0x000000000002ea70       0xe0 build/cooja/mtype449.a(csma.o)
                                         0xf8 (size before relaxing)
 .eh_frame      0x000000000002eb50      0x1d0 build/cooja/mtype449.a(csma-output.o)
                                        0x1e8 (size before relaxing)
 .eh_frame      0x000000000002ed20      0x328 build/cooja/mtype449.a(uip-ds6.o)
                                        0x340 (size before relaxing)
 .eh_frame      0x000000000002f048       0x40 build/cooja/mtype449.a(uip-udp-packet.)
                                         0x58 (size before relaxing)
 .eh_frame      0x000000000002f088      0x220 build/cooja/mtype449.a(uip-ds6-route.o)
                                        0x238 (size before relaxing)
 .eh_frame      0x000000000002f2a8      0x244 build/cooja/mtype449.a(tcpip.o)
                                        0x25c (size before relaxing)
 .eh_frame      0x000000000002f4ec      0x1e8 build/cooja/mtype449.a(uip6.o)
                                        0x200 (size before relaxing)
 .eh_frame      0x000000000002f6d4      0x1c0 build/cooja/mtype449.a(uip-ds6-nbr.o)
                                        0x1d8 (size before relaxing)
 .eh_frame      0x000000000002f894       0x84 build/cooja/mtype449.a(uip-nd6.o)
                                         0x9c (size before relaxing)
 .eh_frame      0x000000000002f918      0x2f8 build/cooja/mtype449.a(sicslowpan.o)
                                        0x310 (size before relaxing)
 .eh_frame      0x000000000002fc10       0x88 build/cooja/mtype449.a(uiplib.o)
                                         0xa0 (size before relaxing)
 .eh_frame      0x000000000002fc98      0x1e0 build/cooja/mtype449.a(rpl.o)
                                        0x1f8 (size before relaxing)
 .eh_frame      0x000000000002fe78      0x1c4 build/cooja/mtype449.a(rpl-icmp6.o)
                                        0x1dc (size before relaxing)
 .eh_frame      0x000000000003003c       0xa0 build/cooja/mtype449.a(rpl-dag-root.o)
                                         0xb8 (size before relaxing)
 .eh_frame      0x00000000000300dc       0xa0 build/cooja/mtype449.a(watchdog.o)
                                         0xb8 (size before relaxing)
 .eh_frame      0x000000000003017c       0x80 build/cooja/mtype449.a(int-master.o)
                                         0x98 (size before relaxing)
 .eh_frame      0x00000000000301fc       0xa4 build/cooja/mtype449.a(coap-timer-defa)
                                         0xbc (size before relaxing)
 .eh_frame      0x00000000000302a0       0xc4 build/cooja/mtype449.a(stimer.o)
                                         0xdc (size before relaxing)
 .eh_frame      0x0000000000030364       0xa0 build/cooja/mtype449.a(ringbuf.o)
                                         0xb8 (size before relaxing)
 .eh_frame      0x0000000000030404       0x20 build/cooja/mtype449.a(assert.o)
                                         0x38 (size before relaxing)
 .eh_frame      0x0000000000030424      0x2ac build/cooja/mtype449.a(nbr-table.o)
                                        0x2c4 (size before relaxing)
 .eh_frame      0x00000000000306d0      0x120 build/cooja/mtype449.a(link-stats.o)
                                        0x138 (size before relaxing)
 .eh_frame      0x00000000000307f0       0x48 build/cooja/mtype449.a(mac-sequence.o)
                                         0x60 (size before relaxing)
 .eh_frame      0x0000000000030838       0x20 build/cooja/mtype449.a(mac.o)
                                         0x38 (size before relaxing)
 .eh_frame      0x0000000000030858       0xa4 build/cooja/mtype449.a(framer-802154.o)
                                         0xbc (size before relaxing)
 .eh_frame      0x00000000000308fc      0x1a4 build/cooja/mtype449.a(frame802154.o)
                                        0x1bc (size before relaxing)
 .eh_frame      0x0000000000030aa0       0x40 build/cooja/mtype449.a(csma-security.o)
                                         0x58 (size before relaxing)
 .eh_frame      0x0000000000030ae0      0x200 build/cooja/mtype449.a(uipbuf.o)
                                        0x218 (size before relaxing)
 .eh_frame      0x0000000000030ce0      0x150 build/cooja/mtype449.a(uip-icmp6.o)
                                        0x168 (size before relaxing)
 .eh_frame      0x0000000000030e30      0x184 build/cooja/mtype449.a(uip-sr.o)
                                        0x19c (size before relaxing)
 .eh_frame      0x0000000000030fb4       0xe0 build/cooja/mtype449.a(uip-packetqueue)
                                         0xf8 (size before relaxing)
 .eh_frame      0x0000000000031094       0x80 build/cooja/mtype449.a(rpl-nbr-policy.)
                                         0x98 (size before relaxing)
 .eh_frame      0x0000000000031114      0x2d4 build/cooja/mtype449.a(rpl-neighbor.o)
                                        0x2ec (size before relaxing)
 .eh_frame      0x00000000000313e8      0x370 build/cooja/mtype449.a(rpl-dag.o)
                                        0x388 (size before relaxing)
 .eh_frame      0x0000000000031758      0x3a8 build/cooja/mtype449.a(rpl-timers.o)
                                        0x3c0 (size before relaxing)
 .eh_frame      0x0000000000031b00      0x124 build/cooja/mtype449.a(rpl-ext-header.)
                                        0x13c (size before relaxing)
 .eh_frame      0x0000000000031c24      0x148 build/cooja/mtype449.a(rpl-mrhof.o)
                                        0x160 (size before relaxing)
 .eh_frame      0x0000000000031d6c       0x84 /usr/lib/gcc/i686-linux-gnu/5/libgcc.a(_udivdi3.o)
                                         0x9c (size before relaxing)
 .eh_frame      0x0000000000031df0        0x4 /usr/lib/gcc/i686-linux-gnu/5/crtendS.o
 *(.eh_frame.*)

.gcc_except_table
 *(.gcc_except_table .gcc_except_table.*)

.gnu_extab
 *(.gnu_extab*)

.exception_ranges
 *(.exception_ranges .exception_ranges*)
                0x0000000000032f10                . = DATA_SEGMENT_ALIGN (0x1000, 0x1000)

.eh_frame
 *(.eh_frame)
 *(.eh_frame.*)

.gnu_extab
 *(.gnu_extab)

.gcc_except_table
 *(.gcc_except_table .gcc_except_table.*)

.exception_ranges
 *(.exception_ranges .exception_ranges*)

.tdata
 *(.tdata .tdata.* .gnu.linkonce.td.*)

.tbss
 *(.tbss .tbss.* .gnu.linkonce.tb.*)
 *(.tcommon)

.preinit_array
 *(.preinit_array)

.init_array     0x0000000000032f10        0x4
 *(SORT(.init_array.*) SORT(.ctors.*))
 *(.init_array EXCLUDE_FILE(*crtend?.o *crtend.o *crtbegin?.o *crtbegin.o) .ctors)
 .init_array    0x0000000000032f10        0x4 /usr/lib/gcc/i686-linux-gnu/5/crtbeginS.o

.fini_array     0x0000000000032f14        0x4
 *(SORT(.fini_array.*) SORT(.dtors.*))
 *(.fini_array EXCLUDE_FILE(*crtend?.o *crtend.o *crtbegin?.o *crtbegin.o) .dtors)
 .fini_array    0x0000000000032f14        0x4 /usr/lib/gcc/i686-linux-gnu/5/crtbeginS.o

.ctors
 *crtbegin.o(.ctors)
 *crtbegin?.o(.ctors)
 *(EXCLUDE_FILE(*crtend?.o *crtend.o) .ctors)
 *(SORT(.ctors.*))
 *(.ctors)

.dtors
 *crtbegin.o(.dtors)
 *crtbegin?.o(.dtors)
 *(EXCLUDE_FILE(*crtend?.o *crtend.o) .dtors)
 *(SORT(.dtors.*))
 *(.dtors)

.jcr            0x0000000000032f18        0x4
 *(.jcr)
 .jcr           0x0000000000032f18        0x0 /usr/lib/gcc/i686-linux-gnu/5/crtbeginS.o
 .jcr           0x0000000000032f18        0x4 /usr/lib/gcc/i686-linux-gnu/5/crtendS.o

.data.rel.ro
 *(.data.rel.ro.local* .gnu.linkonce.d.rel.ro.local.*)
 *(.data.rel.ro .data.rel.ro.* .gnu.linkonce.d.rel.ro.*)

.dynamic        0x0000000000032f1c       0xd0
 *(.dynamic)
 .dynamic       0x0000000000032f1c       0xd0 /usr/lib/gcc/i686-linux-gnu/5/../../../i386-linux-gnu/crti.o
                0x0000000000032f1c                _DYNAMIC

.got            0x0000000000032fec       0x14
 *(.got)
 .got           0x0000000000032fec       0x14 /usr/lib/gcc/i686-linux-gnu/5/../../../i386-linux-gnu/crti.o
 *(.igot)
                0x0000000000033ff4                . = DATA_SEGMENT_RELRO_END (., (SIZEOF (.got.plt) >= 0xc)?0xc:0x0)

.got.plt        0x0000000000033000        0xc
 *(.got.plt)
 .got.plt       0x0000000000033000        0xc /usr/lib/gcc/i686-linux-gnu/5/../../../i386-linux-gnu/crti.o
                0x0000000000033000                _GLOBAL_OFFSET_TABLE_
 *(.igot.plt)

.data           0x0000000000033020      0x444
 *(.data .data.* .gnu.linkonce.d.*)
 .data          0x0000000000033020        0x0 /usr/lib/gcc/i686-linux-gnu/5/../../../i386-linux-gnu/crti.o
 .data          0x0000000000033020        0x0 /usr/lib/gcc/i686-linux-gnu/5/crtbeginS.o
 .data.rel.local
                0x0000000000033020        0x4 /usr/lib/gcc/i686-linux-gnu/5/crtbeginS.o
                0x0000000000033020                __dso_handle
 .data          0x0000000000033024       0x10 sensor_server.o
                0x0000000000033024                presence_server
 *fill*         0x0000000000033034        0xc 
 .data          0x0000000000033040       0x44 build/cooja/mtype449.o
                0x0000000000033040                simInterfaces
                0x0000000000033074                sensors
 .data          0x0000000000033084        0x0 build/cooja/mtype449.a(simEnvChange.o)
 .data          0x0000000000033084        0x0 build/cooja/mtype449.a(cooja_mt.o)
 .data          0x0000000000033084        0x0 build/cooja/mtype449.a(cooja_mtarch.o)
 .data          0x0000000000033084        0x0 build/cooja/mtype449.a(rtimer-arch.o)
 .data          0x0000000000033084        0x0 build/cooja/mtype449.a(beep.o)
 .data          0x0000000000033084        0x0 build/cooja/mtype449.a(leds-arch.o)
 .data          0x0000000000033084        0x0 build/cooja/mtype449.a(moteid.o)
 .data          0x0000000000033084        0x0 build/cooja/mtype449.a(pir-sensor.o)
 .data          0x0000000000033084        0x0 build/cooja/mtype449.a(rs232.o)
 .data          0x0000000000033084        0x0 build/cooja/mtype449.a(vib-sensor.o)
 .data          0x0000000000033084        0x0 build/cooja/mtype449.a(clock.o)
 .data          0x0000000000033084        0x0 build/cooja/mtype449.a(cooja-log.o)
 .data          0x0000000000033084        0x0 build/cooja/mtype449.a(cfs-cooja.o)
 .data          0x0000000000033084       0x2c build/cooja/mtype449.a(cooja-radio.o)
                0x0000000000033084                simRadioHWOn
                0x0000000000033088                simSignalStrength
                0x000000000003308c                simLastSignalStrength
                0x0000000000033090                simPower
                0x0000000000033094                simRadioChannel
                0x0000000000033098                simLQI
                0x00000000000330a0                cooja_radio_process
 .data          0x00000000000330b0        0x0 build/cooja/mtype449.a(eeprom.o)
 .data          0x00000000000330b0        0x0 build/cooja/mtype449.a(random.o)
 .data          0x00000000000330b0       0x10 build/cooja/mtype449.a(sensors.o)
                0x00000000000330b0                sensors_process
 .data          0x00000000000330c0        0x0 build/cooja/mtype449.a(leds.o)
 .data          0x00000000000330c0        0x0 build/cooja/mtype449.a(gpio-hal-arch.o)
 .data          0x00000000000330c0       0x78 build/cooja/mtype449.a(buttons.o)
                0x00000000000330c0                simButtonIsActive
                0x0000000000033130                button_hal_buttons
 *fill*         0x0000000000033138        0x8 
 .data          0x0000000000033140       0x24 build/cooja/mtype449.a(presence_sensor)
                0x0000000000033140                presence_sensor
 .data          0x0000000000033164        0x8 build/cooja/mtype449.a(coap-engine.o)
 *fill*         0x000000000003316c       0x14 
 .data          0x0000000000033180       0x24 build/cooja/mtype449.a(coap-res-well-k)
                0x0000000000033180                res_well_known_core
 .data          0x00000000000331a4       0x10 build/cooja/mtype449.a(coap-observe.o)
 .data          0x00000000000331b4       0x10 build/cooja/mtype449.a(coap-uip.o)
                0x00000000000331b4                coap_engine
 .data          0x00000000000331c4        0x4 build/cooja/mtype449.a(coap-timer.o)
 .data          0x00000000000331c8       0x10 build/cooja/mtype449.a(coap-transactio)
 .data          0x00000000000331d8        0x4 build/cooja/mtype449.a(coap.o)
                0x00000000000331d8                coap_error_message
 .data          0x00000000000331dc        0x0 build/cooja/mtype449.a(contiki-main.o)
 .data          0x00000000000331dc        0x0 build/cooja/mtype449.a(autostart.o)
 .data          0x00000000000331dc       0x14 build/cooja/mtype449.a(ctimer.o)
                0x00000000000331e0                ctimer_process
 *fill*         0x00000000000331f0       0x10 
 .data          0x0000000000033200       0xbc build/cooja/mtype449.a(log.o)
                0x0000000000033200                curr_log_level_main
                0x0000000000033220                all_modules
 .data          0x00000000000332bc        0x0 build/cooja/mtype449.a(energest.o)
 .data          0x00000000000332bc       0x10 build/cooja/mtype449.a(etimer.o)
                0x00000000000332bc                etimer_process
 .data          0x00000000000332cc        0x0 build/cooja/mtype449.a(node-id.o)
 .data          0x00000000000332cc        0x0 build/cooja/mtype449.a(rtimer.o)
 .data          0x00000000000332cc        0x0 build/cooja/mtype449.a(process.o)
 .data          0x00000000000332cc        0x0 build/cooja/mtype449.a(timer.o)
 .data          0x00000000000332cc        0x0 build/cooja/mtype449.a(list.o)
 .data          0x00000000000332cc        0x0 build/cooja/mtype449.a(memb.o)
 .data          0x00000000000332cc       0x10 build/cooja/mtype449.a(button-hal.o)
                0x00000000000332cc                button_hal_process
 .data          0x00000000000332dc       0x10 build/cooja/mtype449.a(serial-line.o)
                0x00000000000332dc                serial_line_process
 .data          0x00000000000332ec        0x4 build/cooja/mtype449.a(gpio-hal.o)
 .data          0x00000000000332f0       0x18 build/cooja/mtype449.a(queuebuf.o)
 .data          0x0000000000033308        0x4 build/cooja/mtype449.a(packetbuf.o)
 .data          0x000000000003330c        0x4 build/cooja/mtype449.a(netstack.o)
 .data          0x0000000000033310        0x0 build/cooja/mtype449.a(linkaddr.o)
 .data          0x0000000000033310        0x0 build/cooja/mtype449.a(csma.o)
 .data          0x0000000000033310       0x28 build/cooja/mtype449.a(csma-output.o)
 .data          0x0000000000033338        0x0 build/cooja/mtype449.a(uip-ds6.o)
 .data          0x0000000000033338        0x0 build/cooja/mtype449.a(uip-udp-packet.)
 .data          0x0000000000033338       0x10 build/cooja/mtype449.a(uip-ds6-route.o)
 .data          0x0000000000033348       0x10 build/cooja/mtype449.a(tcpip.o)
                0x0000000000033348                tcpip_process
 .data          0x0000000000033358        0x0 build/cooja/mtype449.a(uip6.o)
 .data          0x0000000000033358       0x14 build/cooja/mtype449.a(uip-ds6-nbr.o)
 .data          0x000000000003336c        0xc build/cooja/mtype449.a(uip-nd6.o)
 .data          0x0000000000033378        0x0 build/cooja/mtype449.a(sicslowpan.o)
 .data          0x0000000000033378        0x0 build/cooja/mtype449.a(uiplib.o)
 .data          0x0000000000033378        0x0 build/cooja/mtype449.a(rpl.o)
 .data          0x0000000000033378       0x30 build/cooja/mtype449.a(rpl-icmp6.o)
 .data          0x00000000000333a8        0x0 build/cooja/mtype449.a(rpl-dag-root.o)
 .data          0x00000000000333a8        0x0 build/cooja/mtype449.a(watchdog.o)
 .data          0x00000000000333a8        0x0 build/cooja/mtype449.a(int-master.o)
 .data          0x00000000000333a8       0x10 build/cooja/mtype449.a(coap-timer-defa)
                0x00000000000333a8                coap_timer_process
 .data          0x00000000000333b8        0x0 build/cooja/mtype449.a(stimer.o)
 .data          0x00000000000333b8        0x0 build/cooja/mtype449.a(ringbuf.o)
 .data          0x00000000000333b8        0x0 build/cooja/mtype449.a(assert.o)
 .data          0x00000000000333b8       0x10 build/cooja/mtype449.a(nbr-table.o)
 .data          0x00000000000333c8       0x14 build/cooja/mtype449.a(link-stats.o)
 .data          0x00000000000333dc        0x0 build/cooja/mtype449.a(mac-sequence.o)
 .data          0x00000000000333dc        0x0 build/cooja/mtype449.a(mac.o)
 .data          0x00000000000333dc        0x0 build/cooja/mtype449.a(framer-802154.o)
 .data          0x00000000000333dc        0x2 build/cooja/mtype449.a(frame802154.o)
 .data          0x00000000000333de        0x0 build/cooja/mtype449.a(csma-security.o)
 .data          0x00000000000333de        0x0 build/cooja/mtype449.a(uipbuf.o)
 *fill*         0x00000000000333de        0x2 
 .data          0x00000000000333e0       0x20 build/cooja/mtype449.a(uip-icmp6.o)
 .data          0x0000000000033400       0x10 build/cooja/mtype449.a(uip-sr.o)
 .data          0x0000000000033410        0xc build/cooja/mtype449.a(uip-packetqueue)
 .data          0x000000000003341c        0x0 build/cooja/mtype449.a(rpl-nbr-policy.)
 .data          0x000000000003341c       0x14 build/cooja/mtype449.a(rpl-neighbor.o)
                0x000000000003342c                rpl_neighbors
 .data          0x0000000000033430        0x0 build/cooja/mtype449.a(rpl-dag.o)
 .data          0x0000000000033430        0x0 build/cooja/mtype449.a(rpl-timers.o)
 .data          0x0000000000033430        0x0 build/cooja/mtype449.a(rpl-ext-header.)
 *fill*         0x0000000000033430       0x10 
 .data          0x0000000000033440       0x24 build/cooja/mtype449.a(rpl-mrhof.o)
                0x0000000000033440                rpl_mrhof
 .data          0x0000000000033464        0x0 /usr/lib/gcc/i686-linux-gnu/5/libgcc.a(_udivdi3.o)
 .data          0x0000000000033464        0x0 /usr/lib/gcc/i686-linux-gnu/5/crtendS.o
 .data          0x0000000000033464        0x0 /usr/lib/gcc/i686-linux-gnu/5/../../../i386-linux-gnu/crtn.o

.tm_clone_table
                0x0000000000033464        0x0
 .tm_clone_table
                0x0000000000033464        0x0 /usr/lib/gcc/i686-linux-gnu/5/crtbeginS.o
 .tm_clone_table
                0x0000000000033464        0x0 /usr/lib/gcc/i686-linux-gnu/5/crtendS.o

.data1
 *(.data1)
                0x0000000000033464                _edata = .
                [!provide]                        PROVIDE (edata, .)
                0x0000000000033464                . = .
                0x0000000000033464                __bss_start = .

.bss            0x0000000000033480    0x13e44
 *(.dynbss)
 .dynbss        0x0000000000033480        0x0 /usr/lib/gcc/i686-linux-gnu/5/../../../i386-linux-gnu/crti.o
 *(.bss .bss.* .gnu.linkonce.b.*)
 .bss           0x0000000000033480        0x0 /usr/lib/gcc/i686-linux-gnu/5/../../../i386-linux-gnu/crti.o
 .bss           0x0000000000033480        0x1 /usr/lib/gcc/i686-linux-gnu/5/crtbeginS.o
 *fill*         0x0000000000033481        0x3 
 .bss           0x0000000000033484       0x10 sensor_server.o
 *fill*         0x0000000000033494        0xc 
 .bss           0x00000000000334a0     0x2030 build/cooja/mtype449.o
 .bss           0x00000000000354d0        0x1 build/cooja/mtype449.a(simEnvChange.o)
                0x00000000000354d0                simDontFallAsleep
 *fill*         0x00000000000354d1        0x3 
 .bss           0x00000000000354d4        0x4 build/cooja/mtype449.a(cooja_mt.o)
 .bss           0x00000000000354d8        0x4 build/cooja/mtype449.a(cooja_mtarch.o)
 .bss           0x00000000000354dc        0x0 build/cooja/mtype449.a(rtimer-arch.o)
 .bss           0x00000000000354dc        0x0 build/cooja/mtype449.a(beep.o)
 .bss           0x00000000000354dc        0x1 build/cooja/mtype449.a(leds-arch.o)
                0x00000000000354dc                simLedsValue
 .bss           0x00000000000354dd        0x0 build/cooja/mtype449.a(moteid.o)
 .bss           0x00000000000354dd        0x1 build/cooja/mtype449.a(pir-sensor.o)
                0x00000000000354dd                simPirValue
 *fill*         0x00000000000354de        0x2 
 .bss           0x00000000000354e0        0x4 build/cooja/mtype449.a(rs232.o)
 .bss           0x00000000000354e4        0x1 build/cooja/mtype449.a(vib-sensor.o)
                0x00000000000354e4                simVibValue
 .bss           0x00000000000354e5        0x0 build/cooja/mtype449.a(clock.o)
 *fill*         0x00000000000354e5       0x1b 
 .bss           0x0000000000035500     0x2020 build/cooja/mtype449.a(cooja-log.o)
 .bss           0x0000000000037520      0xfc0 build/cooja/mtype449.a(cfs-cooja.o)
                0x0000000000037520                simCFSData
                0x00000000000384c0                simCFSSize
                0x00000000000384c4                simCFSChanged
                0x00000000000384c8                simCFSRead
                0x00000000000384cc                simCFSWritten
 .bss           0x00000000000384e0       0x24 build/cooja/mtype449.a(cooja-radio.o)
                0x00000000000384e0                simReceiving
                0x00000000000384e4                simInSize
                0x00000000000384e8                simLastPacketTimestamp
                0x00000000000384f0                simOutSize
 .bss           0x0000000000038504        0xc build/cooja/mtype449.a(eeprom.o)
                0x0000000000038504                simEEPROMChanged
                0x0000000000038508                simEEPROMRead
                0x000000000003850c                simEEPROMWritten
 .bss           0x0000000000038510        0x0 build/cooja/mtype449.a(random.o)
 .bss           0x0000000000038510        0xc build/cooja/mtype449.a(sensors.o)
 .bss           0x000000000003851c        0x0 build/cooja/mtype449.a(leds.o)
 .bss           0x000000000003851c       0x24 build/cooja/mtype449.a(gpio-hal-arch.o)
 .bss           0x0000000000038540        0x0 build/cooja/mtype449.a(buttons.o)
 .bss           0x0000000000038540        0x4 build/cooja/mtype449.a(presence_sensor)
 *fill*         0x0000000000038544       0x1c 
 .bss           0x0000000000038560      0x190 build/cooja/mtype449.a(coap-engine.o)
 .bss           0x00000000000386f0        0x0 build/cooja/mtype449.a(coap-res-well-k)
 *fill*         0x00000000000386f0       0x10 
 .bss           0x0000000000038700      0x120 build/cooja/mtype449.a(coap-observe.o)
 .bss           0x0000000000038820       0x18 build/cooja/mtype449.a(coap-uip.o)
 .bss           0x0000000000038838        0x5 build/cooja/mtype449.a(coap-timer.o)
 *fill*         0x000000000003883d        0x3 
 .bss           0x0000000000038840      0x334 build/cooja/mtype449.a(coap-transactio)
 .bss           0x0000000000038b74        0x6 build/cooja/mtype449.a(coap.o)
                0x0000000000038b74                coap_status_code
 .bss           0x0000000000038b7a        0x0 build/cooja/mtype449.a(contiki-main.o)
 .bss           0x0000000000038b7a        0x0 build/cooja/mtype449.a(autostart.o)
 *fill*         0x0000000000038b7a        0x2 
 .bss           0x0000000000038b7c        0x5 build/cooja/mtype449.a(ctimer.o)
 *fill*         0x0000000000038b81        0x3 
 .bss           0x0000000000038b84       0x2c build/cooja/mtype449.a(log.o)
                0x0000000000038b84                curr_log_level_rpl
                0x0000000000038b88                curr_log_level_tcpip
                0x0000000000038b8c                curr_log_level_ipv6
                0x0000000000038b90                curr_log_level_6lowpan
                0x0000000000038b94                curr_log_level_nullnet
                0x0000000000038b98                curr_log_level_mac
                0x0000000000038b9c                curr_log_level_framer
                0x0000000000038ba0                curr_log_level_6top
                0x0000000000038ba4                curr_log_level_coap
                0x0000000000038ba8                curr_log_level_snmp
                0x0000000000038bac                curr_log_level_lwm2m
 .bss           0x0000000000038bb0        0x0 build/cooja/mtype449.a(energest.o)
 .bss           0x0000000000038bb0        0x8 build/cooja/mtype449.a(etimer.o)
 .bss           0x0000000000038bb8        0x2 build/cooja/mtype449.a(node-id.o)
                0x0000000000038bb8                node_id
 *fill*         0x0000000000038bba        0x2 
 .bss           0x0000000000038bbc        0x4 build/cooja/mtype449.a(rtimer.o)
 .bss           0x0000000000038bc0      0x1a1 build/cooja/mtype449.a(process.o)
                0x0000000000038bc0                process_list
                0x0000000000038bc4                process_current
 .bss           0x0000000000038d61        0x0 build/cooja/mtype449.a(timer.o)
 .bss           0x0000000000038d61        0x0 build/cooja/mtype449.a(list.o)
 .bss           0x0000000000038d61        0x0 build/cooja/mtype449.a(memb.o)
 *fill*         0x0000000000038d61        0x3 
 .bss           0x0000000000038d64       0x10 build/cooja/mtype449.a(button-hal.o)
 *fill*         0x0000000000038d74        0xc 
 .bss           0x0000000000038d80      0x140 build/cooja/mtype449.a(serial-line.o)
 .bss           0x0000000000038ec0        0x4 build/cooja/mtype449.a(gpio-hal.o)
 *fill*         0x0000000000038ec4       0x1c 
 .bss           0x0000000000038ee0     0x2c80 build/cooja/mtype449.a(queuebuf.o)
 .bss           0x000000000003bb60       0xa0 build/cooja/mtype449.a(packetbuf.o)
 .bss           0x000000000003bc00        0x4 build/cooja/mtype449.a(netstack.o)
 .bss           0x000000000003bc04        0x0 build/cooja/mtype449.a(linkaddr.o)
 .bss           0x000000000003bc04        0x0 build/cooja/mtype449.a(csma.o)
 *fill*         0x000000000003bc04       0x1c 
 .bss           0x000000000003bc20      0x726 build/cooja/mtype449.a(csma-output.o)
 *fill*         0x000000000003c346        0x2 
 .bss           0x000000000003c348       0x30 build/cooja/mtype449.a(uip-ds6.o)
 .bss           0x000000000003c378        0x0 build/cooja/mtype449.a(uip-udp-packet.)
 *fill*         0x000000000003c378        0x8 
 .bss           0x000000000003c380       0x60 build/cooja/mtype449.a(uip-ds6-route.o)
 .bss           0x000000000003c3e0       0x10 build/cooja/mtype449.a(tcpip.o)
 .bss           0x000000000003c3f0        0x8 build/cooja/mtype449.a(uip6.o)
                0x000000000003c3f0                uip_ext_bitmap
                0x000000000003c3f2                uip_ext_len
                0x000000000003c3f4                uip_last_proto
 *fill*         0x000000000003c3f8        0x8 
 .bss           0x000000000003c400     0x1c20 build/cooja/mtype449.a(uip-ds6-nbr.o)
 .bss           0x000000000003e020       0x10 build/cooja/mtype449.a(uip-nd6.o)
 *fill*         0x000000000003e030       0x10 
 .bss           0x000000000003e040      0x724 build/cooja/mtype449.a(sicslowpan.o)
 .bss           0x000000000003e764        0x0 build/cooja/mtype449.a(uiplib.o)
 .bss           0x000000000003e764        0x1 build/cooja/mtype449.a(rpl.o)
 .bss           0x000000000003e765        0x0 build/cooja/mtype449.a(rpl-icmp6.o)
 *fill*         0x000000000003e765        0x3 
 .bss           0x000000000003e768       0x11 build/cooja/mtype449.a(rpl-dag-root.o)
 .bss           0x000000000003e779        0x0 build/cooja/mtype449.a(watchdog.o)
 *fill*         0x000000000003e779        0x3 
 .bss           0x000000000003e77c        0x4 build/cooja/mtype449.a(int-master.o)
 .bss           0x000000000003e780       0x1c build/cooja/mtype449.a(coap-timer-defa)
 .bss           0x000000000003e79c        0x0 build/cooja/mtype449.a(stimer.o)
 .bss           0x000000000003e79c        0x0 build/cooja/mtype449.a(ringbuf.o)
 .bss           0x000000000003e79c        0x0 build/cooja/mtype449.a(assert.o)
 *fill*         0x000000000003e79c        0x4 
 .bss           0x000000000003e7a0     0x1214 build/cooja/mtype449.a(nbr-table.o)